WARNING  2026-10-08 18:12-52 [pytest_result_log:122] : --Start: test_cases/test_api/test_login_api.py::TestLoginAPI::test_login_user---
INFO     2026-10-08 18:12-52 [common.api_client:30] : 【POST请求】url=http://192.168.111.128:7070/auth/login, json={'username': 'lisi', 'password': '123456'}
INFO     2026-10-08 18:12-52 [common.api_client:32] : 【响应】status_code=200, body={"code":200,"message":"操作成功","data":{"id":316,"username":"lisi","token":"eyJhbGciOiJIUzI1NiJ9.eyJyb2xlIjoiVVNFUiIsInN1YiI6Imxpc2kiLCJpYXQiOjE3OTE0NTQzNzEsImV4cCI6MTc5MTU0MDc3MX0.DT_722fVtMul3wqI9Yic4w9D_mLFGuJ6vUtMt8WR4q4","role":"USER","avatar":null,"email":"2983192051@qq.com","realName":null}}
INFO     2026-10-08 18:12-52 [pytest_result_log:190] : test status is PASSED (test_cases/test_api/test_login_api.py::TestLoginAPI::test_login_user): 
WARNING  2026-10-08 18:12-52 [pytest_result_log:128] : ---End: test_cases/test_api/test_login_api.py::TestLoginAPI::test_login_user----
WARNING  2026-10-08 18:12-52 [pytest_result_log:122] : Start: test_cases/test_api/test_login_api.py::TestLoginAPI::test_login_wrong_password[case0]
INFO     2026-10-08 18:12-52 [common.api_client:30] : 【POST请求】url=http://192.168.111.128:7070/auth/login, json={'username': 'lisi', 'password': '123452'}
INFO     2026-10-08 18:12-52 [common.api_client:32] : 【响应】status_code=200, body={"code":500,"message":"用户名或密码错误","data":null}
INFO     2026-10-08 18:12-52 [conftest:35] : 当前【测试场景】:密码错误
INFO     2026-10-08 18:12-52 [conftest:41] : 密码错误 ---- passed
INFO     2026-10-08 18:12-52 [pytest_result_log:190] : test status is PASSED (test_cases/test_api/test_login_api.py::TestLoginAPI::test_login_wrong_password[case0]): 
WARNING  2026-10-08 18:12-52 [pytest_result_log:128] : End: test_cases/test_api/test_login_api.py::TestLoginAPI::test_login_wrong_password[case0]
WARNING  2026-10-08 18:12-52 [pytest_result_log:122] : Start: test_cases/test_api/test_login_api.py::TestLoginAPI::test_login_wrong_password[case1]
INFO     2026-10-08 18:12-52 [common.api_client:30] : 【POST请求】url=http://192.168.111.128:7070/auth/login, json={'username': '', 'password': '123456'}
INFO     2026-10-08 18:12-52 [common.api_client:32] : 【响应】status_code=200, body={"code":500,"message":"用户名或密码错误","data":null}
INFO     2026-10-08 18:12-52 [conftest:35] : 当前【测试场景】:用户名为空
INFO     2026-10-08 18:12-52 [conftest:41] : 用户名为空 ---- passed
INFO     2026-10-08 18:12-52 [pytest_result_log:190] : test status is PASSED (test_cases/test_api/test_login_api.py::TestLoginAPI::test_login_wrong_password[case1]): 
WARNING  2026-10-08 18:12-52 [pytest_result_log:128] : End: test_cases/test_api/test_login_api.py::TestLoginAPI::test_login_wrong_password[case1]
WARNING  2026-10-08 18:12-52 [pytest_result_log:122] : Start: test_cases/test_api/test_login_api.py::TestLoginAPI::test_login_wrong_password[case2]
INFO     2026-10-08 18:12-52 [common.api_client:30] : 【POST请求】url=http://192.168.111.128:7070/auth/login, json={'username': 'lisi', 'password': ''}
INFO     2026-10-08 18:12-52 [common.api_client:32] : 【响应】status_code=200, body={"code":500,"message":"用户名或密码错误","data":null}
INFO     2026-10-08 18:12-52 [conftest:35] : 当前【测试场景】:密码为空
INFO     2026-10-08 18:12-52 [conftest:41] : 密码为空 ---- passed
INFO     2026-10-08 18:12-52 [pytest_result_log:190] : test status is PASSED (test_cases/test_api/test_login_api.py::TestLoginAPI::test_login_wrong_password[case2]): 
WARNING  2026-10-08 18:12-52 [pytest_result_log:128] : End: test_cases/test_api/test_login_api.py::TestLoginAPI::test_login_wrong_password[case2]
WARNING  2026-10-08 18:12-52 [pytest_result_log:122] : Start: test_cases/test_api/test_order_api.py::TestOrderAPI::test_create_order[case0]
INFO     2026-10-08 18:12-52 [conftest:20] : 当前【测试场景】:正向case0-正常创建订单-桃源蜂蜜×1
INFO     2026-10-08 18:12-52 [common.api_client:30] : 【POST请求】url=http://192.168.111.128:7070/auth/login, json={'username': 'lisi', 'password': '123456'}
INFO     2026-10-08 18:12-52 [common.api_client:32] : 【响应】status_code=200, body={"code":200,"message":"操作成功","data":{"id":316,"username":"lisi","token":"eyJhbGciOiJIUzI1NiJ9.eyJyb2xlIjoiVVNFUiIsInN1YiI6Imxpc2kiLCJpYXQiOjE3OTE0NTQzNzEsImV4cCI6MTc5MTU0MDc3MX0.DT_722fVtMul3wqI9Yic4w9D_mLFGuJ6vUtMt8WR4q4","role":"USER","avatar":null,"email":"2983192051@qq.com","realName":null}}
INFO     2026-10-08 18:12-52 [common.api_client:30] : 【POST请求】url=http://192.168.111.128:7070/orders, json={'totalAmount': 68, 'discountAmount': 0, 'actualAmount': 68, 'deliveryAddress': '山西省运城市临猗县北大街12号', 'deliveryName': '王五', 'deliveryPhone': '18239024951', 'remark': '请放门口快递柜', 'orderItems': [{'productId': 1, 'productName': '桃源蜂蜜', 'productPrice': 68, 'quantity': 1, 'totalPrice': 68, 'productImage': None, 'productOrigin': None}]}
INFO     2026-10-08 18:12-52 [common.api_client:32] : 【响应】status_code=200, body={"code":200,"message":"操作成功","data":{"id":313,"orderNo":"20261008181251357646","userId":316,"totalAmount":68,"discountAmount":0,"actualAmount":68,"paymentMethod":null,"paymentStatus":0,"orderStatus":1,"deliveryAddress":"山西省运城市临猗县北大街12号","deliveryName":"王五","deliveryPhone":"18239024951","remark":"请放门口快递柜","paymentTime":null,"deliveryTime":null,"receivedTime":null,"cancelledTime":null,"cancelReason":null,"createdAt":"2026-10-08T18:12:51.418092885","updatedAt":"2026-10-08T18:12:51.418093466","orderItems":[{"id":325,"orderId":313,"productId":1,"productName":"桃源蜂蜜","productImage":null,"productPrice":68.00,"quantity":1,"totalPrice":68.00,"productOrigin":null,"createdAt":"2026-10-08T10:12:51"}],"statusDesc":"待支付","paymentStatusDesc":"待支付"}}
ERROR    2026-10-08 18:12-53 [pytest_result_log:190] : test status is FAILED (test_cases/test_api/test_order_api.py::TestOrderAPI::test_create_order[case0]): AssertionError
INFO     2026-10-08 18:12-53 [pytest_result_log:194] : test_cases/test_api/test_order_api.py::TestOrderAPI::test_create_order[case0] -> self = <test_order_api.TestOrderAPI object at 0x00000231F03C4890>
case = {'order': {'totalAmount': 68, 'discountAmount': 0, 'actualAmount': 68, 'deliveryAddress': '山西省运城市临猗县北大街12号', ...}, 'me...ta': {'scenario': '正向case0-正常创建订单-桃源蜂蜜×1', 'type': 'positive', 'interfaceName': 'createOrder', 'payMethod': None, ...}}
order_api = <api_objects.order_api.OrderApi object at 0x00000231F043B950>, user_api = <api_objects.user_api.UserApi object at 0x00000231F0431130>

    @pytest.mark.order
    @pytest.mark.positive
    @pytest.mark.parametrize('case',creat_request_json('order_data.yaml',type='positive',interfaceName='createOrder'))
    def test_create_order(self,case,order_api,user_api):
        '''
            正向场景：
            先在请求发送之前获取库存
            请求成功再返回库存
        '''
        logger.info(f"当前【测试场景】:{case.get('metadata')['scenario']}")
        # 请求之前获取用户这一个订单的所有商品库存
        product_stock_original = products_stock(case.get('metadata')['productIds'])
        product_names = case.get('metadata')['productNames']
        product_quantity = case.get('metadata')['product_quantity']
        # 登录
        user_api.login(DEFAULT_USER['username'],DEFAULT_USER['password'])
        # 发送请求
        response = order_api.create_order(case.get('order'))
        # 断言参数
        successful_response(response)
        # 获取用户购买完成后的所有商品库存
        product_stock = products_stock(case.get('metadata')['productIds'])
        # 断言是否入库
>       assert isExists_product_order(response.json().get('data')['orderNo']) == 1,f"订单创建成功但未入库"
E       AssertionError: 订单创建成功但未入库
E       assert 0 == 1
E        +  where 0 = isExists_product_order('20261008181251357646')

test_cases\test_api\test_order_api.py:34: AssertionError
WARNING  2026-10-08 18:12-53 [pytest_result_log:128] : End: test_cases/test_api/test_order_api.py::TestOrderAPI::test_create_order[case0]
WARNING  2026-10-08 18:12-53 [pytest_result_log:122] : Start: test_cases/test_api/test_order_api.py::TestOrderAPI::test_create_order[case1]
INFO     2026-10-08 18:12-53 [conftest:20] : 当前【测试场景】:正向case1-正常创建订单-手工竹编篮×2
INFO     2026-10-08 18:12-53 [common.api_client:30] : 【POST请求】url=http://192.168.111.128:7070/auth/login, json={'username': 'lisi', 'password': '123456'}
INFO     2026-10-08 18:12-53 [common.api_client:32] : 【响应】status_code=200, body={"code":200,"message":"操作成功","data":{"id":316,"username":"lisi","token":"eyJhbGciOiJIUzI1NiJ9.eyJyb2xlIjoiVVNFUiIsInN1YiI6Imxpc2kiLCJpYXQiOjE3OTE0NTQzNzEsImV4cCI6MTc5MTU0MDc3MX0.DT_722fVtMul3wqI9Yic4w9D_mLFGuJ6vUtMt8WR4q4","role":"USER","avatar":null,"email":"2983192051@qq.com","realName":null}}
INFO     2026-10-08 18:12-53 [common.api_client:30] : 【POST请求】url=http://192.168.111.128:7070/orders, json={'totalAmount': 256, 'discountAmount': 0, 'actualAmount': 256, 'deliveryAddress': '北京市朝阳区建国路88号', 'deliveryName': '李四', 'deliveryPhone': '13800138001', 'remark': None, 'orderItems': [{'productId': 2, 'productName': '手工竹编篮', 'productPrice': 35, 'quantity': 2, 'totalPrice': 70, 'productImage': None, 'productOrigin': None}]}
INFO     2026-10-08 18:12-53 [common.api_client:32] : 【响应】status_code=200, body={"code":200,"message":"操作成功","data":{"id":314,"orderNo":"20261008181251428825","userId":316,"totalAmount":70,"discountAmount":0,"actualAmount":70,"paymentMethod":null,"paymentStatus":0,"orderStatus":1,"deliveryAddress":"北京市朝阳区建国路88号","deliveryName":"李四","deliveryPhone":"13800138001","remark":null,"paymentTime":null,"deliveryTime":null,"receivedTime":null,"cancelledTime":null,"cancelReason":null,"createdAt":"2026-10-08T18:12:51.817386233","updatedAt":"2026-10-08T18:12:51.817386794","orderItems":[{"id":326,"orderId":314,"productId":2,"productName":"手工竹编篮","productImage":null,"productPrice":35.00,"quantity":2,"totalPrice":70.00,"productOrigin":null,"createdAt":"2026-10-08T10:12:51"}],"statusDesc":"待支付","paymentStatusDesc":"待支付"}}
ERROR    2026-10-08 18:12-53 [pytest_result_log:190] : test status is FAILED (test_cases/test_api/test_order_api.py::TestOrderAPI::test_create_order[case1]): AssertionError
INFO     2026-10-08 18:12-53 [pytest_result_log:194] : test_cases/test_api/test_order_api.py::TestOrderAPI::test_create_order[case1] -> self = <test_order_api.TestOrderAPI object at 0x00000231F03C5C10>
case = {'order': {'totalAmount': 256, 'discountAmount': 0, 'actualAmount': 256, 'deliveryAddress': '北京市朝阳区建国路88号', ...}, 'met...a': {'scenario': '正向case1-正常创建订单-手工竹编篮×2', 'type': 'positive', 'interfaceName': 'createOrder', 'payMethod': None, ...}}
order_api = <api_objects.order_api.OrderApi object at 0x00000231F043B950>, user_api = <api_objects.user_api.UserApi object at 0x00000231F0431130>

    @pytest.mark.order
    @pytest.mark.positive
    @pytest.mark.parametrize('case',creat_request_json('order_data.yaml',type='positive',interfaceName='createOrder'))
    def test_create_order(self,case,order_api,user_api):
        '''
            正向场景：
            先在请求发送之前获取库存
            请求成功再返回库存
        '''
        logger.info(f"当前【测试场景】:{case.get('metadata')['scenario']}")
        # 请求之前获取用户这一个订单的所有商品库存
        product_stock_original = products_stock(case.get('metadata')['productIds'])
        product_names = case.get('metadata')['productNames']
        product_quantity = case.get('metadata')['product_quantity']
        # 登录
        user_api.login(DEFAULT_USER['username'],DEFAULT_USER['password'])
        # 发送请求
        response = order_api.create_order(case.get('order'))
        # 断言参数
        successful_response(response)
        # 获取用户购买完成后的所有商品库存
        product_stock = products_stock(case.get('metadata')['productIds'])
        # 断言是否入库
>       assert isExists_product_order(response.json().get('data')['orderNo']) == 1,f"订单创建成功但未入库"
E       AssertionError: 订单创建成功但未入库
E       assert 0 == 1
E        +  where 0 = isExists_product_order('20261008181251428825')

test_cases\test_api\test_order_api.py:34: AssertionError
WARNING  2026-10-08 18:12-53 [pytest_result_log:128] : End: test_cases/test_api/test_order_api.py::TestOrderAPI::test_create_order[case1]
WARNING  2026-10-08 18:12-53 [pytest_result_log:122] : Start: test_cases/test_api/test_order_api.py::TestOrderAPI::test_create_order[case2]
INFO     2026-10-08 18:12-53 [conftest:20] : 当前【测试场景】:正向case2-正常创建订单-多个商品混合
INFO     2026-10-08 18:12-53 [common.api_client:30] : 【POST请求】url=http://192.168.111.128:7070/auth/login, json={'username': 'lisi', 'password': '123456'}
INFO     2026-10-08 18:12-53 [common.api_client:32] : 【响应】status_code=200, body={"code":200,"message":"操作成功","data":{"id":316,"username":"lisi","token":"eyJhbGciOiJIUzI1NiJ9.eyJyb2xlIjoiVVNFUiIsInN1YiI6Imxpc2kiLCJpYXQiOjE3OTE0NTQzNzEsImV4cCI6MTc5MTU0MDc3MX0.DT_722fVtMul3wqI9Yic4w9D_mLFGuJ6vUtMt8WR4q4","role":"USER","avatar":null,"email":"2983192051@qq.com","realName":null}}
INFO     2026-10-08 18:12-53 [common.api_client:30] : 【POST请求】url=http://192.168.111.128:7070/orders, json={'totalAmount': 178, 'discountAmount': 0, 'actualAmount': 178, 'deliveryAddress': '上海市浦东新区陆家嘴环路100号', 'deliveryName': '赵六', 'deliveryPhone': '13900139002', 'remark': '周末送货', 'orderItems': [{'productId': 3, 'productName': '桃源茶叶', 'productPrice': 128.0, 'quantity': 1, 'totalPrice': 128.0, 'productImage': None, 'productOrigin': None}, {'productId': 4, 'productName': '野生山菇', 'productPrice': 85.0, 'quantity': 1, 'totalPrice': 85.0, 'productImage': None, 'productOrigin': None}]}
INFO     2026-10-08 18:12-53 [common.api_client:32] : 【响应】status_code=200, body={"code":200,"message":"操作成功","data":{"id":315,"orderNo":"20261008181252372604","userId":316,"totalAmount":213.0,"discountAmount":0,"actualAmount":213.0,"paymentMethod":null,"paymentStatus":0,"orderStatus":1,"deliveryAddress":"上海市浦东新区陆家嘴环路100号","deliveryName":"赵六","deliveryPhone":"13900139002","remark":"周末送货","paymentTime":null,"deliveryTime":null,"receivedTime":null,"cancelledTime":null,"cancelReason":null,"createdAt":"2026-10-08T18:12:52.004846422","updatedAt":"2026-10-08T18:12:52.004847063","orderItems":[{"id":327,"orderId":315,"productId":3,"productName":"桃源茶叶","productImage":null,"productPrice":128.00,"quantity":1,"totalPrice":128.00,"productOrigin":null,"createdAt":"2026-10-08T10:12:52"},{"id":328,"orderId":315,"productId":4,"productName":"野生山菇","productImage":null,"productPrice":85.00,"quantity":1,"totalPrice":85.00,"productOrigin":null,"createdAt":"2026-10-08T10:12:52"}],"statusDesc":"待支付","paymentStatusDesc":"待支付"}}
ERROR    2026-10-08 18:12-53 [pytest_result_log:190] : test status is FAILED (test_cases/test_api/test_order_api.py::TestOrderAPI::test_create_order[case2]): AssertionError
INFO     2026-10-08 18:12-53 [pytest_result_log:194] : test_cases/test_api/test_order_api.py::TestOrderAPI::test_create_order[case2] -> self = <test_order_api.TestOrderAPI object at 0x00000231F03C5AF0>
case = {'order': {'totalAmount': 178, 'discountAmount': 0, 'actualAmount': 178, 'deliveryAddress': '上海市浦东新区陆家嘴环路100号', ...}, ...ta': {'scenario': '正向case2-正常创建订单-多个商品混合', 'type': 'positive', 'interfaceName': 'createOrder', 'payMethod': None, ...}}
order_api = <api_objects.order_api.OrderApi object at 0x00000231F043B950>, user_api = <api_objects.user_api.UserApi object at 0x00000231F0431130>

    @pytest.mark.order
    @pytest.mark.positive
    @pytest.mark.parametrize('case',creat_request_json('order_data.yaml',type='positive',interfaceName='createOrder'))
    def test_create_order(self,case,order_api,user_api):
        '''
            正向场景：
            先在请求发送之前获取库存
            请求成功再返回库存
        '''
        logger.info(f"当前【测试场景】:{case.get('metadata')['scenario']}")
        # 请求之前获取用户这一个订单的所有商品库存
        product_stock_original = products_stock(case.get('metadata')['productIds'])
        product_names = case.get('metadata')['productNames']
        product_quantity = case.get('metadata')['product_quantity']
        # 登录
        user_api.login(DEFAULT_USER['username'],DEFAULT_USER['password'])
        # 发送请求
        response = order_api.create_order(case.get('order'))
        # 断言参数
        successful_response(response)
        # 获取用户购买完成后的所有商品库存
        product_stock = products_stock(case.get('metadata')['productIds'])
        # 断言是否入库
>       assert isExists_product_order(response.json().get('data')['orderNo']) == 1,f"订单创建成功但未入库"
E       AssertionError: 订单创建成功但未入库
E       assert 0 == 1
E        +  where 0 = isExists_product_order('20261008181252372604')

test_cases\test_api\test_order_api.py:34: AssertionError
WARNING  2026-10-08 18:12-53 [pytest_result_log:128] : End: test_cases/test_api/test_order_api.py::TestOrderAPI::test_create_order[case2]
WARNING  2026-10-08 18:12-53 [pytest_result_log:122] : Start: test_cases/test_api/test_order_api.py::TestOrderAPI::test_create_order[case3]
INFO     2026-10-08 18:12-53 [conftest:20] : 当前【测试场景】:正向case3-正常创建订单-桃源米酒×2
INFO     2026-10-08 18:12-53 [common.api_client:30] : 【POST请求】url=http://192.168.111.128:7070/auth/login, json={'username': 'lisi', 'password': '123456'}
INFO     2026-10-08 18:12-53 [common.api_client:32] : 【响应】status_code=200, body={"code":200,"message":"操作成功","data":{"id":316,"username":"lisi","token":"eyJhbGciOiJIUzI1NiJ9.eyJyb2xlIjoiVVNFUiIsInN1YiI6Imxpc2kiLCJpYXQiOjE3OTE0NTQzNzIsImV4cCI6MTc5MTU0MDc3Mn0.ViAePscDtieXfTYoUns2tP435RbFOHtAQi-t8tdeg2Q","role":"USER","avatar":null,"email":"2983192051@qq.com","realName":null}}
INFO     2026-10-08 18:12-53 [common.api_client:30] : 【POST请求】url=http://192.168.111.128:7070/orders, json={'totalAmount': 116, 'discountAmount': 0, 'actualAmount': 116, 'deliveryAddress': '广东省深圳市南山区科技园路10号', 'deliveryName': '孙七', 'deliveryPhone': '13600136003', 'remark': '易碎品，轻拿轻放', 'orderItems': [{'productId': 6, 'productName': '桃源米酒', 'productPrice': 58, 'quantity': 2, 'totalPrice': 116, 'productImage': None, 'productOrigin': None}]}
INFO     2026-10-08 18:12-53 [common.api_client:32] : 【响应】status_code=200, body={"code":200,"message":"操作成功","data":{"id":316,"orderNo":"20261008181252808934","userId":316,"totalAmount":116,"discountAmount":0,"actualAmount":116,"paymentMethod":null,"paymentStatus":0,"orderStatus":1,"deliveryAddress":"广东省深圳市南山区科技园路10号","deliveryName":"孙七","deliveryPhone":"13600136003","remark":"易碎品，轻拿轻放","paymentTime":null,"deliveryTime":null,"receivedTime":null,"cancelledTime":null,"cancelReason":null,"createdAt":"2026-10-08T18:12:52.182384646","updatedAt":"2026-10-08T18:12:52.182385487","orderItems":[{"id":329,"orderId":316,"productId":6,"productName":"桃源米酒","productImage":null,"productPrice":58.00,"quantity":2,"totalPrice":116.00,"productOrigin":null,"createdAt":"2026-10-08T10:12:52"}],"statusDesc":"待支付","paymentStatusDesc":"待支付"}}
ERROR    2026-10-08 18:12-53 [pytest_result_log:190] : test status is FAILED (test_cases/test_api/test_order_api.py::TestOrderAPI::test_create_order[case3]): AssertionError
INFO     2026-10-08 18:12-53 [pytest_result_log:194] : test_cases/test_api/test_order_api.py::TestOrderAPI::test_create_order[case3] -> self = <test_order_api.TestOrderAPI object at 0x00000231F03C5BB0>
case = {'order': {'totalAmount': 116, 'discountAmount': 0, 'actualAmount': 116, 'deliveryAddress': '广东省深圳市南山区科技园路10号', ...}, ...ta': {'scenario': '正向case3-正常创建订单-桃源米酒×2', 'type': 'positive', 'interfaceName': 'createOrder', 'payMethod': None, ...}}
order_api = <api_objects.order_api.OrderApi object at 0x00000231F043B950>, user_api = <api_objects.user_api.UserApi object at 0x00000231F0431130>

    @pytest.mark.order
    @pytest.mark.positive
    @pytest.mark.parametrize('case',creat_request_json('order_data.yaml',type='positive',interfaceName='createOrder'))
    def test_create_order(self,case,order_api,user_api):
        '''
            正向场景：
            先在请求发送之前获取库存
            请求成功再返回库存
        '''
        logger.info(f"当前【测试场景】:{case.get('metadata')['scenario']}")
        # 请求之前获取用户这一个订单的所有商品库存
        product_stock_original = products_stock(case.get('metadata')['productIds'])
        product_names = case.get('metadata')['productNames']
        product_quantity = case.get('metadata')['product_quantity']
        # 登录
        user_api.login(DEFAULT_USER['username'],DEFAULT_USER['password'])
        # 发送请求
        response = order_api.create_order(case.get('order'))
        # 断言参数
        successful_response(response)
        # 获取用户购买完成后的所有商品库存
        product_stock = products_stock(case.get('metadata')['productIds'])
        # 断言是否入库
>       assert isExists_product_order(response.json().get('data')['orderNo']) == 1,f"订单创建成功但未入库"
E       AssertionError: 订单创建成功但未入库
E       assert 0 == 1
E        +  where 0 = isExists_product_order('20261008181252808934')

test_cases\test_api\test_order_api.py:34: AssertionError
WARNING  2026-10-08 18:12-53 [pytest_result_log:128] : End: test_cases/test_api/test_order_api.py::TestOrderAPI::test_create_order[case3]
WARNING  2026-10-08 18:12-53 [pytest_result_log:122] : Start: test_cases/test_api/test_order_api.py::TestOrderAPI::test_create_order[case4]
INFO     2026-10-08 18:12-53 [conftest:20] : 当前【测试场景】:正向case4-正常创建订单-含优惠金额
INFO     2026-10-08 18:12-53 [common.api_client:30] : 【POST请求】url=http://192.168.111.128:7070/auth/login, json={'username': 'lisi', 'password': '123456'}
INFO     2026-10-08 18:12-53 [common.api_client:32] : 【响应】status_code=200, body={"code":200,"message":"操作成功","data":{"id":316,"username":"lisi","token":"eyJhbGciOiJIUzI1NiJ9.eyJyb2xlIjoiVVNFUiIsInN1YiI6Imxpc2kiLCJpYXQiOjE3OTE0NTQzNzIsImV4cCI6MTc5MTU0MDc3Mn0.ViAePscDtieXfTYoUns2tP435RbFOHtAQi-t8tdeg2Q","role":"USER","avatar":null,"email":"2983192051@qq.com","realName":null}}
INFO     2026-10-08 18:12-53 [common.api_client:30] : 【POST请求】url=http://192.168.111.128:7070/orders, json={'totalAmount': 68, 'discountAmount': 10, 'actualAmount': 58, 'deliveryAddress': '浙江省杭州市西湖区文三路100号', 'deliveryName': '周八', 'deliveryPhone': '13700137004', 'remark': '使用优惠券', 'orderItems': [{'productId': 1, 'productName': '桃源蜂蜜', 'productPrice': 68, 'quantity': 1, 'totalPrice': 68, 'productImage': None, 'productOrigin': None}]}
INFO     2026-10-08 18:12-53 [common.api_client:32] : 【响应】status_code=200, body={"code":200,"message":"操作成功","data":{"id":317,"orderNo":"20261008181252161831","userId":316,"totalAmount":68,"discountAmount":10,"actualAmount":58,"paymentMethod":null,"paymentStatus":0,"orderStatus":1,"deliveryAddress":"浙江省杭州市西湖区文三路100号","deliveryName":"周八","deliveryPhone":"13700137004","remark":"使用优惠券","paymentTime":null,"deliveryTime":null,"receivedTime":null,"cancelledTime":null,"cancelReason":null,"createdAt":"2026-10-08T18:12:52.314615859","updatedAt":"2026-10-08T18:12:52.31461641","orderItems":[{"id":330,"orderId":317,"productId":1,"productName":"桃源蜂蜜","productImage":null,"productPrice":68.00,"quantity":1,"totalPrice":68.00,"productOrigin":null,"createdAt":"2026-10-08T10:12:52"}],"statusDesc":"待支付","paymentStatusDesc":"待支付"}}
ERROR    2026-10-08 18:12-53 [pytest_result_log:190] : test status is FAILED (test_cases/test_api/test_order_api.py::TestOrderAPI::test_create_order[case4]): AssertionError
INFO     2026-10-08 18:12-53 [pytest_result_log:194] : test_cases/test_api/test_order_api.py::TestOrderAPI::test_create_order[case4] -> self = <test_order_api.TestOrderAPI object at 0x00000231F03C5BE0>
case = {'order': {'totalAmount': 68, 'discountAmount': 10, 'actualAmount': 58, 'deliveryAddress': '浙江省杭州市西湖区文三路100号', ...}, '...ata': {'scenario': '正向case4-正常创建订单-含优惠金额', 'type': 'positive', 'interfaceName': 'createOrder', 'payMethod': None, ...}}
order_api = <api_objects.order_api.OrderApi object at 0x00000231F043B950>, user_api = <api_objects.user_api.UserApi object at 0x00000231F0431130>

    @pytest.mark.order
    @pytest.mark.positive
    @pytest.mark.parametrize('case',creat_request_json('order_data.yaml',type='positive',interfaceName='createOrder'))
    def test_create_order(self,case,order_api,user_api):
        '''
            正向场景：
            先在请求发送之前获取库存
            请求成功再返回库存
        '''
        logger.info(f"当前【测试场景】:{case.get('metadata')['scenario']}")
        # 请求之前获取用户这一个订单的所有商品库存
        product_stock_original = products_stock(case.get('metadata')['productIds'])
        product_names = case.get('metadata')['productNames']
        product_quantity = case.get('metadata')['product_quantity']
        # 登录
        user_api.login(DEFAULT_USER['username'],DEFAULT_USER['password'])
        # 发送请求
        response = order_api.create_order(case.get('order'))
        # 断言参数
        successful_response(response)
        # 获取用户购买完成后的所有商品库存
        product_stock = products_stock(case.get('metadata')['productIds'])
        # 断言是否入库
>       assert isExists_product_order(response.json().get('data')['orderNo']) == 1,f"订单创建成功但未入库"
E       AssertionError: 订单创建成功但未入库
E       assert 0 == 1
E        +  where 0 = isExists_product_order('20261008181252161831')

test_cases\test_api\test_order_api.py:34: AssertionError
WARNING  2026-10-08 18:12-53 [pytest_result_log:128] : End: test_cases/test_api/test_order_api.py::TestOrderAPI::test_create_order[case4]
WARNING  2026-10-08 18:12-53 [pytest_result_log:122] : Start: test_cases/test_api/test_order_api.py::TestOrderAPI::test_create_order[case5]
INFO     2026-10-08 18:12-53 [conftest:20] : 当前【测试场景】:正向case5-正常创建订单-农家西红柿×5
INFO     2026-10-08 18:12-53 [common.api_client:30] : 【POST请求】url=http://192.168.111.128:7070/auth/login, json={'username': 'lisi', 'password': '123456'}
INFO     2026-10-08 18:12-53 [common.api_client:32] : 【响应】status_code=200, body={"code":200,"message":"操作成功","data":{"id":316,"username":"lisi","token":"eyJhbGciOiJIUzI1NiJ9.eyJyb2xlIjoiVVNFUiIsInN1YiI6Imxpc2kiLCJpYXQiOjE3OTE0NTQzNzIsImV4cCI6MTc5MTU0MDc3Mn0.ViAePscDtieXfTYoUns2tP435RbFOHtAQi-t8tdeg2Q","role":"USER","avatar":null,"email":"2983192051@qq.com","realName":null}}
INFO     2026-10-08 18:12-53 [common.api_client:30] : 【POST请求】url=http://192.168.111.128:7070/orders, json={'totalAmount': 25, 'discountAmount': 0, 'actualAmount': 25, 'deliveryAddress': '四川省成都市锦江区春熙路88号', 'deliveryName': '吴九', 'deliveryPhone': '15800158005', 'remark': None, 'orderItems': [{'productId': 7, 'productName': '农家西红柿', 'productPrice': 15.9, 'quantity': 5, 'totalPrice': 79.5, 'productImage': None, 'productOrigin': None}]}
INFO     2026-10-08 18:12-53 [common.api_client:32] : 【响应】status_code=200, body={"code":200,"message":"操作成功","data":{"id":318,"orderNo":"20261008181252778190","userId":316,"totalAmount":79.5,"discountAmount":0,"actualAmount":79.5,"paymentMethod":null,"paymentStatus":0,"orderStatus":1,"deliveryAddress":"四川省成都市锦江区春熙路88号","deliveryName":"吴九","deliveryPhone":"15800158005","remark":null,"paymentTime":null,"deliveryTime":null,"receivedTime":null,"cancelledTime":null,"cancelReason":null,"createdAt":"2026-10-08T18:12:52.456582657","updatedAt":"2026-10-08T18:12:52.456583208","orderItems":[{"id":331,"orderId":318,"productId":7,"productName":"农家西红柿","productImage":null,"productPrice":15.90,"quantity":5,"totalPrice":79.50,"productOrigin":null,"createdAt":"2026-10-08T10:12:52"}],"statusDesc":"待支付","paymentStatusDesc":"待支付"}}
ERROR    2026-10-08 18:12-53 [pytest_result_log:190] : test status is FAILED (test_cases/test_api/test_order_api.py::TestOrderAPI::test_create_order[case5]): AssertionError
INFO     2026-10-08 18:12-53 [pytest_result_log:194] : test_cases/test_api/test_order_api.py::TestOrderAPI::test_create_order[case5] -> self = <test_order_api.TestOrderAPI object at 0x00000231F03C5D30>
case = {'order': {'totalAmount': 25, 'discountAmount': 0, 'actualAmount': 25, 'deliveryAddress': '四川省成都市锦江区春熙路88号', ...}, 'me...a': {'scenario': '正向case5-正常创建订单-农家西红柿×5', 'type': 'positive', 'interfaceName': 'createOrder', 'payMethod': None, ...}}
order_api = <api_objects.order_api.OrderApi object at 0x00000231F043B950>, user_api = <api_objects.user_api.UserApi object at 0x00000231F0431130>

    @pytest.mark.order
    @pytest.mark.positive
    @pytest.mark.parametrize('case',creat_request_json('order_data.yaml',type='positive',interfaceName='createOrder'))
    def test_create_order(self,case,order_api,user_api):
        '''
            正向场景：
            先在请求发送之前获取库存
            请求成功再返回库存
        '''
        logger.info(f"当前【测试场景】:{case.get('metadata')['scenario']}")
        # 请求之前获取用户这一个订单的所有商品库存
        product_stock_original = products_stock(case.get('metadata')['productIds'])
        product_names = case.get('metadata')['productNames']
        product_quantity = case.get('metadata')['product_quantity']
        # 登录
        user_api.login(DEFAULT_USER['username'],DEFAULT_USER['password'])
        # 发送请求
        response = order_api.create_order(case.get('order'))
        # 断言参数
        successful_response(response)
        # 获取用户购买完成后的所有商品库存
        product_stock = products_stock(case.get('metadata')['productIds'])
        # 断言是否入库
>       assert isExists_product_order(response.json().get('data')['orderNo']) == 1,f"订单创建成功但未入库"
E       AssertionError: 订单创建成功但未入库
E       assert 0 == 1
E        +  where 0 = isExists_product_order('20261008181252778190')

test_cases\test_api\test_order_api.py:34: AssertionError
WARNING  2026-10-08 18:12-53 [pytest_result_log:128] : End: test_cases/test_api/test_order_api.py::TestOrderAPI::test_create_order[case5]
WARNING  2026-10-08 18:12-53 [pytest_result_log:122] : Start: test_cases/test_api/test_order_api.py::TestOrderAPI::test_create_order[case6]
INFO     2026-10-08 18:12-53 [conftest:20] : 当前【测试场景】:正向case6-正常创建订单-面包×10
INFO     2026-10-08 18:12-53 [common.api_client:30] : 【POST请求】url=http://192.168.111.128:7070/auth/login, json={'username': 'lisi', 'password': '123456'}
INFO     2026-10-08 18:12-53 [common.api_client:32] : 【响应】status_code=200, body={"code":200,"message":"操作成功","data":{"id":316,"username":"lisi","token":"eyJhbGciOiJIUzI1NiJ9.eyJyb2xlIjoiVVNFUiIsInN1YiI6Imxpc2kiLCJpYXQiOjE3OTE0NTQzNzIsImV4cCI6MTc5MTU0MDc3Mn0.ViAePscDtieXfTYoUns2tP435RbFOHtAQi-t8tdeg2Q","role":"USER","avatar":null,"email":"2983192051@qq.com","realName":null}}
INFO     2026-10-08 18:12-53 [common.api_client:30] : 【POST请求】url=http://192.168.111.128:7070/orders, json={'totalAmount': 100, 'discountAmount': 0, 'actualAmount': 100, 'deliveryAddress': '湖北省武汉市洪山区珞喻路1000号', 'deliveryName': '郑十', 'deliveryPhone': '15900159006', 'remark': '尽快发货', 'orderItems': [{'productId': 12, 'productName': '面包', 'productPrice': 10, 'quantity': 10, 'totalPrice': 100, 'productImage': None, 'productOrigin': None}]}
INFO     2026-10-08 18:12-53 [common.api_client:32] : 【响应】status_code=200, body={"code":200,"message":"操作成功","data":{"id":319,"orderNo":"20261008181252110748","userId":316,"totalAmount":100,"discountAmount":0,"actualAmount":100,"paymentMethod":null,"paymentStatus":0,"orderStatus":1,"deliveryAddress":"湖北省武汉市洪山区珞喻路1000号","deliveryName":"郑十","deliveryPhone":"15900159006","remark":"尽快发货","paymentTime":null,"deliveryTime":null,"receivedTime":null,"cancelledTime":null,"cancelReason":null,"createdAt":"2026-10-08T18:12:52.612069388","updatedAt":"2026-10-08T18:12:52.612069959","orderItems":[{"id":332,"orderId":319,"productId":12,"productName":"面包","productImage":null,"productPrice":10.00,"quantity":10,"totalPrice":100.00,"productOrigin":null,"createdAt":"2026-10-08T10:12:52"}],"statusDesc":"待支付","paymentStatusDesc":"待支付"}}
ERROR    2026-10-08 18:12-54 [pytest_result_log:190] : test status is FAILED (test_cases/test_api/test_order_api.py::TestOrderAPI::test_create_order[case6]): AssertionError
INFO     2026-10-08 18:12-54 [pytest_result_log:194] : test_cases/test_api/test_order_api.py::TestOrderAPI::test_create_order[case6] -> self = <test_order_api.TestOrderAPI object at 0x00000231F03C5E20>
case = {'order': {'totalAmount': 100, 'discountAmount': 0, 'actualAmount': 100, 'deliveryAddress': '湖北省武汉市洪山区珞喻路1000号', ...},...ata': {'scenario': '正向case6-正常创建订单-面包×10', 'type': 'positive', 'interfaceName': 'createOrder', 'payMethod': None, ...}}
order_api = <api_objects.order_api.OrderApi object at 0x00000231F043B950>, user_api = <api_objects.user_api.UserApi object at 0x00000231F0431130>

    @pytest.mark.order
    @pytest.mark.positive
    @pytest.mark.parametrize('case',creat_request_json('order_data.yaml',type='positive',interfaceName='createOrder'))
    def test_create_order(self,case,order_api,user_api):
        '''
            正向场景：
            先在请求发送之前获取库存
            请求成功再返回库存
        '''
        logger.info(f"当前【测试场景】:{case.get('metadata')['scenario']}")
        # 请求之前获取用户这一个订单的所有商品库存
        product_stock_original = products_stock(case.get('metadata')['productIds'])
        product_names = case.get('metadata')['productNames']
        product_quantity = case.get('metadata')['product_quantity']
        # 登录
        user_api.login(DEFAULT_USER['username'],DEFAULT_USER['password'])
        # 发送请求
        response = order_api.create_order(case.get('order'))
        # 断言参数
        successful_response(response)
        # 获取用户购买完成后的所有商品库存
        product_stock = products_stock(case.get('metadata')['productIds'])
        # 断言是否入库
>       assert isExists_product_order(response.json().get('data')['orderNo']) == 1,f"订单创建成功但未入库"
E       AssertionError: 订单创建成功但未入库
E       assert 0 == 1
E        +  where 0 = isExists_product_order('20261008181252110748')

test_cases\test_api\test_order_api.py:34: AssertionError
WARNING  2026-10-08 18:12-54 [pytest_result_log:128] : End: test_cases/test_api/test_order_api.py::TestOrderAPI::test_create_order[case6]
WARNING  2026-10-08 18:12-54 [pytest_result_log:122] : Start: test_cases/test_api/test_order_api.py::TestOrderAPI::test_create_order[case7]
INFO     2026-10-08 18:12-54 [conftest:20] : 当前【测试场景】:正向case7-边界值-总金额最小值0.01
INFO     2026-10-08 18:12-54 [common.api_client:30] : 【POST请求】url=http://192.168.111.128:7070/auth/login, json={'username': 'lisi', 'password': '123456'}
INFO     2026-10-08 18:12-54 [common.api_client:32] : 【响应】status_code=200, body={"code":200,"message":"操作成功","data":{"id":316,"username":"lisi","token":"eyJhbGciOiJIUzI1NiJ9.eyJyb2xlIjoiVVNFUiIsInN1YiI6Imxpc2kiLCJpYXQiOjE3OTE0NTQzNzIsImV4cCI6MTc5MTU0MDc3Mn0.ViAePscDtieXfTYoUns2tP435RbFOHtAQi-t8tdeg2Q","role":"USER","avatar":null,"email":"2983192051@qq.com","realName":null}}
INFO     2026-10-08 18:12-54 [common.api_client:30] : 【POST请求】url=http://192.168.111.128:7070/orders, json={'totalAmount': 0.01, 'discountAmount': 0, 'actualAmount': 0.01, 'deliveryAddress': '湖南省长沙市岳麓区麓山南路1号', 'deliveryName': '边界测试1', 'deliveryPhone': '18600186007', 'remark': '测试最小金额', 'orderItems': [{'productId': 130, 'productName': '蚕豆', 'productPrice': 0.01, 'quantity': 1, 'totalPrice': 0.01, 'productImage': None, 'productOrigin': None}]}
INFO     2026-10-08 18:12-54 [common.api_client:32] : 【响应】status_code=200, body={"code":200,"message":"操作成功","data":{"id":320,"orderNo":"20261008181252769382","userId":316,"totalAmount":0.01,"discountAmount":0,"actualAmount":0.01,"paymentMethod":null,"paymentStatus":0,"orderStatus":1,"deliveryAddress":"湖南省长沙市岳麓区麓山南路1号","deliveryName":"边界测试1","deliveryPhone":"18600186007","remark":"测试最小金额","paymentTime":null,"deliveryTime":null,"receivedTime":null,"cancelledTime":null,"cancelReason":null,"createdAt":"2026-10-08T18:12:52.771538991","updatedAt":"2026-10-08T18:12:52.771539522","orderItems":[{"id":333,"orderId":320,"productId":130,"productName":"蚕豆","productImage":null,"productPrice":0.01,"quantity":1,"totalPrice":0.01,"productOrigin":null,"createdAt":"2026-10-08T10:12:52"}],"statusDesc":"待支付","paymentStatusDesc":"待支付"}}
ERROR    2026-10-08 18:12-54 [pytest_result_log:190] : test status is FAILED (test_cases/test_api/test_order_api.py::TestOrderAPI::test_create_order[case7]): AssertionError
INFO     2026-10-08 18:12-54 [pytest_result_log:194] : test_cases/test_api/test_order_api.py::TestOrderAPI::test_create_order[case7] -> self = <test_order_api.TestOrderAPI object at 0x00000231F03C5DC0>
case = {'order': {'totalAmount': 0.01, 'discountAmount': 0, 'actualAmount': 0.01, 'deliveryAddress': '湖南省长沙市岳麓区麓山南路1号', ...},...a': {'scenario': '正向case7-边界值-总金额最小值0.01', 'type': 'positive', 'interfaceName': 'createOrder', 'payMethod': None, ...}}
order_api = <api_objects.order_api.OrderApi object at 0x00000231F043B950>, user_api = <api_objects.user_api.UserApi object at 0x00000231F0431130>

    @pytest.mark.order
    @pytest.mark.positive
    @pytest.mark.parametrize('case',creat_request_json('order_data.yaml',type='positive',interfaceName='createOrder'))
    def test_create_order(self,case,order_api,user_api):
        '''
            正向场景：
            先在请求发送之前获取库存
            请求成功再返回库存
        '''
        logger.info(f"当前【测试场景】:{case.get('metadata')['scenario']}")
        # 请求之前获取用户这一个订单的所有商品库存
        product_stock_original = products_stock(case.get('metadata')['productIds'])
        product_names = case.get('metadata')['productNames']
        product_quantity = case.get('metadata')['product_quantity']
        # 登录
        user_api.login(DEFAULT_USER['username'],DEFAULT_USER['password'])
        # 发送请求
        response = order_api.create_order(case.get('order'))
        # 断言参数
        successful_response(response)
        # 获取用户购买完成后的所有商品库存
        product_stock = products_stock(case.get('metadata')['productIds'])
        # 断言是否入库
>       assert isExists_product_order(response.json().get('data')['orderNo']) == 1,f"订单创建成功但未入库"
E       AssertionError: 订单创建成功但未入库
E       assert 0 == 1
E        +  where 0 = isExists_product_order('20261008181252769382')

test_cases\test_api\test_order_api.py:34: AssertionError
WARNING  2026-10-08 18:12-54 [pytest_result_log:128] : End: test_cases/test_api/test_order_api.py::TestOrderAPI::test_create_order[case7]
WARNING  2026-10-08 18:12-54 [pytest_result_log:122] : Start: test_cases/test_api/test_order_api.py::TestOrderAPI::test_create_order[case8]
INFO     2026-10-08 18:12-54 [conftest:20] : 当前【测试场景】:正向case8-边界值-总金额超大值99999999.99
INFO     2026-10-08 18:12-54 [common.api_client:30] : 【POST请求】url=http://192.168.111.128:7070/auth/login, json={'username': 'lisi', 'password': '123456'}
INFO     2026-10-08 18:12-54 [common.api_client:32] : 【响应】status_code=200, body={"code":200,"message":"操作成功","data":{"id":316,"username":"lisi","token":"eyJhbGciOiJIUzI1NiJ9.eyJyb2xlIjoiVVNFUiIsInN1YiI6Imxpc2kiLCJpYXQiOjE3OTE0NTQzNzIsImV4cCI6MTc5MTU0MDc3Mn0.ViAePscDtieXfTYoUns2tP435RbFOHtAQi-t8tdeg2Q","role":"USER","avatar":null,"email":"2983192051@qq.com","realName":null}}
INFO     2026-10-08 18:12-54 [common.api_client:30] : 【POST请求】url=http://192.168.111.128:7070/orders, json={'totalAmount': 99999999.99, 'discountAmount': 0, 'actualAmount': 99999999.99, 'deliveryAddress': '江苏省南京市玄武区中山路1号', 'deliveryName': '边界测试2', 'deliveryPhone': '18700187008', 'remark': '测试超大金额', 'orderItems': [{'productId': 129, 'productName': '法式小面包', 'productPrice': 99999999.99, 'quantity': 1, 'totalPrice': 99999999.99, 'productImage': None, 'productOrigin': None}]}
INFO     2026-10-08 18:12-54 [common.api_client:32] : 【响应】status_code=200, body={"code":200,"message":"操作成功","data":{"id":321,"orderNo":"20261008181252431804","userId":316,"totalAmount":99999999.99,"discountAmount":0,"actualAmount":99999999.99,"paymentMethod":null,"paymentStatus":0,"orderStatus":1,"deliveryAddress":"江苏省南京市玄武区中山路1号","deliveryName":"边界测试2","deliveryPhone":"18700187008","remark":"测试超大金额","paymentTime":null,"deliveryTime":null,"receivedTime":null,"cancelledTime":null,"cancelReason":null,"createdAt":"2026-10-08T18:12:52.958459387","updatedAt":"2026-10-08T18:12:52.958459968","orderItems":[{"id":334,"orderId":321,"productId":129,"productName":"法式小面包","productImage":null,"productPrice":99999999.99,"quantity":1,"totalPrice":99999999.99,"productOrigin":null,"createdAt":"2026-10-08T10:12:52"}],"statusDesc":"待支付","paymentStatusDesc":"待支付"}}
ERROR    2026-10-08 18:12-54 [pytest_result_log:190] : test status is FAILED (test_cases/test_api/test_order_api.py::TestOrderAPI::test_create_order[case8]): AssertionError
INFO     2026-10-08 18:12-54 [pytest_result_log:194] : test_cases/test_api/test_order_api.py::TestOrderAPI::test_create_order[case8] -> self = <test_order_api.TestOrderAPI object at 0x00000231F03C5F10>
case = {'order': {'totalAmount': 99999999.99, 'discountAmount': 0, 'actualAmount': 99999999.99, 'deliveryAddress': '江苏省南京市玄武区...cenario': '正向case8-边界值-总金额超大值99999999.99', 'type': 'positive', 'interfaceName': 'createOrder', 'payMethod': None, ...}}
order_api = <api_objects.order_api.OrderApi object at 0x00000231F043B950>, user_api = <api_objects.user_api.UserApi object at 0x00000231F0431130>

    @pytest.mark.order
    @pytest.mark.positive
    @pytest.mark.parametrize('case',creat_request_json('order_data.yaml',type='positive',interfaceName='createOrder'))
    def test_create_order(self,case,order_api,user_api):
        '''
            正向场景：
            先在请求发送之前获取库存
            请求成功再返回库存
        '''
        logger.info(f"当前【测试场景】:{case.get('metadata')['scenario']}")
        # 请求之前获取用户这一个订单的所有商品库存
        product_stock_original = products_stock(case.get('metadata')['productIds'])
        product_names = case.get('metadata')['productNames']
        product_quantity = case.get('metadata')['product_quantity']
        # 登录
        user_api.login(DEFAULT_USER['username'],DEFAULT_USER['password'])
        # 发送请求
        response = order_api.create_order(case.get('order'))
        # 断言参数
        successful_response(response)
        # 获取用户购买完成后的所有商品库存
        product_stock = products_stock(case.get('metadata')['productIds'])
        # 断言是否入库
>       assert isExists_product_order(response.json().get('data')['orderNo']) == 1,f"订单创建成功但未入库"
E       AssertionError: 订单创建成功但未入库
E       assert 0 == 1
E        +  where 0 = isExists_product_order('20261008181252431804')

test_cases\test_api\test_order_api.py:34: AssertionError
WARNING  2026-10-08 18:12-54 [pytest_result_log:128] : End: test_cases/test_api/test_order_api.py::TestOrderAPI::test_create_order[case8]
WARNING  2026-10-08 18:12-54 [pytest_result_log:122] : Start: test_cases/test_api/test_order_api.py::TestOrderAPI::test_create_order[case9]
INFO     2026-10-08 18:12-54 [conftest:20] : 当前【测试场景】:正向case9-边界值-总金额为整数无小数
INFO     2026-10-08 18:12-54 [common.api_client:30] : 【POST请求】url=http://192.168.111.128:7070/auth/login, json={'username': 'lisi', 'password': '123456'}
INFO     2026-10-08 18:12-54 [common.api_client:32] : 【响应】status_code=200, body={"code":200,"message":"操作成功","data":{"id":316,"username":"lisi","token":"eyJhbGciOiJIUzI1NiJ9.eyJyb2xlIjoiVVNFUiIsInN1YiI6Imxpc2kiLCJpYXQiOjE3OTE0NTQzNzMsImV4cCI6MTc5MTU0MDc3M30.0Eai_AEnkgMDVgMSHfdPOqem1HJd-rbhW9fXBWmGcHs","role":"USER","avatar":null,"email":"2983192051@qq.com","realName":null}}
INFO     2026-10-08 18:12-54 [common.api_client:30] : 【POST请求】url=http://192.168.111.128:7070/orders, json={'totalAmount': 100, 'discountAmount': 0, 'actualAmount': 100, 'deliveryAddress': '福建省厦门市思明区中山路100号', 'deliveryName': '边界测试3', 'deliveryPhone': '18800188009', 'remark': None, 'orderItems': [{'productId': 12, 'productName': '面包', 'productPrice': 10, 'quantity': 10, 'totalPrice': 100, 'productImage': None, 'productOrigin': None}]}
INFO     2026-10-08 18:12-54 [common.api_client:32] : 【响应】status_code=200, body={"code":200,"message":"操作成功","data":{"id":322,"orderNo":"20261008181253296450","userId":316,"totalAmount":100,"discountAmount":0,"actualAmount":100,"paymentMethod":null,"paymentStatus":0,"orderStatus":1,"deliveryAddress":"福建省厦门市思明区中山路100号","deliveryName":"边界测试3","deliveryPhone":"18800188009","remark":null,"paymentTime":null,"deliveryTime":null,"receivedTime":null,"cancelledTime":null,"cancelReason":null,"createdAt":"2026-10-08T18:12:53.140281669","updatedAt":"2026-10-08T18:12:53.14028219","orderItems":[{"id":335,"orderId":322,"productId":12,"productName":"面包","productImage":null,"productPrice":10.00,"quantity":10,"totalPrice":100.00,"productOrigin":null,"createdAt":"2026-10-08T10:12:53"}],"statusDesc":"待支付","paymentStatusDesc":"待支付"}}
ERROR    2026-10-08 18:12-54 [pytest_result_log:190] : test status is FAILED (test_cases/test_api/test_order_api.py::TestOrderAPI::test_create_order[case9]): AssertionError
INFO     2026-10-08 18:12-54 [pytest_result_log:194] : test_cases/test_api/test_order_api.py::TestOrderAPI::test_create_order[case9] -> self = <test_order_api.TestOrderAPI object at 0x00000231F03C5F40>
case = {'order': {'totalAmount': 100, 'discountAmount': 0, 'actualAmount': 100, 'deliveryAddress': '福建省厦门市思明区中山路100号', ...}, ...ta': {'scenario': '正向case9-边界值-总金额为整数无小数', 'type': 'positive', 'interfaceName': 'createOrder', 'payMethod': None, ...}}
order_api = <api_objects.order_api.OrderApi object at 0x00000231F043B950>, user_api = <api_objects.user_api.UserApi object at 0x00000231F0431130>

    @pytest.mark.order
    @pytest.mark.positive
    @pytest.mark.parametrize('case',creat_request_json('order_data.yaml',type='positive',interfaceName='createOrder'))
    def test_create_order(self,case,order_api,user_api):
        '''
            正向场景：
            先在请求发送之前获取库存
            请求成功再返回库存
        '''
        logger.info(f"当前【测试场景】:{case.get('metadata')['scenario']}")
        # 请求之前获取用户这一个订单的所有商品库存
        product_stock_original = products_stock(case.get('metadata')['productIds'])
        product_names = case.get('metadata')['productNames']
        product_quantity = case.get('metadata')['product_quantity']
        # 登录
        user_api.login(DEFAULT_USER['username'],DEFAULT_USER['password'])
        # 发送请求
        response = order_api.create_order(case.get('order'))
        # 断言参数
        successful_response(response)
        # 获取用户购买完成后的所有商品库存
        product_stock = products_stock(case.get('metadata')['productIds'])
        # 断言是否入库
>       assert isExists_product_order(response.json().get('data')['orderNo']) == 1,f"订单创建成功但未入库"
E       AssertionError: 订单创建成功但未入库
E       assert 0 == 1
E        +  where 0 = isExists_product_order('20261008181253296450')

test_cases\test_api\test_order_api.py:34: AssertionError
WARNING  2026-10-08 18:12-54 [pytest_result_log:128] : End: test_cases/test_api/test_order_api.py::TestOrderAPI::test_create_order[case9]
WARNING  2026-10-08 18:12-54 [pytest_result_log:122] : Start: test_cases/test_api/test_order_api.py::TestOrderAPI::test_create_order[case10]
INFO     2026-10-08 18:12-54 [conftest:20] : 当前【测试场景】:正向case10-边界值-总金额为两位小数
INFO     2026-10-08 18:12-54 [common.api_client:30] : 【POST请求】url=http://192.168.111.128:7070/auth/login, json={'username': 'lisi', 'password': '123456'}
INFO     2026-10-08 18:12-54 [common.api_client:32] : 【响应】status_code=200, body={"code":200,"message":"操作成功","data":{"id":316,"username":"lisi","token":"eyJhbGciOiJIUzI1NiJ9.eyJyb2xlIjoiVVNFUiIsInN1YiI6Imxpc2kiLCJpYXQiOjE3OTE0NTQzNzMsImV4cCI6MTc5MTU0MDc3M30.0Eai_AEnkgMDVgMSHfdPOqem1HJd-rbhW9fXBWmGcHs","role":"USER","avatar":null,"email":"2983192051@qq.com","realName":null}}
INFO     2026-10-08 18:12-54 [common.api_client:30] : 【POST请求】url=http://192.168.111.128:7070/orders, json={'totalAmount': 85.0, 'discountAmount': 0, 'actualAmount': 85.0, 'deliveryAddress': '山东省济南市历下区泉城路200号', 'deliveryName': '边界测试4', 'deliveryPhone': '18900189010', 'remark': None, 'orderItems': [{'productId': 4, 'productName': '野生山菇', 'productPrice': 85.0, 'quantity': 1, 'totalPrice': 85.0, 'productImage': None, 'productOrigin': None}]}
INFO     2026-10-08 18:12-54 [common.api_client:32] : 【响应】status_code=200, body={"code":200,"message":"操作成功","data":{"id":323,"orderNo":"20261008181253530521","userId":316,"totalAmount":85.0,"discountAmount":0,"actualAmount":85.0,"paymentMethod":null,"paymentStatus":0,"orderStatus":1,"deliveryAddress":"山东省济南市历下区泉城路200号","deliveryName":"边界测试4","deliveryPhone":"18900189010","remark":null,"paymentTime":null,"deliveryTime":null,"receivedTime":null,"cancelledTime":null,"cancelReason":null,"createdAt":"2026-10-08T18:12:53.316892996","updatedAt":"2026-10-08T18:12:53.316893487","orderItems":[{"id":336,"orderId":323,"productId":4,"productName":"野生山菇","productImage":null,"productPrice":85.00,"quantity":1,"totalPrice":85.00,"productOrigin":null,"createdAt":"2026-10-08T10:12:53"}],"statusDesc":"待支付","paymentStatusDesc":"待支付"}}
ERROR    2026-10-08 18:12-54 [pytest_result_log:190] : test status is FAILED (test_cases/test_api/test_order_api.py::TestOrderAPI::test_create_order[case10]): AssertionError
INFO     2026-10-08 18:12-54 [pytest_result_log:194] : test_cases/test_api/test_order_api.py::TestOrderAPI::test_create_order[case10] -> self = <test_order_api.TestOrderAPI object at 0x00000231F03C5FD0>
case = {'order': {'totalAmount': 85.0, 'discountAmount': 0, 'actualAmount': 85.0, 'deliveryAddress': '山东省济南市历下区泉城路200号', ...}...ta': {'scenario': '正向case10-边界值-总金额为两位小数', 'type': 'positive', 'interfaceName': 'createOrder', 'payMethod': None, ...}}
order_api = <api_objects.order_api.OrderApi object at 0x00000231F043B950>, user_api = <api_objects.user_api.UserApi object at 0x00000231F0431130>

    @pytest.mark.order
    @pytest.mark.positive
    @pytest.mark.parametrize('case',creat_request_json('order_data.yaml',type='positive',interfaceName='createOrder'))
    def test_create_order(self,case,order_api,user_api):
        '''
            正向场景：
            先在请求发送之前获取库存
            请求成功再返回库存
        '''
        logger.info(f"当前【测试场景】:{case.get('metadata')['scenario']}")
        # 请求之前获取用户这一个订单的所有商品库存
        product_stock_original = products_stock(case.get('metadata')['productIds'])
        product_names = case.get('metadata')['productNames']
        product_quantity = case.get('metadata')['product_quantity']
        # 登录
        user_api.login(DEFAULT_USER['username'],DEFAULT_USER['password'])
        # 发送请求
        response = order_api.create_order(case.get('order'))
        # 断言参数
        successful_response(response)
        # 获取用户购买完成后的所有商品库存
        product_stock = products_stock(case.get('metadata')['productIds'])
        # 断言是否入库
>       assert isExists_product_order(response.json().get('data')['orderNo']) == 1,f"订单创建成功但未入库"
E       AssertionError: 订单创建成功但未入库
E       assert 0 == 1
E        +  where 0 = isExists_product_order('20261008181253530521')

test_cases\test_api\test_order_api.py:34: AssertionError
WARNING  2026-10-08 18:12-54 [pytest_result_log:128] : End: test_cases/test_api/test_order_api.py::TestOrderAPI::test_create_order[case10]
WARNING  2026-10-08 18:12-54 [pytest_result_log:122] : Start: test_cases/test_api/test_order_api.py::TestOrderAPI::test_create_order[case11]
INFO     2026-10-08 18:12-54 [conftest:20] : 当前【测试场景】:正向case11-边界值-购买数量最小值1
INFO     2026-10-08 18:12-54 [common.api_client:30] : 【POST请求】url=http://192.168.111.128:7070/auth/login, json={'username': 'lisi', 'password': '123456'}
INFO     2026-10-08 18:12-54 [common.api_client:32] : 【响应】status_code=200, body={"code":200,"message":"操作成功","data":{"id":316,"username":"lisi","token":"eyJhbGciOiJIUzI1NiJ9.eyJyb2xlIjoiVVNFUiIsInN1YiI6Imxpc2kiLCJpYXQiOjE3OTE0NTQzNzMsImV4cCI6MTc5MTU0MDc3M30.0Eai_AEnkgMDVgMSHfdPOqem1HJd-rbhW9fXBWmGcHs","role":"USER","avatar":null,"email":"2983192051@qq.com","realName":null}}
INFO     2026-10-08 18:12-54 [common.api_client:30] : 【POST请求】url=http://192.168.111.128:7070/orders, json={'totalAmount': 68, 'discountAmount': 0, 'actualAmount': 68, 'deliveryAddress': '陕西省西安市雁塔区长安南路1号', 'deliveryName': '边界测试5', 'deliveryPhone': '13000130011', 'remark': None, 'orderItems': [{'productId': 1, 'productName': '桃源蜂蜜', 'productPrice': 68, 'quantity': 1, 'totalPrice': 68, 'productImage': None, 'productOrigin': None}]}
INFO     2026-10-08 18:12-54 [common.api_client:32] : 【响应】status_code=200, body={"code":200,"message":"操作成功","data":{"id":324,"orderNo":"20261008181253894619","userId":316,"totalAmount":68,"discountAmount":0,"actualAmount":68,"paymentMethod":null,"paymentStatus":0,"orderStatus":1,"deliveryAddress":"陕西省西安市雁塔区长安南路1号","deliveryName":"边界测试5","deliveryPhone":"13000130011","remark":null,"paymentTime":null,"deliveryTime":null,"receivedTime":null,"cancelledTime":null,"cancelReason":null,"createdAt":"2026-10-08T18:12:53.462144296","updatedAt":"2026-10-08T18:12:53.462144837","orderItems":[{"id":337,"orderId":324,"productId":1,"productName":"桃源蜂蜜","productImage":null,"productPrice":68.00,"quantity":1,"totalPrice":68.00,"productOrigin":null,"createdAt":"2026-10-08T10:12:53"}],"statusDesc":"待支付","paymentStatusDesc":"待支付"}}
ERROR    2026-10-08 18:12-54 [pytest_result_log:190] : test status is FAILED (test_cases/test_api/test_order_api.py::TestOrderAPI::test_create_order[case11]): AssertionError
INFO     2026-10-08 18:12-54 [pytest_result_log:194] : test_cases/test_api/test_order_api.py::TestOrderAPI::test_create_order[case11] -> self = <test_order_api.TestOrderAPI object at 0x00000231F03C6000>
case = {'order': {'totalAmount': 68, 'discountAmount': 0, 'actualAmount': 68, 'deliveryAddress': '陕西省西安市雁塔区长安南路1号', ...}, 'me...ta': {'scenario': '正向case11-边界值-购买数量最小值1', 'type': 'positive', 'interfaceName': 'createOrder', 'payMethod': None, ...}}
order_api = <api_objects.order_api.OrderApi object at 0x00000231F043B950>, user_api = <api_objects.user_api.UserApi object at 0x00000231F0431130>

    @pytest.mark.order
    @pytest.mark.positive
    @pytest.mark.parametrize('case',creat_request_json('order_data.yaml',type='positive',interfaceName='createOrder'))
    def test_create_order(self,case,order_api,user_api):
        '''
            正向场景：
            先在请求发送之前获取库存
            请求成功再返回库存
        '''
        logger.info(f"当前【测试场景】:{case.get('metadata')['scenario']}")
        # 请求之前获取用户这一个订单的所有商品库存
        product_stock_original = products_stock(case.get('metadata')['productIds'])
        product_names = case.get('metadata')['productNames']
        product_quantity = case.get('metadata')['product_quantity']
        # 登录
        user_api.login(DEFAULT_USER['username'],DEFAULT_USER['password'])
        # 发送请求
        response = order_api.create_order(case.get('order'))
        # 断言参数
        successful_response(response)
        # 获取用户购买完成后的所有商品库存
        product_stock = products_stock(case.get('metadata')['productIds'])
        # 断言是否入库
>       assert isExists_product_order(response.json().get('data')['orderNo']) == 1,f"订单创建成功但未入库"
E       AssertionError: 订单创建成功但未入库
E       assert 0 == 1
E        +  where 0 = isExists_product_order('20261008181253894619')

test_cases\test_api\test_order_api.py:34: AssertionError
WARNING  2026-10-08 18:12-54 [pytest_result_log:128] : End: test_cases/test_api/test_order_api.py::TestOrderAPI::test_create_order[case11]
WARNING  2026-10-08 18:12-54 [pytest_result_log:122] : Start: test_cases/test_api/test_order_api.py::TestOrderAPI::test_create_order[case12]
INFO     2026-10-08 18:12-54 [conftest:20] : 当前【测试场景】:正向case12-边界值-购买数量最大值999
INFO     2026-10-08 18:12-54 [common.api_client:30] : 【POST请求】url=http://192.168.111.128:7070/auth/login, json={'username': 'lisi', 'password': '123456'}
INFO     2026-10-08 18:12-54 [common.api_client:32] : 【响应】status_code=200, body={"code":200,"message":"操作成功","data":{"id":316,"username":"lisi","token":"eyJhbGciOiJIUzI1NiJ9.eyJyb2xlIjoiVVNFUiIsInN1YiI6Imxpc2kiLCJpYXQiOjE3OTE0NTQzNzMsImV4cCI6MTc5MTU0MDc3M30.0Eai_AEnkgMDVgMSHfdPOqem1HJd-rbhW9fXBWmGcHs","role":"USER","avatar":null,"email":"2983192051@qq.com","realName":null}}
INFO     2026-10-08 18:12-54 [common.api_client:30] : 【POST请求】url=http://192.168.111.128:7070/orders, json={'totalAmount': 67932, 'discountAmount': 0, 'actualAmount': 67932, 'deliveryAddress': '辽宁省沈阳市和平区南京街1号', 'deliveryName': '边界测试6', 'deliveryPhone': '13100131012', 'remark': '测试最大数量', 'orderItems': [{'productId': 1, 'productName': '桃源蜂蜜', 'productPrice': 68, 'quantity': 999, 'totalPrice': 67932, 'productImage': None, 'productOrigin': None}]}
INFO     2026-10-08 18:12-54 [common.api_client:32] : 【响应】status_code=200, body={"code":200,"message":"操作成功","data":{"id":325,"orderNo":"20261008181253540512","userId":316,"totalAmount":67932,"discountAmount":0,"actualAmount":67932,"paymentMethod":null,"paymentStatus":0,"orderStatus":1,"deliveryAddress":"辽宁省沈阳市和平区南京街1号","deliveryName":"边界测试6","deliveryPhone":"13100131012","remark":"测试最大数量","paymentTime":null,"deliveryTime":null,"receivedTime":null,"cancelledTime":null,"cancelReason":null,"createdAt":"2026-10-08T18:12:53.595904158","updatedAt":"2026-10-08T18:12:53.59590499","orderItems":[{"id":338,"orderId":325,"productId":1,"productName":"桃源蜂蜜","productImage":null,"productPrice":68.00,"quantity":999,"totalPrice":67932.00,"productOrigin":null,"createdAt":"2026-10-08T10:12:53"}],"statusDesc":"待支付","paymentStatusDesc":"待支付"}}
ERROR    2026-10-08 18:12-54 [pytest_result_log:190] : test status is FAILED (test_cases/test_api/test_order_api.py::TestOrderAPI::test_create_order[case12]): AssertionError
INFO     2026-10-08 18:12-54 [pytest_result_log:194] : test_cases/test_api/test_order_api.py::TestOrderAPI::test_create_order[case12] -> self = <test_order_api.TestOrderAPI object at 0x00000231F03C6180>
case = {'order': {'totalAmount': 67932, 'discountAmount': 0, 'actualAmount': 67932, 'deliveryAddress': '辽宁省沈阳市和平区南京街1号', ...}...': {'scenario': '正向case12-边界值-购买数量最大值999', 'type': 'positive', 'interfaceName': 'createOrder', 'payMethod': None, ...}}
order_api = <api_objects.order_api.OrderApi object at 0x00000231F043B950>, user_api = <api_objects.user_api.UserApi object at 0x00000231F0431130>

    @pytest.mark.order
    @pytest.mark.positive
    @pytest.mark.parametrize('case',creat_request_json('order_data.yaml',type='positive',interfaceName='createOrder'))
    def test_create_order(self,case,order_api,user_api):
        '''
            正向场景：
            先在请求发送之前获取库存
            请求成功再返回库存
        '''
        logger.info(f"当前【测试场景】:{case.get('metadata')['scenario']}")
        # 请求之前获取用户这一个订单的所有商品库存
        product_stock_original = products_stock(case.get('metadata')['productIds'])
        product_names = case.get('metadata')['productNames']
        product_quantity = case.get('metadata')['product_quantity']
        # 登录
        user_api.login(DEFAULT_USER['username'],DEFAULT_USER['password'])
        # 发送请求
        response = order_api.create_order(case.get('order'))
        # 断言参数
        successful_response(response)
        # 获取用户购买完成后的所有商品库存
        product_stock = products_stock(case.get('metadata')['productIds'])
        # 断言是否入库
>       assert isExists_product_order(response.json().get('data')['orderNo']) == 1,f"订单创建成功但未入库"
E       AssertionError: 订单创建成功但未入库
E       assert 0 == 1
E        +  where 0 = isExists_product_order('20261008181253540512')

test_cases\test_api\test_order_api.py:34: AssertionError
WARNING  2026-10-08 18:12-54 [pytest_result_log:128] : End: test_cases/test_api/test_order_api.py::TestOrderAPI::test_create_order[case12]
WARNING  2026-10-08 18:12-55 [pytest_result_log:122] : Start: test_cases/test_api/test_order_api.py::TestOrderAPI::test_create_order[case13]
INFO     2026-10-08 18:12-55 [conftest:20] : 当前【测试场景】:正向case13-边界值-优惠金额为0
INFO     2026-10-08 18:12-55 [common.api_client:30] : 【POST请求】url=http://192.168.111.128:7070/auth/login, json={'username': 'lisi', 'password': '123456'}
INFO     2026-10-08 18:12-55 [common.api_client:32] : 【响应】status_code=200, body={"code":200,"message":"操作成功","data":{"id":316,"username":"lisi","token":"eyJhbGciOiJIUzI1NiJ9.eyJyb2xlIjoiVVNFUiIsInN1YiI6Imxpc2kiLCJpYXQiOjE3OTE0NTQzNzMsImV4cCI6MTc5MTU0MDc3M30.0Eai_AEnkgMDVgMSHfdPOqem1HJd-rbhW9fXBWmGcHs","role":"USER","avatar":null,"email":"2983192051@qq.com","realName":null}}
INFO     2026-10-08 18:12-55 [common.api_client:30] : 【POST请求】url=http://192.168.111.128:7070/orders, json={'totalAmount': 68, 'discountAmount': 0, 'actualAmount': 68, 'deliveryAddress': '重庆市渝中区解放碑步行街1号', 'deliveryName': '边界测试7', 'deliveryPhone': '13200132013', 'remark': None, 'orderItems': [{'productId': 1, 'productName': '桃源蜂蜜', 'productPrice': 68, 'quantity': 1, 'totalPrice': 68, 'productImage': None, 'productOrigin': None}]}
INFO     2026-10-08 18:12-55 [common.api_client:32] : 【响应】status_code=200, body={"code":200,"message":"操作成功","data":{"id":326,"orderNo":"20261008181253785313","userId":316,"totalAmount":68,"discountAmount":0,"actualAmount":68,"paymentMethod":null,"paymentStatus":0,"orderStatus":1,"deliveryAddress":"重庆市渝中区解放碑步行街1号","deliveryName":"边界测试7","deliveryPhone":"13200132013","remark":null,"paymentTime":null,"deliveryTime":null,"receivedTime":null,"cancelledTime":null,"cancelReason":null,"createdAt":"2026-10-08T18:12:53.780748359","updatedAt":"2026-10-08T18:12:53.780749931","orderItems":[{"id":339,"orderId":326,"productId":1,"productName":"桃源蜂蜜","productImage":null,"productPrice":68.00,"quantity":1,"totalPrice":68.00,"productOrigin":null,"createdAt":"2026-10-08T10:12:53"}],"statusDesc":"待支付","paymentStatusDesc":"待支付"}}
ERROR    2026-10-08 18:12-55 [pytest_result_log:190] : test status is FAILED (test_cases/test_api/test_order_api.py::TestOrderAPI::test_create_order[case13]): AssertionError
INFO     2026-10-08 18:12-55 [pytest_result_log:194] : test_cases/test_api/test_order_api.py::TestOrderAPI::test_create_order[case13] -> self = <test_order_api.TestOrderAPI object at 0x00000231F03C61B0>
case = {'order': {'totalAmount': 68, 'discountAmount': 0, 'actualAmount': 68, 'deliveryAddress': '重庆市渝中区解放碑步行街1号', ...}, 'metadata': {'scenario': '正向case13-边界值-优惠金额为0', 'type': 'positive', 'interfaceName': 'createOrder', 'payMethod': None, ...}}
order_api = <api_objects.order_api.OrderApi object at 0x00000231F043B950>, user_api = <api_objects.user_api.UserApi object at 0x00000231F0431130>

    @pytest.mark.order
    @pytest.mark.positive
    @pytest.mark.parametrize('case',creat_request_json('order_data.yaml',type='positive',interfaceName='createOrder'))
    def test_create_order(self,case,order_api,user_api):
        '''
            正向场景：
            先在请求发送之前获取库存
            请求成功再返回库存
        '''
        logger.info(f"当前【测试场景】:{case.get('metadata')['scenario']}")
        # 请求之前获取用户这一个订单的所有商品库存
        product_stock_original = products_stock(case.get('metadata')['productIds'])
        product_names = case.get('metadata')['productNames']
        product_quantity = case.get('metadata')['product_quantity']
        # 登录
        user_api.login(DEFAULT_USER['username'],DEFAULT_USER['password'])
        # 发送请求
        response = order_api.create_order(case.get('order'))
        # 断言参数
        successful_response(response)
        # 获取用户购买完成后的所有商品库存
        product_stock = products_stock(case.get('metadata')['productIds'])
        # 断言是否入库
>       assert isExists_product_order(response.json().get('data')['orderNo']) == 1,f"订单创建成功但未入库"
E       AssertionError: 订单创建成功但未入库
E       assert 0 == 1
E        +  where 0 = isExists_product_order('20261008181253785313')

test_cases\test_api\test_order_api.py:34: AssertionError
WARNING  2026-10-08 18:12-55 [pytest_result_log:128] : End: test_cases/test_api/test_order_api.py::TestOrderAPI::test_create_order[case13]
WARNING  2026-10-08 18:12-55 [pytest_result_log:122] : Start: test_cases/test_api/test_order_api.py::TestOrderAPI::test_create_order[case14]
INFO     2026-10-08 18:12-55 [conftest:20] : 当前【测试场景】:正向case14-边界值-优惠金额为整数
INFO     2026-10-08 18:12-55 [common.api_client:30] : 【POST请求】url=http://192.168.111.128:7070/auth/login, json={'username': 'lisi', 'password': '123456'}
INFO     2026-10-08 18:12-55 [common.api_client:32] : 【响应】status_code=200, body={"code":200,"message":"操作成功","data":{"id":316,"username":"lisi","token":"eyJhbGciOiJIUzI1NiJ9.eyJyb2xlIjoiVVNFUiIsInN1YiI6Imxpc2kiLCJpYXQiOjE3OTE0NTQzNzMsImV4cCI6MTc5MTU0MDc3M30.0Eai_AEnkgMDVgMSHfdPOqem1HJd-rbhW9fXBWmGcHs","role":"USER","avatar":null,"email":"2983192051@qq.com","realName":null}}
INFO     2026-10-08 18:12-55 [common.api_client:30] : 【POST请求】url=http://192.168.111.128:7070/orders, json={'totalAmount': 60, 'discountAmount': 10, 'actualAmount': 50, 'deliveryAddress': '云南省昆明市五华区人民路1号', 'deliveryName': '边界测试8', 'deliveryPhone': '13300133014', 'remark': None, 'orderItems': [{'productId': 7, 'productName': '农家西红柿', 'productPrice': 15.9, 'quantity': 12, 'totalPrice': 190.8, 'productImage': None, 'productOrigin': None}]}
INFO     2026-10-08 18:12-55 [common.api_client:32] : 【响应】status_code=200, body={"code":200,"message":"操作成功","data":{"id":327,"orderNo":"20261008181253292927","userId":316,"totalAmount":190.8,"discountAmount":10,"actualAmount":180.8,"paymentMethod":null,"paymentStatus":0,"orderStatus":1,"deliveryAddress":"云南省昆明市五华区人民路1号","deliveryName":"边界测试8","deliveryPhone":"13300133014","remark":null,"paymentTime":null,"deliveryTime":null,"receivedTime":null,"cancelledTime":null,"cancelReason":null,"createdAt":"2026-10-08T18:12:53.99333813","updatedAt":"2026-10-08T18:12:53.993338711","orderItems":[{"id":340,"orderId":327,"productId":7,"productName":"农家西红柿","productImage":null,"productPrice":15.90,"quantity":12,"totalPrice":190.80,"productOrigin":null,"createdAt":"2026-10-08T10:12:53"}],"statusDesc":"待支付","paymentStatusDesc":"待支付"}}
ERROR    2026-10-08 18:12-55 [pytest_result_log:190] : test status is FAILED (test_cases/test_api/test_order_api.py::TestOrderAPI::test_create_order[case14]): AssertionError
INFO     2026-10-08 18:12-55 [pytest_result_log:194] : test_cases/test_api/test_order_api.py::TestOrderAPI::test_create_order[case14] -> self = <test_order_api.TestOrderAPI object at 0x00000231F03C61E0>
case = {'order': {'totalAmount': 60, 'discountAmount': 10, 'actualAmount': 50, 'deliveryAddress': '云南省昆明市五华区人民路1号', ...}, 'metadata': {'scenario': '正向case14-边界值-优惠金额为整数', 'type': 'positive', 'interfaceName': 'createOrder', 'payMethod': None, ...}}
order_api = <api_objects.order_api.OrderApi object at 0x00000231F043B950>, user_api = <api_objects.user_api.UserApi object at 0x00000231F0431130>

    @pytest.mark.order
    @pytest.mark.positive
    @pytest.mark.parametrize('case',creat_request_json('order_data.yaml',type='positive',interfaceName='createOrder'))
    def test_create_order(self,case,order_api,user_api):
        '''
            正向场景：
            先在请求发送之前获取库存
            请求成功再返回库存
        '''
        logger.info(f"当前【测试场景】:{case.get('metadata')['scenario']}")
        # 请求之前获取用户这一个订单的所有商品库存
        product_stock_original = products_stock(case.get('metadata')['productIds'])
        product_names = case.get('metadata')['productNames']
        product_quantity = case.get('metadata')['product_quantity']
        # 登录
        user_api.login(DEFAULT_USER['username'],DEFAULT_USER['password'])
        # 发送请求
        response = order_api.create_order(case.get('order'))
        # 断言参数
        successful_response(response)
        # 获取用户购买完成后的所有商品库存
        product_stock = products_stock(case.get('metadata')['productIds'])
        # 断言是否入库
>       assert isExists_product_order(response.json().get('data')['orderNo']) == 1,f"订单创建成功但未入库"
E       AssertionError: 订单创建成功但未入库
E       assert 0 == 1
E        +  where 0 = isExists_product_order('20261008181253292927')

test_cases\test_api\test_order_api.py:34: AssertionError
WARNING  2026-10-08 18:12-55 [pytest_result_log:128] : End: test_cases/test_api/test_order_api.py::TestOrderAPI::test_create_order[case14]
WARNING  2026-10-08 18:12-55 [pytest_result_log:122] : Start: test_cases/test_api/test_order_api.py::TestOrderAPI::test_create_order[case15]
INFO     2026-10-08 18:12-55 [conftest:20] : 当前【测试场景】:正向case15-等价类-地址为中文
INFO     2026-10-08 18:12-55 [common.api_client:30] : 【POST请求】url=http://192.168.111.128:7070/auth/login, json={'username': 'lisi', 'password': '123456'}
INFO     2026-10-08 18:12-55 [common.api_client:32] : 【响应】status_code=200, body={"code":200,"message":"操作成功","data":{"id":316,"username":"lisi","token":"eyJhbGciOiJIUzI1NiJ9.eyJyb2xlIjoiVVNFUiIsInN1YiI6Imxpc2kiLCJpYXQiOjE3OTE0NTQzNzQsImV4cCI6MTc5MTU0MDc3NH0.q3u82hgbBv4hgQCbrBj2kIHh9Q-o34jfnUM7FyH5j30","role":"USER","avatar":null,"email":"2983192051@qq.com","realName":null}}
INFO     2026-10-08 18:12-55 [common.api_client:30] : 【POST请求】url=http://192.168.111.128:7070/orders, json={'totalAmount': 68, 'discountAmount': 0, 'actualAmount': 68, 'deliveryAddress': '山西省运城市临猗县北大街12号', 'deliveryName': '等价测试1', 'deliveryPhone': '13400134015', 'remark': None, 'orderItems': [{'productId': 1, 'productName': '桃源蜂蜜', 'productPrice': 68, 'quantity': 1, 'totalPrice': 68, 'productImage': None, 'productOrigin': None}]}
INFO     2026-10-08 18:12-55 [common.api_client:32] : 【响应】status_code=200, body={"code":200,"message":"操作成功","data":{"id":328,"orderNo":"20261008181254116797","userId":316,"totalAmount":68,"discountAmount":0,"actualAmount":68,"paymentMethod":null,"paymentStatus":0,"orderStatus":1,"deliveryAddress":"山西省运城市临猗县北大街12号","deliveryName":"等价测试1","deliveryPhone":"13400134015","remark":null,"paymentTime":null,"deliveryTime":null,"receivedTime":null,"cancelledTime":null,"cancelReason":null,"createdAt":"2026-10-08T18:12:54.145727942","updatedAt":"2026-10-08T18:12:54.145728423","orderItems":[{"id":341,"orderId":328,"productId":1,"productName":"桃源蜂蜜","productImage":null,"productPrice":68.00,"quantity":1,"totalPrice":68.00,"productOrigin":null,"createdAt":"2026-10-08T10:12:54"}],"statusDesc":"待支付","paymentStatusDesc":"待支付"}}
ERROR    2026-10-08 18:12-55 [pytest_result_log:190] : test status is FAILED (test_cases/test_api/test_order_api.py::TestOrderAPI::test_create_order[case15]): AssertionError
INFO     2026-10-08 18:12-55 [pytest_result_log:194] : test_cases/test_api/test_order_api.py::TestOrderAPI::test_create_order[case15] -> self = <test_order_api.TestOrderAPI object at 0x00000231F03C6300>
case = {'order': {'totalAmount': 68, 'discountAmount': 0, 'actualAmount': 68, 'deliveryAddress': '山西省运城市临猗县北大街12号', ...}, 'metadata': {'scenario': '正向case15-等价类-地址为中文', 'type': 'positive', 'interfaceName': 'createOrder', 'payMethod': None, ...}}
order_api = <api_objects.order_api.OrderApi object at 0x00000231F043B950>, user_api = <api_objects.user_api.UserApi object at 0x00000231F0431130>

    @pytest.mark.order
    @pytest.mark.positive
    @pytest.mark.parametrize('case',creat_request_json('order_data.yaml',type='positive',interfaceName='createOrder'))
    def test_create_order(self,case,order_api,user_api):
        '''
            正向场景：
            先在请求发送之前获取库存
            请求成功再返回库存
        '''
        logger.info(f"当前【测试场景】:{case.get('metadata')['scenario']}")
        # 请求之前获取用户这一个订单的所有商品库存
        product_stock_original = products_stock(case.get('metadata')['productIds'])
        product_names = case.get('metadata')['productNames']
        product_quantity = case.get('metadata')['product_quantity']
        # 登录
        user_api.login(DEFAULT_USER['username'],DEFAULT_USER['password'])
        # 发送请求
        response = order_api.create_order(case.get('order'))
        # 断言参数
        successful_response(response)
        # 获取用户购买完成后的所有商品库存
        product_stock = products_stock(case.get('metadata')['productIds'])
        # 断言是否入库
>       assert isExists_product_order(response.json().get('data')['orderNo']) == 1,f"订单创建成功但未入库"
E       AssertionError: 订单创建成功但未入库
E       assert 0 == 1
E        +  where 0 = isExists_product_order('20261008181254116797')

test_cases\test_api\test_order_api.py:34: AssertionError
WARNING  2026-10-08 18:12-55 [pytest_result_log:128] : End: test_cases/test_api/test_order_api.py::TestOrderAPI::test_create_order[case15]
WARNING  2026-10-08 18:12-55 [pytest_result_log:122] : Start: test_cases/test_api/test_order_api.py::TestOrderAPI::test_create_order[case16]
INFO     2026-10-08 18:12-55 [conftest:20] : 当前【测试场景】:正向case16-等价类-地址为英文+数字
INFO     2026-10-08 18:12-55 [common.api_client:30] : 【POST请求】url=http://192.168.111.128:7070/auth/login, json={'username': 'lisi', 'password': '123456'}
INFO     2026-10-08 18:12-55 [common.api_client:32] : 【响应】status_code=200, body={"code":200,"message":"操作成功","data":{"id":316,"username":"lisi","token":"eyJhbGciOiJIUzI1NiJ9.eyJyb2xlIjoiVVNFUiIsInN1YiI6Imxpc2kiLCJpYXQiOjE3OTE0NTQzNzQsImV4cCI6MTc5MTU0MDc3NH0.q3u82hgbBv4hgQCbrBj2kIHh9Q-o34jfnUM7FyH5j30","role":"USER","avatar":null,"email":"2983192051@qq.com","realName":null}}
INFO     2026-10-08 18:12-55 [common.api_client:30] : 【POST请求】url=http://192.168.111.128:7070/orders, json={'totalAmount': 68, 'discountAmount': 0, 'actualAmount': 68, 'deliveryAddress': 'No.12 Beida St, Linyi County', 'deliveryName': '等价测试2', 'deliveryPhone': '13500135016', 'remark': None, 'orderItems': [{'productId': 1, 'productName': '桃源蜂蜜', 'productPrice': 68, 'quantity': 1, 'totalPrice': 68, 'productImage': None, 'productOrigin': None}]}
INFO     2026-10-08 18:12-55 [common.api_client:32] : 【响应】status_code=200, body={"code":200,"message":"操作成功","data":{"id":329,"orderNo":"20261008181254407784","userId":316,"totalAmount":68,"discountAmount":0,"actualAmount":68,"paymentMethod":null,"paymentStatus":0,"orderStatus":1,"deliveryAddress":"No.12 Beida St, Linyi County","deliveryName":"等价测试2","deliveryPhone":"13500135016","remark":null,"paymentTime":null,"deliveryTime":null,"receivedTime":null,"cancelledTime":null,"cancelReason":null,"createdAt":"2026-10-08T18:12:54.317954878","updatedAt":"2026-10-08T18:12:54.317955409","orderItems":[{"id":342,"orderId":329,"productId":1,"productName":"桃源蜂蜜","productImage":null,"productPrice":68.00,"quantity":1,"totalPrice":68.00,"productOrigin":null,"createdAt":"2026-10-08T10:12:54"}],"statusDesc":"待支付","paymentStatusDesc":"待支付"}}
ERROR    2026-10-08 18:12-55 [pytest_result_log:190] : test status is FAILED (test_cases/test_api/test_order_api.py::TestOrderAPI::test_create_order[case16]): AssertionError
INFO     2026-10-08 18:12-55 [pytest_result_log:194] : test_cases/test_api/test_order_api.py::TestOrderAPI::test_create_order[case16] -> self = <test_order_api.TestOrderAPI object at 0x00000231F03C6510>
case = {'order': {'totalAmount': 68, 'discountAmount': 0, 'actualAmount': 68, 'deliveryAddress': 'No.12 Beida St, Linyi Count...ta': {'scenario': '正向case16-等价类-地址为英文+数字', 'type': 'positive', 'interfaceName': 'createOrder', 'payMethod': None, ...}}
order_api = <api_objects.order_api.OrderApi object at 0x00000231F043B950>, user_api = <api_objects.user_api.UserApi object at 0x00000231F0431130>

    @pytest.mark.order
    @pytest.mark.positive
    @pytest.mark.parametrize('case',creat_request_json('order_data.yaml',type='positive',interfaceName='createOrder'))
    def test_create_order(self,case,order_api,user_api):
        '''
            正向场景：
            先在请求发送之前获取库存
            请求成功再返回库存
        '''
        logger.info(f"当前【测试场景】:{case.get('metadata')['scenario']}")
        # 请求之前获取用户这一个订单的所有商品库存
        product_stock_original = products_stock(case.get('metadata')['productIds'])
        product_names = case.get('metadata')['productNames']
        product_quantity = case.get('metadata')['product_quantity']
        # 登录
        user_api.login(DEFAULT_USER['username'],DEFAULT_USER['password'])
        # 发送请求
        response = order_api.create_order(case.get('order'))
        # 断言参数
        successful_response(response)
        # 获取用户购买完成后的所有商品库存
        product_stock = products_stock(case.get('metadata')['productIds'])
        # 断言是否入库
>       assert isExists_product_order(response.json().get('data')['orderNo']) == 1,f"订单创建成功但未入库"
E       AssertionError: 订单创建成功但未入库
E       assert 0 == 1
E        +  where 0 = isExists_product_order('20261008181254407784')

test_cases\test_api\test_order_api.py:34: AssertionError
WARNING  2026-10-08 18:12-55 [pytest_result_log:128] : End: test_cases/test_api/test_order_api.py::TestOrderAPI::test_create_order[case16]
WARNING  2026-10-08 18:12-55 [pytest_result_log:122] : Start: test_cases/test_api/test_order_api.py::TestOrderAPI::test_create_order[case17]
INFO     2026-10-08 18:12-55 [conftest:20] : 当前【测试场景】:正向case17-等价类-地址中文+英文+数字混合
INFO     2026-10-08 18:12-55 [common.api_client:30] : 【POST请求】url=http://192.168.111.128:7070/auth/login, json={'username': 'lisi', 'password': '123456'}
INFO     2026-10-08 18:12-55 [common.api_client:32] : 【响应】status_code=200, body={"code":200,"message":"操作成功","data":{"id":316,"username":"lisi","token":"eyJhbGciOiJIUzI1NiJ9.eyJyb2xlIjoiVVNFUiIsInN1YiI6Imxpc2kiLCJpYXQiOjE3OTE0NTQzNzQsImV4cCI6MTc5MTU0MDc3NH0.q3u82hgbBv4hgQCbrBj2kIHh9Q-o34jfnUM7FyH5j30","role":"USER","avatar":null,"email":"2983192051@qq.com","realName":null}}
INFO     2026-10-08 18:12-55 [common.api_client:30] : 【POST请求】url=http://192.168.111.128:7070/orders, json={'totalAmount': 68, 'discountAmount': 0, 'actualAmount': 68, 'deliveryAddress': '北京市朝阳区望京SOHO T1-1808室', 'deliveryName': '等价测试3', 'deliveryPhone': '13600136017', 'remark': None, 'orderItems': [{'productId': 1, 'productName': '桃源蜂蜜', 'productPrice': 68, 'quantity': 1, 'totalPrice': 68, 'productImage': None, 'productOrigin': None}]}
INFO     2026-10-08 18:12-55 [common.api_client:32] : 【响应】status_code=200, body={"code":200,"message":"操作成功","data":{"id":330,"orderNo":"20261008181254240082","userId":316,"totalAmount":68,"discountAmount":0,"actualAmount":68,"paymentMethod":null,"paymentStatus":0,"orderStatus":1,"deliveryAddress":"北京市朝阳区望京SOHO T1-1808室","deliveryName":"等价测试3","deliveryPhone":"13600136017","remark":null,"paymentTime":null,"deliveryTime":null,"receivedTime":null,"cancelledTime":null,"cancelReason":null,"createdAt":"2026-10-08T18:12:54.53211297","updatedAt":"2026-10-08T18:12:54.532113501","orderItems":[{"id":343,"orderId":330,"productId":1,"productName":"桃源蜂蜜","productImage":null,"productPrice":68.00,"quantity":1,"totalPrice":68.00,"productOrigin":null,"createdAt":"2026-10-08T10:12:54"}],"statusDesc":"待支付","paymentStatusDesc":"待支付"}}
ERROR    2026-10-08 18:12-55 [pytest_result_log:190] : test status is FAILED (test_cases/test_api/test_order_api.py::TestOrderAPI::test_create_order[case17]): AssertionError
INFO     2026-10-08 18:12-55 [pytest_result_log:194] : test_cases/test_api/test_order_api.py::TestOrderAPI::test_create_order[case17] -> self = <test_order_api.TestOrderAPI object at 0x00000231F03C6390>
case = {'order': {'totalAmount': 68, 'discountAmount': 0, 'actualAmount': 68, 'deliveryAddress': '北京市朝阳区望京SOHO T1-1808室', ...... {'scenario': '正向case17-等价类-地址中文+英文+数字混合', 'type': 'positive', 'interfaceName': 'createOrder', 'payMethod': None, ...}}
order_api = <api_objects.order_api.OrderApi object at 0x00000231F043B950>, user_api = <api_objects.user_api.UserApi object at 0x00000231F0431130>

    @pytest.mark.order
    @pytest.mark.positive
    @pytest.mark.parametrize('case',creat_request_json('order_data.yaml',type='positive',interfaceName='createOrder'))
    def test_create_order(self,case,order_api,user_api):
        '''
            正向场景：
            先在请求发送之前获取库存
            请求成功再返回库存
        '''
        logger.info(f"当前【测试场景】:{case.get('metadata')['scenario']}")
        # 请求之前获取用户这一个订单的所有商品库存
        product_stock_original = products_stock(case.get('metadata')['productIds'])
        product_names = case.get('metadata')['productNames']
        product_quantity = case.get('metadata')['product_quantity']
        # 登录
        user_api.login(DEFAULT_USER['username'],DEFAULT_USER['password'])
        # 发送请求
        response = order_api.create_order(case.get('order'))
        # 断言参数
        successful_response(response)
        # 获取用户购买完成后的所有商品库存
        product_stock = products_stock(case.get('metadata')['productIds'])
        # 断言是否入库
>       assert isExists_product_order(response.json().get('data')['orderNo']) == 1,f"订单创建成功但未入库"
E       AssertionError: 订单创建成功但未入库
E       assert 0 == 1
E        +  where 0 = isExists_product_order('20261008181254240082')

test_cases\test_api\test_order_api.py:34: AssertionError
WARNING  2026-10-08 18:12-55 [pytest_result_log:128] : End: test_cases/test_api/test_order_api.py::TestOrderAPI::test_create_order[case17]
WARNING  2026-10-08 18:12-55 [pytest_result_log:122] : Start: test_cases/test_api/test_order_api.py::TestOrderAPI::test_create_order[case18]
INFO     2026-10-08 18:12-55 [conftest:20] : 当前【测试场景】:正向case20-等价类-姓名为中文
INFO     2026-10-08 18:12-55 [common.api_client:30] : 【POST请求】url=http://192.168.111.128:7070/auth/login, json={'username': 'lisi', 'password': '123456'}
INFO     2026-10-08 18:12-56 [common.api_client:32] : 【响应】status_code=200, body={"code":200,"message":"操作成功","data":{"id":316,"username":"lisi","token":"eyJhbGciOiJIUzI1NiJ9.eyJyb2xlIjoiVVNFUiIsInN1YiI6Imxpc2kiLCJpYXQiOjE3OTE0NTQzNzQsImV4cCI6MTc5MTU0MDc3NH0.q3u82hgbBv4hgQCbrBj2kIHh9Q-o34jfnUM7FyH5j30","role":"USER","avatar":null,"email":"2983192051@qq.com","realName":null}}
INFO     2026-10-08 18:12-56 [common.api_client:30] : 【POST请求】url=http://192.168.111.128:7070/orders, json={'totalAmount': 68, 'discountAmount': 0, 'actualAmount': 68, 'deliveryAddress': '测试地址', 'deliveryName': '张三', 'deliveryPhone': '13700137018', 'remark': None, 'orderItems': [{'productId': 1, 'productName': '桃源蜂蜜', 'productPrice': 68, 'quantity': 1, 'totalPrice': 68, 'productImage': None, 'productOrigin': None}]}
INFO     2026-10-08 18:12-56 [common.api_client:32] : 【响应】status_code=200, body={"code":200,"message":"操作成功","data":{"id":331,"orderNo":"20261008181254426487","userId":316,"totalAmount":68,"discountAmount":0,"actualAmount":68,"paymentMethod":null,"paymentStatus":0,"orderStatus":1,"deliveryAddress":"测试地址","deliveryName":"张三","deliveryPhone":"13700137018","remark":null,"paymentTime":null,"deliveryTime":null,"receivedTime":null,"cancelledTime":null,"cancelReason":null,"createdAt":"2026-10-08T18:12:54.696628559","updatedAt":"2026-10-08T18:12:54.69662912","orderItems":[{"id":344,"orderId":331,"productId":1,"productName":"桃源蜂蜜","productImage":null,"productPrice":68.00,"quantity":1,"totalPrice":68.00,"productOrigin":null,"createdAt":"2026-10-08T10:12:54"}],"statusDesc":"待支付","paymentStatusDesc":"待支付"}}
ERROR    2026-10-08 18:12-56 [pytest_result_log:190] : test status is FAILED (test_cases/test_api/test_order_api.py::TestOrderAPI::test_create_order[case18]): AssertionError
INFO     2026-10-08 18:12-56 [pytest_result_log:194] : test_cases/test_api/test_order_api.py::TestOrderAPI::test_create_order[case18] -> self = <test_order_api.TestOrderAPI object at 0x00000231F03C6540>
case = {'order': {'totalAmount': 68, 'discountAmount': 0, 'actualAmount': 68, 'deliveryAddress': '测试地址', ...}, 'metadata': {'scenario': '正向case20-等价类-姓名为中文', 'type': 'positive', 'interfaceName': 'createOrder', 'payMethod': None, ...}}
order_api = <api_objects.order_api.OrderApi object at 0x00000231F043B950>, user_api = <api_objects.user_api.UserApi object at 0x00000231F0431130>

    @pytest.mark.order
    @pytest.mark.positive
    @pytest.mark.parametrize('case',creat_request_json('order_data.yaml',type='positive',interfaceName='createOrder'))
    def test_create_order(self,case,order_api,user_api):
        '''
            正向场景：
            先在请求发送之前获取库存
            请求成功再返回库存
        '''
        logger.info(f"当前【测试场景】:{case.get('metadata')['scenario']}")
        # 请求之前获取用户这一个订单的所有商品库存
        product_stock_original = products_stock(case.get('metadata')['productIds'])
        product_names = case.get('metadata')['productNames']
        product_quantity = case.get('metadata')['product_quantity']
        # 登录
        user_api.login(DEFAULT_USER['username'],DEFAULT_USER['password'])
        # 发送请求
        response = order_api.create_order(case.get('order'))
        # 断言参数
        successful_response(response)
        # 获取用户购买完成后的所有商品库存
        product_stock = products_stock(case.get('metadata')['productIds'])
        # 断言是否入库
>       assert isExists_product_order(response.json().get('data')['orderNo']) == 1,f"订单创建成功但未入库"
E       AssertionError: 订单创建成功但未入库
E       assert 0 == 1
E        +  where 0 = isExists_product_order('20261008181254426487')

test_cases\test_api\test_order_api.py:34: AssertionError
WARNING  2026-10-08 18:12-56 [pytest_result_log:128] : End: test_cases/test_api/test_order_api.py::TestOrderAPI::test_create_order[case18]
WARNING  2026-10-08 18:12-56 [pytest_result_log:122] : Start: test_cases/test_api/test_order_api.py::TestOrderAPI::test_create_order[case19]
INFO     2026-10-08 18:12-56 [conftest:20] : 当前【测试场景】:正向case21-等价类-姓名含特殊字符
INFO     2026-10-08 18:12-56 [common.api_client:30] : 【POST请求】url=http://192.168.111.128:7070/auth/login, json={'username': 'lisi', 'password': '123456'}
INFO     2026-10-08 18:12-56 [common.api_client:32] : 【响应】status_code=200, body={"code":200,"message":"操作成功","data":{"id":316,"username":"lisi","token":"eyJhbGciOiJIUzI1NiJ9.eyJyb2xlIjoiVVNFUiIsInN1YiI6Imxpc2kiLCJpYXQiOjE3OTE0NTQzNzQsImV4cCI6MTc5MTU0MDc3NH0.q3u82hgbBv4hgQCbrBj2kIHh9Q-o34jfnUM7FyH5j30","role":"USER","avatar":null,"email":"2983192051@qq.com","realName":null}}
INFO     2026-10-08 18:12-56 [common.api_client:30] : 【POST请求】url=http://192.168.111.128:7070/orders, json={'totalAmount': 68, 'discountAmount': 0, 'actualAmount': 68, 'deliveryAddress': '测试地址', 'deliveryName': '王·五', 'deliveryPhone': '13800138019', 'remark': None, 'orderItems': [{'productId': 1, 'productName': '桃源蜂蜜', 'productPrice': 68, 'quantity': 1, 'totalPrice': 68, 'productImage': None, 'productOrigin': None}]}
INFO     2026-10-08 18:12-56 [common.api_client:32] : 【响应】status_code=200, body={"code":200,"message":"操作成功","data":{"id":332,"orderNo":"20261008181254594946","userId":316,"totalAmount":68,"discountAmount":0,"actualAmount":68,"paymentMethod":null,"paymentStatus":0,"orderStatus":1,"deliveryAddress":"测试地址","deliveryName":"王·五","deliveryPhone":"13800138019","remark":null,"paymentTime":null,"deliveryTime":null,"receivedTime":null,"cancelledTime":null,"cancelReason":null,"createdAt":"2026-10-08T18:12:54.843871227","updatedAt":"2026-10-08T18:12:54.843872209","orderItems":[{"id":345,"orderId":332,"productId":1,"productName":"桃源蜂蜜","productImage":null,"productPrice":68.00,"quantity":1,"totalPrice":68.00,"productOrigin":null,"createdAt":"2026-10-08T10:12:54"}],"statusDesc":"待支付","paymentStatusDesc":"待支付"}}
ERROR    2026-10-08 18:12-56 [pytest_result_log:190] : test status is FAILED (test_cases/test_api/test_order_api.py::TestOrderAPI::test_create_order[case19]): AssertionError
INFO     2026-10-08 18:12-56 [pytest_result_log:194] : test_cases/test_api/test_order_api.py::TestOrderAPI::test_create_order[case19] -> self = <test_order_api.TestOrderAPI object at 0x00000231F03C6570>
case = {'order': {'totalAmount': 68, 'discountAmount': 0, 'actualAmount': 68, 'deliveryAddress': '测试地址', ...}, 'metadata': {'scenario': '正向case21-等价类-姓名含特殊字符', 'type': 'positive', 'interfaceName': 'createOrder', 'payMethod': None, ...}}
order_api = <api_objects.order_api.OrderApi object at 0x00000231F043B950>, user_api = <api_objects.user_api.UserApi object at 0x00000231F0431130>

    @pytest.mark.order
    @pytest.mark.positive
    @pytest.mark.parametrize('case',creat_request_json('order_data.yaml',type='positive',interfaceName='createOrder'))
    def test_create_order(self,case,order_api,user_api):
        '''
            正向场景：
            先在请求发送之前获取库存
            请求成功再返回库存
        '''
        logger.info(f"当前【测试场景】:{case.get('metadata')['scenario']}")
        # 请求之前获取用户这一个订单的所有商品库存
        product_stock_original = products_stock(case.get('metadata')['productIds'])
        product_names = case.get('metadata')['productNames']
        product_quantity = case.get('metadata')['product_quantity']
        # 登录
        user_api.login(DEFAULT_USER['username'],DEFAULT_USER['password'])
        # 发送请求
        response = order_api.create_order(case.get('order'))
        # 断言参数
        successful_response(response)
        # 获取用户购买完成后的所有商品库存
        product_stock = products_stock(case.get('metadata')['productIds'])
        # 断言是否入库
>       assert isExists_product_order(response.json().get('data')['orderNo']) == 1,f"订单创建成功但未入库"
E       AssertionError: 订单创建成功但未入库
E       assert 0 == 1
E        +  where 0 = isExists_product_order('20261008181254594946')

test_cases\test_api\test_order_api.py:34: AssertionError
WARNING  2026-10-08 18:12-56 [pytest_result_log:128] : End: test_cases/test_api/test_order_api.py::TestOrderAPI::test_create_order[case19]
WARNING  2026-10-08 18:12-56 [pytest_result_log:122] : Start: test_cases/test_api/test_order_api.py::TestOrderAPI::test_create_order[case20]
INFO     2026-10-08 18:12-56 [conftest:20] : 当前【测试场景】:正向case22-等价类-手机号以1开头11位
INFO     2026-10-08 18:12-56 [common.api_client:30] : 【POST请求】url=http://192.168.111.128:7070/auth/login, json={'username': 'lisi', 'password': '123456'}
INFO     2026-10-08 18:12-56 [common.api_client:32] : 【响应】status_code=200, body={"code":200,"message":"操作成功","data":{"id":316,"username":"lisi","token":"eyJhbGciOiJIUzI1NiJ9.eyJyb2xlIjoiVVNFUiIsInN1YiI6Imxpc2kiLCJpYXQiOjE3OTE0NTQzNzQsImV4cCI6MTc5MTU0MDc3NH0.q3u82hgbBv4hgQCbrBj2kIHh9Q-o34jfnUM7FyH5j30","role":"USER","avatar":null,"email":"2983192051@qq.com","realName":null}}
INFO     2026-10-08 18:12-56 [common.api_client:30] : 【POST请求】url=http://192.168.111.128:7070/orders, json={'totalAmount': 68, 'discountAmount': 0, 'actualAmount': 68, 'deliveryAddress': '测试地址', 'deliveryName': '等价测试4', 'deliveryPhone': '19800198020', 'remark': None, 'orderItems': [{'productId': 1, 'productName': '桃源蜂蜜', 'productPrice': 68, 'quantity': 1, 'totalPrice': 68, 'productImage': None, 'productOrigin': None}]}
INFO     2026-10-08 18:12-56 [common.api_client:32] : 【响应】status_code=200, body={"code":200,"message":"操作成功","data":{"id":333,"orderNo":"20261008181254345379","userId":316,"totalAmount":68,"discountAmount":0,"actualAmount":68,"paymentMethod":null,"paymentStatus":0,"orderStatus":1,"deliveryAddress":"测试地址","deliveryName":"等价测试4","deliveryPhone":"19800198020","remark":null,"paymentTime":null,"deliveryTime":null,"receivedTime":null,"cancelledTime":null,"cancelReason":null,"createdAt":"2026-10-08T18:12:54.989603521","updatedAt":"2026-10-08T18:12:54.989604343","orderItems":[{"id":346,"orderId":333,"productId":1,"productName":"桃源蜂蜜","productImage":null,"productPrice":68.00,"quantity":1,"totalPrice":68.00,"productOrigin":null,"createdAt":"2026-10-08T10:12:54"}],"statusDesc":"待支付","paymentStatusDesc":"待支付"}}
ERROR    2026-10-08 18:12-56 [pytest_result_log:190] : test status is FAILED (test_cases/test_api/test_order_api.py::TestOrderAPI::test_create_order[case20]): AssertionError
INFO     2026-10-08 18:12-56 [pytest_result_log:194] : test_cases/test_api/test_order_api.py::TestOrderAPI::test_create_order[case20] -> self = <test_order_api.TestOrderAPI object at 0x00000231F03C6780>
case = {'order': {'totalAmount': 68, 'discountAmount': 0, 'actualAmount': 68, 'deliveryAddress': '测试地址', ...}, 'metadata': {'scenario': '正向case22-等价类-手机号以1开头11位', 'type': 'positive', 'interfaceName': 'createOrder', 'payMethod': None, ...}}
order_api = <api_objects.order_api.OrderApi object at 0x00000231F043B950>, user_api = <api_objects.user_api.UserApi object at 0x00000231F0431130>

    @pytest.mark.order
    @pytest.mark.positive
    @pytest.mark.parametrize('case',creat_request_json('order_data.yaml',type='positive',interfaceName='createOrder'))
    def test_create_order(self,case,order_api,user_api):
        '''
            正向场景：
            先在请求发送之前获取库存
            请求成功再返回库存
        '''
        logger.info(f"当前【测试场景】:{case.get('metadata')['scenario']}")
        # 请求之前获取用户这一个订单的所有商品库存
        product_stock_original = products_stock(case.get('metadata')['productIds'])
        product_names = case.get('metadata')['productNames']
        product_quantity = case.get('metadata')['product_quantity']
        # 登录
        user_api.login(DEFAULT_USER['username'],DEFAULT_USER['password'])
        # 发送请求
        response = order_api.create_order(case.get('order'))
        # 断言参数
        successful_response(response)
        # 获取用户购买完成后的所有商品库存
        product_stock = products_stock(case.get('metadata')['productIds'])
        # 断言是否入库
>       assert isExists_product_order(response.json().get('data')['orderNo']) == 1,f"订单创建成功但未入库"
E       AssertionError: 订单创建成功但未入库
E       assert 0 == 1
E        +  where 0 = isExists_product_order('20261008181254345379')

test_cases\test_api\test_order_api.py:34: AssertionError
WARNING  2026-10-08 18:12-56 [pytest_result_log:128] : End: test_cases/test_api/test_order_api.py::TestOrderAPI::test_create_order[case20]
WARNING  2026-10-08 18:12-56 [pytest_result_log:122] : Start: test_cases/test_api/test_order_api.py::TestOrderAPI::test_create_order[case21]
INFO     2026-10-08 18:12-56 [conftest:20] : 当前【测试场景】:正向case23-等价类-手机号为联通号段
INFO     2026-10-08 18:12-56 [common.api_client:30] : 【POST请求】url=http://192.168.111.128:7070/auth/login, json={'username': 'lisi', 'password': '123456'}
INFO     2026-10-08 18:12-56 [common.api_client:32] : 【响应】status_code=200, body={"code":200,"message":"操作成功","data":{"id":316,"username":"lisi","token":"eyJhbGciOiJIUzI1NiJ9.eyJyb2xlIjoiVVNFUiIsInN1YiI6Imxpc2kiLCJpYXQiOjE3OTE0NTQzNzUsImV4cCI6MTc5MTU0MDc3NX0.vZ6ATm41YLqUcB9TSPy6HZfYQC5jAQWapiYVq7oT9hw","role":"USER","avatar":null,"email":"2983192051@qq.com","realName":null}}
INFO     2026-10-08 18:12-56 [common.api_client:30] : 【POST请求】url=http://192.168.111.128:7070/orders, json={'totalAmount': 68, 'discountAmount': 0, 'actualAmount': 68, 'deliveryAddress': '测试地址', 'deliveryName': '等价测试5', 'deliveryPhone': '18600186021', 'remark': None, 'orderItems': [{'productId': 1, 'productName': '桃源蜂蜜', 'productPrice': 68, 'quantity': 1, 'totalPrice': 68, 'productImage': None, 'productOrigin': None}]}
INFO     2026-10-08 18:12-56 [common.api_client:32] : 【响应】status_code=200, body={"code":200,"message":"操作成功","data":{"id":334,"orderNo":"20261008181255140202","userId":316,"totalAmount":68,"discountAmount":0,"actualAmount":68,"paymentMethod":null,"paymentStatus":0,"orderStatus":1,"deliveryAddress":"测试地址","deliveryName":"等价测试5","deliveryPhone":"18600186021","remark":null,"paymentTime":null,"deliveryTime":null,"receivedTime":null,"cancelledTime":null,"cancelReason":null,"createdAt":"2026-10-08T18:12:55.161504923","updatedAt":"2026-10-08T18:12:55.161505484","orderItems":[{"id":347,"orderId":334,"productId":1,"productName":"桃源蜂蜜","productImage":null,"productPrice":68.00,"quantity":1,"totalPrice":68.00,"productOrigin":null,"createdAt":"2026-10-08T10:12:55"}],"statusDesc":"待支付","paymentStatusDesc":"待支付"}}
ERROR    2026-10-08 18:12-56 [pytest_result_log:190] : test status is FAILED (test_cases/test_api/test_order_api.py::TestOrderAPI::test_create_order[case21]): AssertionError
INFO     2026-10-08 18:12-56 [pytest_result_log:194] : test_cases/test_api/test_order_api.py::TestOrderAPI::test_create_order[case21] -> self = <test_order_api.TestOrderAPI object at 0x00000231F03C66F0>
case = {'order': {'totalAmount': 68, 'discountAmount': 0, 'actualAmount': 68, 'deliveryAddress': '测试地址', ...}, 'metadata': {'scenario': '正向case23-等价类-手机号为联通号段', 'type': 'positive', 'interfaceName': 'createOrder', 'payMethod': None, ...}}
order_api = <api_objects.order_api.OrderApi object at 0x00000231F043B950>, user_api = <api_objects.user_api.UserApi object at 0x00000231F0431130>

    @pytest.mark.order
    @pytest.mark.positive
    @pytest.mark.parametrize('case',creat_request_json('order_data.yaml',type='positive',interfaceName='createOrder'))
    def test_create_order(self,case,order_api,user_api):
        '''
            正向场景：
            先在请求发送之前获取库存
            请求成功再返回库存
        '''
        logger.info(f"当前【测试场景】:{case.get('metadata')['scenario']}")
        # 请求之前获取用户这一个订单的所有商品库存
        product_stock_original = products_stock(case.get('metadata')['productIds'])
        product_names = case.get('metadata')['productNames']
        product_quantity = case.get('metadata')['product_quantity']
        # 登录
        user_api.login(DEFAULT_USER['username'],DEFAULT_USER['password'])
        # 发送请求
        response = order_api.create_order(case.get('order'))
        # 断言参数
        successful_response(response)
        # 获取用户购买完成后的所有商品库存
        product_stock = products_stock(case.get('metadata')['productIds'])
        # 断言是否入库
>       assert isExists_product_order(response.json().get('data')['orderNo']) == 1,f"订单创建成功但未入库"
E       AssertionError: 订单创建成功但未入库
E       assert 0 == 1
E        +  where 0 = isExists_product_order('20261008181255140202')

test_cases\test_api\test_order_api.py:34: AssertionError
WARNING  2026-10-08 18:12-56 [pytest_result_log:128] : End: test_cases/test_api/test_order_api.py::TestOrderAPI::test_create_order[case21]
WARNING  2026-10-08 18:12-56 [pytest_result_log:122] : Start: test_cases/test_api/test_order_api.py::TestOrderAPI::test_create_order[case22]
INFO     2026-10-08 18:12-56 [conftest:20] : 当前【测试场景】:正向case24-等价类-商品名称为中文
INFO     2026-10-08 18:12-56 [common.api_client:30] : 【POST请求】url=http://192.168.111.128:7070/auth/login, json={'username': 'lisi', 'password': '123456'}
INFO     2026-10-08 18:12-56 [common.api_client:32] : 【响应】status_code=200, body={"code":200,"message":"操作成功","data":{"id":316,"username":"lisi","token":"eyJhbGciOiJIUzI1NiJ9.eyJyb2xlIjoiVVNFUiIsInN1YiI6Imxpc2kiLCJpYXQiOjE3OTE0NTQzNzUsImV4cCI6MTc5MTU0MDc3NX0.vZ6ATm41YLqUcB9TSPy6HZfYQC5jAQWapiYVq7oT9hw","role":"USER","avatar":null,"email":"2983192051@qq.com","realName":null}}
INFO     2026-10-08 18:12-56 [common.api_client:30] : 【POST请求】url=http://192.168.111.128:7070/orders, json={'totalAmount': 68, 'discountAmount': 0, 'actualAmount': 68, 'deliveryAddress': '测试地址', 'deliveryName': '等价测试6', 'deliveryPhone': '18700187022', 'remark': None, 'orderItems': [{'productId': 1, 'productName': '桃源蜂蜜', 'productPrice': 68, 'quantity': 1, 'totalPrice': 68, 'productImage': None, 'productOrigin': None}]}
INFO     2026-10-08 18:12-56 [common.api_client:32] : 【响应】status_code=200, body={"code":200,"message":"操作成功","data":{"id":335,"orderNo":"20261008181255316173","userId":316,"totalAmount":68,"discountAmount":0,"actualAmount":68,"paymentMethod":null,"paymentStatus":0,"orderStatus":1,"deliveryAddress":"测试地址","deliveryName":"等价测试6","deliveryPhone":"18700187022","remark":null,"paymentTime":null,"deliveryTime":null,"receivedTime":null,"cancelledTime":null,"cancelReason":null,"createdAt":"2026-10-08T18:12:55.334571016","updatedAt":"2026-10-08T18:12:55.334571677","orderItems":[{"id":348,"orderId":335,"productId":1,"productName":"桃源蜂蜜","productImage":null,"productPrice":68.00,"quantity":1,"totalPrice":68.00,"productOrigin":null,"createdAt":"2026-10-08T10:12:55"}],"statusDesc":"待支付","paymentStatusDesc":"待支付"}}
ERROR    2026-10-08 18:12-56 [pytest_result_log:190] : test status is FAILED (test_cases/test_api/test_order_api.py::TestOrderAPI::test_create_order[case22]): AssertionError
INFO     2026-10-08 18:12-56 [pytest_result_log:194] : test_cases/test_api/test_order_api.py::TestOrderAPI::test_create_order[case22] -> self = <test_order_api.TestOrderAPI object at 0x00000231F03C67B0>
case = {'order': {'totalAmount': 68, 'discountAmount': 0, 'actualAmount': 68, 'deliveryAddress': '测试地址', ...}, 'metadata': {'scenario': '正向case24-等价类-商品名称为中文', 'type': 'positive', 'interfaceName': 'createOrder', 'payMethod': None, ...}}
order_api = <api_objects.order_api.OrderApi object at 0x00000231F043B950>, user_api = <api_objects.user_api.UserApi object at 0x00000231F0431130>

    @pytest.mark.order
    @pytest.mark.positive
    @pytest.mark.parametrize('case',creat_request_json('order_data.yaml',type='positive',interfaceName='createOrder'))
    def test_create_order(self,case,order_api,user_api):
        '''
            正向场景：
            先在请求发送之前获取库存
            请求成功再返回库存
        '''
        logger.info(f"当前【测试场景】:{case.get('metadata')['scenario']}")
        # 请求之前获取用户这一个订单的所有商品库存
        product_stock_original = products_stock(case.get('metadata')['productIds'])
        product_names = case.get('metadata')['productNames']
        product_quantity = case.get('metadata')['product_quantity']
        # 登录
        user_api.login(DEFAULT_USER['username'],DEFAULT_USER['password'])
        # 发送请求
        response = order_api.create_order(case.get('order'))
        # 断言参数
        successful_response(response)
        # 获取用户购买完成后的所有商品库存
        product_stock = products_stock(case.get('metadata')['productIds'])
        # 断言是否入库
>       assert isExists_product_order(response.json().get('data')['orderNo']) == 1,f"订单创建成功但未入库"
E       AssertionError: 订单创建成功但未入库
E       assert 0 == 1
E        +  where 0 = isExists_product_order('20261008181255316173')

test_cases\test_api\test_order_api.py:34: AssertionError
WARNING  2026-10-08 18:12-56 [pytest_result_log:128] : End: test_cases/test_api/test_order_api.py::TestOrderAPI::test_create_order[case22]
WARNING  2026-10-08 18:12-56 [pytest_result_log:122] : Start: test_cases/test_api/test_order_api.py::TestOrderAPI::test_create_order[case23]
INFO     2026-10-08 18:12-56 [conftest:20] : 当前【测试场景】:正向case25-等价类-备注为空
INFO     2026-10-08 18:12-56 [common.api_client:30] : 【POST请求】url=http://192.168.111.128:7070/auth/login, json={'username': 'lisi', 'password': '123456'}
INFO     2026-10-08 18:12-56 [common.api_client:32] : 【响应】status_code=200, body={"code":200,"message":"操作成功","data":{"id":316,"username":"lisi","token":"eyJhbGciOiJIUzI1NiJ9.eyJyb2xlIjoiVVNFUiIsInN1YiI6Imxpc2kiLCJpYXQiOjE3OTE0NTQzNzUsImV4cCI6MTc5MTU0MDc3NX0.vZ6ATm41YLqUcB9TSPy6HZfYQC5jAQWapiYVq7oT9hw","role":"USER","avatar":null,"email":"2983192051@qq.com","realName":null}}
INFO     2026-10-08 18:12-56 [common.api_client:30] : 【POST请求】url=http://192.168.111.128:7070/orders, json={'totalAmount': 68, 'discountAmount': 0, 'actualAmount': 68, 'deliveryAddress': '测试地址', 'deliveryName': '等价测试7', 'deliveryPhone': '18800188023', 'remark': None, 'orderItems': [{'productId': 1, 'productName': '桃源蜂蜜', 'productPrice': 68, 'quantity': 1, 'totalPrice': 68, 'productImage': None, 'productOrigin': None}]}
INFO     2026-10-08 18:12-56 [common.api_client:32] : 【响应】status_code=200, body={"code":200,"message":"操作成功","data":{"id":336,"orderNo":"20261008181255273007","userId":316,"totalAmount":68,"discountAmount":0,"actualAmount":68,"paymentMethod":null,"paymentStatus":0,"orderStatus":1,"deliveryAddress":"测试地址","deliveryName":"等价测试7","deliveryPhone":"18800188023","remark":null,"paymentTime":null,"deliveryTime":null,"receivedTime":null,"cancelledTime":null,"cancelReason":null,"createdAt":"2026-10-08T18:12:55.490307974","updatedAt":"2026-10-08T18:12:55.490308464","orderItems":[{"id":349,"orderId":336,"productId":1,"productName":"桃源蜂蜜","productImage":null,"productPrice":68.00,"quantity":1,"totalPrice":68.00,"productOrigin":null,"createdAt":"2026-10-08T10:12:55"}],"statusDesc":"待支付","paymentStatusDesc":"待支付"}}
ERROR    2026-10-08 18:12-56 [pytest_result_log:190] : test status is FAILED (test_cases/test_api/test_order_api.py::TestOrderAPI::test_create_order[case23]): AssertionError
INFO     2026-10-08 18:12-56 [pytest_result_log:194] : test_cases/test_api/test_order_api.py::TestOrderAPI::test_create_order[case23] -> self = <test_order_api.TestOrderAPI object at 0x00000231F03C4050>
case = {'order': {'totalAmount': 68, 'discountAmount': 0, 'actualAmount': 68, 'deliveryAddress': '测试地址', ...}, 'metadata': {'scenario': '正向case25-等价类-备注为空', 'type': 'positive', 'interfaceName': 'createOrder', 'payMethod': None, ...}}
order_api = <api_objects.order_api.OrderApi object at 0x00000231F043B950>, user_api = <api_objects.user_api.UserApi object at 0x00000231F0431130>

    @pytest.mark.order
    @pytest.mark.positive
    @pytest.mark.parametrize('case',creat_request_json('order_data.yaml',type='positive',interfaceName='createOrder'))
    def test_create_order(self,case,order_api,user_api):
        '''
            正向场景：
            先在请求发送之前获取库存
            请求成功再返回库存
        '''
        logger.info(f"当前【测试场景】:{case.get('metadata')['scenario']}")
        # 请求之前获取用户这一个订单的所有商品库存
        product_stock_original = products_stock(case.get('metadata')['productIds'])
        product_names = case.get('metadata')['productNames']
        product_quantity = case.get('metadata')['product_quantity']
        # 登录
        user_api.login(DEFAULT_USER['username'],DEFAULT_USER['password'])
        # 发送请求
        response = order_api.create_order(case.get('order'))
        # 断言参数
        successful_response(response)
        # 获取用户购买完成后的所有商品库存
        product_stock = products_stock(case.get('metadata')['productIds'])
        # 断言是否入库
>       assert isExists_product_order(response.json().get('data')['orderNo']) == 1,f"订单创建成功但未入库"
E       AssertionError: 订单创建成功但未入库
E       assert 0 == 1
E        +  where 0 = isExists_product_order('20261008181255273007')

test_cases\test_api\test_order_api.py:34: AssertionError
WARNING  2026-10-08 18:12-56 [pytest_result_log:128] : End: test_cases/test_api/test_order_api.py::TestOrderAPI::test_create_order[case23]
WARNING  2026-10-08 18:12-56 [pytest_result_log:122] : Start: test_cases/test_api/test_order_api.py::TestOrderAPI::test_create_order[case24]
INFO     2026-10-08 18:12-56 [conftest:20] : 当前【测试场景】:正向case26-等价类-备注为长文本100字
INFO     2026-10-08 18:12-56 [common.api_client:30] : 【POST请求】url=http://192.168.111.128:7070/auth/login, json={'username': 'lisi', 'password': '123456'}
INFO     2026-10-08 18:12-56 [common.api_client:32] : 【响应】status_code=200, body={"code":200,"message":"操作成功","data":{"id":316,"username":"lisi","token":"eyJhbGciOiJIUzI1NiJ9.eyJyb2xlIjoiVVNFUiIsInN1YiI6Imxpc2kiLCJpYXQiOjE3OTE0NTQzNzUsImV4cCI6MTc5MTU0MDc3NX0.vZ6ATm41YLqUcB9TSPy6HZfYQC5jAQWapiYVq7oT9hw","role":"USER","avatar":null,"email":"2983192051@qq.com","realName":null}}
INFO     2026-10-08 18:12-56 [common.api_client:30] : 【POST请求】url=http://192.168.111.128:7070/orders, json={'totalAmount': 68, 'discountAmount': 0, 'actualAmount': 68, 'deliveryAddress': '测试地址', 'deliveryName': '等价测试8', 'deliveryPhone': '18900189024', 'remark': '这是一个非常长的备注信息，用来测试系统对长文本的处理能力。用户可能会在备注中填写详细的送货要求、特殊说明或者其他重要信息，系统应该能够正确处理这些长文本内容，不会出现截断或报错的情况。', 'orderItems': [{'productId': 1, 'productName': '桃源蜂蜜', 'productPrice': 68, 'quantity': 1, 'totalPrice': 68, 'productImage': None, 'productOrigin': None}]}
INFO     2026-10-08 18:12-57 [common.api_client:32] : 【响应】status_code=200, body={"code":200,"message":"操作成功","data":{"id":337,"orderNo":"20261008181255990138","userId":316,"totalAmount":68,"discountAmount":0,"actualAmount":68,"paymentMethod":null,"paymentStatus":0,"orderStatus":1,"deliveryAddress":"测试地址","deliveryName":"等价测试8","deliveryPhone":"18900189024","remark":"这是一个非常长的备注信息，用来测试系统对长文本的处理能力。用户可能会在备注中填写详细的送货要求、特殊说明或者其他重要信息，系统应该能够正确处理这些长文本内容，不会出现截断或报错的情况。","paymentTime":null,"deliveryTime":null,"receivedTime":null,"cancelledTime":null,"cancelReason":null,"createdAt":"2026-10-08T18:12:55.661719986","updatedAt":"2026-10-08T18:12:55.661720537","orderItems":[{"id":350,"orderId":337,"productId":1,"productName":"桃源蜂蜜","productImage":null,"productPrice":68.00,"quantity":1,"totalPrice":68.00,"productOrigin":null,"createdAt":"2026-10-08T10:12:55"}],"statusDesc":"待支付","paymentStatusDesc":"待支付"}}
ERROR    2026-10-08 18:12-57 [pytest_result_log:190] : test status is FAILED (test_cases/test_api/test_order_api.py::TestOrderAPI::test_create_order[case24]): AssertionError
INFO     2026-10-08 18:12-57 [pytest_result_log:194] : test_cases/test_api/test_order_api.py::TestOrderAPI::test_create_order[case24] -> self = <test_order_api.TestOrderAPI object at 0x00000231F03C4DA0>
case = {'order': {'totalAmount': 68, 'discountAmount': 0, 'actualAmount': 68, 'deliveryAddress': '测试地址', ...}, 'metadata': {'scenario': '正向case26-等价类-备注为长文本100字', 'type': 'positive', 'interfaceName': 'createOrder', 'payMethod': None, ...}}
order_api = <api_objects.order_api.OrderApi object at 0x00000231F043B950>, user_api = <api_objects.user_api.UserApi object at 0x00000231F0431130>

    @pytest.mark.order
    @pytest.mark.positive
    @pytest.mark.parametrize('case',creat_request_json('order_data.yaml',type='positive',interfaceName='createOrder'))
    def test_create_order(self,case,order_api,user_api):
        '''
            正向场景：
            先在请求发送之前获取库存
            请求成功再返回库存
        '''
        logger.info(f"当前【测试场景】:{case.get('metadata')['scenario']}")
        # 请求之前获取用户这一个订单的所有商品库存
        product_stock_original = products_stock(case.get('metadata')['productIds'])
        product_names = case.get('metadata')['productNames']
        product_quantity = case.get('metadata')['product_quantity']
        # 登录
        user_api.login(DEFAULT_USER['username'],DEFAULT_USER['password'])
        # 发送请求
        response = order_api.create_order(case.get('order'))
        # 断言参数
        successful_response(response)
        # 获取用户购买完成后的所有商品库存
        product_stock = products_stock(case.get('metadata')['productIds'])
        # 断言是否入库
>       assert isExists_product_order(response.json().get('data')['orderNo']) == 1,f"订单创建成功但未入库"
E       AssertionError: 订单创建成功但未入库
E       assert 0 == 1
E        +  where 0 = isExists_product_order('20261008181255990138')

test_cases\test_api\test_order_api.py:34: AssertionError
WARNING  2026-10-08 18:12-57 [pytest_result_log:128] : End: test_cases/test_api/test_order_api.py::TestOrderAPI::test_create_order[case24]
WARNING  2026-10-08 18:12-57 [pytest_result_log:122] : Start: test_cases/test_api/test_order_api.py::TestOrderAPI::test_create_order[case25]
INFO     2026-10-08 18:12-57 [conftest:20] : 当前【测试场景】:正向case27-等价类-商品产地为中文
INFO     2026-10-08 18:12-57 [common.api_client:30] : 【POST请求】url=http://192.168.111.128:7070/auth/login, json={'username': 'lisi', 'password': '123456'}
INFO     2026-10-08 18:12-57 [common.api_client:32] : 【响应】status_code=200, body={"code":200,"message":"操作成功","data":{"id":316,"username":"lisi","token":"eyJhbGciOiJIUzI1NiJ9.eyJyb2xlIjoiVVNFUiIsInN1YiI6Imxpc2kiLCJpYXQiOjE3OTE0NTQzNzUsImV4cCI6MTc5MTU0MDc3NX0.vZ6ATm41YLqUcB9TSPy6HZfYQC5jAQWapiYVq7oT9hw","role":"USER","avatar":null,"email":"2983192051@qq.com","realName":null}}
INFO     2026-10-08 18:12-57 [common.api_client:30] : 【POST请求】url=http://192.168.111.128:7070/orders, json={'totalAmount': 68, 'discountAmount': 0, 'actualAmount': 68, 'deliveryAddress': '测试地址', 'deliveryName': '等价测试9', 'deliveryPhone': '19000190025', 'remark': None, 'orderItems': [{'productId': 1, 'productName': '桃源蜂蜜', 'productPrice': 68, 'quantity': 1, 'totalPrice': 68, 'productImage': None, 'productOrigin': '山西省运城市'}]}
INFO     2026-10-08 18:12-57 [common.api_client:32] : 【响应】status_code=200, body={"code":200,"message":"操作成功","data":{"id":338,"orderNo":"20261008181255947025","userId":316,"totalAmount":68,"discountAmount":0,"actualAmount":68,"paymentMethod":null,"paymentStatus":0,"orderStatus":1,"deliveryAddress":"测试地址","deliveryName":"等价测试9","deliveryPhone":"19000190025","remark":null,"paymentTime":null,"deliveryTime":null,"receivedTime":null,"cancelledTime":null,"cancelReason":null,"createdAt":"2026-10-08T18:12:55.802313552","updatedAt":"2026-10-08T18:12:55.802314133","orderItems":[{"id":351,"orderId":338,"productId":1,"productName":"桃源蜂蜜","productImage":null,"productPrice":68.00,"quantity":1,"totalPrice":68.00,"productOrigin":"山西省运城市","createdAt":"2026-10-08T10:12:55"}],"statusDesc":"待支付","paymentStatusDesc":"待支付"}}
ERROR    2026-10-08 18:12-57 [pytest_result_log:190] : test status is FAILED (test_cases/test_api/test_order_api.py::TestOrderAPI::test_create_order[case25]): AssertionError
INFO     2026-10-08 18:12-57 [pytest_result_log:194] : test_cases/test_api/test_order_api.py::TestOrderAPI::test_create_order[case25] -> self = <test_order_api.TestOrderAPI object at 0x00000231F03C69C0>
case = {'order': {'totalAmount': 68, 'discountAmount': 0, 'actualAmount': 68, 'deliveryAddress': '测试地址', ...}, 'metadata': {'scenario': '正向case27-等价类-商品产地为中文', 'type': 'positive', 'interfaceName': 'createOrder', 'payMethod': None, ...}}
order_api = <api_objects.order_api.OrderApi object at 0x00000231F043B950>, user_api = <api_objects.user_api.UserApi object at 0x00000231F0431130>

    @pytest.mark.order
    @pytest.mark.positive
    @pytest.mark.parametrize('case',creat_request_json('order_data.yaml',type='positive',interfaceName='createOrder'))
    def test_create_order(self,case,order_api,user_api):
        '''
            正向场景：
            先在请求发送之前获取库存
            请求成功再返回库存
        '''
        logger.info(f"当前【测试场景】:{case.get('metadata')['scenario']}")
        # 请求之前获取用户这一个订单的所有商品库存
        product_stock_original = products_stock(case.get('metadata')['productIds'])
        product_names = case.get('metadata')['productNames']
        product_quantity = case.get('metadata')['product_quantity']
        # 登录
        user_api.login(DEFAULT_USER['username'],DEFAULT_USER['password'])
        # 发送请求
        response = order_api.create_order(case.get('order'))
        # 断言参数
        successful_response(response)
        # 获取用户购买完成后的所有商品库存
        product_stock = products_stock(case.get('metadata')['productIds'])
        # 断言是否入库
>       assert isExists_product_order(response.json().get('data')['orderNo']) == 1,f"订单创建成功但未入库"
E       AssertionError: 订单创建成功但未入库
E       assert 0 == 1
E        +  where 0 = isExists_product_order('20261008181255947025')

test_cases\test_api\test_order_api.py:34: AssertionError
WARNING  2026-10-08 18:12-57 [pytest_result_log:128] : End: test_cases/test_api/test_order_api.py::TestOrderAPI::test_create_order[case25]
WARNING  2026-10-08 18:12-57 [pytest_result_log:122] : Start: test_cases/test_api/test_order_api.py::TestOrderAPI::test_create_order[case26]
INFO     2026-10-08 18:12-57 [conftest:20] : 当前【测试场景】:正向case28-等价类-商品产地为空
INFO     2026-10-08 18:12-57 [common.api_client:30] : 【POST请求】url=http://192.168.111.128:7070/auth/login, json={'username': 'lisi', 'password': '123456'}
INFO     2026-10-08 18:12-57 [common.api_client:32] : 【响应】status_code=200, body={"code":200,"message":"操作成功","data":{"id":316,"username":"lisi","token":"eyJhbGciOiJIUzI1NiJ9.eyJyb2xlIjoiVVNFUiIsInN1YiI6Imxpc2kiLCJpYXQiOjE3OTE0NTQzNzUsImV4cCI6MTc5MTU0MDc3NX0.vZ6ATm41YLqUcB9TSPy6HZfYQC5jAQWapiYVq7oT9hw","role":"USER","avatar":null,"email":"2983192051@qq.com","realName":null}}
INFO     2026-10-08 18:12-57 [common.api_client:30] : 【POST请求】url=http://192.168.111.128:7070/orders, json={'totalAmount': 68, 'discountAmount': 0, 'actualAmount': 68, 'deliveryAddress': '测试地址', 'deliveryName': '等价测试10', 'deliveryPhone': '19100191026', 'remark': None, 'orderItems': [{'productId': 1, 'productName': '桃源蜂蜜', 'productPrice': 68, 'quantity': 1, 'totalPrice': 68, 'productImage': None, 'productOrigin': None}]}
INFO     2026-10-08 18:12-57 [common.api_client:32] : 【响应】status_code=200, body={"code":200,"message":"操作成功","data":{"id":339,"orderNo":"20261008181255246304","userId":316,"totalAmount":68,"discountAmount":0,"actualAmount":68,"paymentMethod":null,"paymentStatus":0,"orderStatus":1,"deliveryAddress":"测试地址","deliveryName":"等价测试10","deliveryPhone":"19100191026","remark":null,"paymentTime":null,"deliveryTime":null,"receivedTime":null,"cancelledTime":null,"cancelReason":null,"createdAt":"2026-10-08T18:12:55.934706191","updatedAt":"2026-10-08T18:12:55.934707453","orderItems":[{"id":352,"orderId":339,"productId":1,"productName":"桃源蜂蜜","productImage":null,"productPrice":68.00,"quantity":1,"totalPrice":68.00,"productOrigin":null,"createdAt":"2026-10-08T10:12:55"}],"statusDesc":"待支付","paymentStatusDesc":"待支付"}}
ERROR    2026-10-08 18:12-57 [pytest_result_log:190] : test status is FAILED (test_cases/test_api/test_order_api.py::TestOrderAPI::test_create_order[case26]): AssertionError
INFO     2026-10-08 18:12-57 [pytest_result_log:194] : test_cases/test_api/test_order_api.py::TestOrderAPI::test_create_order[case26] -> self = <test_order_api.TestOrderAPI object at 0x00000231F03C6960>
case = {'order': {'totalAmount': 68, 'discountAmount': 0, 'actualAmount': 68, 'deliveryAddress': '测试地址', ...}, 'metadata': {'scenario': '正向case28-等价类-商品产地为空', 'type': 'positive', 'interfaceName': 'createOrder', 'payMethod': None, ...}}
order_api = <api_objects.order_api.OrderApi object at 0x00000231F043B950>, user_api = <api_objects.user_api.UserApi object at 0x00000231F0431130>

    @pytest.mark.order
    @pytest.mark.positive
    @pytest.mark.parametrize('case',creat_request_json('order_data.yaml',type='positive',interfaceName='createOrder'))
    def test_create_order(self,case,order_api,user_api):
        '''
            正向场景：
            先在请求发送之前获取库存
            请求成功再返回库存
        '''
        logger.info(f"当前【测试场景】:{case.get('metadata')['scenario']}")
        # 请求之前获取用户这一个订单的所有商品库存
        product_stock_original = products_stock(case.get('metadata')['productIds'])
        product_names = case.get('metadata')['productNames']
        product_quantity = case.get('metadata')['product_quantity']
        # 登录
        user_api.login(DEFAULT_USER['username'],DEFAULT_USER['password'])
        # 发送请求
        response = order_api.create_order(case.get('order'))
        # 断言参数
        successful_response(response)
        # 获取用户购买完成后的所有商品库存
        product_stock = products_stock(case.get('metadata')['productIds'])
        # 断言是否入库
>       assert isExists_product_order(response.json().get('data')['orderNo']) == 1,f"订单创建成功但未入库"
E       AssertionError: 订单创建成功但未入库
E       assert 0 == 1
E        +  where 0 = isExists_product_order('20261008181255246304')

test_cases\test_api\test_order_api.py:34: AssertionError
WARNING  2026-10-08 18:12-57 [pytest_result_log:128] : End: test_cases/test_api/test_order_api.py::TestOrderAPI::test_create_order[case26]
WARNING  2026-10-08 18:12-57 [pytest_result_log:122] : Start: test_cases/test_api/test_order_api.py::TestOrderAPI::test_create_order[case27]
INFO     2026-10-08 18:12-57 [conftest:20] : 当前【测试场景】:正向case29-覆盖-手工竹编篮单品
INFO     2026-10-08 18:12-57 [common.api_client:30] : 【POST请求】url=http://192.168.111.128:7070/auth/login, json={'username': 'lisi', 'password': '123456'}
INFO     2026-10-08 18:12-57 [common.api_client:32] : 【响应】status_code=200, body={"code":200,"message":"操作成功","data":{"id":316,"username":"lisi","token":"eyJhbGciOiJIUzI1NiJ9.eyJyb2xlIjoiVVNFUiIsInN1YiI6Imxpc2kiLCJpYXQiOjE3OTE0NTQzNzYsImV4cCI6MTc5MTU0MDc3Nn0.eSJIbx9Dd8Nd3doHc9_o4-21XOOqUPYxaE2jFoWfGeY","role":"USER","avatar":null,"email":"2983192051@qq.com","realName":null}}
INFO     2026-10-08 18:12-57 [common.api_client:30] : 【POST请求】url=http://192.168.111.128:7070/orders, json={'totalAmount': 35.0, 'discountAmount': 0, 'actualAmount': 35.0, 'deliveryAddress': '测试地址', 'deliveryName': '覆盖测试1', 'deliveryPhone': '19200192027', 'remark': None, 'orderItems': [{'productId': 2, 'productName': '手工竹编篮', 'productPrice': 35.0, 'quantity': 1, 'totalPrice': 35.0, 'productImage': None, 'productOrigin': None}]}
INFO     2026-10-08 18:12-57 [common.api_client:32] : 【响应】status_code=200, body={"code":200,"message":"操作成功","data":{"id":340,"orderNo":"20261008181256741607","userId":316,"totalAmount":35.0,"discountAmount":0,"actualAmount":35.0,"paymentMethod":null,"paymentStatus":0,"orderStatus":1,"deliveryAddress":"测试地址","deliveryName":"覆盖测试1","deliveryPhone":"19200192027","remark":null,"paymentTime":null,"deliveryTime":null,"receivedTime":null,"cancelledTime":null,"cancelReason":null,"createdAt":"2026-10-08T18:12:56.091727898","updatedAt":"2026-10-08T18:12:56.091728449","orderItems":[{"id":353,"orderId":340,"productId":2,"productName":"手工竹编篮","productImage":null,"productPrice":35.00,"quantity":1,"totalPrice":35.00,"productOrigin":null,"createdAt":"2026-10-08T10:12:56"}],"statusDesc":"待支付","paymentStatusDesc":"待支付"}}
ERROR    2026-10-08 18:12-57 [pytest_result_log:190] : test status is FAILED (test_cases/test_api/test_order_api.py::TestOrderAPI::test_create_order[case27]): AssertionError
INFO     2026-10-08 18:12-57 [pytest_result_log:194] : test_cases/test_api/test_order_api.py::TestOrderAPI::test_create_order[case27] -> self = <test_order_api.TestOrderAPI object at 0x00000231F03C69F0>
case = {'order': {'totalAmount': 35.0, 'discountAmount': 0, 'actualAmount': 35.0, 'deliveryAddress': '测试地址', ...}, 'metadata': {'scenario': '正向case29-覆盖-手工竹编篮单品', 'type': 'positive', 'interfaceName': 'createOrder', 'payMethod': None, ...}}
order_api = <api_objects.order_api.OrderApi object at 0x00000231F043B950>, user_api = <api_objects.user_api.UserApi object at 0x00000231F0431130>

    @pytest.mark.order
    @pytest.mark.positive
    @pytest.mark.parametrize('case',creat_request_json('order_data.yaml',type='positive',interfaceName='createOrder'))
    def test_create_order(self,case,order_api,user_api):
        '''
            正向场景：
            先在请求发送之前获取库存
            请求成功再返回库存
        '''
        logger.info(f"当前【测试场景】:{case.get('metadata')['scenario']}")
        # 请求之前获取用户这一个订单的所有商品库存
        product_stock_original = products_stock(case.get('metadata')['productIds'])
        product_names = case.get('metadata')['productNames']
        product_quantity = case.get('metadata')['product_quantity']
        # 登录
        user_api.login(DEFAULT_USER['username'],DEFAULT_USER['password'])
        # 发送请求
        response = order_api.create_order(case.get('order'))
        # 断言参数
        successful_response(response)
        # 获取用户购买完成后的所有商品库存
        product_stock = products_stock(case.get('metadata')['productIds'])
        # 断言是否入库
>       assert isExists_product_order(response.json().get('data')['orderNo']) == 1,f"订单创建成功但未入库"
E       AssertionError: 订单创建成功但未入库
E       assert 0 == 1
E        +  where 0 = isExists_product_order('20261008181256741607')

test_cases\test_api\test_order_api.py:34: AssertionError
WARNING  2026-10-08 18:12-57 [pytest_result_log:128] : End: test_cases/test_api/test_order_api.py::TestOrderAPI::test_create_order[case27]
WARNING  2026-10-08 18:12-57 [pytest_result_log:122] : Start: test_cases/test_api/test_order_api.py::TestOrderAPI::test_create_order[case28]
INFO     2026-10-08 18:12-57 [conftest:20] : 当前【测试场景】:正向case30-覆盖-桃源茶叶单品
INFO     2026-10-08 18:12-57 [common.api_client:30] : 【POST请求】url=http://192.168.111.128:7070/auth/login, json={'username': 'lisi', 'password': '123456'}
INFO     2026-10-08 18:12-57 [common.api_client:32] : 【响应】status_code=200, body={"code":200,"message":"操作成功","data":{"id":316,"username":"lisi","token":"eyJhbGciOiJIUzI1NiJ9.eyJyb2xlIjoiVVNFUiIsInN1YiI6Imxpc2kiLCJpYXQiOjE3OTE0NTQzNzYsImV4cCI6MTc5MTU0MDc3Nn0.eSJIbx9Dd8Nd3doHc9_o4-21XOOqUPYxaE2jFoWfGeY","role":"USER","avatar":null,"email":"2983192051@qq.com","realName":null}}
INFO     2026-10-08 18:12-57 [common.api_client:30] : 【POST请求】url=http://192.168.111.128:7070/orders, json={'totalAmount': 128.0, 'discountAmount': 0, 'actualAmount': 128.0, 'deliveryAddress': '测试地址', 'deliveryName': '覆盖测试2', 'deliveryPhone': '19300193028', 'remark': None, 'orderItems': [{'productId': 3, 'productName': '桃源茶叶', 'productPrice': 128.0, 'quantity': 1, 'totalPrice': 128.0, 'productImage': None, 'productOrigin': None}]}
INFO     2026-10-08 18:12-57 [common.api_client:32] : 【响应】status_code=200, body={"code":200,"message":"操作成功","data":{"id":341,"orderNo":"20261008181256639885","userId":316,"totalAmount":128.0,"discountAmount":0,"actualAmount":128.0,"paymentMethod":null,"paymentStatus":0,"orderStatus":1,"deliveryAddress":"测试地址","deliveryName":"覆盖测试2","deliveryPhone":"19300193028","remark":null,"paymentTime":null,"deliveryTime":null,"receivedTime":null,"cancelledTime":null,"cancelReason":null,"createdAt":"2026-10-08T18:12:56.267012687","updatedAt":"2026-10-08T18:12:56.267013178","orderItems":[{"id":354,"orderId":341,"productId":3,"productName":"桃源茶叶","productImage":null,"productPrice":128.00,"quantity":1,"totalPrice":128.00,"productOrigin":null,"createdAt":"2026-10-08T10:12:56"}],"statusDesc":"待支付","paymentStatusDesc":"待支付"}}
ERROR    2026-10-08 18:12-57 [pytest_result_log:190] : test status is FAILED (test_cases/test_api/test_order_api.py::TestOrderAPI::test_create_order[case28]): AssertionError
INFO     2026-10-08 18:12-57 [pytest_result_log:194] : test_cases/test_api/test_order_api.py::TestOrderAPI::test_create_order[case28] -> self = <test_order_api.TestOrderAPI object at 0x00000231F03C6A80>
case = {'order': {'totalAmount': 128.0, 'discountAmount': 0, 'actualAmount': 128.0, 'deliveryAddress': '测试地址', ...}, 'metadata': {'scenario': '正向case30-覆盖-桃源茶叶单品', 'type': 'positive', 'interfaceName': 'createOrder', 'payMethod': None, ...}}
order_api = <api_objects.order_api.OrderApi object at 0x00000231F043B950>, user_api = <api_objects.user_api.UserApi object at 0x00000231F0431130>

    @pytest.mark.order
    @pytest.mark.positive
    @pytest.mark.parametrize('case',creat_request_json('order_data.yaml',type='positive',interfaceName='createOrder'))
    def test_create_order(self,case,order_api,user_api):
        '''
            正向场景：
            先在请求发送之前获取库存
            请求成功再返回库存
        '''
        logger.info(f"当前【测试场景】:{case.get('metadata')['scenario']}")
        # 请求之前获取用户这一个订单的所有商品库存
        product_stock_original = products_stock(case.get('metadata')['productIds'])
        product_names = case.get('metadata')['productNames']
        product_quantity = case.get('metadata')['product_quantity']
        # 登录
        user_api.login(DEFAULT_USER['username'],DEFAULT_USER['password'])
        # 发送请求
        response = order_api.create_order(case.get('order'))
        # 断言参数
        successful_response(response)
        # 获取用户购买完成后的所有商品库存
        product_stock = products_stock(case.get('metadata')['productIds'])
        # 断言是否入库
>       assert isExists_product_order(response.json().get('data')['orderNo']) == 1,f"订单创建成功但未入库"
E       AssertionError: 订单创建成功但未入库
E       assert 0 == 1
E        +  where 0 = isExists_product_order('20261008181256639885')

test_cases\test_api\test_order_api.py:34: AssertionError
WARNING  2026-10-08 18:12-57 [pytest_result_log:128] : End: test_cases/test_api/test_order_api.py::TestOrderAPI::test_create_order[case28]
WARNING  2026-10-08 18:12-57 [pytest_result_log:122] : Start: test_cases/test_api/test_order_api.py::TestOrderAPI::test_create_order[case29]
INFO     2026-10-08 18:12-57 [conftest:20] : 当前【测试场景】:正向case31-覆盖-野生山菇单品
INFO     2026-10-08 18:12-57 [common.api_client:30] : 【POST请求】url=http://192.168.111.128:7070/auth/login, json={'username': 'lisi', 'password': '123456'}
INFO     2026-10-08 18:12-57 [common.api_client:32] : 【响应】status_code=200, body={"code":200,"message":"操作成功","data":{"id":316,"username":"lisi","token":"eyJhbGciOiJIUzI1NiJ9.eyJyb2xlIjoiVVNFUiIsInN1YiI6Imxpc2kiLCJpYXQiOjE3OTE0NTQzNzYsImV4cCI6MTc5MTU0MDc3Nn0.eSJIbx9Dd8Nd3doHc9_o4-21XOOqUPYxaE2jFoWfGeY","role":"USER","avatar":null,"email":"2983192051@qq.com","realName":null}}
INFO     2026-10-08 18:12-57 [common.api_client:30] : 【POST请求】url=http://192.168.111.128:7070/orders, json={'totalAmount': 85.0, 'discountAmount': 0, 'actualAmount': 85.0, 'deliveryAddress': '测试地址', 'deliveryName': '覆盖测试3', 'deliveryPhone': '19400194029', 'remark': None, 'orderItems': [{'productId': 4, 'productName': '野生山菇', 'productPrice': 85.0, 'quantity': 1, 'totalPrice': 85.0, 'productImage': None, 'productOrigin': None}]}
INFO     2026-10-08 18:12-57 [common.api_client:32] : 【响应】status_code=200, body={"code":200,"message":"操作成功","data":{"id":342,"orderNo":"20261008181256522488","userId":316,"totalAmount":85.0,"discountAmount":0,"actualAmount":85.0,"paymentMethod":null,"paymentStatus":0,"orderStatus":1,"deliveryAddress":"测试地址","deliveryName":"覆盖测试3","deliveryPhone":"19400194029","remark":null,"paymentTime":null,"deliveryTime":null,"receivedTime":null,"cancelledTime":null,"cancelReason":null,"createdAt":"2026-10-08T18:12:56.398750708","updatedAt":"2026-10-08T18:12:56.398751229","orderItems":[{"id":355,"orderId":342,"productId":4,"productName":"野生山菇","productImage":null,"productPrice":85.00,"quantity":1,"totalPrice":85.00,"productOrigin":null,"createdAt":"2026-10-08T10:12:56"}],"statusDesc":"待支付","paymentStatusDesc":"待支付"}}
ERROR    2026-10-08 18:12-57 [pytest_result_log:190] : test status is FAILED (test_cases/test_api/test_order_api.py::TestOrderAPI::test_create_order[case29]): AssertionError
INFO     2026-10-08 18:12-57 [pytest_result_log:194] : test_cases/test_api/test_order_api.py::TestOrderAPI::test_create_order[case29] -> self = <test_order_api.TestOrderAPI object at 0x00000231F03C6CC0>
case = {'order': {'totalAmount': 85.0, 'discountAmount': 0, 'actualAmount': 85.0, 'deliveryAddress': '测试地址', ...}, 'metadata': {'scenario': '正向case31-覆盖-野生山菇单品', 'type': 'positive', 'interfaceName': 'createOrder', 'payMethod': None, ...}}
order_api = <api_objects.order_api.OrderApi object at 0x00000231F043B950>, user_api = <api_objects.user_api.UserApi object at 0x00000231F0431130>

    @pytest.mark.order
    @pytest.mark.positive
    @pytest.mark.parametrize('case',creat_request_json('order_data.yaml',type='positive',interfaceName='createOrder'))
    def test_create_order(self,case,order_api,user_api):
        '''
            正向场景：
            先在请求发送之前获取库存
            请求成功再返回库存
        '''
        logger.info(f"当前【测试场景】:{case.get('metadata')['scenario']}")
        # 请求之前获取用户这一个订单的所有商品库存
        product_stock_original = products_stock(case.get('metadata')['productIds'])
        product_names = case.get('metadata')['productNames']
        product_quantity = case.get('metadata')['product_quantity']
        # 登录
        user_api.login(DEFAULT_USER['username'],DEFAULT_USER['password'])
        # 发送请求
        response = order_api.create_order(case.get('order'))
        # 断言参数
        successful_response(response)
        # 获取用户购买完成后的所有商品库存
        product_stock = products_stock(case.get('metadata')['productIds'])
        # 断言是否入库
>       assert isExists_product_order(response.json().get('data')['orderNo']) == 1,f"订单创建成功但未入库"
E       AssertionError: 订单创建成功但未入库
E       assert 0 == 1
E        +  where 0 = isExists_product_order('20261008181256522488')

test_cases\test_api\test_order_api.py:34: AssertionError
WARNING  2026-10-08 18:12-57 [pytest_result_log:128] : End: test_cases/test_api/test_order_api.py::TestOrderAPI::test_create_order[case29]
WARNING  2026-10-08 18:12-57 [pytest_result_log:122] : Start: test_cases/test_api/test_order_api.py::TestOrderAPI::test_create_order[case30]
INFO     2026-10-08 18:12-57 [conftest:20] : 当前【测试场景】:正向case32-覆盖-手工豆腐单品
INFO     2026-10-08 18:12-57 [common.api_client:30] : 【POST请求】url=http://192.168.111.128:7070/auth/login, json={'username': 'lisi', 'password': '123456'}
INFO     2026-10-08 18:12-57 [common.api_client:32] : 【响应】status_code=200, body={"code":200,"message":"操作成功","data":{"id":316,"username":"lisi","token":"eyJhbGciOiJIUzI1NiJ9.eyJyb2xlIjoiVVNFUiIsInN1YiI6Imxpc2kiLCJpYXQiOjE3OTE0NTQzNzYsImV4cCI6MTc5MTU0MDc3Nn0.eSJIbx9Dd8Nd3doHc9_o4-21XOOqUPYxaE2jFoWfGeY","role":"USER","avatar":null,"email":"2983192051@qq.com","realName":null}}
INFO     2026-10-08 18:12-57 [common.api_client:30] : 【POST请求】url=http://192.168.111.128:7070/orders, json={'totalAmount': 12.0, 'discountAmount': 0, 'actualAmount': 12.0, 'deliveryAddress': '测试地址', 'deliveryName': '覆盖测试4', 'deliveryPhone': '19500195030', 'remark': None, 'orderItems': [{'productId': 5, 'productName': '手工豆腐', 'productPrice': 12.0, 'quantity': 1, 'totalPrice': 12.0, 'productImage': None, 'productOrigin': None}]}
INFO     2026-10-08 18:12-57 [common.api_client:32] : 【响应】status_code=200, body={"code":200,"message":"操作成功","data":{"id":343,"orderNo":"20261008181256473617","userId":316,"totalAmount":12.0,"discountAmount":0,"actualAmount":12.0,"paymentMethod":null,"paymentStatus":0,"orderStatus":1,"deliveryAddress":"测试地址","deliveryName":"覆盖测试4","deliveryPhone":"19500195030","remark":null,"paymentTime":null,"deliveryTime":null,"receivedTime":null,"cancelledTime":null,"cancelReason":null,"createdAt":"2026-10-08T18:12:56.564213317","updatedAt":"2026-10-08T18:12:56.56421451","orderItems":[{"id":356,"orderId":343,"productId":5,"productName":"手工豆腐","productImage":null,"productPrice":12.00,"quantity":1,"totalPrice":12.00,"productOrigin":null,"createdAt":"2026-10-08T10:12:56"}],"statusDesc":"待支付","paymentStatusDesc":"待支付"}}
ERROR    2026-10-08 18:12-57 [pytest_result_log:190] : test status is FAILED (test_cases/test_api/test_order_api.py::TestOrderAPI::test_create_order[case30]): AssertionError
INFO     2026-10-08 18:12-57 [pytest_result_log:194] : test_cases/test_api/test_order_api.py::TestOrderAPI::test_create_order[case30] -> self = <test_order_api.TestOrderAPI object at 0x00000231F03C6C00>
case = {'order': {'totalAmount': 12.0, 'discountAmount': 0, 'actualAmount': 12.0, 'deliveryAddress': '测试地址', ...}, 'metadata': {'scenario': '正向case32-覆盖-手工豆腐单品', 'type': 'positive', 'interfaceName': 'createOrder', 'payMethod': None, ...}}
order_api = <api_objects.order_api.OrderApi object at 0x00000231F043B950>, user_api = <api_objects.user_api.UserApi object at 0x00000231F0431130>

    @pytest.mark.order
    @pytest.mark.positive
    @pytest.mark.parametrize('case',creat_request_json('order_data.yaml',type='positive',interfaceName='createOrder'))
    def test_create_order(self,case,order_api,user_api):
        '''
            正向场景：
            先在请求发送之前获取库存
            请求成功再返回库存
        '''
        logger.info(f"当前【测试场景】:{case.get('metadata')['scenario']}")
        # 请求之前获取用户这一个订单的所有商品库存
        product_stock_original = products_stock(case.get('metadata')['productIds'])
        product_names = case.get('metadata')['productNames']
        product_quantity = case.get('metadata')['product_quantity']
        # 登录
        user_api.login(DEFAULT_USER['username'],DEFAULT_USER['password'])
        # 发送请求
        response = order_api.create_order(case.get('order'))
        # 断言参数
        successful_response(response)
        # 获取用户购买完成后的所有商品库存
        product_stock = products_stock(case.get('metadata')['productIds'])
        # 断言是否入库
>       assert isExists_product_order(response.json().get('data')['orderNo']) == 1,f"订单创建成功但未入库"
E       AssertionError: 订单创建成功但未入库
E       assert 0 == 1
E        +  where 0 = isExists_product_order('20261008181256473617')

test_cases\test_api\test_order_api.py:34: AssertionError
WARNING  2026-10-08 18:12-57 [pytest_result_log:128] : End: test_cases/test_api/test_order_api.py::TestOrderAPI::test_create_order[case30]
WARNING  2026-10-08 18:12-57 [pytest_result_log:122] : Start: test_cases/test_api/test_order_api.py::TestOrderAPI::test_create_order[case31]
INFO     2026-10-08 18:12-57 [conftest:20] : 当前【测试场景】:正向case33-覆盖-桃源米酒单品
INFO     2026-10-08 18:12-58 [common.api_client:30] : 【POST请求】url=http://192.168.111.128:7070/auth/login, json={'username': 'lisi', 'password': '123456'}
INFO     2026-10-08 18:12-58 [common.api_client:32] : 【响应】status_code=200, body={"code":200,"message":"操作成功","data":{"id":316,"username":"lisi","token":"eyJhbGciOiJIUzI1NiJ9.eyJyb2xlIjoiVVNFUiIsInN1YiI6Imxpc2kiLCJpYXQiOjE3OTE0NTQzNzYsImV4cCI6MTc5MTU0MDc3Nn0.eSJIbx9Dd8Nd3doHc9_o4-21XOOqUPYxaE2jFoWfGeY","role":"USER","avatar":null,"email":"2983192051@qq.com","realName":null}}
INFO     2026-10-08 18:12-58 [common.api_client:30] : 【POST请求】url=http://192.168.111.128:7070/orders, json={'totalAmount': 58.0, 'discountAmount': 0, 'actualAmount': 58.0, 'deliveryAddress': '测试地址', 'deliveryName': '覆盖测试5', 'deliveryPhone': '19600196031', 'remark': None, 'orderItems': [{'productId': 6, 'productName': '桃源米酒', 'productPrice': 58.0, 'quantity': 1, 'totalPrice': 58.0, 'productImage': None, 'productOrigin': None}]}
INFO     2026-10-08 18:12-58 [common.api_client:32] : 【响应】status_code=200, body={"code":200,"message":"操作成功","data":{"id":344,"orderNo":"20261008181256207369","userId":316,"totalAmount":58.0,"discountAmount":0,"actualAmount":58.0,"paymentMethod":null,"paymentStatus":0,"orderStatus":1,"deliveryAddress":"测试地址","deliveryName":"覆盖测试5","deliveryPhone":"19600196031","remark":null,"paymentTime":null,"deliveryTime":null,"receivedTime":null,"cancelledTime":null,"cancelReason":null,"createdAt":"2026-10-08T18:12:56.712840973","updatedAt":"2026-10-08T18:12:56.712842085","orderItems":[{"id":357,"orderId":344,"productId":6,"productName":"桃源米酒","productImage":null,"productPrice":58.00,"quantity":1,"totalPrice":58.00,"productOrigin":null,"createdAt":"2026-10-08T10:12:56"}],"statusDesc":"待支付","paymentStatusDesc":"待支付"}}
ERROR    2026-10-08 18:12-58 [pytest_result_log:190] : test status is FAILED (test_cases/test_api/test_order_api.py::TestOrderAPI::test_create_order[case31]): AssertionError
INFO     2026-10-08 18:12-58 [pytest_result_log:194] : test_cases/test_api/test_order_api.py::TestOrderAPI::test_create_order[case31] -> self = <test_order_api.TestOrderAPI object at 0x00000231F03C6C90>
case = {'order': {'totalAmount': 58.0, 'discountAmount': 0, 'actualAmount': 58.0, 'deliveryAddress': '测试地址', ...}, 'metadata': {'scenario': '正向case33-覆盖-桃源米酒单品', 'type': 'positive', 'interfaceName': 'createOrder', 'payMethod': None, ...}}
order_api = <api_objects.order_api.OrderApi object at 0x00000231F043B950>, user_api = <api_objects.user_api.UserApi object at 0x00000231F0431130>

    @pytest.mark.order
    @pytest.mark.positive
    @pytest.mark.parametrize('case',creat_request_json('order_data.yaml',type='positive',interfaceName='createOrder'))
    def test_create_order(self,case,order_api,user_api):
        '''
            正向场景：
            先在请求发送之前获取库存
            请求成功再返回库存
        '''
        logger.info(f"当前【测试场景】:{case.get('metadata')['scenario']}")
        # 请求之前获取用户这一个订单的所有商品库存
        product_stock_original = products_stock(case.get('metadata')['productIds'])
        product_names = case.get('metadata')['productNames']
        product_quantity = case.get('metadata')['product_quantity']
        # 登录
        user_api.login(DEFAULT_USER['username'],DEFAULT_USER['password'])
        # 发送请求
        response = order_api.create_order(case.get('order'))
        # 断言参数
        successful_response(response)
        # 获取用户购买完成后的所有商品库存
        product_stock = products_stock(case.get('metadata')['productIds'])
        # 断言是否入库
>       assert isExists_product_order(response.json().get('data')['orderNo']) == 1,f"订单创建成功但未入库"
E       AssertionError: 订单创建成功但未入库
E       assert 0 == 1
E        +  where 0 = isExists_product_order('20261008181256207369')

test_cases\test_api\test_order_api.py:34: AssertionError
WARNING  2026-10-08 18:12-58 [pytest_result_log:128] : End: test_cases/test_api/test_order_api.py::TestOrderAPI::test_create_order[case31]
WARNING  2026-10-08 18:12-58 [pytest_result_log:122] : Start: test_cases/test_api/test_order_api.py::TestOrderAPI::test_create_order[case32]
INFO     2026-10-08 18:12-58 [conftest:20] : 当前【测试场景】:正向case34-覆盖-农家西红柿单品
INFO     2026-10-08 18:12-58 [common.api_client:30] : 【POST请求】url=http://192.168.111.128:7070/auth/login, json={'username': 'lisi', 'password': '123456'}
INFO     2026-10-08 18:12-58 [common.api_client:32] : 【响应】status_code=200, body={"code":200,"message":"操作成功","data":{"id":316,"username":"lisi","token":"eyJhbGciOiJIUzI1NiJ9.eyJyb2xlIjoiVVNFUiIsInN1YiI6Imxpc2kiLCJpYXQiOjE3OTE0NTQzNzYsImV4cCI6MTc5MTU0MDc3Nn0.eSJIbx9Dd8Nd3doHc9_o4-21XOOqUPYxaE2jFoWfGeY","role":"USER","avatar":null,"email":"2983192051@qq.com","realName":null}}
INFO     2026-10-08 18:12-58 [common.api_client:30] : 【POST请求】url=http://192.168.111.128:7070/orders, json={'totalAmount': 15.9, 'discountAmount': 0, 'actualAmount': 15.9, 'deliveryAddress': '测试地址', 'deliveryName': '覆盖测试6', 'deliveryPhone': '19700197032', 'remark': None, 'orderItems': [{'productId': 7, 'productName': '农家西红柿', 'productPrice': 15.9, 'quantity': 1, 'totalPrice': 15.9, 'productImage': None, 'productOrigin': None}]}
INFO     2026-10-08 18:12-58 [common.api_client:32] : 【响应】status_code=200, body={"code":200,"message":"操作成功","data":{"id":345,"orderNo":"20261008181256452514","userId":316,"totalAmount":15.9,"discountAmount":0,"actualAmount":15.9,"paymentMethod":null,"paymentStatus":0,"orderStatus":1,"deliveryAddress":"测试地址","deliveryName":"覆盖测试6","deliveryPhone":"19700197032","remark":null,"paymentTime":null,"deliveryTime":null,"receivedTime":null,"cancelledTime":null,"cancelReason":null,"createdAt":"2026-10-08T18:12:56.867726027","updatedAt":"2026-10-08T18:12:56.867726548","orderItems":[{"id":358,"orderId":345,"productId":7,"productName":"农家西红柿","productImage":null,"productPrice":15.90,"quantity":1,"totalPrice":15.90,"productOrigin":null,"createdAt":"2026-10-08T10:12:56"}],"statusDesc":"待支付","paymentStatusDesc":"待支付"}}
ERROR    2026-10-08 18:12-58 [pytest_result_log:190] : test status is FAILED (test_cases/test_api/test_order_api.py::TestOrderAPI::test_create_order[case32]): AssertionError
INFO     2026-10-08 18:12-58 [pytest_result_log:194] : test_cases/test_api/test_order_api.py::TestOrderAPI::test_create_order[case32] -> self = <test_order_api.TestOrderAPI object at 0x00000231F03C6D80>
case = {'order': {'totalAmount': 15.9, 'discountAmount': 0, 'actualAmount': 15.9, 'deliveryAddress': '测试地址', ...}, 'metadata': {'scenario': '正向case34-覆盖-农家西红柿单品', 'type': 'positive', 'interfaceName': 'createOrder', 'payMethod': None, ...}}
order_api = <api_objects.order_api.OrderApi object at 0x00000231F043B950>, user_api = <api_objects.user_api.UserApi object at 0x00000231F0431130>

    @pytest.mark.order
    @pytest.mark.positive
    @pytest.mark.parametrize('case',creat_request_json('order_data.yaml',type='positive',interfaceName='createOrder'))
    def test_create_order(self,case,order_api,user_api):
        '''
            正向场景：
            先在请求发送之前获取库存
            请求成功再返回库存
        '''
        logger.info(f"当前【测试场景】:{case.get('metadata')['scenario']}")
        # 请求之前获取用户这一个订单的所有商品库存
        product_stock_original = products_stock(case.get('metadata')['productIds'])
        product_names = case.get('metadata')['productNames']
        product_quantity = case.get('metadata')['product_quantity']
        # 登录
        user_api.login(DEFAULT_USER['username'],DEFAULT_USER['password'])
        # 发送请求
        response = order_api.create_order(case.get('order'))
        # 断言参数
        successful_response(response)
        # 获取用户购买完成后的所有商品库存
        product_stock = products_stock(case.get('metadata')['productIds'])
        # 断言是否入库
>       assert isExists_product_order(response.json().get('data')['orderNo']) == 1,f"订单创建成功但未入库"
E       AssertionError: 订单创建成功但未入库
E       assert 0 == 1
E        +  where 0 = isExists_product_order('20261008181256452514')

test_cases\test_api\test_order_api.py:34: AssertionError
WARNING  2026-10-08 18:12-58 [pytest_result_log:128] : End: test_cases/test_api/test_order_api.py::TestOrderAPI::test_create_order[case32]
WARNING  2026-10-08 18:12-58 [pytest_result_log:122] : Start: test_cases/test_api/test_order_api.py::TestOrderAPI::test_create_order[case33]
INFO     2026-10-08 18:12-58 [conftest:20] : 当前【测试场景】:正向case35-覆盖-金针菇单品
INFO     2026-10-08 18:12-58 [common.api_client:30] : 【POST请求】url=http://192.168.111.128:7070/auth/login, json={'username': 'lisi', 'password': '123456'}
INFO     2026-10-08 18:12-58 [common.api_client:32] : 【响应】status_code=200, body={"code":200,"message":"操作成功","data":{"id":316,"username":"lisi","token":"eyJhbGciOiJIUzI1NiJ9.eyJyb2xlIjoiVVNFUiIsInN1YiI6Imxpc2kiLCJpYXQiOjE3OTE0NTQzNzcsImV4cCI6MTc5MTU0MDc3N30.cZvGQHVChQES4wGyg0LAnjOl4hQEgjmtL_44j4ZctE0","role":"USER","avatar":null,"email":"2983192051@qq.com","realName":null}}
INFO     2026-10-08 18:12-58 [common.api_client:30] : 【POST请求】url=http://192.168.111.128:7070/orders, json={'totalAmount': 5.0, 'discountAmount': 0, 'actualAmount': 5.0, 'deliveryAddress': '测试地址', 'deliveryName': '覆盖测试7', 'deliveryPhone': '19800198033', 'remark': None, 'orderItems': [{'productId': 8, 'productName': '金针菇', 'productPrice': 5.0, 'quantity': 1, 'totalPrice': 5.0, 'productImage': None, 'productOrigin': None}]}
INFO     2026-10-08 18:12-58 [common.api_client:32] : 【响应】status_code=200, body={"code":200,"message":"操作成功","data":{"id":346,"orderNo":"20261008181257441475","userId":316,"totalAmount":5.0,"discountAmount":0,"actualAmount":5.0,"paymentMethod":null,"paymentStatus":0,"orderStatus":1,"deliveryAddress":"测试地址","deliveryName":"覆盖测试7","deliveryPhone":"19800198033","remark":null,"paymentTime":null,"deliveryTime":null,"receivedTime":null,"cancelledTime":null,"cancelReason":null,"createdAt":"2026-10-08T18:12:57.015427318","updatedAt":"2026-10-08T18:12:57.015427849","orderItems":[{"id":359,"orderId":346,"productId":8,"productName":"金针菇","productImage":null,"productPrice":5.00,"quantity":1,"totalPrice":5.00,"productOrigin":null,"createdAt":"2026-10-08T10:12:57"}],"statusDesc":"待支付","paymentStatusDesc":"待支付"}}
ERROR    2026-10-08 18:12-58 [pytest_result_log:190] : test status is FAILED (test_cases/test_api/test_order_api.py::TestOrderAPI::test_create_order[case33]): AssertionError
INFO     2026-10-08 18:12-58 [pytest_result_log:194] : test_cases/test_api/test_order_api.py::TestOrderAPI::test_create_order[case33] -> self = <test_order_api.TestOrderAPI object at 0x00000231F03C6FF0>
case = {'order': {'totalAmount': 5.0, 'discountAmount': 0, 'actualAmount': 5.0, 'deliveryAddress': '测试地址', ...}, 'metadata': {'scenario': '正向case35-覆盖-金针菇单品', 'type': 'positive', 'interfaceName': 'createOrder', 'payMethod': None, ...}}
order_api = <api_objects.order_api.OrderApi object at 0x00000231F043B950>, user_api = <api_objects.user_api.UserApi object at 0x00000231F0431130>

    @pytest.mark.order
    @pytest.mark.positive
    @pytest.mark.parametrize('case',creat_request_json('order_data.yaml',type='positive',interfaceName='createOrder'))
    def test_create_order(self,case,order_api,user_api):
        '''
            正向场景：
            先在请求发送之前获取库存
            请求成功再返回库存
        '''
        logger.info(f"当前【测试场景】:{case.get('metadata')['scenario']}")
        # 请求之前获取用户这一个订单的所有商品库存
        product_stock_original = products_stock(case.get('metadata')['productIds'])
        product_names = case.get('metadata')['productNames']
        product_quantity = case.get('metadata')['product_quantity']
        # 登录
        user_api.login(DEFAULT_USER['username'],DEFAULT_USER['password'])
        # 发送请求
        response = order_api.create_order(case.get('order'))
        # 断言参数
        successful_response(response)
        # 获取用户购买完成后的所有商品库存
        product_stock = products_stock(case.get('metadata')['productIds'])
        # 断言是否入库
>       assert isExists_product_order(response.json().get('data')['orderNo']) == 1,f"订单创建成功但未入库"
E       AssertionError: 订单创建成功但未入库
E       assert 0 == 1
E        +  where 0 = isExists_product_order('20261008181257441475')

test_cases\test_api\test_order_api.py:34: AssertionError
WARNING  2026-10-08 18:12-58 [pytest_result_log:128] : End: test_cases/test_api/test_order_api.py::TestOrderAPI::test_create_order[case33]
WARNING  2026-10-08 18:12-58 [pytest_result_log:122] : Start: test_cases/test_api/test_order_api.py::TestOrderAPI::test_create_order[case34]
INFO     2026-10-08 18:12-58 [conftest:20] : 当前【测试场景】:正向case36-覆盖-生菜单品
INFO     2026-10-08 18:12-58 [common.api_client:30] : 【POST请求】url=http://192.168.111.128:7070/auth/login, json={'username': 'lisi', 'password': '123456'}
INFO     2026-10-08 18:12-58 [common.api_client:32] : 【响应】status_code=200, body={"code":200,"message":"操作成功","data":{"id":316,"username":"lisi","token":"eyJhbGciOiJIUzI1NiJ9.eyJyb2xlIjoiVVNFUiIsInN1YiI6Imxpc2kiLCJpYXQiOjE3OTE0NTQzNzcsImV4cCI6MTc5MTU0MDc3N30.cZvGQHVChQES4wGyg0LAnjOl4hQEgjmtL_44j4ZctE0","role":"USER","avatar":null,"email":"2983192051@qq.com","realName":null}}
INFO     2026-10-08 18:12-58 [common.api_client:30] : 【POST请求】url=http://192.168.111.128:7070/orders, json={'totalAmount': 3, 'discountAmount': 0, 'actualAmount': 3, 'deliveryAddress': '测试地址', 'deliveryName': '覆盖测试8', 'deliveryPhone': '19900199034', 'remark': None, 'orderItems': [{'productId': 9, 'productName': '生菜', 'productPrice': 3, 'quantity': 1, 'totalPrice': 3, 'productImage': None, 'productOrigin': None}]}
INFO     2026-10-08 18:12-58 [common.api_client:32] : 【响应】status_code=200, body={"code":200,"message":"操作成功","data":{"id":347,"orderNo":"20261008181257360327","userId":316,"totalAmount":3,"discountAmount":0,"actualAmount":3,"paymentMethod":null,"paymentStatus":0,"orderStatus":1,"deliveryAddress":"测试地址","deliveryName":"覆盖测试8","deliveryPhone":"19900199034","remark":null,"paymentTime":null,"deliveryTime":null,"receivedTime":null,"cancelledTime":null,"cancelReason":null,"createdAt":"2026-10-08T18:12:57.15626389","updatedAt":"2026-10-08T18:12:57.156267437","orderItems":[{"id":360,"orderId":347,"productId":9,"productName":"生菜","productImage":null,"productPrice":3.00,"quantity":1,"totalPrice":3.00,"productOrigin":null,"createdAt":"2026-10-08T10:12:57"}],"statusDesc":"待支付","paymentStatusDesc":"待支付"}}
ERROR    2026-10-08 18:12-58 [pytest_result_log:190] : test status is FAILED (test_cases/test_api/test_order_api.py::TestOrderAPI::test_create_order[case34]): AssertionError
INFO     2026-10-08 18:12-58 [pytest_result_log:194] : test_cases/test_api/test_order_api.py::TestOrderAPI::test_create_order[case34] -> self = <test_order_api.TestOrderAPI object at 0x00000231F03C6F60>
case = {'order': {'totalAmount': 3, 'discountAmount': 0, 'actualAmount': 3, 'deliveryAddress': '测试地址', ...}, 'metadata': {'scenario': '正向case36-覆盖-生菜单品', 'type': 'positive', 'interfaceName': 'createOrder', 'payMethod': None, ...}}
order_api = <api_objects.order_api.OrderApi object at 0x00000231F043B950>, user_api = <api_objects.user_api.UserApi object at 0x00000231F0431130>

    @pytest.mark.order
    @pytest.mark.positive
    @pytest.mark.parametrize('case',creat_request_json('order_data.yaml',type='positive',interfaceName='createOrder'))
    def test_create_order(self,case,order_api,user_api):
        '''
            正向场景：
            先在请求发送之前获取库存
            请求成功再返回库存
        '''
        logger.info(f"当前【测试场景】:{case.get('metadata')['scenario']}")
        # 请求之前获取用户这一个订单的所有商品库存
        product_stock_original = products_stock(case.get('metadata')['productIds'])
        product_names = case.get('metadata')['productNames']
        product_quantity = case.get('metadata')['product_quantity']
        # 登录
        user_api.login(DEFAULT_USER['username'],DEFAULT_USER['password'])
        # 发送请求
        response = order_api.create_order(case.get('order'))
        # 断言参数
        successful_response(response)
        # 获取用户购买完成后的所有商品库存
        product_stock = products_stock(case.get('metadata')['productIds'])
        # 断言是否入库
>       assert isExists_product_order(response.json().get('data')['orderNo']) == 1,f"订单创建成功但未入库"
E       AssertionError: 订单创建成功但未入库
E       assert 0 == 1
E        +  where 0 = isExists_product_order('20261008181257360327')

test_cases\test_api\test_order_api.py:34: AssertionError
WARNING  2026-10-08 18:12-58 [pytest_result_log:128] : End: test_cases/test_api/test_order_api.py::TestOrderAPI::test_create_order[case34]
WARNING  2026-10-08 18:12-58 [pytest_result_log:122] : Start: test_cases/test_api/test_order_api.py::TestOrderAPI::test_create_order[case35]
INFO     2026-10-08 18:12-58 [conftest:20] : 当前【测试场景】:正向case37-覆盖-桃源寿司单品
INFO     2026-10-08 18:12-58 [common.api_client:30] : 【POST请求】url=http://192.168.111.128:7070/auth/login, json={'username': 'lisi', 'password': '123456'}
INFO     2026-10-08 18:12-58 [common.api_client:32] : 【响应】status_code=200, body={"code":200,"message":"操作成功","data":{"id":316,"username":"lisi","token":"eyJhbGciOiJIUzI1NiJ9.eyJyb2xlIjoiVVNFUiIsInN1YiI6Imxpc2kiLCJpYXQiOjE3OTE0NTQzNzcsImV4cCI6MTc5MTU0MDc3N30.cZvGQHVChQES4wGyg0LAnjOl4hQEgjmtL_44j4ZctE0","role":"USER","avatar":null,"email":"2983192051@qq.com","realName":null}}
INFO     2026-10-08 18:12-58 [common.api_client:30] : 【POST请求】url=http://192.168.111.128:7070/orders, json={'totalAmount': 10.0, 'discountAmount': 0, 'actualAmount': 10.0, 'deliveryAddress': '测试地址', 'deliveryName': '覆盖测试9', 'deliveryPhone': '18000180035', 'remark': None, 'orderItems': [{'productId': 10, 'productName': '桃源寿司', 'productPrice': 10.0, 'quantity': 1, 'totalPrice': 10.0, 'productImage': None, 'productOrigin': None}]}
INFO     2026-10-08 18:12-58 [common.api_client:32] : 【响应】status_code=200, body={"code":200,"message":"操作成功","data":{"id":348,"orderNo":"20261008181257552916","userId":316,"totalAmount":10.0,"discountAmount":0,"actualAmount":10.0,"paymentMethod":null,"paymentStatus":0,"orderStatus":1,"deliveryAddress":"测试地址","deliveryName":"覆盖测试9","deliveryPhone":"18000180035","remark":null,"paymentTime":null,"deliveryTime":null,"receivedTime":null,"cancelledTime":null,"cancelReason":null,"createdAt":"2026-10-08T18:12:57.282865111","updatedAt":"2026-10-08T18:12:57.282865692","orderItems":[{"id":361,"orderId":348,"productId":10,"productName":"桃源寿司","productImage":null,"productPrice":10.00,"quantity":1,"totalPrice":10.00,"productOrigin":null,"createdAt":"2026-10-08T10:12:57"}],"statusDesc":"待支付","paymentStatusDesc":"待支付"}}
ERROR    2026-10-08 18:12-58 [pytest_result_log:190] : test status is FAILED (test_cases/test_api/test_order_api.py::TestOrderAPI::test_create_order[case35]): AssertionError
INFO     2026-10-08 18:12-58 [pytest_result_log:194] : test_cases/test_api/test_order_api.py::TestOrderAPI::test_create_order[case35] -> self = <test_order_api.TestOrderAPI object at 0x00000231F03C7020>
case = {'order': {'totalAmount': 10.0, 'discountAmount': 0, 'actualAmount': 10.0, 'deliveryAddress': '测试地址', ...}, 'metadata': {'scenario': '正向case37-覆盖-桃源寿司单品', 'type': 'positive', 'interfaceName': 'createOrder', 'payMethod': None, ...}}
order_api = <api_objects.order_api.OrderApi object at 0x00000231F043B950>, user_api = <api_objects.user_api.UserApi object at 0x00000231F0431130>

    @pytest.mark.order
    @pytest.mark.positive
    @pytest.mark.parametrize('case',creat_request_json('order_data.yaml',type='positive',interfaceName='createOrder'))
    def test_create_order(self,case,order_api,user_api):
        '''
            正向场景：
            先在请求发送之前获取库存
            请求成功再返回库存
        '''
        logger.info(f"当前【测试场景】:{case.get('metadata')['scenario']}")
        # 请求之前获取用户这一个订单的所有商品库存
        product_stock_original = products_stock(case.get('metadata')['productIds'])
        product_names = case.get('metadata')['productNames']
        product_quantity = case.get('metadata')['product_quantity']
        # 登录
        user_api.login(DEFAULT_USER['username'],DEFAULT_USER['password'])
        # 发送请求
        response = order_api.create_order(case.get('order'))
        # 断言参数
        successful_response(response)
        # 获取用户购买完成后的所有商品库存
        product_stock = products_stock(case.get('metadata')['productIds'])
        # 断言是否入库
>       assert isExists_product_order(response.json().get('data')['orderNo']) == 1,f"订单创建成功但未入库"
E       AssertionError: 订单创建成功但未入库
E       assert 0 == 1
E        +  where 0 = isExists_product_order('20261008181257552916')

test_cases\test_api\test_order_api.py:34: AssertionError
WARNING  2026-10-08 18:12-58 [pytest_result_log:128] : End: test_cases/test_api/test_order_api.py::TestOrderAPI::test_create_order[case35]
WARNING  2026-10-08 18:12-58 [pytest_result_log:122] : Start: test_cases/test_api/test_order_api.py::TestOrderAPI::test_create_order[case36]
INFO     2026-10-08 18:12-58 [conftest:20] : 当前【测试场景】:正向case38-覆盖-土豆单品
INFO     2026-10-08 18:12-58 [common.api_client:30] : 【POST请求】url=http://192.168.111.128:7070/auth/login, json={'username': 'lisi', 'password': '123456'}
INFO     2026-10-08 18:12-58 [common.api_client:32] : 【响应】status_code=200, body={"code":200,"message":"操作成功","data":{"id":316,"username":"lisi","token":"eyJhbGciOiJIUzI1NiJ9.eyJyb2xlIjoiVVNFUiIsInN1YiI6Imxpc2kiLCJpYXQiOjE3OTE0NTQzNzcsImV4cCI6MTc5MTU0MDc3N30.cZvGQHVChQES4wGyg0LAnjOl4hQEgjmtL_44j4ZctE0","role":"USER","avatar":null,"email":"2983192051@qq.com","realName":null}}
INFO     2026-10-08 18:12-58 [common.api_client:30] : 【POST请求】url=http://192.168.111.128:7070/orders, json={'totalAmount': 1, 'discountAmount': 0, 'actualAmount': 1, 'deliveryAddress': '测试地址', 'deliveryName': '覆盖测试10', 'deliveryPhone': '18100181036', 'remark': None, 'orderItems': [{'productId': 11, 'productName': '土豆', 'productPrice': 1, 'quantity': 1, 'totalPrice': 1, 'productImage': None, 'productOrigin': None}]}
INFO     2026-10-08 18:12-58 [common.api_client:32] : 【响应】status_code=200, body={"code":200,"message":"操作成功","data":{"id":349,"orderNo":"20261008181257755131","userId":316,"totalAmount":1,"discountAmount":0,"actualAmount":1,"paymentMethod":null,"paymentStatus":0,"orderStatus":1,"deliveryAddress":"测试地址","deliveryName":"覆盖测试10","deliveryPhone":"18100181036","remark":null,"paymentTime":null,"deliveryTime":null,"receivedTime":null,"cancelledTime":null,"cancelReason":null,"createdAt":"2026-10-08T18:12:57.41089624","updatedAt":"2026-10-08T18:12:57.410896801","orderItems":[{"id":362,"orderId":349,"productId":11,"productName":"土豆","productImage":null,"productPrice":1.00,"quantity":1,"totalPrice":1.00,"productOrigin":null,"createdAt":"2026-10-08T10:12:57"}],"statusDesc":"待支付","paymentStatusDesc":"待支付"}}
ERROR    2026-10-08 18:12-58 [pytest_result_log:190] : test status is FAILED (test_cases/test_api/test_order_api.py::TestOrderAPI::test_create_order[case36]): AssertionError
INFO     2026-10-08 18:12-58 [pytest_result_log:194] : test_cases/test_api/test_order_api.py::TestOrderAPI::test_create_order[case36] -> self = <test_order_api.TestOrderAPI object at 0x00000231F03C70B0>
case = {'order': {'totalAmount': 1, 'discountAmount': 0, 'actualAmount': 1, 'deliveryAddress': '测试地址', ...}, 'metadata': {'scenario': '正向case38-覆盖-土豆单品', 'type': 'positive', 'interfaceName': 'createOrder', 'payMethod': None, ...}}
order_api = <api_objects.order_api.OrderApi object at 0x00000231F043B950>, user_api = <api_objects.user_api.UserApi object at 0x00000231F0431130>

    @pytest.mark.order
    @pytest.mark.positive
    @pytest.mark.parametrize('case',creat_request_json('order_data.yaml',type='positive',interfaceName='createOrder'))
    def test_create_order(self,case,order_api,user_api):
        '''
            正向场景：
            先在请求发送之前获取库存
            请求成功再返回库存
        '''
        logger.info(f"当前【测试场景】:{case.get('metadata')['scenario']}")
        # 请求之前获取用户这一个订单的所有商品库存
        product_stock_original = products_stock(case.get('metadata')['productIds'])
        product_names = case.get('metadata')['productNames']
        product_quantity = case.get('metadata')['product_quantity']
        # 登录
        user_api.login(DEFAULT_USER['username'],DEFAULT_USER['password'])
        # 发送请求
        response = order_api.create_order(case.get('order'))
        # 断言参数
        successful_response(response)
        # 获取用户购买完成后的所有商品库存
        product_stock = products_stock(case.get('metadata')['productIds'])
        # 断言是否入库
>       assert isExists_product_order(response.json().get('data')['orderNo']) == 1,f"订单创建成功但未入库"
E       AssertionError: 订单创建成功但未入库
E       assert 0 == 1
E        +  where 0 = isExists_product_order('20261008181257755131')

test_cases\test_api\test_order_api.py:34: AssertionError
WARNING  2026-10-08 18:12-58 [pytest_result_log:128] : End: test_cases/test_api/test_order_api.py::TestOrderAPI::test_create_order[case36]
WARNING  2026-10-08 18:12-58 [pytest_result_log:122] : Start: test_cases/test_api/test_order_api.py::TestOrderAPI::test_create_order[case37]
INFO     2026-10-08 18:12-58 [conftest:20] : 当前【测试场景】:正向case39-覆盖-油酥饼单品
INFO     2026-10-08 18:12-58 [common.api_client:30] : 【POST请求】url=http://192.168.111.128:7070/auth/login, json={'username': 'lisi', 'password': '123456'}
INFO     2026-10-08 18:12-58 [common.api_client:32] : 【响应】status_code=200, body={"code":200,"message":"操作成功","data":{"id":316,"username":"lisi","token":"eyJhbGciOiJIUzI1NiJ9.eyJyb2xlIjoiVVNFUiIsInN1YiI6Imxpc2kiLCJpYXQiOjE3OTE0NTQzNzcsImV4cCI6MTc5MTU0MDc3N30.cZvGQHVChQES4wGyg0LAnjOl4hQEgjmtL_44j4ZctE0","role":"USER","avatar":null,"email":"2983192051@qq.com","realName":null}}
INFO     2026-10-08 18:12-58 [common.api_client:30] : 【POST请求】url=http://192.168.111.128:7070/orders, json={'totalAmount': 1, 'discountAmount': 0, 'actualAmount': 1, 'deliveryAddress': '测试地址', 'deliveryName': '覆盖测试11', 'deliveryPhone': '18300183037', 'remark': None, 'orderItems': [{'productId': 13, 'productName': '油酥饼', 'productPrice': 1, 'quantity': 1, 'totalPrice': 1, 'productImage': None, 'productOrigin': None}]}
INFO     2026-10-08 18:12-58 [common.api_client:32] : 【响应】status_code=200, body={"code":200,"message":"操作成功","data":{"id":350,"orderNo":"20261008181257495332","userId":316,"totalAmount":1,"discountAmount":0,"actualAmount":1,"paymentMethod":null,"paymentStatus":0,"orderStatus":1,"deliveryAddress":"测试地址","deliveryName":"覆盖测试11","deliveryPhone":"18300183037","remark":null,"paymentTime":null,"deliveryTime":null,"receivedTime":null,"cancelledTime":null,"cancelReason":null,"createdAt":"2026-10-08T18:12:57.539702861","updatedAt":"2026-10-08T18:12:57.539703382","orderItems":[{"id":363,"orderId":350,"productId":13,"productName":"油酥饼","productImage":null,"productPrice":1.00,"quantity":1,"totalPrice":1.00,"productOrigin":null,"createdAt":"2026-10-08T10:12:57"}],"statusDesc":"待支付","paymentStatusDesc":"待支付"}}
ERROR    2026-10-08 18:12-58 [pytest_result_log:190] : test status is FAILED (test_cases/test_api/test_order_api.py::TestOrderAPI::test_create_order[case37]): AssertionError
INFO     2026-10-08 18:12-58 [pytest_result_log:194] : test_cases/test_api/test_order_api.py::TestOrderAPI::test_create_order[case37] -> self = <test_order_api.TestOrderAPI object at 0x00000231F03C7290>
case = {'order': {'totalAmount': 1, 'discountAmount': 0, 'actualAmount': 1, 'deliveryAddress': '测试地址', ...}, 'metadata': {'scenario': '正向case39-覆盖-油酥饼单品', 'type': 'positive', 'interfaceName': 'createOrder', 'payMethod': None, ...}}
order_api = <api_objects.order_api.OrderApi object at 0x00000231F043B950>, user_api = <api_objects.user_api.UserApi object at 0x00000231F0431130>

    @pytest.mark.order
    @pytest.mark.positive
    @pytest.mark.parametrize('case',creat_request_json('order_data.yaml',type='positive',interfaceName='createOrder'))
    def test_create_order(self,case,order_api,user_api):
        '''
            正向场景：
            先在请求发送之前获取库存
            请求成功再返回库存
        '''
        logger.info(f"当前【测试场景】:{case.get('metadata')['scenario']}")
        # 请求之前获取用户这一个订单的所有商品库存
        product_stock_original = products_stock(case.get('metadata')['productIds'])
        product_names = case.get('metadata')['productNames']
        product_quantity = case.get('metadata')['product_quantity']
        # 登录
        user_api.login(DEFAULT_USER['username'],DEFAULT_USER['password'])
        # 发送请求
        response = order_api.create_order(case.get('order'))
        # 断言参数
        successful_response(response)
        # 获取用户购买完成后的所有商品库存
        product_stock = products_stock(case.get('metadata')['productIds'])
        # 断言是否入库
>       assert isExists_product_order(response.json().get('data')['orderNo']) == 1,f"订单创建成功但未入库"
E       AssertionError: 订单创建成功但未入库
E       assert 0 == 1
E        +  where 0 = isExists_product_order('20261008181257495332')

test_cases\test_api\test_order_api.py:34: AssertionError
WARNING  2026-10-08 18:12-58 [pytest_result_log:128] : End: test_cases/test_api/test_order_api.py::TestOrderAPI::test_create_order[case37]
WARNING  2026-10-08 18:12-58 [pytest_result_log:122] : --Start: test_cases/test_api/test_pay_api.py::TestPayApi::test_pay_api[case0]---
INFO     2026-10-08 18:12-58 [common.api_client:30] : 【POST请求】url=http://192.168.111.128:7070/auth/login, json={'username': 'lisi', 'password': '123456'}
INFO     2026-10-08 18:12-58 [common.api_client:32] : 【响应】status_code=200, body={"code":200,"message":"操作成功","data":{"id":316,"username":"lisi","token":"eyJhbGciOiJIUzI1NiJ9.eyJyb2xlIjoiVVNFUiIsInN1YiI6Imxpc2kiLCJpYXQiOjE3OTE0NTQzNzcsImV4cCI6MTc5MTU0MDc3N30.cZvGQHVChQES4wGyg0LAnjOl4hQEgjmtL_44j4ZctE0","role":"USER","avatar":null,"email":"2983192051@qq.com","realName":null}}
INFO     2026-10-08 18:12-58 [common.api_client:30] : 【POST请求】url=http://192.168.111.128:7070/orders, json={'totalAmount': 68, 'discountAmount': 0, 'actualAmount': 68, 'deliveryAddress': '山西省运城市临猗县北大街12号', 'deliveryName': '王五', 'deliveryPhone': '18239024951', 'remark': '请放门口快递柜', 'orderItems': [{'productId': 1, 'productName': '桃源蜂蜜', 'productPrice': 68, 'quantity': 1, 'totalPrice': 68, 'productImage': None, 'productOrigin': None}]}
INFO     2026-10-08 18:12-58 [common.api_client:32] : 【响应】status_code=200, body={"code":200,"message":"操作成功","data":{"id":351,"orderNo":"20261008181257841254","userId":316,"totalAmount":68,"discountAmount":0,"actualAmount":68,"paymentMethod":null,"paymentStatus":0,"orderStatus":1,"deliveryAddress":"山西省运城市临猗县北大街12号","deliveryName":"王五","deliveryPhone":"18239024951","remark":"请放门口快递柜","paymentTime":null,"deliveryTime":null,"receivedTime":null,"cancelledTime":null,"cancelReason":null,"createdAt":"2026-10-08T18:12:57.641684005","updatedAt":"2026-10-08T18:12:57.641684516","orderItems":[{"id":364,"orderId":351,"productId":1,"productName":"桃源蜂蜜","productImage":null,"productPrice":68.00,"quantity":1,"totalPrice":68.00,"productOrigin":null,"createdAt":"2026-10-08T10:12:57"}],"statusDesc":"待支付","paymentStatusDesc":"待支付"}}
INFO     2026-10-08 18:12-58 [common.api_client:30] : 【POST请求】url=http://192.168.111.128:7070/orders/pay, json={'orderNo': '20261008181257841254', 'paymentMethod': None}
INFO     2026-10-08 18:12-58 [common.api_client:32] : 【响应】status_code=200, body={"code":400,"message":"支付方式不能为空","data":null}
ERROR    2026-10-08 18:12-58 [pytest_result_log:190] : test status is FAILED (test_cases/test_api/test_pay_api.py::TestPayApi::test_pay_api[case0]): AssertionError
INFO     2026-10-08 18:12-58 [pytest_result_log:194] : test_cases/test_api/test_pay_api.py::TestPayApi::test_pay_api[case0] -> self = <test_pay_api.TestPayApi object at 0x00000231F0498380>
case = {'order': {'totalAmount': 68, 'discountAmount': 0, 'actualAmount': 68, 'deliveryAddress': '山西省运城市临猗县北大街12号', ...}, 'me...ta': {'scenario': '正向case0-正常创建订单-桃源蜂蜜×1', 'type': 'positive', 'interfaceName': 'createOrder', 'payMethod': None, ...}}
pay_api = <api_objects.pay_api.PayApi object at 0x00000231F03F9E50>, user_api = <api_objects.user_api.UserApi object at 0x00000231F0431130>
order_api = <api_objects.order_api.OrderApi object at 0x00000231F043B950>

    @pytest.mark.pay
    @pytest.mark.positive
    @pytest.mark.parametrize('case',
                             creat_request_json('order_data.yaml', type='positive', interfaceName='createOrder'))
    def test_pay_api(self,case,pay_api,user_api,order_api):
        user_api.login(DEFAULT_USER['username'], DEFAULT_USER['password'])
        # 上游业务：创建订单
        response_order = order_api.create_order(case.get('order'))
        # 拿到刚刚创建的订单的订单号
        order_No = response_order.json().get('data')['orderNo']
    
        # 支付业务
        response_pay = pay_api.simulatePayment(order_No,case.get('metadata')['payMethod'])
        # HTTP和状态码断言
>       successful_response(response_pay)

test_cases\test_api\test_pay_api.py:24: 
_ _ _ _ _ _ _ _ _ _ _ _ _ _ _ _ _ _ _ _ _ _ _ _ _ _ _ _ _ _ _ _ _ _ _ _ _ _ _ _ _ _ _ _ _ _ _ _ _ _ _ _ _ _ _ _ _ _ _ _ _ _ _ _ _ _ _ _ _ _ _ _ _ _ _ _ _ _ _ _ _ _ _ _ _ _ _ _ _ _

response = <Response [200]>

    def successful_response(response):
        assert response.status_code == 200,f"HTTP返回码异常：实际返回{response.status_code}"
>       assert response.json()['code'] == 200,f"业务状态码异常：实际返回{response.json().get('code')}"
               ^^^^^^^^^^^^^^^^^^^^^^^^^^^^^^
E       AssertionError: 业务状态码异常：实际返回400

common\assert_utils.py:7: AssertionError
WARNING  2026-10-08 18:12-58 [pytest_result_log:128] : ---End: test_cases/test_api/test_pay_api.py::TestPayApi::test_pay_api[case0]----
WARNING  2026-10-08 18:12-59 [pytest_result_log:122] : --Start: test_cases/test_api/test_pay_api.py::TestPayApi::test_pay_api[case1]---
INFO     2026-10-08 18:12-59 [common.api_client:30] : 【POST请求】url=http://192.168.111.128:7070/auth/login, json={'username': 'lisi', 'password': '123456'}
INFO     2026-10-08 18:12-59 [common.api_client:32] : 【响应】status_code=200, body={"code":200,"message":"操作成功","data":{"id":316,"username":"lisi","token":"eyJhbGciOiJIUzI1NiJ9.eyJyb2xlIjoiVVNFUiIsInN1YiI6Imxpc2kiLCJpYXQiOjE3OTE0NTQzNzcsImV4cCI6MTc5MTU0MDc3N30.cZvGQHVChQES4wGyg0LAnjOl4hQEgjmtL_44j4ZctE0","role":"USER","avatar":null,"email":"2983192051@qq.com","realName":null}}
INFO     2026-10-08 18:12-59 [common.api_client:30] : 【POST请求】url=http://192.168.111.128:7070/orders, json={'totalAmount': 256, 'discountAmount': 0, 'actualAmount': 256, 'deliveryAddress': '北京市朝阳区建国路88号', 'deliveryName': '李四', 'deliveryPhone': '13800138001', 'remark': None, 'orderItems': [{'productId': 2, 'productName': '手工竹编篮', 'productPrice': 35, 'quantity': 2, 'totalPrice': 70, 'productImage': None, 'productOrigin': None}]}
INFO     2026-10-08 18:12-59 [common.api_client:32] : 【响应】status_code=200, body={"code":200,"message":"操作成功","data":{"id":352,"orderNo":"20261008181257465766","userId":316,"totalAmount":70,"discountAmount":0,"actualAmount":70,"paymentMethod":null,"paymentStatus":0,"orderStatus":1,"deliveryAddress":"北京市朝阳区建国路88号","deliveryName":"李四","deliveryPhone":"13800138001","remark":null,"paymentTime":null,"deliveryTime":null,"receivedTime":null,"cancelledTime":null,"cancelReason":null,"createdAt":"2026-10-08T18:12:57.711853991","updatedAt":"2026-10-08T18:12:57.711854542","orderItems":[{"id":365,"orderId":352,"productId":2,"productName":"手工竹编篮","productImage":null,"productPrice":35.00,"quantity":2,"totalPrice":70.00,"productOrigin":null,"createdAt":"2026-10-08T10:12:57"}],"statusDesc":"待支付","paymentStatusDesc":"待支付"}}
INFO     2026-10-08 18:12-59 [common.api_client:30] : 【POST请求】url=http://192.168.111.128:7070/orders/pay, json={'orderNo': '20261008181257465766', 'paymentMethod': None}
INFO     2026-10-08 18:12-59 [common.api_client:32] : 【响应】status_code=200, body={"code":400,"message":"支付方式不能为空","data":null}
ERROR    2026-10-08 18:12-59 [pytest_result_log:190] : test status is FAILED (test_cases/test_api/test_pay_api.py::TestPayApi::test_pay_api[case1]): AssertionError
INFO     2026-10-08 18:12-59 [pytest_result_log:194] : test_cases/test_api/test_pay_api.py::TestPayApi::test_pay_api[case1] -> self = <test_pay_api.TestPayApi object at 0x00000231F0499280>
case = {'order': {'totalAmount': 256, 'discountAmount': 0, 'actualAmount': 256, 'deliveryAddress': '北京市朝阳区建国路88号', ...}, 'met...a': {'scenario': '正向case1-正常创建订单-手工竹编篮×2', 'type': 'positive', 'interfaceName': 'createOrder', 'payMethod': None, ...}}
pay_api = <api_objects.pay_api.PayApi object at 0x00000231F03F9E50>, user_api = <api_objects.user_api.UserApi object at 0x00000231F0431130>
order_api = <api_objects.order_api.OrderApi object at 0x00000231F043B950>

    @pytest.mark.pay
    @pytest.mark.positive
    @pytest.mark.parametrize('case',
                             creat_request_json('order_data.yaml', type='positive', interfaceName='createOrder'))
    def test_pay_api(self,case,pay_api,user_api,order_api):
        user_api.login(DEFAULT_USER['username'], DEFAULT_USER['password'])
        # 上游业务：创建订单
        response_order = order_api.create_order(case.get('order'))
        # 拿到刚刚创建的订单的订单号
        order_No = response_order.json().get('data')['orderNo']
    
        # 支付业务
        response_pay = pay_api.simulatePayment(order_No,case.get('metadata')['payMethod'])
        # HTTP和状态码断言
>       successful_response(response_pay)

test_cases\test_api\test_pay_api.py:24: 
_ _ _ _ _ _ _ _ _ _ _ _ _ _ _ _ _ _ _ _ _ _ _ _ _ _ _ _ _ _ _ _ _ _ _ _ _ _ _ _ _ _ _ _ _ _ _ _ _ _ _ _ _ _ _ _ _ _ _ _ _ _ _ _ _ _ _ _ _ _ _ _ _ _ _ _ _ _ _ _ _ _ _ _ _ _ _ _ _ _

response = <Response [200]>

    def successful_response(response):
        assert response.status_code == 200,f"HTTP返回码异常：实际返回{response.status_code}"
>       assert response.json()['code'] == 200,f"业务状态码异常：实际返回{response.json().get('code')}"
               ^^^^^^^^^^^^^^^^^^^^^^^^^^^^^^
E       AssertionError: 业务状态码异常：实际返回400

common\assert_utils.py:7: AssertionError
WARNING  2026-10-08 18:12-59 [pytest_result_log:128] : ---End: test_cases/test_api/test_pay_api.py::TestPayApi::test_pay_api[case1]----
WARNING  2026-10-08 18:12-59 [pytest_result_log:122] : --Start: test_cases/test_api/test_pay_api.py::TestPayApi::test_pay_api[case2]---
INFO     2026-10-08 18:12-59 [common.api_client:30] : 【POST请求】url=http://192.168.111.128:7070/auth/login, json={'username': 'lisi', 'password': '123456'}
INFO     2026-10-08 18:12-59 [common.api_client:32] : 【响应】status_code=200, body={"code":200,"message":"操作成功","data":{"id":316,"username":"lisi","token":"eyJhbGciOiJIUzI1NiJ9.eyJyb2xlIjoiVVNFUiIsInN1YiI6Imxpc2kiLCJpYXQiOjE3OTE0NTQzNzcsImV4cCI6MTc5MTU0MDc3N30.cZvGQHVChQES4wGyg0LAnjOl4hQEgjmtL_44j4ZctE0","role":"USER","avatar":null,"email":"2983192051@qq.com","realName":null}}
INFO     2026-10-08 18:12-59 [common.api_client:30] : 【POST请求】url=http://192.168.111.128:7070/orders, json={'totalAmount': 178, 'discountAmount': 0, 'actualAmount': 178, 'deliveryAddress': '上海市浦东新区陆家嘴环路100号', 'deliveryName': '赵六', 'deliveryPhone': '13900139002', 'remark': '周末送货', 'orderItems': [{'productId': 3, 'productName': '桃源茶叶', 'productPrice': 128.0, 'quantity': 1, 'totalPrice': 128.0, 'productImage': None, 'productOrigin': None}, {'productId': 4, 'productName': '野生山菇', 'productPrice': 85.0, 'quantity': 1, 'totalPrice': 85.0, 'productImage': None, 'productOrigin': None}]}
INFO     2026-10-08 18:12-59 [common.api_client:32] : 【响应】status_code=200, body={"code":200,"message":"操作成功","data":{"id":353,"orderNo":"20261008181257437164","userId":316,"totalAmount":213.0,"discountAmount":0,"actualAmount":213.0,"paymentMethod":null,"paymentStatus":0,"orderStatus":1,"deliveryAddress":"上海市浦东新区陆家嘴环路100号","deliveryName":"赵六","deliveryPhone":"13900139002","remark":"周末送货","paymentTime":null,"deliveryTime":null,"receivedTime":null,"cancelledTime":null,"cancelReason":null,"createdAt":"2026-10-08T18:12:57.773298589","updatedAt":"2026-10-08T18:12:57.77329912","orderItems":[{"id":366,"orderId":353,"productId":3,"productName":"桃源茶叶","productImage":null,"productPrice":128.00,"quantity":1,"totalPrice":128.00,"productOrigin":null,"createdAt":"2026-10-08T10:12:57"},{"id":367,"orderId":353,"productId":4,"productName":"野生山菇","productImage":null,"productPrice":85.00,"quantity":1,"totalPrice":85.00,"productOrigin":null,"createdAt":"2026-10-08T10:12:57"}],"statusDesc":"待支付","paymentStatusDesc":"待支付"}}
INFO     2026-10-08 18:12-59 [common.api_client:30] : 【POST请求】url=http://192.168.111.128:7070/orders/pay, json={'orderNo': '20261008181257437164', 'paymentMethod': None}
INFO     2026-10-08 18:12-59 [common.api_client:32] : 【响应】status_code=200, body={"code":400,"message":"支付方式不能为空","data":null}
ERROR    2026-10-08 18:12-59 [pytest_result_log:190] : test status is FAILED (test_cases/test_api/test_pay_api.py::TestPayApi::test_pay_api[case2]): AssertionError
INFO     2026-10-08 18:12-59 [pytest_result_log:194] : test_cases/test_api/test_pay_api.py::TestPayApi::test_pay_api[case2] -> self = <test_pay_api.TestPayApi object at 0x00000231F0499340>
case = {'order': {'totalAmount': 178, 'discountAmount': 0, 'actualAmount': 178, 'deliveryAddress': '上海市浦东新区陆家嘴环路100号', ...}, ...ta': {'scenario': '正向case2-正常创建订单-多个商品混合', 'type': 'positive', 'interfaceName': 'createOrder', 'payMethod': None, ...}}
pay_api = <api_objects.pay_api.PayApi object at 0x00000231F03F9E50>, user_api = <api_objects.user_api.UserApi object at 0x00000231F0431130>
order_api = <api_objects.order_api.OrderApi object at 0x00000231F043B950>

    @pytest.mark.pay
    @pytest.mark.positive
    @pytest.mark.parametrize('case',
                             creat_request_json('order_data.yaml', type='positive', interfaceName='createOrder'))
    def test_pay_api(self,case,pay_api,user_api,order_api):
        user_api.login(DEFAULT_USER['username'], DEFAULT_USER['password'])
        # 上游业务：创建订单
        response_order = order_api.create_order(case.get('order'))
        # 拿到刚刚创建的订单的订单号
        order_No = response_order.json().get('data')['orderNo']
    
        # 支付业务
        response_pay = pay_api.simulatePayment(order_No,case.get('metadata')['payMethod'])
        # HTTP和状态码断言
>       successful_response(response_pay)

test_cases\test_api\test_pay_api.py:24: 
_ _ _ _ _ _ _ _ _ _ _ _ _ _ _ _ _ _ _ _ _ _ _ _ _ _ _ _ _ _ _ _ _ _ _ _ _ _ _ _ _ _ _ _ _ _ _ _ _ _ _ _ _ _ _ _ _ _ _ _ _ _ _ _ _ _ _ _ _ _ _ _ _ _ _ _ _ _ _ _ _ _ _ _ _ _ _ _ _ _

response = <Response [200]>

    def successful_response(response):
        assert response.status_code == 200,f"HTTP返回码异常：实际返回{response.status_code}"
>       assert response.json()['code'] == 200,f"业务状态码异常：实际返回{response.json().get('code')}"
               ^^^^^^^^^^^^^^^^^^^^^^^^^^^^^^
E       AssertionError: 业务状态码异常：实际返回400

common\assert_utils.py:7: AssertionError
WARNING  2026-10-08 18:12-59 [pytest_result_log:128] : ---End: test_cases/test_api/test_pay_api.py::TestPayApi::test_pay_api[case2]----
WARNING  2026-10-08 18:12-59 [pytest_result_log:122] : --Start: test_cases/test_api/test_pay_api.py::TestPayApi::test_pay_api[case3]---
INFO     2026-10-08 18:12-59 [common.api_client:30] : 【POST请求】url=http://192.168.111.128:7070/auth/login, json={'username': 'lisi', 'password': '123456'}
INFO     2026-10-08 18:12-59 [common.api_client:32] : 【响应】status_code=200, body={"code":200,"message":"操作成功","data":{"id":316,"username":"lisi","token":"eyJhbGciOiJIUzI1NiJ9.eyJyb2xlIjoiVVNFUiIsInN1YiI6Imxpc2kiLCJpYXQiOjE3OTE0NTQzNzcsImV4cCI6MTc5MTU0MDc3N30.cZvGQHVChQES4wGyg0LAnjOl4hQEgjmtL_44j4ZctE0","role":"USER","avatar":null,"email":"2983192051@qq.com","realName":null}}
INFO     2026-10-08 18:12-59 [common.api_client:30] : 【POST请求】url=http://192.168.111.128:7070/orders, json={'totalAmount': 116, 'discountAmount': 0, 'actualAmount': 116, 'deliveryAddress': '广东省深圳市南山区科技园路10号', 'deliveryName': '孙七', 'deliveryPhone': '13600136003', 'remark': '易碎品，轻拿轻放', 'orderItems': [{'productId': 6, 'productName': '桃源米酒', 'productPrice': 58, 'quantity': 2, 'totalPrice': 116, 'productImage': None, 'productOrigin': None}]}
INFO     2026-10-08 18:12-59 [common.api_client:32] : 【响应】status_code=200, body={"code":200,"message":"操作成功","data":{"id":354,"orderNo":"20261008181257374353","userId":316,"totalAmount":116,"discountAmount":0,"actualAmount":116,"paymentMethod":null,"paymentStatus":0,"orderStatus":1,"deliveryAddress":"广东省深圳市南山区科技园路10号","deliveryName":"孙七","deliveryPhone":"13600136003","remark":"易碎品，轻拿轻放","paymentTime":null,"deliveryTime":null,"receivedTime":null,"cancelledTime":null,"cancelReason":null,"createdAt":"2026-10-08T18:12:57.871563999","updatedAt":"2026-10-08T18:12:57.871565101","orderItems":[{"id":368,"orderId":354,"productId":6,"productName":"桃源米酒","productImage":null,"productPrice":58.00,"quantity":2,"totalPrice":116.00,"productOrigin":null,"createdAt":"2026-10-08T10:12:57"}],"statusDesc":"待支付","paymentStatusDesc":"待支付"}}
INFO     2026-10-08 18:12-59 [common.api_client:30] : 【POST请求】url=http://192.168.111.128:7070/orders/pay, json={'orderNo': '20261008181257374353', 'paymentMethod': None}
INFO     2026-10-08 18:12-59 [common.api_client:32] : 【响应】status_code=200, body={"code":400,"message":"支付方式不能为空","data":null}
ERROR    2026-10-08 18:12-59 [pytest_result_log:190] : test status is FAILED (test_cases/test_api/test_pay_api.py::TestPayApi::test_pay_api[case3]): AssertionError
INFO     2026-10-08 18:12-59 [pytest_result_log:194] : test_cases/test_api/test_pay_api.py::TestPayApi::test_pay_api[case3] -> self = <test_pay_api.TestPayApi object at 0x00000231F0499460>
case = {'order': {'totalAmount': 116, 'discountAmount': 0, 'actualAmount': 116, 'deliveryAddress': '广东省深圳市南山区科技园路10号', ...}, ...ta': {'scenario': '正向case3-正常创建订单-桃源米酒×2', 'type': 'positive', 'interfaceName': 'createOrder', 'payMethod': None, ...}}
pay_api = <api_objects.pay_api.PayApi object at 0x00000231F03F9E50>, user_api = <api_objects.user_api.UserApi object at 0x00000231F0431130>
order_api = <api_objects.order_api.OrderApi object at 0x00000231F043B950>

    @pytest.mark.pay
    @pytest.mark.positive
    @pytest.mark.parametrize('case',
                             creat_request_json('order_data.yaml', type='positive', interfaceName='createOrder'))
    def test_pay_api(self,case,pay_api,user_api,order_api):
        user_api.login(DEFAULT_USER['username'], DEFAULT_USER['password'])
        # 上游业务：创建订单
        response_order = order_api.create_order(case.get('order'))
        # 拿到刚刚创建的订单的订单号
        order_No = response_order.json().get('data')['orderNo']
    
        # 支付业务
        response_pay = pay_api.simulatePayment(order_No,case.get('metadata')['payMethod'])
        # HTTP和状态码断言
>       successful_response(response_pay)

test_cases\test_api\test_pay_api.py:24: 
_ _ _ _ _ _ _ _ _ _ _ _ _ _ _ _ _ _ _ _ _ _ _ _ _ _ _ _ _ _ _ _ _ _ _ _ _ _ _ _ _ _ _ _ _ _ _ _ _ _ _ _ _ _ _ _ _ _ _ _ _ _ _ _ _ _ _ _ _ _ _ _ _ _ _ _ _ _ _ _ _ _ _ _ _ _ _ _ _ _

response = <Response [200]>

    def successful_response(response):
        assert response.status_code == 200,f"HTTP返回码异常：实际返回{response.status_code}"
>       assert response.json()['code'] == 200,f"业务状态码异常：实际返回{response.json().get('code')}"
               ^^^^^^^^^^^^^^^^^^^^^^^^^^^^^^
E       AssertionError: 业务状态码异常：实际返回400

common\assert_utils.py:7: AssertionError
WARNING  2026-10-08 18:12-59 [pytest_result_log:128] : ---End: test_cases/test_api/test_pay_api.py::TestPayApi::test_pay_api[case3]----
WARNING  2026-10-08 18:12-59 [pytest_result_log:122] : --Start: test_cases/test_api/test_pay_api.py::TestPayApi::test_pay_api[case4]---
INFO     2026-10-08 18:12-59 [common.api_client:30] : 【POST请求】url=http://192.168.111.128:7070/auth/login, json={'username': 'lisi', 'password': '123456'}
INFO     2026-10-08 18:12-59 [common.api_client:32] : 【响应】status_code=200, body={"code":200,"message":"操作成功","data":{"id":316,"username":"lisi","token":"eyJhbGciOiJIUzI1NiJ9.eyJyb2xlIjoiVVNFUiIsInN1YiI6Imxpc2kiLCJpYXQiOjE3OTE0NTQzNzcsImV4cCI6MTc5MTU0MDc3N30.cZvGQHVChQES4wGyg0LAnjOl4hQEgjmtL_44j4ZctE0","role":"USER","avatar":null,"email":"2983192051@qq.com","realName":null}}
INFO     2026-10-08 18:12-59 [common.api_client:30] : 【POST请求】url=http://192.168.111.128:7070/orders, json={'totalAmount': 68, 'discountAmount': 10, 'actualAmount': 58, 'deliveryAddress': '浙江省杭州市西湖区文三路100号', 'deliveryName': '周八', 'deliveryPhone': '13700137004', 'remark': '使用优惠券', 'orderItems': [{'productId': 1, 'productName': '桃源蜂蜜', 'productPrice': 68, 'quantity': 1, 'totalPrice': 68, 'productImage': None, 'productOrigin': None}]}
INFO     2026-10-08 18:12-59 [common.api_client:32] : 【响应】status_code=200, body={"code":200,"message":"操作成功","data":{"id":355,"orderNo":"20261008181257333932","userId":316,"totalAmount":68,"discountAmount":10,"actualAmount":58,"paymentMethod":null,"paymentStatus":0,"orderStatus":1,"deliveryAddress":"浙江省杭州市西湖区文三路100号","deliveryName":"周八","deliveryPhone":"13700137004","remark":"使用优惠券","paymentTime":null,"deliveryTime":null,"receivedTime":null,"cancelledTime":null,"cancelReason":null,"createdAt":"2026-10-08T18:12:57.961431","updatedAt":"2026-10-08T18:12:57.961437151","orderItems":[{"id":369,"orderId":355,"productId":1,"productName":"桃源蜂蜜","productImage":null,"productPrice":68.00,"quantity":1,"totalPrice":68.00,"productOrigin":null,"createdAt":"2026-10-08T10:12:57"}],"statusDesc":"待支付","paymentStatusDesc":"待支付"}}
INFO     2026-10-08 18:12-59 [common.api_client:30] : 【POST请求】url=http://192.168.111.128:7070/orders/pay, json={'orderNo': '20261008181257333932', 'paymentMethod': None}
INFO     2026-10-08 18:12-59 [common.api_client:32] : 【响应】status_code=200, body={"code":400,"message":"支付方式不能为空","data":null}
ERROR    2026-10-08 18:12-59 [pytest_result_log:190] : test status is FAILED (test_cases/test_api/test_pay_api.py::TestPayApi::test_pay_api[case4]): AssertionError
INFO     2026-10-08 18:12-59 [pytest_result_log:194] : test_cases/test_api/test_pay_api.py::TestPayApi::test_pay_api[case4] -> self = <test_pay_api.TestPayApi object at 0x00000231F04992E0>
case = {'order': {'totalAmount': 68, 'discountAmount': 10, 'actualAmount': 58, 'deliveryAddress': '浙江省杭州市西湖区文三路100号', ...}, '...ata': {'scenario': '正向case4-正常创建订单-含优惠金额', 'type': 'positive', 'interfaceName': 'createOrder', 'payMethod': None, ...}}
pay_api = <api_objects.pay_api.PayApi object at 0x00000231F03F9E50>, user_api = <api_objects.user_api.UserApi object at 0x00000231F0431130>
order_api = <api_objects.order_api.OrderApi object at 0x00000231F043B950>

    @pytest.mark.pay
    @pytest.mark.positive
    @pytest.mark.parametrize('case',
                             creat_request_json('order_data.yaml', type='positive', interfaceName='createOrder'))
    def test_pay_api(self,case,pay_api,user_api,order_api):
        user_api.login(DEFAULT_USER['username'], DEFAULT_USER['password'])
        # 上游业务：创建订单
        response_order = order_api.create_order(case.get('order'))
        # 拿到刚刚创建的订单的订单号
        order_No = response_order.json().get('data')['orderNo']
    
        # 支付业务
        response_pay = pay_api.simulatePayment(order_No,case.get('metadata')['payMethod'])
        # HTTP和状态码断言
>       successful_response(response_pay)

test_cases\test_api\test_pay_api.py:24: 
_ _ _ _ _ _ _ _ _ _ _ _ _ _ _ _ _ _ _ _ _ _ _ _ _ _ _ _ _ _ _ _ _ _ _ _ _ _ _ _ _ _ _ _ _ _ _ _ _ _ _ _ _ _ _ _ _ _ _ _ _ _ _ _ _ _ _ _ _ _ _ _ _ _ _ _ _ _ _ _ _ _ _ _ _ _ _ _ _ _

response = <Response [200]>

    def successful_response(response):
        assert response.status_code == 200,f"HTTP返回码异常：实际返回{response.status_code}"
>       assert response.json()['code'] == 200,f"业务状态码异常：实际返回{response.json().get('code')}"
               ^^^^^^^^^^^^^^^^^^^^^^^^^^^^^^
E       AssertionError: 业务状态码异常：实际返回400

common\assert_utils.py:7: AssertionError
WARNING  2026-10-08 18:12-59 [pytest_result_log:128] : ---End: test_cases/test_api/test_pay_api.py::TestPayApi::test_pay_api[case4]----
WARNING  2026-10-08 18:12-59 [pytest_result_log:122] : --Start: test_cases/test_api/test_pay_api.py::TestPayApi::test_pay_api[case5]---
INFO     2026-10-08 18:12-59 [common.api_client:30] : 【POST请求】url=http://192.168.111.128:7070/auth/login, json={'username': 'lisi', 'password': '123456'}
INFO     2026-10-08 18:12-59 [common.api_client:32] : 【响应】status_code=200, body={"code":200,"message":"操作成功","data":{"id":316,"username":"lisi","token":"eyJhbGciOiJIUzI1NiJ9.eyJyb2xlIjoiVVNFUiIsInN1YiI6Imxpc2kiLCJpYXQiOjE3OTE0NTQzNzgsImV4cCI6MTc5MTU0MDc3OH0.qMePLTfNlJZhl4drSietejfgxPPaNsSTRebCgjKJHwk","role":"USER","avatar":null,"email":"2983192051@qq.com","realName":null}}
INFO     2026-10-08 18:12-59 [common.api_client:30] : 【POST请求】url=http://192.168.111.128:7070/orders, json={'totalAmount': 25, 'discountAmount': 0, 'actualAmount': 25, 'deliveryAddress': '四川省成都市锦江区春熙路88号', 'deliveryName': '吴九', 'deliveryPhone': '15800158005', 'remark': None, 'orderItems': [{'productId': 7, 'productName': '农家西红柿', 'productPrice': 15.9, 'quantity': 5, 'totalPrice': 79.5, 'productImage': None, 'productOrigin': None}]}
INFO     2026-10-08 18:12-59 [common.api_client:32] : 【响应】status_code=200, body={"code":200,"message":"操作成功","data":{"id":356,"orderNo":"20261008181258224943","userId":316,"totalAmount":79.5,"discountAmount":0,"actualAmount":79.5,"paymentMethod":null,"paymentStatus":0,"orderStatus":1,"deliveryAddress":"四川省成都市锦江区春熙路88号","deliveryName":"吴九","deliveryPhone":"15800158005","remark":null,"paymentTime":null,"deliveryTime":null,"receivedTime":null,"cancelledTime":null,"cancelReason":null,"createdAt":"2026-10-08T18:12:58.063232377","updatedAt":"2026-10-08T18:12:58.063232878","orderItems":[{"id":370,"orderId":356,"productId":7,"productName":"农家西红柿","productImage":null,"productPrice":15.90,"quantity":5,"totalPrice":79.50,"productOrigin":null,"createdAt":"2026-10-08T10:12:58"}],"statusDesc":"待支付","paymentStatusDesc":"待支付"}}
INFO     2026-10-08 18:12-59 [common.api_client:30] : 【POST请求】url=http://192.168.111.128:7070/orders/pay, json={'orderNo': '20261008181258224943', 'paymentMethod': None}
INFO     2026-10-08 18:12-59 [common.api_client:32] : 【响应】status_code=200, body={"code":400,"message":"支付方式不能为空","data":null}
ERROR    2026-10-08 18:12-59 [pytest_result_log:190] : test status is FAILED (test_cases/test_api/test_pay_api.py::TestPayApi::test_pay_api[case5]): AssertionError
INFO     2026-10-08 18:12-59 [pytest_result_log:194] : test_cases/test_api/test_pay_api.py::TestPayApi::test_pay_api[case5] -> self = <test_pay_api.TestPayApi object at 0x00000231F0499490>
case = {'order': {'totalAmount': 25, 'discountAmount': 0, 'actualAmount': 25, 'deliveryAddress': '四川省成都市锦江区春熙路88号', ...}, 'me...a': {'scenario': '正向case5-正常创建订单-农家西红柿×5', 'type': 'positive', 'interfaceName': 'createOrder', 'payMethod': None, ...}}
pay_api = <api_objects.pay_api.PayApi object at 0x00000231F03F9E50>, user_api = <api_objects.user_api.UserApi object at 0x00000231F0431130>
order_api = <api_objects.order_api.OrderApi object at 0x00000231F043B950>

    @pytest.mark.pay
    @pytest.mark.positive
    @pytest.mark.parametrize('case',
                             creat_request_json('order_data.yaml', type='positive', interfaceName='createOrder'))
    def test_pay_api(self,case,pay_api,user_api,order_api):
        user_api.login(DEFAULT_USER['username'], DEFAULT_USER['password'])
        # 上游业务：创建订单
        response_order = order_api.create_order(case.get('order'))
        # 拿到刚刚创建的订单的订单号
        order_No = response_order.json().get('data')['orderNo']
    
        # 支付业务
        response_pay = pay_api.simulatePayment(order_No,case.get('metadata')['payMethod'])
        # HTTP和状态码断言
>       successful_response(response_pay)

test_cases\test_api\test_pay_api.py:24: 
_ _ _ _ _ _ _ _ _ _ _ _ _ _ _ _ _ _ _ _ _ _ _ _ _ _ _ _ _ _ _ _ _ _ _ _ _ _ _ _ _ _ _ _ _ _ _ _ _ _ _ _ _ _ _ _ _ _ _ _ _ _ _ _ _ _ _ _ _ _ _ _ _ _ _ _ _ _ _ _ _ _ _ _ _ _ _ _ _ _

response = <Response [200]>

    def successful_response(response):
        assert response.status_code == 200,f"HTTP返回码异常：实际返回{response.status_code}"
>       assert response.json()['code'] == 200,f"业务状态码异常：实际返回{response.json().get('code')}"
               ^^^^^^^^^^^^^^^^^^^^^^^^^^^^^^
E       AssertionError: 业务状态码异常：实际返回400

common\assert_utils.py:7: AssertionError
WARNING  2026-10-08 18:12-59 [pytest_result_log:128] : ---End: test_cases/test_api/test_pay_api.py::TestPayApi::test_pay_api[case5]----
WARNING  2026-10-08 18:12-59 [pytest_result_log:122] : --Start: test_cases/test_api/test_pay_api.py::TestPayApi::test_pay_api[case6]---
INFO     2026-10-08 18:12-59 [common.api_client:30] : 【POST请求】url=http://192.168.111.128:7070/auth/login, json={'username': 'lisi', 'password': '123456'}
INFO     2026-10-08 18:12-59 [common.api_client:32] : 【响应】status_code=200, body={"code":200,"message":"操作成功","data":{"id":316,"username":"lisi","token":"eyJhbGciOiJIUzI1NiJ9.eyJyb2xlIjoiVVNFUiIsInN1YiI6Imxpc2kiLCJpYXQiOjE3OTE0NTQzNzgsImV4cCI6MTc5MTU0MDc3OH0.qMePLTfNlJZhl4drSietejfgxPPaNsSTRebCgjKJHwk","role":"USER","avatar":null,"email":"2983192051@qq.com","realName":null}}
INFO     2026-10-08 18:12-59 [common.api_client:30] : 【POST请求】url=http://192.168.111.128:7070/orders, json={'totalAmount': 100, 'discountAmount': 0, 'actualAmount': 100, 'deliveryAddress': '湖北省武汉市洪山区珞喻路1000号', 'deliveryName': '郑十', 'deliveryPhone': '15900159006', 'remark': '尽快发货', 'orderItems': [{'productId': 12, 'productName': '面包', 'productPrice': 10, 'quantity': 10, 'totalPrice': 100, 'productImage': None, 'productOrigin': None}]}
INFO     2026-10-08 18:12-59 [common.api_client:32] : 【响应】status_code=200, body={"code":200,"message":"操作成功","data":{"id":357,"orderNo":"20261008181258669032","userId":316,"totalAmount":100,"discountAmount":0,"actualAmount":100,"paymentMethod":null,"paymentStatus":0,"orderStatus":1,"deliveryAddress":"湖北省武汉市洪山区珞喻路1000号","deliveryName":"郑十","deliveryPhone":"15900159006","remark":"尽快发货","paymentTime":null,"deliveryTime":null,"receivedTime":null,"cancelledTime":null,"cancelReason":null,"createdAt":"2026-10-08T18:12:58.179755019","updatedAt":"2026-10-08T18:12:58.179756101","orderItems":[{"id":371,"orderId":357,"productId":12,"productName":"面包","productImage":null,"productPrice":10.00,"quantity":10,"totalPrice":100.00,"productOrigin":null,"createdAt":"2026-10-08T10:12:58"}],"statusDesc":"待支付","paymentStatusDesc":"待支付"}}
INFO     2026-10-08 18:12-59 [common.api_client:30] : 【POST请求】url=http://192.168.111.128:7070/orders/pay, json={'orderNo': '20261008181258669032', 'paymentMethod': None}
INFO     2026-10-08 18:12-59 [common.api_client:32] : 【响应】status_code=200, body={"code":400,"message":"支付方式不能为空","data":null}
ERROR    2026-10-08 18:12-59 [pytest_result_log:190] : test status is FAILED (test_cases/test_api/test_pay_api.py::TestPayApi::test_pay_api[case6]): AssertionError
INFO     2026-10-08 18:12-59 [pytest_result_log:194] : test_cases/test_api/test_pay_api.py::TestPayApi::test_pay_api[case6] -> self = <test_pay_api.TestPayApi object at 0x00000231F0499520>
case = {'order': {'totalAmount': 100, 'discountAmount': 0, 'actualAmount': 100, 'deliveryAddress': '湖北省武汉市洪山区珞喻路1000号', ...},...ata': {'scenario': '正向case6-正常创建订单-面包×10', 'type': 'positive', 'interfaceName': 'createOrder', 'payMethod': None, ...}}
pay_api = <api_objects.pay_api.PayApi object at 0x00000231F03F9E50>, user_api = <api_objects.user_api.UserApi object at 0x00000231F0431130>
order_api = <api_objects.order_api.OrderApi object at 0x00000231F043B950>

    @pytest.mark.pay
    @pytest.mark.positive
    @pytest.mark.parametrize('case',
                             creat_request_json('order_data.yaml', type='positive', interfaceName='createOrder'))
    def test_pay_api(self,case,pay_api,user_api,order_api):
        user_api.login(DEFAULT_USER['username'], DEFAULT_USER['password'])
        # 上游业务：创建订单
        response_order = order_api.create_order(case.get('order'))
        # 拿到刚刚创建的订单的订单号
        order_No = response_order.json().get('data')['orderNo']
    
        # 支付业务
        response_pay = pay_api.simulatePayment(order_No,case.get('metadata')['payMethod'])
        # HTTP和状态码断言
>       successful_response(response_pay)

test_cases\test_api\test_pay_api.py:24: 
_ _ _ _ _ _ _ _ _ _ _ _ _ _ _ _ _ _ _ _ _ _ _ _ _ _ _ _ _ _ _ _ _ _ _ _ _ _ _ _ _ _ _ _ _ _ _ _ _ _ _ _ _ _ _ _ _ _ _ _ _ _ _ _ _ _ _ _ _ _ _ _ _ _ _ _ _ _ _ _ _ _ _ _ _ _ _ _ _ _

response = <Response [200]>

    def successful_response(response):
        assert response.status_code == 200,f"HTTP返回码异常：实际返回{response.status_code}"
>       assert response.json()['code'] == 200,f"业务状态码异常：实际返回{response.json().get('code')}"
               ^^^^^^^^^^^^^^^^^^^^^^^^^^^^^^
E       AssertionError: 业务状态码异常：实际返回400

common\assert_utils.py:7: AssertionError
WARNING  2026-10-08 18:12-59 [pytest_result_log:128] : ---End: test_cases/test_api/test_pay_api.py::TestPayApi::test_pay_api[case6]----
WARNING  2026-10-08 18:12-59 [pytest_result_log:122] : --Start: test_cases/test_api/test_pay_api.py::TestPayApi::test_pay_api[case7]---
INFO     2026-10-08 18:12-59 [common.api_client:30] : 【POST请求】url=http://192.168.111.128:7070/auth/login, json={'username': 'lisi', 'password': '123456'}
INFO     2026-10-08 18:12-59 [common.api_client:32] : 【响应】status_code=200, body={"code":200,"message":"操作成功","data":{"id":316,"username":"lisi","token":"eyJhbGciOiJIUzI1NiJ9.eyJyb2xlIjoiVVNFUiIsInN1YiI6Imxpc2kiLCJpYXQiOjE3OTE0NTQzNzgsImV4cCI6MTc5MTU0MDc3OH0.qMePLTfNlJZhl4drSietejfgxPPaNsSTRebCgjKJHwk","role":"USER","avatar":null,"email":"2983192051@qq.com","realName":null}}
INFO     2026-10-08 18:12-59 [common.api_client:30] : 【POST请求】url=http://192.168.111.128:7070/orders, json={'totalAmount': 0.01, 'discountAmount': 0, 'actualAmount': 0.01, 'deliveryAddress': '湖南省长沙市岳麓区麓山南路1号', 'deliveryName': '边界测试1', 'deliveryPhone': '18600186007', 'remark': '测试最小金额', 'orderItems': [{'productId': 130, 'productName': '蚕豆', 'productPrice': 0.01, 'quantity': 1, 'totalPrice': 0.01, 'productImage': None, 'productOrigin': None}]}
INFO     2026-10-08 18:12-59 [common.api_client:32] : 【响应】status_code=200, body={"code":200,"message":"操作成功","data":{"id":358,"orderNo":"20261008181258872989","userId":316,"totalAmount":0.01,"discountAmount":0,"actualAmount":0.01,"paymentMethod":null,"paymentStatus":0,"orderStatus":1,"deliveryAddress":"湖南省长沙市岳麓区麓山南路1号","deliveryName":"边界测试1","deliveryPhone":"18600186007","remark":"测试最小金额","paymentTime":null,"deliveryTime":null,"receivedTime":null,"cancelledTime":null,"cancelReason":null,"createdAt":"2026-10-08T18:12:58.272099169","updatedAt":"2026-10-08T18:12:58.272101403","orderItems":[{"id":372,"orderId":358,"productId":130,"productName":"蚕豆","productImage":null,"productPrice":0.01,"quantity":1,"totalPrice":0.01,"productOrigin":null,"createdAt":"2026-10-08T10:12:58"}],"statusDesc":"待支付","paymentStatusDesc":"待支付"}}
INFO     2026-10-08 18:12-59 [common.api_client:30] : 【POST请求】url=http://192.168.111.128:7070/orders/pay, json={'orderNo': '20261008181258872989', 'paymentMethod': None}
INFO     2026-10-08 18:12-59 [common.api_client:32] : 【响应】status_code=200, body={"code":400,"message":"支付方式不能为空","data":null}
ERROR    2026-10-08 18:12-59 [pytest_result_log:190] : test status is FAILED (test_cases/test_api/test_pay_api.py::TestPayApi::test_pay_api[case7]): AssertionError
INFO     2026-10-08 18:12-59 [pytest_result_log:194] : test_cases/test_api/test_pay_api.py::TestPayApi::test_pay_api[case7] -> self = <test_pay_api.TestPayApi object at 0x00000231F0499760>
case = {'order': {'totalAmount': 0.01, 'discountAmount': 0, 'actualAmount': 0.01, 'deliveryAddress': '湖南省长沙市岳麓区麓山南路1号', ...},...a': {'scenario': '正向case7-边界值-总金额最小值0.01', 'type': 'positive', 'interfaceName': 'createOrder', 'payMethod': None, ...}}
pay_api = <api_objects.pay_api.PayApi object at 0x00000231F03F9E50>, user_api = <api_objects.user_api.UserApi object at 0x00000231F0431130>
order_api = <api_objects.order_api.OrderApi object at 0x00000231F043B950>

    @pytest.mark.pay
    @pytest.mark.positive
    @pytest.mark.parametrize('case',
                             creat_request_json('order_data.yaml', type='positive', interfaceName='createOrder'))
    def test_pay_api(self,case,pay_api,user_api,order_api):
        user_api.login(DEFAULT_USER['username'], DEFAULT_USER['password'])
        # 上游业务：创建订单
        response_order = order_api.create_order(case.get('order'))
        # 拿到刚刚创建的订单的订单号
        order_No = response_order.json().get('data')['orderNo']
    
        # 支付业务
        response_pay = pay_api.simulatePayment(order_No,case.get('metadata')['payMethod'])
        # HTTP和状态码断言
>       successful_response(response_pay)

test_cases\test_api\test_pay_api.py:24: 
_ _ _ _ _ _ _ _ _ _ _ _ _ _ _ _ _ _ _ _ _ _ _ _ _ _ _ _ _ _ _ _ _ _ _ _ _ _ _ _ _ _ _ _ _ _ _ _ _ _ _ _ _ _ _ _ _ _ _ _ _ _ _ _ _ _ _ _ _ _ _ _ _ _ _ _ _ _ _ _ _ _ _ _ _ _ _ _ _ _

response = <Response [200]>

    def successful_response(response):
        assert response.status_code == 200,f"HTTP返回码异常：实际返回{response.status_code}"
>       assert response.json()['code'] == 200,f"业务状态码异常：实际返回{response.json().get('code')}"
               ^^^^^^^^^^^^^^^^^^^^^^^^^^^^^^
E       AssertionError: 业务状态码异常：实际返回400

common\assert_utils.py:7: AssertionError
WARNING  2026-10-08 18:12-59 [pytest_result_log:128] : ---End: test_cases/test_api/test_pay_api.py::TestPayApi::test_pay_api[case7]----
WARNING  2026-10-08 18:12-59 [pytest_result_log:122] : --Start: test_cases/test_api/test_pay_api.py::TestPayApi::test_pay_api[case8]---
INFO     2026-10-08 18:12-59 [common.api_client:30] : 【POST请求】url=http://192.168.111.128:7070/auth/login, json={'username': 'lisi', 'password': '123456'}
INFO     2026-10-08 18:12-59 [common.api_client:32] : 【响应】status_code=200, body={"code":200,"message":"操作成功","data":{"id":316,"username":"lisi","token":"eyJhbGciOiJIUzI1NiJ9.eyJyb2xlIjoiVVNFUiIsInN1YiI6Imxpc2kiLCJpYXQiOjE3OTE0NTQzNzgsImV4cCI6MTc5MTU0MDc3OH0.qMePLTfNlJZhl4drSietejfgxPPaNsSTRebCgjKJHwk","role":"USER","avatar":null,"email":"2983192051@qq.com","realName":null}}
INFO     2026-10-08 18:12-59 [common.api_client:30] : 【POST请求】url=http://192.168.111.128:7070/orders, json={'totalAmount': 99999999.99, 'discountAmount': 0, 'actualAmount': 99999999.99, 'deliveryAddress': '江苏省南京市玄武区中山路1号', 'deliveryName': '边界测试2', 'deliveryPhone': '18700187008', 'remark': '测试超大金额', 'orderItems': [{'productId': 129, 'productName': '法式小面包', 'productPrice': 99999999.99, 'quantity': 1, 'totalPrice': 99999999.99, 'productImage': None, 'productOrigin': None}]}
INFO     2026-10-08 18:12-59 [common.api_client:32] : 【响应】status_code=200, body={"code":200,"message":"操作成功","data":{"id":359,"orderNo":"20261008181258326118","userId":316,"totalAmount":99999999.99,"discountAmount":0,"actualAmount":99999999.99,"paymentMethod":null,"paymentStatus":0,"orderStatus":1,"deliveryAddress":"江苏省南京市玄武区中山路1号","deliveryName":"边界测试2","deliveryPhone":"18700187008","remark":"测试超大金额","paymentTime":null,"deliveryTime":null,"receivedTime":null,"cancelledTime":null,"cancelReason":null,"createdAt":"2026-10-08T18:12:58.351863926","updatedAt":"2026-10-08T18:12:58.351864457","orderItems":[{"id":373,"orderId":359,"productId":129,"productName":"法式小面包","productImage":null,"productPrice":99999999.99,"quantity":1,"totalPrice":99999999.99,"productOrigin":null,"createdAt":"2026-10-08T10:12:58"}],"statusDesc":"待支付","paymentStatusDesc":"待支付"}}
INFO     2026-10-08 18:12-59 [common.api_client:30] : 【POST请求】url=http://192.168.111.128:7070/orders/pay, json={'orderNo': '20261008181258326118', 'paymentMethod': None}
INFO     2026-10-08 18:12-59 [common.api_client:32] : 【响应】status_code=200, body={"code":400,"message":"支付方式不能为空","data":null}
ERROR    2026-10-08 18:12-59 [pytest_result_log:190] : test status is FAILED (test_cases/test_api/test_pay_api.py::TestPayApi::test_pay_api[case8]): AssertionError
INFO     2026-10-08 18:12-59 [pytest_result_log:194] : test_cases/test_api/test_pay_api.py::TestPayApi::test_pay_api[case8] -> self = <test_pay_api.TestPayApi object at 0x00000231F0499790>
case = {'order': {'totalAmount': 99999999.99, 'discountAmount': 0, 'actualAmount': 99999999.99, 'deliveryAddress': '江苏省南京市玄武区...cenario': '正向case8-边界值-总金额超大值99999999.99', 'type': 'positive', 'interfaceName': 'createOrder', 'payMethod': None, ...}}
pay_api = <api_objects.pay_api.PayApi object at 0x00000231F03F9E50>, user_api = <api_objects.user_api.UserApi object at 0x00000231F0431130>
order_api = <api_objects.order_api.OrderApi object at 0x00000231F043B950>

    @pytest.mark.pay
    @pytest.mark.positive
    @pytest.mark.parametrize('case',
                             creat_request_json('order_data.yaml', type='positive', interfaceName='createOrder'))
    def test_pay_api(self,case,pay_api,user_api,order_api):
        user_api.login(DEFAULT_USER['username'], DEFAULT_USER['password'])
        # 上游业务：创建订单
        response_order = order_api.create_order(case.get('order'))
        # 拿到刚刚创建的订单的订单号
        order_No = response_order.json().get('data')['orderNo']
    
        # 支付业务
        response_pay = pay_api.simulatePayment(order_No,case.get('metadata')['payMethod'])
        # HTTP和状态码断言
>       successful_response(response_pay)

test_cases\test_api\test_pay_api.py:24: 
_ _ _ _ _ _ _ _ _ _ _ _ _ _ _ _ _ _ _ _ _ _ _ _ _ _ _ _ _ _ _ _ _ _ _ _ _ _ _ _ _ _ _ _ _ _ _ _ _ _ _ _ _ _ _ _ _ _ _ _ _ _ _ _ _ _ _ _ _ _ _ _ _ _ _ _ _ _ _ _ _ _ _ _ _ _ _ _ _ _

response = <Response [200]>

    def successful_response(response):
        assert response.status_code == 200,f"HTTP返回码异常：实际返回{response.status_code}"
>       assert response.json()['code'] == 200,f"业务状态码异常：实际返回{response.json().get('code')}"
               ^^^^^^^^^^^^^^^^^^^^^^^^^^^^^^
E       AssertionError: 业务状态码异常：实际返回400

common\assert_utils.py:7: AssertionError
WARNING  2026-10-08 18:12-59 [pytest_result_log:128] : ---End: test_cases/test_api/test_pay_api.py::TestPayApi::test_pay_api[case8]----
WARNING  2026-10-08 18:12-59 [pytest_result_log:122] : --Start: test_cases/test_api/test_pay_api.py::TestPayApi::test_pay_api[case9]---
INFO     2026-10-08 18:12-59 [common.api_client:30] : 【POST请求】url=http://192.168.111.128:7070/auth/login, json={'username': 'lisi', 'password': '123456'}
INFO     2026-10-08 18:12-59 [common.api_client:32] : 【响应】status_code=200, body={"code":200,"message":"操作成功","data":{"id":316,"username":"lisi","token":"eyJhbGciOiJIUzI1NiJ9.eyJyb2xlIjoiVVNFUiIsInN1YiI6Imxpc2kiLCJpYXQiOjE3OTE0NTQzNzgsImV4cCI6MTc5MTU0MDc3OH0.qMePLTfNlJZhl4drSietejfgxPPaNsSTRebCgjKJHwk","role":"USER","avatar":null,"email":"2983192051@qq.com","realName":null}}
INFO     2026-10-08 18:12-59 [common.api_client:30] : 【POST请求】url=http://192.168.111.128:7070/orders, json={'totalAmount': 100, 'discountAmount': 0, 'actualAmount': 100, 'deliveryAddress': '福建省厦门市思明区中山路100号', 'deliveryName': '边界测试3', 'deliveryPhone': '18800188009', 'remark': None, 'orderItems': [{'productId': 12, 'productName': '面包', 'productPrice': 10, 'quantity': 10, 'totalPrice': 100, 'productImage': None, 'productOrigin': None}]}
INFO     2026-10-08 18:12-59 [common.api_client:32] : 【响应】status_code=200, body={"code":200,"message":"操作成功","data":{"id":360,"orderNo":"20261008181258960418","userId":316,"totalAmount":100,"discountAmount":0,"actualAmount":100,"paymentMethod":null,"paymentStatus":0,"orderStatus":1,"deliveryAddress":"福建省厦门市思明区中山路100号","deliveryName":"边界测试3","deliveryPhone":"18800188009","remark":null,"paymentTime":null,"deliveryTime":null,"receivedTime":null,"cancelledTime":null,"cancelReason":null,"createdAt":"2026-10-08T18:12:58.435592967","updatedAt":"2026-10-08T18:12:58.435593458","orderItems":[{"id":374,"orderId":360,"productId":12,"productName":"面包","productImage":null,"productPrice":10.00,"quantity":10,"totalPrice":100.00,"productOrigin":null,"createdAt":"2026-10-08T10:12:58"}],"statusDesc":"待支付","paymentStatusDesc":"待支付"}}
INFO     2026-10-08 18:12-59 [common.api_client:30] : 【POST请求】url=http://192.168.111.128:7070/orders/pay, json={'orderNo': '20261008181258960418', 'paymentMethod': None}
INFO     2026-10-08 18:12-59 [common.api_client:32] : 【响应】status_code=200, body={"code":400,"message":"支付方式不能为空","data":null}
ERROR    2026-10-08 18:12-59 [pytest_result_log:190] : test status is FAILED (test_cases/test_api/test_pay_api.py::TestPayApi::test_pay_api[case9]): AssertionError
INFO     2026-10-08 18:12-59 [pytest_result_log:194] : test_cases/test_api/test_pay_api.py::TestPayApi::test_pay_api[case9] -> self = <test_pay_api.TestPayApi object at 0x00000231F04982C0>
case = {'order': {'totalAmount': 100, 'discountAmount': 0, 'actualAmount': 100, 'deliveryAddress': '福建省厦门市思明区中山路100号', ...}, ...ta': {'scenario': '正向case9-边界值-总金额为整数无小数', 'type': 'positive', 'interfaceName': 'createOrder', 'payMethod': None, ...}}
pay_api = <api_objects.pay_api.PayApi object at 0x00000231F03F9E50>, user_api = <api_objects.user_api.UserApi object at 0x00000231F0431130>
order_api = <api_objects.order_api.OrderApi object at 0x00000231F043B950>

    @pytest.mark.pay
    @pytest.mark.positive
    @pytest.mark.parametrize('case',
                             creat_request_json('order_data.yaml', type='positive', interfaceName='createOrder'))
    def test_pay_api(self,case,pay_api,user_api,order_api):
        user_api.login(DEFAULT_USER['username'], DEFAULT_USER['password'])
        # 上游业务：创建订单
        response_order = order_api.create_order(case.get('order'))
        # 拿到刚刚创建的订单的订单号
        order_No = response_order.json().get('data')['orderNo']
    
        # 支付业务
        response_pay = pay_api.simulatePayment(order_No,case.get('metadata')['payMethod'])
        # HTTP和状态码断言
>       successful_response(response_pay)

test_cases\test_api\test_pay_api.py:24: 
_ _ _ _ _ _ _ _ _ _ _ _ _ _ _ _ _ _ _ _ _ _ _ _ _ _ _ _ _ _ _ _ _ _ _ _ _ _ _ _ _ _ _ _ _ _ _ _ _ _ _ _ _ _ _ _ _ _ _ _ _ _ _ _ _ _ _ _ _ _ _ _ _ _ _ _ _ _ _ _ _ _ _ _ _ _ _ _ _ _

response = <Response [200]>

    def successful_response(response):
        assert response.status_code == 200,f"HTTP返回码异常：实际返回{response.status_code}"
>       assert response.json()['code'] == 200,f"业务状态码异常：实际返回{response.json().get('code')}"
               ^^^^^^^^^^^^^^^^^^^^^^^^^^^^^^
E       AssertionError: 业务状态码异常：实际返回400

common\assert_utils.py:7: AssertionError
WARNING  2026-10-08 18:12-59 [pytest_result_log:128] : ---End: test_cases/test_api/test_pay_api.py::TestPayApi::test_pay_api[case9]----
WARNING  2026-10-08 18:12-59 [pytest_result_log:122] : --Start: test_cases/test_api/test_pay_api.py::TestPayApi::test_pay_api[case10]--
INFO     2026-10-08 18:12-59 [common.api_client:30] : 【POST请求】url=http://192.168.111.128:7070/auth/login, json={'username': 'lisi', 'password': '123456'}
INFO     2026-10-08 18:12-59 [common.api_client:32] : 【响应】status_code=200, body={"code":200,"message":"操作成功","data":{"id":316,"username":"lisi","token":"eyJhbGciOiJIUzI1NiJ9.eyJyb2xlIjoiVVNFUiIsInN1YiI6Imxpc2kiLCJpYXQiOjE3OTE0NTQzNzgsImV4cCI6MTc5MTU0MDc3OH0.qMePLTfNlJZhl4drSietejfgxPPaNsSTRebCgjKJHwk","role":"USER","avatar":null,"email":"2983192051@qq.com","realName":null}}
INFO     2026-10-08 18:12-59 [common.api_client:30] : 【POST请求】url=http://192.168.111.128:7070/orders, json={'totalAmount': 85.0, 'discountAmount': 0, 'actualAmount': 85.0, 'deliveryAddress': '山东省济南市历下区泉城路200号', 'deliveryName': '边界测试4', 'deliveryPhone': '18900189010', 'remark': None, 'orderItems': [{'productId': 4, 'productName': '野生山菇', 'productPrice': 85.0, 'quantity': 1, 'totalPrice': 85.0, 'productImage': None, 'productOrigin': None}]}
INFO     2026-10-08 18:12-59 [common.api_client:32] : 【响应】status_code=200, body={"code":200,"message":"操作成功","data":{"id":361,"orderNo":"20261008181258896278","userId":316,"totalAmount":85.0,"discountAmount":0,"actualAmount":85.0,"paymentMethod":null,"paymentStatus":0,"orderStatus":1,"deliveryAddress":"山东省济南市历下区泉城路200号","deliveryName":"边界测试4","deliveryPhone":"18900189010","remark":null,"paymentTime":null,"deliveryTime":null,"receivedTime":null,"cancelledTime":null,"cancelReason":null,"createdAt":"2026-10-08T18:12:58.516652877","updatedAt":"2026-10-08T18:12:58.516653448","orderItems":[{"id":375,"orderId":361,"productId":4,"productName":"野生山菇","productImage":null,"productPrice":85.00,"quantity":1,"totalPrice":85.00,"productOrigin":null,"createdAt":"2026-10-08T10:12:58"}],"statusDesc":"待支付","paymentStatusDesc":"待支付"}}
INFO     2026-10-08 18:12-59 [common.api_client:30] : 【POST请求】url=http://192.168.111.128:7070/orders/pay, json={'orderNo': '20261008181258896278', 'paymentMethod': None}
INFO     2026-10-08 18:12-59 [common.api_client:32] : 【响应】status_code=200, body={"code":400,"message":"支付方式不能为空","data":null}
ERROR    2026-10-08 18:12-59 [pytest_result_log:190] : test status is FAILED (test_cases/test_api/test_pay_api.py::TestPayApi::test_pay_api[case10]): AssertionError
INFO     2026-10-08 18:12-59 [pytest_result_log:194] : test_cases/test_api/test_pay_api.py::TestPayApi::test_pay_api[case10] -> self = <test_pay_api.TestPayApi object at 0x00000231F04996A0>
case = {'order': {'totalAmount': 85.0, 'discountAmount': 0, 'actualAmount': 85.0, 'deliveryAddress': '山东省济南市历下区泉城路200号', ...}...ta': {'scenario': '正向case10-边界值-总金额为两位小数', 'type': 'positive', 'interfaceName': 'createOrder', 'payMethod': None, ...}}
pay_api = <api_objects.pay_api.PayApi object at 0x00000231F03F9E50>, user_api = <api_objects.user_api.UserApi object at 0x00000231F0431130>
order_api = <api_objects.order_api.OrderApi object at 0x00000231F043B950>

    @pytest.mark.pay
    @pytest.mark.positive
    @pytest.mark.parametrize('case',
                             creat_request_json('order_data.yaml', type='positive', interfaceName='createOrder'))
    def test_pay_api(self,case,pay_api,user_api,order_api):
        user_api.login(DEFAULT_USER['username'], DEFAULT_USER['password'])
        # 上游业务：创建订单
        response_order = order_api.create_order(case.get('order'))
        # 拿到刚刚创建的订单的订单号
        order_No = response_order.json().get('data')['orderNo']
    
        # 支付业务
        response_pay = pay_api.simulatePayment(order_No,case.get('metadata')['payMethod'])
        # HTTP和状态码断言
>       successful_response(response_pay)

test_cases\test_api\test_pay_api.py:24: 
_ _ _ _ _ _ _ _ _ _ _ _ _ _ _ _ _ _ _ _ _ _ _ _ _ _ _ _ _ _ _ _ _ _ _ _ _ _ _ _ _ _ _ _ _ _ _ _ _ _ _ _ _ _ _ _ _ _ _ _ _ _ _ _ _ _ _ _ _ _ _ _ _ _ _ _ _ _ _ _ _ _ _ _ _ _ _ _ _ _

response = <Response [200]>

    def successful_response(response):
        assert response.status_code == 200,f"HTTP返回码异常：实际返回{response.status_code}"
>       assert response.json()['code'] == 200,f"业务状态码异常：实际返回{response.json().get('code')}"
               ^^^^^^^^^^^^^^^^^^^^^^^^^^^^^^
E       AssertionError: 业务状态码异常：实际返回400

common\assert_utils.py:7: AssertionError
WARNING  2026-10-08 18:12-59 [pytest_result_log:128] : ---End: test_cases/test_api/test_pay_api.py::TestPayApi::test_pay_api[case10]---
WARNING  2026-10-08 18:12-59 [pytest_result_log:122] : --Start: test_cases/test_api/test_pay_api.py::TestPayApi::test_pay_api[case11]--
INFO     2026-10-08 18:12-59 [common.api_client:30] : 【POST请求】url=http://192.168.111.128:7070/auth/login, json={'username': 'lisi', 'password': '123456'}
INFO     2026-10-08 18:12-59 [common.api_client:32] : 【响应】status_code=200, body={"code":200,"message":"操作成功","data":{"id":316,"username":"lisi","token":"eyJhbGciOiJIUzI1NiJ9.eyJyb2xlIjoiVVNFUiIsInN1YiI6Imxpc2kiLCJpYXQiOjE3OTE0NTQzNzgsImV4cCI6MTc5MTU0MDc3OH0.qMePLTfNlJZhl4drSietejfgxPPaNsSTRebCgjKJHwk","role":"USER","avatar":null,"email":"2983192051@qq.com","realName":null}}
INFO     2026-10-08 18:12-59 [common.api_client:30] : 【POST请求】url=http://192.168.111.128:7070/orders, json={'totalAmount': 68, 'discountAmount': 0, 'actualAmount': 68, 'deliveryAddress': '陕西省西安市雁塔区长安南路1号', 'deliveryName': '边界测试5', 'deliveryPhone': '13000130011', 'remark': None, 'orderItems': [{'productId': 1, 'productName': '桃源蜂蜜', 'productPrice': 68, 'quantity': 1, 'totalPrice': 68, 'productImage': None, 'productOrigin': None}]}
INFO     2026-10-08 18:12-59 [common.api_client:32] : 【响应】status_code=200, body={"code":200,"message":"操作成功","data":{"id":362,"orderNo":"20261008181258383143","userId":316,"totalAmount":68,"discountAmount":0,"actualAmount":68,"paymentMethod":null,"paymentStatus":0,"orderStatus":1,"deliveryAddress":"陕西省西安市雁塔区长安南路1号","deliveryName":"边界测试5","deliveryPhone":"13000130011","remark":null,"paymentTime":null,"deliveryTime":null,"receivedTime":null,"cancelledTime":null,"cancelReason":null,"createdAt":"2026-10-08T18:12:58.61604702","updatedAt":"2026-10-08T18:12:58.616047982","orderItems":[{"id":376,"orderId":362,"productId":1,"productName":"桃源蜂蜜","productImage":null,"productPrice":68.00,"quantity":1,"totalPrice":68.00,"productOrigin":null,"createdAt":"2026-10-08T10:12:58"}],"statusDesc":"待支付","paymentStatusDesc":"待支付"}}
INFO     2026-10-08 18:12-59 [common.api_client:30] : 【POST请求】url=http://192.168.111.128:7070/orders/pay, json={'orderNo': '20261008181258383143', 'paymentMethod': None}
INFO     2026-10-08 18:12-59 [common.api_client:32] : 【响应】status_code=200, body={"code":400,"message":"支付方式不能为空","data":null}
ERROR    2026-10-08 18:13-00 [pytest_result_log:190] : test status is FAILED (test_cases/test_api/test_pay_api.py::TestPayApi::test_pay_api[case11]): AssertionError
INFO     2026-10-08 18:13-00 [pytest_result_log:194] : test_cases/test_api/test_pay_api.py::TestPayApi::test_pay_api[case11] -> self = <test_pay_api.TestPayApi object at 0x00000231F049B080>
case = {'order': {'totalAmount': 68, 'discountAmount': 0, 'actualAmount': 68, 'deliveryAddress': '陕西省西安市雁塔区长安南路1号', ...}, 'me...ta': {'scenario': '正向case11-边界值-购买数量最小值1', 'type': 'positive', 'interfaceName': 'createOrder', 'payMethod': None, ...}}
pay_api = <api_objects.pay_api.PayApi object at 0x00000231F03F9E50>, user_api = <api_objects.user_api.UserApi object at 0x00000231F0431130>
order_api = <api_objects.order_api.OrderApi object at 0x00000231F043B950>

    @pytest.mark.pay
    @pytest.mark.positive
    @pytest.mark.parametrize('case',
                             creat_request_json('order_data.yaml', type='positive', interfaceName='createOrder'))
    def test_pay_api(self,case,pay_api,user_api,order_api):
        user_api.login(DEFAULT_USER['username'], DEFAULT_USER['password'])
        # 上游业务：创建订单
        response_order = order_api.create_order(case.get('order'))
        # 拿到刚刚创建的订单的订单号
        order_No = response_order.json().get('data')['orderNo']
    
        # 支付业务
        response_pay = pay_api.simulatePayment(order_No,case.get('metadata')['payMethod'])
        # HTTP和状态码断言
>       successful_response(response_pay)

test_cases\test_api\test_pay_api.py:24: 
_ _ _ _ _ _ _ _ _ _ _ _ _ _ _ _ _ _ _ _ _ _ _ _ _ _ _ _ _ _ _ _ _ _ _ _ _ _ _ _ _ _ _ _ _ _ _ _ _ _ _ _ _ _ _ _ _ _ _ _ _ _ _ _ _ _ _ _ _ _ _ _ _ _ _ _ _ _ _ _ _ _ _ _ _ _ _ _ _ _

response = <Response [200]>

    def successful_response(response):
        assert response.status_code == 200,f"HTTP返回码异常：实际返回{response.status_code}"
>       assert response.json()['code'] == 200,f"业务状态码异常：实际返回{response.json().get('code')}"
               ^^^^^^^^^^^^^^^^^^^^^^^^^^^^^^
E       AssertionError: 业务状态码异常：实际返回400

common\assert_utils.py:7: AssertionError
WARNING  2026-10-08 18:13-00 [pytest_result_log:128] : ---End: test_cases/test_api/test_pay_api.py::TestPayApi::test_pay_api[case11]---
WARNING  2026-10-08 18:13-00 [pytest_result_log:122] : --Start: test_cases/test_api/test_pay_api.py::TestPayApi::test_pay_api[case12]--
INFO     2026-10-08 18:13-00 [common.api_client:30] : 【POST请求】url=http://192.168.111.128:7070/auth/login, json={'username': 'lisi', 'password': '123456'}
INFO     2026-10-08 18:13-00 [common.api_client:32] : 【响应】status_code=200, body={"code":200,"message":"操作成功","data":{"id":316,"username":"lisi","token":"eyJhbGciOiJIUzI1NiJ9.eyJyb2xlIjoiVVNFUiIsInN1YiI6Imxpc2kiLCJpYXQiOjE3OTE0NTQzNzgsImV4cCI6MTc5MTU0MDc3OH0.qMePLTfNlJZhl4drSietejfgxPPaNsSTRebCgjKJHwk","role":"USER","avatar":null,"email":"2983192051@qq.com","realName":null}}
INFO     2026-10-08 18:13-00 [common.api_client:30] : 【POST请求】url=http://192.168.111.128:7070/orders, json={'totalAmount': 67932, 'discountAmount': 0, 'actualAmount': 67932, 'deliveryAddress': '辽宁省沈阳市和平区南京街1号', 'deliveryName': '边界测试6', 'deliveryPhone': '13100131012', 'remark': '测试最大数量', 'orderItems': [{'productId': 1, 'productName': '桃源蜂蜜', 'productPrice': 68, 'quantity': 999, 'totalPrice': 67932, 'productImage': None, 'productOrigin': None}]}
INFO     2026-10-08 18:13-00 [common.api_client:32] : 【响应】status_code=200, body={"code":200,"message":"操作成功","data":{"id":363,"orderNo":"20261008181258591235","userId":316,"totalAmount":67932,"discountAmount":0,"actualAmount":67932,"paymentMethod":null,"paymentStatus":0,"orderStatus":1,"deliveryAddress":"辽宁省沈阳市和平区南京街1号","deliveryName":"边界测试6","deliveryPhone":"13100131012","remark":"测试最大数量","paymentTime":null,"deliveryTime":null,"receivedTime":null,"cancelledTime":null,"cancelReason":null,"createdAt":"2026-10-08T18:12:58.72110862","updatedAt":"2026-10-08T18:12:58.721110303","orderItems":[{"id":377,"orderId":363,"productId":1,"productName":"桃源蜂蜜","productImage":null,"productPrice":68.00,"quantity":999,"totalPrice":67932.00,"productOrigin":null,"createdAt":"2026-10-08T10:12:58"}],"statusDesc":"待支付","paymentStatusDesc":"待支付"}}
INFO     2026-10-08 18:13-00 [common.api_client:30] : 【POST请求】url=http://192.168.111.128:7070/orders/pay, json={'orderNo': '20261008181258591235', 'paymentMethod': None}
INFO     2026-10-08 18:13-00 [common.api_client:32] : 【响应】status_code=200, body={"code":400,"message":"支付方式不能为空","data":null}
ERROR    2026-10-08 18:13-00 [pytest_result_log:190] : test status is FAILED (test_cases/test_api/test_pay_api.py::TestPayApi::test_pay_api[case12]): AssertionError
INFO     2026-10-08 18:13-00 [pytest_result_log:194] : test_cases/test_api/test_pay_api.py::TestPayApi::test_pay_api[case12] -> self = <test_pay_api.TestPayApi object at 0x00000231F0499B20>
case = {'order': {'totalAmount': 67932, 'discountAmount': 0, 'actualAmount': 67932, 'deliveryAddress': '辽宁省沈阳市和平区南京街1号', ...}...': {'scenario': '正向case12-边界值-购买数量最大值999', 'type': 'positive', 'interfaceName': 'createOrder', 'payMethod': None, ...}}
pay_api = <api_objects.pay_api.PayApi object at 0x00000231F03F9E50>, user_api = <api_objects.user_api.UserApi object at 0x00000231F0431130>
order_api = <api_objects.order_api.OrderApi object at 0x00000231F043B950>

    @pytest.mark.pay
    @pytest.mark.positive
    @pytest.mark.parametrize('case',
                             creat_request_json('order_data.yaml', type='positive', interfaceName='createOrder'))
    def test_pay_api(self,case,pay_api,user_api,order_api):
        user_api.login(DEFAULT_USER['username'], DEFAULT_USER['password'])
        # 上游业务：创建订单
        response_order = order_api.create_order(case.get('order'))
        # 拿到刚刚创建的订单的订单号
        order_No = response_order.json().get('data')['orderNo']
    
        # 支付业务
        response_pay = pay_api.simulatePayment(order_No,case.get('metadata')['payMethod'])
        # HTTP和状态码断言
>       successful_response(response_pay)

test_cases\test_api\test_pay_api.py:24: 
_ _ _ _ _ _ _ _ _ _ _ _ _ _ _ _ _ _ _ _ _ _ _ _ _ _ _ _ _ _ _ _ _ _ _ _ _ _ _ _ _ _ _ _ _ _ _ _ _ _ _ _ _ _ _ _ _ _ _ _ _ _ _ _ _ _ _ _ _ _ _ _ _ _ _ _ _ _ _ _ _ _ _ _ _ _ _ _ _ _

response = <Response [200]>

    def successful_response(response):
        assert response.status_code == 200,f"HTTP返回码异常：实际返回{response.status_code}"
>       assert response.json()['code'] == 200,f"业务状态码异常：实际返回{response.json().get('code')}"
               ^^^^^^^^^^^^^^^^^^^^^^^^^^^^^^
E       AssertionError: 业务状态码异常：实际返回400

common\assert_utils.py:7: AssertionError
WARNING  2026-10-08 18:13-00 [pytest_result_log:128] : ---End: test_cases/test_api/test_pay_api.py::TestPayApi::test_pay_api[case12]---
WARNING  2026-10-08 18:13-00 [pytest_result_log:122] : --Start: test_cases/test_api/test_pay_api.py::TestPayApi::test_pay_api[case13]--
INFO     2026-10-08 18:13-00 [common.api_client:30] : 【POST请求】url=http://192.168.111.128:7070/auth/login, json={'username': 'lisi', 'password': '123456'}
INFO     2026-10-08 18:13-00 [common.api_client:32] : 【响应】status_code=200, body={"code":200,"message":"操作成功","data":{"id":316,"username":"lisi","token":"eyJhbGciOiJIUzI1NiJ9.eyJyb2xlIjoiVVNFUiIsInN1YiI6Imxpc2kiLCJpYXQiOjE3OTE0NTQzNzgsImV4cCI6MTc5MTU0MDc3OH0.qMePLTfNlJZhl4drSietejfgxPPaNsSTRebCgjKJHwk","role":"USER","avatar":null,"email":"2983192051@qq.com","realName":null}}
INFO     2026-10-08 18:13-00 [common.api_client:30] : 【POST请求】url=http://192.168.111.128:7070/orders, json={'totalAmount': 68, 'discountAmount': 0, 'actualAmount': 68, 'deliveryAddress': '重庆市渝中区解放碑步行街1号', 'deliveryName': '边界测试7', 'deliveryPhone': '13200132013', 'remark': None, 'orderItems': [{'productId': 1, 'productName': '桃源蜂蜜', 'productPrice': 68, 'quantity': 1, 'totalPrice': 68, 'productImage': None, 'productOrigin': None}]}
INFO     2026-10-08 18:13-00 [common.api_client:32] : 【响应】status_code=200, body={"code":200,"message":"操作成功","data":{"id":364,"orderNo":"20261008181258442364","userId":316,"totalAmount":68,"discountAmount":0,"actualAmount":68,"paymentMethod":null,"paymentStatus":0,"orderStatus":1,"deliveryAddress":"重庆市渝中区解放碑步行街1号","deliveryName":"边界测试7","deliveryPhone":"13200132013","remark":null,"paymentTime":null,"deliveryTime":null,"receivedTime":null,"cancelledTime":null,"cancelReason":null,"createdAt":"2026-10-08T18:12:58.802109043","updatedAt":"2026-10-08T18:12:58.802109584","orderItems":[{"id":378,"orderId":364,"productId":1,"productName":"桃源蜂蜜","productImage":null,"productPrice":68.00,"quantity":1,"totalPrice":68.00,"productOrigin":null,"createdAt":"2026-10-08T10:12:58"}],"statusDesc":"待支付","paymentStatusDesc":"待支付"}}
INFO     2026-10-08 18:13-00 [common.api_client:30] : 【POST请求】url=http://192.168.111.128:7070/orders/pay, json={'orderNo': '20261008181258442364', 'paymentMethod': None}
INFO     2026-10-08 18:13-00 [common.api_client:32] : 【响应】status_code=200, body={"code":400,"message":"支付方式不能为空","data":null}
ERROR    2026-10-08 18:13-00 [pytest_result_log:190] : test status is FAILED (test_cases/test_api/test_pay_api.py::TestPayApi::test_pay_api[case13]): AssertionError
INFO     2026-10-08 18:13-00 [pytest_result_log:194] : test_cases/test_api/test_pay_api.py::TestPayApi::test_pay_api[case13] -> self = <test_pay_api.TestPayApi object at 0x00000231F0499D60>
case = {'order': {'totalAmount': 68, 'discountAmount': 0, 'actualAmount': 68, 'deliveryAddress': '重庆市渝中区解放碑步行街1号', ...}, 'metadata': {'scenario': '正向case13-边界值-优惠金额为0', 'type': 'positive', 'interfaceName': 'createOrder', 'payMethod': None, ...}}
pay_api = <api_objects.pay_api.PayApi object at 0x00000231F03F9E50>, user_api = <api_objects.user_api.UserApi object at 0x00000231F0431130>
order_api = <api_objects.order_api.OrderApi object at 0x00000231F043B950>

    @pytest.mark.pay
    @pytest.mark.positive
    @pytest.mark.parametrize('case',
                             creat_request_json('order_data.yaml', type='positive', interfaceName='createOrder'))
    def test_pay_api(self,case,pay_api,user_api,order_api):
        user_api.login(DEFAULT_USER['username'], DEFAULT_USER['password'])
        # 上游业务：创建订单
        response_order = order_api.create_order(case.get('order'))
        # 拿到刚刚创建的订单的订单号
        order_No = response_order.json().get('data')['orderNo']
    
        # 支付业务
        response_pay = pay_api.simulatePayment(order_No,case.get('metadata')['payMethod'])
        # HTTP和状态码断言
>       successful_response(response_pay)

test_cases\test_api\test_pay_api.py:24: 
_ _ _ _ _ _ _ _ _ _ _ _ _ _ _ _ _ _ _ _ _ _ _ _ _ _ _ _ _ _ _ _ _ _ _ _ _ _ _ _ _ _ _ _ _ _ _ _ _ _ _ _ _ _ _ _ _ _ _ _ _ _ _ _ _ _ _ _ _ _ _ _ _ _ _ _ _ _ _ _ _ _ _ _ _ _ _ _ _ _

response = <Response [200]>

    def successful_response(response):
        assert response.status_code == 200,f"HTTP返回码异常：实际返回{response.status_code}"
>       assert response.json()['code'] == 200,f"业务状态码异常：实际返回{response.json().get('code')}"
               ^^^^^^^^^^^^^^^^^^^^^^^^^^^^^^
E       AssertionError: 业务状态码异常：实际返回400

common\assert_utils.py:7: AssertionError
WARNING  2026-10-08 18:13-00 [pytest_result_log:128] : ---End: test_cases/test_api/test_pay_api.py::TestPayApi::test_pay_api[case13]---
WARNING  2026-10-08 18:13-00 [pytest_result_log:122] : --Start: test_cases/test_api/test_pay_api.py::TestPayApi::test_pay_api[case14]--
INFO     2026-10-08 18:13-00 [common.api_client:30] : 【POST请求】url=http://192.168.111.128:7070/auth/login, json={'username': 'lisi', 'password': '123456'}
INFO     2026-10-08 18:13-00 [common.api_client:32] : 【响应】status_code=200, body={"code":200,"message":"操作成功","data":{"id":316,"username":"lisi","token":"eyJhbGciOiJIUzI1NiJ9.eyJyb2xlIjoiVVNFUiIsInN1YiI6Imxpc2kiLCJpYXQiOjE3OTE0NTQzNzgsImV4cCI6MTc5MTU0MDc3OH0.qMePLTfNlJZhl4drSietejfgxPPaNsSTRebCgjKJHwk","role":"USER","avatar":null,"email":"2983192051@qq.com","realName":null}}
INFO     2026-10-08 18:13-00 [common.api_client:30] : 【POST请求】url=http://192.168.111.128:7070/orders, json={'totalAmount': 60, 'discountAmount': 10, 'actualAmount': 50, 'deliveryAddress': '云南省昆明市五华区人民路1号', 'deliveryName': '边界测试8', 'deliveryPhone': '13300133014', 'remark': None, 'orderItems': [{'productId': 7, 'productName': '农家西红柿', 'productPrice': 15.9, 'quantity': 12, 'totalPrice': 190.8, 'productImage': None, 'productOrigin': None}]}
INFO     2026-10-08 18:13-00 [common.api_client:32] : 【响应】status_code=200, body={"code":200,"message":"操作成功","data":{"id":365,"orderNo":"20261008181258607966","userId":316,"totalAmount":190.8,"discountAmount":10,"actualAmount":180.8,"paymentMethod":null,"paymentStatus":0,"orderStatus":1,"deliveryAddress":"云南省昆明市五华区人民路1号","deliveryName":"边界测试8","deliveryPhone":"13300133014","remark":null,"paymentTime":null,"deliveryTime":null,"receivedTime":null,"cancelledTime":null,"cancelReason":null,"createdAt":"2026-10-08T18:12:58.876167889","updatedAt":"2026-10-08T18:12:58.876169372","orderItems":[{"id":379,"orderId":365,"productId":7,"productName":"农家西红柿","productImage":null,"productPrice":15.90,"quantity":12,"totalPrice":190.80,"productOrigin":null,"createdAt":"2026-10-08T10:12:58"}],"statusDesc":"待支付","paymentStatusDesc":"待支付"}}
INFO     2026-10-08 18:13-00 [common.api_client:30] : 【POST请求】url=http://192.168.111.128:7070/orders/pay, json={'orderNo': '20261008181258607966', 'paymentMethod': None}
INFO     2026-10-08 18:13-00 [common.api_client:32] : 【响应】status_code=200, body={"code":400,"message":"支付方式不能为空","data":null}
ERROR    2026-10-08 18:13-00 [pytest_result_log:190] : test status is FAILED (test_cases/test_api/test_pay_api.py::TestPayApi::test_pay_api[case14]): AssertionError
INFO     2026-10-08 18:13-00 [pytest_result_log:194] : test_cases/test_api/test_pay_api.py::TestPayApi::test_pay_api[case14] -> self = <test_pay_api.TestPayApi object at 0x00000231F0499BB0>
case = {'order': {'totalAmount': 60, 'discountAmount': 10, 'actualAmount': 50, 'deliveryAddress': '云南省昆明市五华区人民路1号', ...}, 'metadata': {'scenario': '正向case14-边界值-优惠金额为整数', 'type': 'positive', 'interfaceName': 'createOrder', 'payMethod': None, ...}}
pay_api = <api_objects.pay_api.PayApi object at 0x00000231F03F9E50>, user_api = <api_objects.user_api.UserApi object at 0x00000231F0431130>
order_api = <api_objects.order_api.OrderApi object at 0x00000231F043B950>

    @pytest.mark.pay
    @pytest.mark.positive
    @pytest.mark.parametrize('case',
                             creat_request_json('order_data.yaml', type='positive', interfaceName='createOrder'))
    def test_pay_api(self,case,pay_api,user_api,order_api):
        user_api.login(DEFAULT_USER['username'], DEFAULT_USER['password'])
        # 上游业务：创建订单
        response_order = order_api.create_order(case.get('order'))
        # 拿到刚刚创建的订单的订单号
        order_No = response_order.json().get('data')['orderNo']
    
        # 支付业务
        response_pay = pay_api.simulatePayment(order_No,case.get('metadata')['payMethod'])
        # HTTP和状态码断言
>       successful_response(response_pay)

test_cases\test_api\test_pay_api.py:24: 
_ _ _ _ _ _ _ _ _ _ _ _ _ _ _ _ _ _ _ _ _ _ _ _ _ _ _ _ _ _ _ _ _ _ _ _ _ _ _ _ _ _ _ _ _ _ _ _ _ _ _ _ _ _ _ _ _ _ _ _ _ _ _ _ _ _ _ _ _ _ _ _ _ _ _ _ _ _ _ _ _ _ _ _ _ _ _ _ _ _

response = <Response [200]>

    def successful_response(response):
        assert response.status_code == 200,f"HTTP返回码异常：实际返回{response.status_code}"
>       assert response.json()['code'] == 200,f"业务状态码异常：实际返回{response.json().get('code')}"
               ^^^^^^^^^^^^^^^^^^^^^^^^^^^^^^
E       AssertionError: 业务状态码异常：实际返回400

common\assert_utils.py:7: AssertionError
WARNING  2026-10-08 18:13-00 [pytest_result_log:128] : ---End: test_cases/test_api/test_pay_api.py::TestPayApi::test_pay_api[case14]---
WARNING  2026-10-08 18:13-00 [pytest_result_log:122] : --Start: test_cases/test_api/test_pay_api.py::TestPayApi::test_pay_api[case15]--
INFO     2026-10-08 18:13-00 [common.api_client:30] : 【POST请求】url=http://192.168.111.128:7070/auth/login, json={'username': 'lisi', 'password': '123456'}
INFO     2026-10-08 18:13-00 [common.api_client:32] : 【响应】status_code=200, body={"code":200,"message":"操作成功","data":{"id":316,"username":"lisi","token":"eyJhbGciOiJIUzI1NiJ9.eyJyb2xlIjoiVVNFUiIsInN1YiI6Imxpc2kiLCJpYXQiOjE3OTE0NTQzNzgsImV4cCI6MTc5MTU0MDc3OH0.qMePLTfNlJZhl4drSietejfgxPPaNsSTRebCgjKJHwk","role":"USER","avatar":null,"email":"2983192051@qq.com","realName":null}}
INFO     2026-10-08 18:13-00 [common.api_client:30] : 【POST请求】url=http://192.168.111.128:7070/orders, json={'totalAmount': 68, 'discountAmount': 0, 'actualAmount': 68, 'deliveryAddress': '山西省运城市临猗县北大街12号', 'deliveryName': '等价测试1', 'deliveryPhone': '13400134015', 'remark': None, 'orderItems': [{'productId': 1, 'productName': '桃源蜂蜜', 'productPrice': 68, 'quantity': 1, 'totalPrice': 68, 'productImage': None, 'productOrigin': None}]}
INFO     2026-10-08 18:13-00 [common.api_client:32] : 【响应】status_code=200, body={"code":200,"message":"操作成功","data":{"id":366,"orderNo":"20261008181258628091","userId":316,"totalAmount":68,"discountAmount":0,"actualAmount":68,"paymentMethod":null,"paymentStatus":0,"orderStatus":1,"deliveryAddress":"山西省运城市临猗县北大街12号","deliveryName":"等价测试1","deliveryPhone":"13400134015","remark":null,"paymentTime":null,"deliveryTime":null,"receivedTime":null,"cancelledTime":null,"cancelReason":null,"createdAt":"2026-10-08T18:12:58.95505394","updatedAt":"2026-10-08T18:12:58.955054461","orderItems":[{"id":380,"orderId":366,"productId":1,"productName":"桃源蜂蜜","productImage":null,"productPrice":68.00,"quantity":1,"totalPrice":68.00,"productOrigin":null,"createdAt":"2026-10-08T10:12:58"}],"statusDesc":"待支付","paymentStatusDesc":"待支付"}}
INFO     2026-10-08 18:13-00 [common.api_client:30] : 【POST请求】url=http://192.168.111.128:7070/orders/pay, json={'orderNo': '20261008181258628091', 'paymentMethod': None}
INFO     2026-10-08 18:13-00 [common.api_client:32] : 【响应】status_code=200, body={"code":400,"message":"支付方式不能为空","data":null}
ERROR    2026-10-08 18:13-00 [pytest_result_log:190] : test status is FAILED (test_cases/test_api/test_pay_api.py::TestPayApi::test_pay_api[case15]): AssertionError
INFO     2026-10-08 18:13-00 [pytest_result_log:194] : test_cases/test_api/test_pay_api.py::TestPayApi::test_pay_api[case15] -> self = <test_pay_api.TestPayApi object at 0x00000231F049B950>
case = {'order': {'totalAmount': 68, 'discountAmount': 0, 'actualAmount': 68, 'deliveryAddress': '山西省运城市临猗县北大街12号', ...}, 'metadata': {'scenario': '正向case15-等价类-地址为中文', 'type': 'positive', 'interfaceName': 'createOrder', 'payMethod': None, ...}}
pay_api = <api_objects.pay_api.PayApi object at 0x00000231F03F9E50>, user_api = <api_objects.user_api.UserApi object at 0x00000231F0431130>
order_api = <api_objects.order_api.OrderApi object at 0x00000231F043B950>

    @pytest.mark.pay
    @pytest.mark.positive
    @pytest.mark.parametrize('case',
                             creat_request_json('order_data.yaml', type='positive', interfaceName='createOrder'))
    def test_pay_api(self,case,pay_api,user_api,order_api):
        user_api.login(DEFAULT_USER['username'], DEFAULT_USER['password'])
        # 上游业务：创建订单
        response_order = order_api.create_order(case.get('order'))
        # 拿到刚刚创建的订单的订单号
        order_No = response_order.json().get('data')['orderNo']
    
        # 支付业务
        response_pay = pay_api.simulatePayment(order_No,case.get('metadata')['payMethod'])
        # HTTP和状态码断言
>       successful_response(response_pay)

test_cases\test_api\test_pay_api.py:24: 
_ _ _ _ _ _ _ _ _ _ _ _ _ _ _ _ _ _ _ _ _ _ _ _ _ _ _ _ _ _ _ _ _ _ _ _ _ _ _ _ _ _ _ _ _ _ _ _ _ _ _ _ _ _ _ _ _ _ _ _ _ _ _ _ _ _ _ _ _ _ _ _ _ _ _ _ _ _ _ _ _ _ _ _ _ _ _ _ _ _

response = <Response [200]>

    def successful_response(response):
        assert response.status_code == 200,f"HTTP返回码异常：实际返回{response.status_code}"
>       assert response.json()['code'] == 200,f"业务状态码异常：实际返回{response.json().get('code')}"
               ^^^^^^^^^^^^^^^^^^^^^^^^^^^^^^
E       AssertionError: 业务状态码异常：实际返回400

common\assert_utils.py:7: AssertionError
WARNING  2026-10-08 18:13-00 [pytest_result_log:128] : ---End: test_cases/test_api/test_pay_api.py::TestPayApi::test_pay_api[case15]---
WARNING  2026-10-08 18:13-00 [pytest_result_log:122] : --Start: test_cases/test_api/test_pay_api.py::TestPayApi::test_pay_api[case16]--
INFO     2026-10-08 18:13-00 [common.api_client:30] : 【POST请求】url=http://192.168.111.128:7070/auth/login, json={'username': 'lisi', 'password': '123456'}
INFO     2026-10-08 18:13-00 [common.api_client:32] : 【响应】status_code=200, body={"code":200,"message":"操作成功","data":{"id":316,"username":"lisi","token":"eyJhbGciOiJIUzI1NiJ9.eyJyb2xlIjoiVVNFUiIsInN1YiI6Imxpc2kiLCJpYXQiOjE3OTE0NTQzNzgsImV4cCI6MTc5MTU0MDc3OH0.qMePLTfNlJZhl4drSietejfgxPPaNsSTRebCgjKJHwk","role":"USER","avatar":null,"email":"2983192051@qq.com","realName":null}}
INFO     2026-10-08 18:13-00 [common.api_client:30] : 【POST请求】url=http://192.168.111.128:7070/orders, json={'totalAmount': 68, 'discountAmount': 0, 'actualAmount': 68, 'deliveryAddress': 'No.12 Beida St, Linyi County', 'deliveryName': '等价测试2', 'deliveryPhone': '13500135016', 'remark': None, 'orderItems': [{'productId': 1, 'productName': '桃源蜂蜜', 'productPrice': 68, 'quantity': 1, 'totalPrice': 68, 'productImage': None, 'productOrigin': None}]}
INFO     2026-10-08 18:13-00 [common.api_client:32] : 【响应】status_code=200, body={"code":200,"message":"操作成功","data":{"id":367,"orderNo":"20261008181259289001","userId":316,"totalAmount":68,"discountAmount":0,"actualAmount":68,"paymentMethod":null,"paymentStatus":0,"orderStatus":1,"deliveryAddress":"No.12 Beida St, Linyi County","deliveryName":"等价测试2","deliveryPhone":"13500135016","remark":null,"paymentTime":null,"deliveryTime":null,"receivedTime":null,"cancelledTime":null,"cancelReason":null,"createdAt":"2026-10-08T18:12:59.011180957","updatedAt":"2026-10-08T18:12:59.011182149","orderItems":[{"id":381,"orderId":367,"productId":1,"productName":"桃源蜂蜜","productImage":null,"productPrice":68.00,"quantity":1,"totalPrice":68.00,"productOrigin":null,"createdAt":"2026-10-08T10:12:59"}],"statusDesc":"待支付","paymentStatusDesc":"待支付"}}
INFO     2026-10-08 18:13-00 [common.api_client:30] : 【POST请求】url=http://192.168.111.128:7070/orders/pay, json={'orderNo': '20261008181259289001', 'paymentMethod': None}
INFO     2026-10-08 18:13-00 [common.api_client:32] : 【响应】status_code=200, body={"code":400,"message":"支付方式不能为空","data":null}
ERROR    2026-10-08 18:13-00 [pytest_result_log:190] : test status is FAILED (test_cases/test_api/test_pay_api.py::TestPayApi::test_pay_api[case16]): AssertionError
INFO     2026-10-08 18:13-00 [pytest_result_log:194] : test_cases/test_api/test_pay_api.py::TestPayApi::test_pay_api[case16] -> self = <test_pay_api.TestPayApi object at 0x00000231F0499D90>
case = {'order': {'totalAmount': 68, 'discountAmount': 0, 'actualAmount': 68, 'deliveryAddress': 'No.12 Beida St, Linyi Count...ta': {'scenario': '正向case16-等价类-地址为英文+数字', 'type': 'positive', 'interfaceName': 'createOrder', 'payMethod': None, ...}}
pay_api = <api_objects.pay_api.PayApi object at 0x00000231F03F9E50>, user_api = <api_objects.user_api.UserApi object at 0x00000231F0431130>
order_api = <api_objects.order_api.OrderApi object at 0x00000231F043B950>

    @pytest.mark.pay
    @pytest.mark.positive
    @pytest.mark.parametrize('case',
                             creat_request_json('order_data.yaml', type='positive', interfaceName='createOrder'))
    def test_pay_api(self,case,pay_api,user_api,order_api):
        user_api.login(DEFAULT_USER['username'], DEFAULT_USER['password'])
        # 上游业务：创建订单
        response_order = order_api.create_order(case.get('order'))
        # 拿到刚刚创建的订单的订单号
        order_No = response_order.json().get('data')['orderNo']
    
        # 支付业务
        response_pay = pay_api.simulatePayment(order_No,case.get('metadata')['payMethod'])
        # HTTP和状态码断言
>       successful_response(response_pay)

test_cases\test_api\test_pay_api.py:24: 
_ _ _ _ _ _ _ _ _ _ _ _ _ _ _ _ _ _ _ _ _ _ _ _ _ _ _ _ _ _ _ _ _ _ _ _ _ _ _ _ _ _ _ _ _ _ _ _ _ _ _ _ _ _ _ _ _ _ _ _ _ _ _ _ _ _ _ _ _ _ _ _ _ _ _ _ _ _ _ _ _ _ _ _ _ _ _ _ _ _

response = <Response [200]>

    def successful_response(response):
        assert response.status_code == 200,f"HTTP返回码异常：实际返回{response.status_code}"
>       assert response.json()['code'] == 200,f"业务状态码异常：实际返回{response.json().get('code')}"
               ^^^^^^^^^^^^^^^^^^^^^^^^^^^^^^
E       AssertionError: 业务状态码异常：实际返回400

common\assert_utils.py:7: AssertionError
WARNING  2026-10-08 18:13-00 [pytest_result_log:128] : ---End: test_cases/test_api/test_pay_api.py::TestPayApi::test_pay_api[case16]---
WARNING  2026-10-08 18:13-00 [pytest_result_log:122] : --Start: test_cases/test_api/test_pay_api.py::TestPayApi::test_pay_api[case17]--
INFO     2026-10-08 18:13-00 [common.api_client:30] : 【POST请求】url=http://192.168.111.128:7070/auth/login, json={'username': 'lisi', 'password': '123456'}
INFO     2026-10-08 18:13-00 [common.api_client:32] : 【响应】status_code=200, body={"code":200,"message":"操作成功","data":{"id":316,"username":"lisi","token":"eyJhbGciOiJIUzI1NiJ9.eyJyb2xlIjoiVVNFUiIsInN1YiI6Imxpc2kiLCJpYXQiOjE3OTE0NTQzNzksImV4cCI6MTc5MTU0MDc3OX0.jyBW0b3ZMNZY96CeKMbBOQ5OMej7sFsLiz6WQZo-imQ","role":"USER","avatar":null,"email":"2983192051@qq.com","realName":null}}
INFO     2026-10-08 18:13-00 [common.api_client:30] : 【POST请求】url=http://192.168.111.128:7070/orders, json={'totalAmount': 68, 'discountAmount': 0, 'actualAmount': 68, 'deliveryAddress': '北京市朝阳区望京SOHO T1-1808室', 'deliveryName': '等价测试3', 'deliveryPhone': '13600136017', 'remark': None, 'orderItems': [{'productId': 1, 'productName': '桃源蜂蜜', 'productPrice': 68, 'quantity': 1, 'totalPrice': 68, 'productImage': None, 'productOrigin': None}]}
INFO     2026-10-08 18:13-00 [common.api_client:32] : 【响应】status_code=200, body={"code":200,"message":"操作成功","data":{"id":368,"orderNo":"20261008181259314754","userId":316,"totalAmount":68,"discountAmount":0,"actualAmount":68,"paymentMethod":null,"paymentStatus":0,"orderStatus":1,"deliveryAddress":"北京市朝阳区望京SOHO T1-1808室","deliveryName":"等价测试3","deliveryPhone":"13600136017","remark":null,"paymentTime":null,"deliveryTime":null,"receivedTime":null,"cancelledTime":null,"cancelReason":null,"createdAt":"2026-10-08T18:12:59.077596875","updatedAt":"2026-10-08T18:12:59.077597756","orderItems":[{"id":382,"orderId":368,"productId":1,"productName":"桃源蜂蜜","productImage":null,"productPrice":68.00,"quantity":1,"totalPrice":68.00,"productOrigin":null,"createdAt":"2026-10-08T10:12:59"}],"statusDesc":"待支付","paymentStatusDesc":"待支付"}}
INFO     2026-10-08 18:13-00 [common.api_client:30] : 【POST请求】url=http://192.168.111.128:7070/orders/pay, json={'orderNo': '20261008181259314754', 'paymentMethod': None}
INFO     2026-10-08 18:13-00 [common.api_client:32] : 【响应】status_code=200, body={"code":400,"message":"支付方式不能为空","data":null}
ERROR    2026-10-08 18:13-00 [pytest_result_log:190] : test status is FAILED (test_cases/test_api/test_pay_api.py::TestPayApi::test_pay_api[case17]): AssertionError
INFO     2026-10-08 18:13-00 [pytest_result_log:194] : test_cases/test_api/test_pay_api.py::TestPayApi::test_pay_api[case17] -> self = <test_pay_api.TestPayApi object at 0x00000231F0499EE0>
case = {'order': {'totalAmount': 68, 'discountAmount': 0, 'actualAmount': 68, 'deliveryAddress': '北京市朝阳区望京SOHO T1-1808室', ...... {'scenario': '正向case17-等价类-地址中文+英文+数字混合', 'type': 'positive', 'interfaceName': 'createOrder', 'payMethod': None, ...}}
pay_api = <api_objects.pay_api.PayApi object at 0x00000231F03F9E50>, user_api = <api_objects.user_api.UserApi object at 0x00000231F0431130>
order_api = <api_objects.order_api.OrderApi object at 0x00000231F043B950>

    @pytest.mark.pay
    @pytest.mark.positive
    @pytest.mark.parametrize('case',
                             creat_request_json('order_data.yaml', type='positive', interfaceName='createOrder'))
    def test_pay_api(self,case,pay_api,user_api,order_api):
        user_api.login(DEFAULT_USER['username'], DEFAULT_USER['password'])
        # 上游业务：创建订单
        response_order = order_api.create_order(case.get('order'))
        # 拿到刚刚创建的订单的订单号
        order_No = response_order.json().get('data')['orderNo']
    
        # 支付业务
        response_pay = pay_api.simulatePayment(order_No,case.get('metadata')['payMethod'])
        # HTTP和状态码断言
>       successful_response(response_pay)

test_cases\test_api\test_pay_api.py:24: 
_ _ _ _ _ _ _ _ _ _ _ _ _ _ _ _ _ _ _ _ _ _ _ _ _ _ _ _ _ _ _ _ _ _ _ _ _ _ _ _ _ _ _ _ _ _ _ _ _ _ _ _ _ _ _ _ _ _ _ _ _ _ _ _ _ _ _ _ _ _ _ _ _ _ _ _ _ _ _ _ _ _ _ _ _ _ _ _ _ _

response = <Response [200]>

    def successful_response(response):
        assert response.status_code == 200,f"HTTP返回码异常：实际返回{response.status_code}"
>       assert response.json()['code'] == 200,f"业务状态码异常：实际返回{response.json().get('code')}"
               ^^^^^^^^^^^^^^^^^^^^^^^^^^^^^^
E       AssertionError: 业务状态码异常：实际返回400

common\assert_utils.py:7: AssertionError
WARNING  2026-10-08 18:13-00 [pytest_result_log:128] : ---End: test_cases/test_api/test_pay_api.py::TestPayApi::test_pay_api[case17]---
WARNING  2026-10-08 18:13-00 [pytest_result_log:122] : --Start: test_cases/test_api/test_pay_api.py::TestPayApi::test_pay_api[case18]--
INFO     2026-10-08 18:13-00 [common.api_client:30] : 【POST请求】url=http://192.168.111.128:7070/auth/login, json={'username': 'lisi', 'password': '123456'}
INFO     2026-10-08 18:13-00 [common.api_client:32] : 【响应】status_code=200, body={"code":200,"message":"操作成功","data":{"id":316,"username":"lisi","token":"eyJhbGciOiJIUzI1NiJ9.eyJyb2xlIjoiVVNFUiIsInN1YiI6Imxpc2kiLCJpYXQiOjE3OTE0NTQzNzksImV4cCI6MTc5MTU0MDc3OX0.jyBW0b3ZMNZY96CeKMbBOQ5OMej7sFsLiz6WQZo-imQ","role":"USER","avatar":null,"email":"2983192051@qq.com","realName":null}}
INFO     2026-10-08 18:13-00 [common.api_client:30] : 【POST请求】url=http://192.168.111.128:7070/orders, json={'totalAmount': 68, 'discountAmount': 0, 'actualAmount': 68, 'deliveryAddress': '测试地址', 'deliveryName': '张三', 'deliveryPhone': '13700137018', 'remark': None, 'orderItems': [{'productId': 1, 'productName': '桃源蜂蜜', 'productPrice': 68, 'quantity': 1, 'totalPrice': 68, 'productImage': None, 'productOrigin': None}]}
INFO     2026-10-08 18:13-00 [common.api_client:32] : 【响应】status_code=200, body={"code":200,"message":"操作成功","data":{"id":369,"orderNo":"20261008181259167730","userId":316,"totalAmount":68,"discountAmount":0,"actualAmount":68,"paymentMethod":null,"paymentStatus":0,"orderStatus":1,"deliveryAddress":"测试地址","deliveryName":"张三","deliveryPhone":"13700137018","remark":null,"paymentTime":null,"deliveryTime":null,"receivedTime":null,"cancelledTime":null,"cancelReason":null,"createdAt":"2026-10-08T18:12:59.13944384","updatedAt":"2026-10-08T18:12:59.139444331","orderItems":[{"id":383,"orderId":369,"productId":1,"productName":"桃源蜂蜜","productImage":null,"productPrice":68.00,"quantity":1,"totalPrice":68.00,"productOrigin":null,"createdAt":"2026-10-08T10:12:59"}],"statusDesc":"待支付","paymentStatusDesc":"待支付"}}
INFO     2026-10-08 18:13-00 [common.api_client:30] : 【POST请求】url=http://192.168.111.128:7070/orders/pay, json={'orderNo': '20261008181259167730', 'paymentMethod': None}
INFO     2026-10-08 18:13-00 [common.api_client:32] : 【响应】status_code=200, body={"code":400,"message":"支付方式不能为空","data":null}
ERROR    2026-10-08 18:13-00 [pytest_result_log:190] : test status is FAILED (test_cases/test_api/test_pay_api.py::TestPayApi::test_pay_api[case18]): AssertionError
INFO     2026-10-08 18:13-00 [pytest_result_log:194] : test_cases/test_api/test_pay_api.py::TestPayApi::test_pay_api[case18] -> self = <test_pay_api.TestPayApi object at 0x00000231F0499D30>
case = {'order': {'totalAmount': 68, 'discountAmount': 0, 'actualAmount': 68, 'deliveryAddress': '测试地址', ...}, 'metadata': {'scenario': '正向case20-等价类-姓名为中文', 'type': 'positive', 'interfaceName': 'createOrder', 'payMethod': None, ...}}
pay_api = <api_objects.pay_api.PayApi object at 0x00000231F03F9E50>, user_api = <api_objects.user_api.UserApi object at 0x00000231F0431130>
order_api = <api_objects.order_api.OrderApi object at 0x00000231F043B950>

    @pytest.mark.pay
    @pytest.mark.positive
    @pytest.mark.parametrize('case',
                             creat_request_json('order_data.yaml', type='positive', interfaceName='createOrder'))
    def test_pay_api(self,case,pay_api,user_api,order_api):
        user_api.login(DEFAULT_USER['username'], DEFAULT_USER['password'])
        # 上游业务：创建订单
        response_order = order_api.create_order(case.get('order'))
        # 拿到刚刚创建的订单的订单号
        order_No = response_order.json().get('data')['orderNo']
    
        # 支付业务
        response_pay = pay_api.simulatePayment(order_No,case.get('metadata')['payMethod'])
        # HTTP和状态码断言
>       successful_response(response_pay)

test_cases\test_api\test_pay_api.py:24: 
_ _ _ _ _ _ _ _ _ _ _ _ _ _ _ _ _ _ _ _ _ _ _ _ _ _ _ _ _ _ _ _ _ _ _ _ _ _ _ _ _ _ _ _ _ _ _ _ _ _ _ _ _ _ _ _ _ _ _ _ _ _ _ _ _ _ _ _ _ _ _ _ _ _ _ _ _ _ _ _ _ _ _ _ _ _ _ _ _ _

response = <Response [200]>

    def successful_response(response):
        assert response.status_code == 200,f"HTTP返回码异常：实际返回{response.status_code}"
>       assert response.json()['code'] == 200,f"业务状态码异常：实际返回{response.json().get('code')}"
               ^^^^^^^^^^^^^^^^^^^^^^^^^^^^^^
E       AssertionError: 业务状态码异常：实际返回400

common\assert_utils.py:7: AssertionError
WARNING  2026-10-08 18:13-00 [pytest_result_log:128] : ---End: test_cases/test_api/test_pay_api.py::TestPayApi::test_pay_api[case18]---
WARNING  2026-10-08 18:13-00 [pytest_result_log:122] : --Start: test_cases/test_api/test_pay_api.py::TestPayApi::test_pay_api[case19]--
INFO     2026-10-08 18:13-00 [common.api_client:30] : 【POST请求】url=http://192.168.111.128:7070/auth/login, json={'username': 'lisi', 'password': '123456'}
INFO     2026-10-08 18:13-00 [common.api_client:32] : 【响应】status_code=200, body={"code":200,"message":"操作成功","data":{"id":316,"username":"lisi","token":"eyJhbGciOiJIUzI1NiJ9.eyJyb2xlIjoiVVNFUiIsInN1YiI6Imxpc2kiLCJpYXQiOjE3OTE0NTQzNzksImV4cCI6MTc5MTU0MDc3OX0.jyBW0b3ZMNZY96CeKMbBOQ5OMej7sFsLiz6WQZo-imQ","role":"USER","avatar":null,"email":"2983192051@qq.com","realName":null}}
INFO     2026-10-08 18:13-00 [common.api_client:30] : 【POST请求】url=http://192.168.111.128:7070/orders, json={'totalAmount': 68, 'discountAmount': 0, 'actualAmount': 68, 'deliveryAddress': '测试地址', 'deliveryName': '王·五', 'deliveryPhone': '13800138019', 'remark': None, 'orderItems': [{'productId': 1, 'productName': '桃源蜂蜜', 'productPrice': 68, 'quantity': 1, 'totalPrice': 68, 'productImage': None, 'productOrigin': None}]}
INFO     2026-10-08 18:13-00 [common.api_client:32] : 【响应】status_code=200, body={"code":200,"message":"操作成功","data":{"id":370,"orderNo":"20261008181259142428","userId":316,"totalAmount":68,"discountAmount":0,"actualAmount":68,"paymentMethod":null,"paymentStatus":0,"orderStatus":1,"deliveryAddress":"测试地址","deliveryName":"王·五","deliveryPhone":"13800138019","remark":null,"paymentTime":null,"deliveryTime":null,"receivedTime":null,"cancelledTime":null,"cancelReason":null,"createdAt":"2026-10-08T18:12:59.216948316","updatedAt":"2026-10-08T18:12:59.216948827","orderItems":[{"id":384,"orderId":370,"productId":1,"productName":"桃源蜂蜜","productImage":null,"productPrice":68.00,"quantity":1,"totalPrice":68.00,"productOrigin":null,"createdAt":"2026-10-08T10:12:59"}],"statusDesc":"待支付","paymentStatusDesc":"待支付"}}
INFO     2026-10-08 18:13-00 [common.api_client:30] : 【POST请求】url=http://192.168.111.128:7070/orders/pay, json={'orderNo': '20261008181259142428', 'paymentMethod': None}
INFO     2026-10-08 18:13-00 [common.api_client:32] : 【响应】status_code=200, body={"code":400,"message":"支付方式不能为空","data":null}
ERROR    2026-10-08 18:13-00 [pytest_result_log:190] : test status is FAILED (test_cases/test_api/test_pay_api.py::TestPayApi::test_pay_api[case19]): AssertionError
INFO     2026-10-08 18:13-00 [pytest_result_log:194] : test_cases/test_api/test_pay_api.py::TestPayApi::test_pay_api[case19] -> self = <test_pay_api.TestPayApi object at 0x00000231F0499F40>
case = {'order': {'totalAmount': 68, 'discountAmount': 0, 'actualAmount': 68, 'deliveryAddress': '测试地址', ...}, 'metadata': {'scenario': '正向case21-等价类-姓名含特殊字符', 'type': 'positive', 'interfaceName': 'createOrder', 'payMethod': None, ...}}
pay_api = <api_objects.pay_api.PayApi object at 0x00000231F03F9E50>, user_api = <api_objects.user_api.UserApi object at 0x00000231F0431130>
order_api = <api_objects.order_api.OrderApi object at 0x00000231F043B950>

    @pytest.mark.pay
    @pytest.mark.positive
    @pytest.mark.parametrize('case',
                             creat_request_json('order_data.yaml', type='positive', interfaceName='createOrder'))
    def test_pay_api(self,case,pay_api,user_api,order_api):
        user_api.login(DEFAULT_USER['username'], DEFAULT_USER['password'])
        # 上游业务：创建订单
        response_order = order_api.create_order(case.get('order'))
        # 拿到刚刚创建的订单的订单号
        order_No = response_order.json().get('data')['orderNo']
    
        # 支付业务
        response_pay = pay_api.simulatePayment(order_No,case.get('metadata')['payMethod'])
        # HTTP和状态码断言
>       successful_response(response_pay)

test_cases\test_api\test_pay_api.py:24: 
_ _ _ _ _ _ _ _ _ _ _ _ _ _ _ _ _ _ _ _ _ _ _ _ _ _ _ _ _ _ _ _ _ _ _ _ _ _ _ _ _ _ _ _ _ _ _ _ _ _ _ _ _ _ _ _ _ _ _ _ _ _ _ _ _ _ _ _ _ _ _ _ _ _ _ _ _ _ _ _ _ _ _ _ _ _ _ _ _ _

response = <Response [200]>

    def successful_response(response):
        assert response.status_code == 200,f"HTTP返回码异常：实际返回{response.status_code}"
>       assert response.json()['code'] == 200,f"业务状态码异常：实际返回{response.json().get('code')}"
               ^^^^^^^^^^^^^^^^^^^^^^^^^^^^^^
E       AssertionError: 业务状态码异常：实际返回400

common\assert_utils.py:7: AssertionError
WARNING  2026-10-08 18:13-00 [pytest_result_log:128] : ---End: test_cases/test_api/test_pay_api.py::TestPayApi::test_pay_api[case19]---
WARNING  2026-10-08 18:13-00 [pytest_result_log:122] : --Start: test_cases/test_api/test_pay_api.py::TestPayApi::test_pay_api[case20]--
INFO     2026-10-08 18:13-00 [common.api_client:30] : 【POST请求】url=http://192.168.111.128:7070/auth/login, json={'username': 'lisi', 'password': '123456'}
INFO     2026-10-08 18:13-00 [common.api_client:32] : 【响应】status_code=200, body={"code":200,"message":"操作成功","data":{"id":316,"username":"lisi","token":"eyJhbGciOiJIUzI1NiJ9.eyJyb2xlIjoiVVNFUiIsInN1YiI6Imxpc2kiLCJpYXQiOjE3OTE0NTQzNzksImV4cCI6MTc5MTU0MDc3OX0.jyBW0b3ZMNZY96CeKMbBOQ5OMej7sFsLiz6WQZo-imQ","role":"USER","avatar":null,"email":"2983192051@qq.com","realName":null}}
INFO     2026-10-08 18:13-00 [common.api_client:30] : 【POST请求】url=http://192.168.111.128:7070/orders, json={'totalAmount': 68, 'discountAmount': 0, 'actualAmount': 68, 'deliveryAddress': '测试地址', 'deliveryName': '等价测试4', 'deliveryPhone': '19800198020', 'remark': None, 'orderItems': [{'productId': 1, 'productName': '桃源蜂蜜', 'productPrice': 68, 'quantity': 1, 'totalPrice': 68, 'productImage': None, 'productOrigin': None}]}
INFO     2026-10-08 18:13-00 [common.api_client:32] : 【响应】status_code=200, body={"code":200,"message":"操作成功","data":{"id":371,"orderNo":"20261008181259505892","userId":316,"totalAmount":68,"discountAmount":0,"actualAmount":68,"paymentMethod":null,"paymentStatus":0,"orderStatus":1,"deliveryAddress":"测试地址","deliveryName":"等价测试4","deliveryPhone":"19800198020","remark":null,"paymentTime":null,"deliveryTime":null,"receivedTime":null,"cancelledTime":null,"cancelReason":null,"createdAt":"2026-10-08T18:12:59.283377644","updatedAt":"2026-10-08T18:12:59.283378205","orderItems":[{"id":385,"orderId":371,"productId":1,"productName":"桃源蜂蜜","productImage":null,"productPrice":68.00,"quantity":1,"totalPrice":68.00,"productOrigin":null,"createdAt":"2026-10-08T10:12:59"}],"statusDesc":"待支付","paymentStatusDesc":"待支付"}}
INFO     2026-10-08 18:13-00 [common.api_client:30] : 【POST请求】url=http://192.168.111.128:7070/orders/pay, json={'orderNo': '20261008181259505892', 'paymentMethod': None}
INFO     2026-10-08 18:13-00 [common.api_client:32] : 【响应】status_code=200, body={"code":400,"message":"支付方式不能为空","data":null}
ERROR    2026-10-08 18:13-00 [pytest_result_log:190] : test status is FAILED (test_cases/test_api/test_pay_api.py::TestPayApi::test_pay_api[case20]): AssertionError
INFO     2026-10-08 18:13-00 [pytest_result_log:194] : test_cases/test_api/test_pay_api.py::TestPayApi::test_pay_api[case20] -> self = <test_pay_api.TestPayApi object at 0x00000231F049A270>
case = {'order': {'totalAmount': 68, 'discountAmount': 0, 'actualAmount': 68, 'deliveryAddress': '测试地址', ...}, 'metadata': {'scenario': '正向case22-等价类-手机号以1开头11位', 'type': 'positive', 'interfaceName': 'createOrder', 'payMethod': None, ...}}
pay_api = <api_objects.pay_api.PayApi object at 0x00000231F03F9E50>, user_api = <api_objects.user_api.UserApi object at 0x00000231F0431130>
order_api = <api_objects.order_api.OrderApi object at 0x00000231F043B950>

    @pytest.mark.pay
    @pytest.mark.positive
    @pytest.mark.parametrize('case',
                             creat_request_json('order_data.yaml', type='positive', interfaceName='createOrder'))
    def test_pay_api(self,case,pay_api,user_api,order_api):
        user_api.login(DEFAULT_USER['username'], DEFAULT_USER['password'])
        # 上游业务：创建订单
        response_order = order_api.create_order(case.get('order'))
        # 拿到刚刚创建的订单的订单号
        order_No = response_order.json().get('data')['orderNo']
    
        # 支付业务
        response_pay = pay_api.simulatePayment(order_No,case.get('metadata')['payMethod'])
        # HTTP和状态码断言
>       successful_response(response_pay)

test_cases\test_api\test_pay_api.py:24: 
_ _ _ _ _ _ _ _ _ _ _ _ _ _ _ _ _ _ _ _ _ _ _ _ _ _ _ _ _ _ _ _ _ _ _ _ _ _ _ _ _ _ _ _ _ _ _ _ _ _ _ _ _ _ _ _ _ _ _ _ _ _ _ _ _ _ _ _ _ _ _ _ _ _ _ _ _ _ _ _ _ _ _ _ _ _ _ _ _ _

response = <Response [200]>

    def successful_response(response):
        assert response.status_code == 200,f"HTTP返回码异常：实际返回{response.status_code}"
>       assert response.json()['code'] == 200,f"业务状态码异常：实际返回{response.json().get('code')}"
               ^^^^^^^^^^^^^^^^^^^^^^^^^^^^^^
E       AssertionError: 业务状态码异常：实际返回400

common\assert_utils.py:7: AssertionError
WARNING  2026-10-08 18:13-00 [pytest_result_log:128] : ---End: test_cases/test_api/test_pay_api.py::TestPayApi::test_pay_api[case20]---
WARNING  2026-10-08 18:13-00 [pytest_result_log:122] : --Start: test_cases/test_api/test_pay_api.py::TestPayApi::test_pay_api[case21]--
INFO     2026-10-08 18:13-00 [common.api_client:30] : 【POST请求】url=http://192.168.111.128:7070/auth/login, json={'username': 'lisi', 'password': '123456'}
INFO     2026-10-08 18:13-00 [common.api_client:32] : 【响应】status_code=200, body={"code":200,"message":"操作成功","data":{"id":316,"username":"lisi","token":"eyJhbGciOiJIUzI1NiJ9.eyJyb2xlIjoiVVNFUiIsInN1YiI6Imxpc2kiLCJpYXQiOjE3OTE0NTQzNzksImV4cCI6MTc5MTU0MDc3OX0.jyBW0b3ZMNZY96CeKMbBOQ5OMej7sFsLiz6WQZo-imQ","role":"USER","avatar":null,"email":"2983192051@qq.com","realName":null}}
INFO     2026-10-08 18:13-00 [common.api_client:30] : 【POST请求】url=http://192.168.111.128:7070/orders, json={'totalAmount': 68, 'discountAmount': 0, 'actualAmount': 68, 'deliveryAddress': '测试地址', 'deliveryName': '等价测试5', 'deliveryPhone': '18600186021', 'remark': None, 'orderItems': [{'productId': 1, 'productName': '桃源蜂蜜', 'productPrice': 68, 'quantity': 1, 'totalPrice': 68, 'productImage': None, 'productOrigin': None}]}
INFO     2026-10-08 18:13-00 [common.api_client:32] : 【响应】status_code=200, body={"code":200,"message":"操作成功","data":{"id":372,"orderNo":"20261008181259260961","userId":316,"totalAmount":68,"discountAmount":0,"actualAmount":68,"paymentMethod":null,"paymentStatus":0,"orderStatus":1,"deliveryAddress":"测试地址","deliveryName":"等价测试5","deliveryPhone":"18600186021","remark":null,"paymentTime":null,"deliveryTime":null,"receivedTime":null,"cancelledTime":null,"cancelReason":null,"createdAt":"2026-10-08T18:12:59.354569918","updatedAt":"2026-10-08T18:12:59.354570419","orderItems":[{"id":386,"orderId":372,"productId":1,"productName":"桃源蜂蜜","productImage":null,"productPrice":68.00,"quantity":1,"totalPrice":68.00,"productOrigin":null,"createdAt":"2026-10-08T10:12:59"}],"statusDesc":"待支付","paymentStatusDesc":"待支付"}}
INFO     2026-10-08 18:13-00 [common.api_client:30] : 【POST请求】url=http://192.168.111.128:7070/orders/pay, json={'orderNo': '20261008181259260961', 'paymentMethod': None}
INFO     2026-10-08 18:13-00 [common.api_client:32] : 【响应】status_code=200, body={"code":400,"message":"支付方式不能为空","data":null}
ERROR    2026-10-08 18:13-00 [pytest_result_log:190] : test status is FAILED (test_cases/test_api/test_pay_api.py::TestPayApi::test_pay_api[case21]): AssertionError
INFO     2026-10-08 18:13-00 [pytest_result_log:194] : test_cases/test_api/test_pay_api.py::TestPayApi::test_pay_api[case21] -> self = <test_pay_api.TestPayApi object at 0x00000231F049A090>
case = {'order': {'totalAmount': 68, 'discountAmount': 0, 'actualAmount': 68, 'deliveryAddress': '测试地址', ...}, 'metadata': {'scenario': '正向case23-等价类-手机号为联通号段', 'type': 'positive', 'interfaceName': 'createOrder', 'payMethod': None, ...}}
pay_api = <api_objects.pay_api.PayApi object at 0x00000231F03F9E50>, user_api = <api_objects.user_api.UserApi object at 0x00000231F0431130>
order_api = <api_objects.order_api.OrderApi object at 0x00000231F043B950>

    @pytest.mark.pay
    @pytest.mark.positive
    @pytest.mark.parametrize('case',
                             creat_request_json('order_data.yaml', type='positive', interfaceName='createOrder'))
    def test_pay_api(self,case,pay_api,user_api,order_api):
        user_api.login(DEFAULT_USER['username'], DEFAULT_USER['password'])
        # 上游业务：创建订单
        response_order = order_api.create_order(case.get('order'))
        # 拿到刚刚创建的订单的订单号
        order_No = response_order.json().get('data')['orderNo']
    
        # 支付业务
        response_pay = pay_api.simulatePayment(order_No,case.get('metadata')['payMethod'])
        # HTTP和状态码断言
>       successful_response(response_pay)

test_cases\test_api\test_pay_api.py:24: 
_ _ _ _ _ _ _ _ _ _ _ _ _ _ _ _ _ _ _ _ _ _ _ _ _ _ _ _ _ _ _ _ _ _ _ _ _ _ _ _ _ _ _ _ _ _ _ _ _ _ _ _ _ _ _ _ _ _ _ _ _ _ _ _ _ _ _ _ _ _ _ _ _ _ _ _ _ _ _ _ _ _ _ _ _ _ _ _ _ _

response = <Response [200]>

    def successful_response(response):
        assert response.status_code == 200,f"HTTP返回码异常：实际返回{response.status_code}"
>       assert response.json()['code'] == 200,f"业务状态码异常：实际返回{response.json().get('code')}"
               ^^^^^^^^^^^^^^^^^^^^^^^^^^^^^^
E       AssertionError: 业务状态码异常：实际返回400

common\assert_utils.py:7: AssertionError
WARNING  2026-10-08 18:13-00 [pytest_result_log:128] : ---End: test_cases/test_api/test_pay_api.py::TestPayApi::test_pay_api[case21]---
WARNING  2026-10-08 18:13-00 [pytest_result_log:122] : --Start: test_cases/test_api/test_pay_api.py::TestPayApi::test_pay_api[case22]--
INFO     2026-10-08 18:13-00 [common.api_client:30] : 【POST请求】url=http://192.168.111.128:7070/auth/login, json={'username': 'lisi', 'password': '123456'}
INFO     2026-10-08 18:13-00 [common.api_client:32] : 【响应】status_code=200, body={"code":200,"message":"操作成功","data":{"id":316,"username":"lisi","token":"eyJhbGciOiJIUzI1NiJ9.eyJyb2xlIjoiVVNFUiIsInN1YiI6Imxpc2kiLCJpYXQiOjE3OTE0NTQzNzksImV4cCI6MTc5MTU0MDc3OX0.jyBW0b3ZMNZY96CeKMbBOQ5OMej7sFsLiz6WQZo-imQ","role":"USER","avatar":null,"email":"2983192051@qq.com","realName":null}}
INFO     2026-10-08 18:13-00 [common.api_client:30] : 【POST请求】url=http://192.168.111.128:7070/orders, json={'totalAmount': 68, 'discountAmount': 0, 'actualAmount': 68, 'deliveryAddress': '测试地址', 'deliveryName': '等价测试6', 'deliveryPhone': '18700187022', 'remark': None, 'orderItems': [{'productId': 1, 'productName': '桃源蜂蜜', 'productPrice': 68, 'quantity': 1, 'totalPrice': 68, 'productImage': None, 'productOrigin': None}]}
INFO     2026-10-08 18:13-00 [common.api_client:32] : 【响应】status_code=200, body={"code":200,"message":"操作成功","data":{"id":373,"orderNo":"20261008181259926003","userId":316,"totalAmount":68,"discountAmount":0,"actualAmount":68,"paymentMethod":null,"paymentStatus":0,"orderStatus":1,"deliveryAddress":"测试地址","deliveryName":"等价测试6","deliveryPhone":"18700187022","remark":null,"paymentTime":null,"deliveryTime":null,"receivedTime":null,"cancelledTime":null,"cancelReason":null,"createdAt":"2026-10-08T18:12:59.480420513","updatedAt":"2026-10-08T18:12:59.480421034","orderItems":[{"id":387,"orderId":373,"productId":1,"productName":"桃源蜂蜜","productImage":null,"productPrice":68.00,"quantity":1,"totalPrice":68.00,"productOrigin":null,"createdAt":"2026-10-08T10:12:59"}],"statusDesc":"待支付","paymentStatusDesc":"待支付"}}
INFO     2026-10-08 18:13-00 [common.api_client:30] : 【POST请求】url=http://192.168.111.128:7070/orders/pay, json={'orderNo': '20261008181259926003', 'paymentMethod': None}
INFO     2026-10-08 18:13-00 [common.api_client:32] : 【响应】status_code=200, body={"code":400,"message":"支付方式不能为空","data":null}
ERROR    2026-10-08 18:13-00 [pytest_result_log:190] : test status is FAILED (test_cases/test_api/test_pay_api.py::TestPayApi::test_pay_api[case22]): AssertionError
INFO     2026-10-08 18:13-00 [pytest_result_log:194] : test_cases/test_api/test_pay_api.py::TestPayApi::test_pay_api[case22] -> self = <test_pay_api.TestPayApi object at 0x00000231F049A1B0>
case = {'order': {'totalAmount': 68, 'discountAmount': 0, 'actualAmount': 68, 'deliveryAddress': '测试地址', ...}, 'metadata': {'scenario': '正向case24-等价类-商品名称为中文', 'type': 'positive', 'interfaceName': 'createOrder', 'payMethod': None, ...}}
pay_api = <api_objects.pay_api.PayApi object at 0x00000231F03F9E50>, user_api = <api_objects.user_api.UserApi object at 0x00000231F0431130>
order_api = <api_objects.order_api.OrderApi object at 0x00000231F043B950>

    @pytest.mark.pay
    @pytest.mark.positive
    @pytest.mark.parametrize('case',
                             creat_request_json('order_data.yaml', type='positive', interfaceName='createOrder'))
    def test_pay_api(self,case,pay_api,user_api,order_api):
        user_api.login(DEFAULT_USER['username'], DEFAULT_USER['password'])
        # 上游业务：创建订单
        response_order = order_api.create_order(case.get('order'))
        # 拿到刚刚创建的订单的订单号
        order_No = response_order.json().get('data')['orderNo']
    
        # 支付业务
        response_pay = pay_api.simulatePayment(order_No,case.get('metadata')['payMethod'])
        # HTTP和状态码断言
>       successful_response(response_pay)

test_cases\test_api\test_pay_api.py:24: 
_ _ _ _ _ _ _ _ _ _ _ _ _ _ _ _ _ _ _ _ _ _ _ _ _ _ _ _ _ _ _ _ _ _ _ _ _ _ _ _ _ _ _ _ _ _ _ _ _ _ _ _ _ _ _ _ _ _ _ _ _ _ _ _ _ _ _ _ _ _ _ _ _ _ _ _ _ _ _ _ _ _ _ _ _ _ _ _ _ _

response = <Response [200]>

    def successful_response(response):
        assert response.status_code == 200,f"HTTP返回码异常：实际返回{response.status_code}"
>       assert response.json()['code'] == 200,f"业务状态码异常：实际返回{response.json().get('code')}"
               ^^^^^^^^^^^^^^^^^^^^^^^^^^^^^^
E       AssertionError: 业务状态码异常：实际返回400

common\assert_utils.py:7: AssertionError
WARNING  2026-10-08 18:13-00 [pytest_result_log:128] : ---End: test_cases/test_api/test_pay_api.py::TestPayApi::test_pay_api[case22]---
WARNING  2026-10-08 18:13-00 [pytest_result_log:122] : --Start: test_cases/test_api/test_pay_api.py::TestPayApi::test_pay_api[case23]--
INFO     2026-10-08 18:13-00 [common.api_client:30] : 【POST请求】url=http://192.168.111.128:7070/auth/login, json={'username': 'lisi', 'password': '123456'}
INFO     2026-10-08 18:13-00 [common.api_client:32] : 【响应】status_code=200, body={"code":200,"message":"操作成功","data":{"id":316,"username":"lisi","token":"eyJhbGciOiJIUzI1NiJ9.eyJyb2xlIjoiVVNFUiIsInN1YiI6Imxpc2kiLCJpYXQiOjE3OTE0NTQzNzksImV4cCI6MTc5MTU0MDc3OX0.jyBW0b3ZMNZY96CeKMbBOQ5OMej7sFsLiz6WQZo-imQ","role":"USER","avatar":null,"email":"2983192051@qq.com","realName":null}}
INFO     2026-10-08 18:13-00 [common.api_client:30] : 【POST请求】url=http://192.168.111.128:7070/orders, json={'totalAmount': 68, 'discountAmount': 0, 'actualAmount': 68, 'deliveryAddress': '测试地址', 'deliveryName': '等价测试7', 'deliveryPhone': '18800188023', 'remark': None, 'orderItems': [{'productId': 1, 'productName': '桃源蜂蜜', 'productPrice': 68, 'quantity': 1, 'totalPrice': 68, 'productImage': None, 'productOrigin': None}]}
INFO     2026-10-08 18:13-00 [common.api_client:32] : 【响应】status_code=200, body={"code":200,"message":"操作成功","data":{"id":374,"orderNo":"20261008181259821869","userId":316,"totalAmount":68,"discountAmount":0,"actualAmount":68,"paymentMethod":null,"paymentStatus":0,"orderStatus":1,"deliveryAddress":"测试地址","deliveryName":"等价测试7","deliveryPhone":"18800188023","remark":null,"paymentTime":null,"deliveryTime":null,"receivedTime":null,"cancelledTime":null,"cancelReason":null,"createdAt":"2026-10-08T18:12:59.560179798","updatedAt":"2026-10-08T18:12:59.560183354","orderItems":[{"id":388,"orderId":374,"productId":1,"productName":"桃源蜂蜜","productImage":null,"productPrice":68.00,"quantity":1,"totalPrice":68.00,"productOrigin":null,"createdAt":"2026-10-08T10:12:59"}],"statusDesc":"待支付","paymentStatusDesc":"待支付"}}
INFO     2026-10-08 18:13-00 [common.api_client:30] : 【POST请求】url=http://192.168.111.128:7070/orders/pay, json={'orderNo': '20261008181259821869', 'paymentMethod': None}
INFO     2026-10-08 18:13-00 [common.api_client:32] : 【响应】status_code=200, body={"code":400,"message":"支付方式不能为空","data":null}
ERROR    2026-10-08 18:13-00 [pytest_result_log:190] : test status is FAILED (test_cases/test_api/test_pay_api.py::TestPayApi::test_pay_api[case23]): AssertionError
INFO     2026-10-08 18:13-00 [pytest_result_log:194] : test_cases/test_api/test_pay_api.py::TestPayApi::test_pay_api[case23] -> self = <test_pay_api.TestPayApi object at 0x00000231F049A570>
case = {'order': {'totalAmount': 68, 'discountAmount': 0, 'actualAmount': 68, 'deliveryAddress': '测试地址', ...}, 'metadata': {'scenario': '正向case25-等价类-备注为空', 'type': 'positive', 'interfaceName': 'createOrder', 'payMethod': None, ...}}
pay_api = <api_objects.pay_api.PayApi object at 0x00000231F03F9E50>, user_api = <api_objects.user_api.UserApi object at 0x00000231F0431130>
order_api = <api_objects.order_api.OrderApi object at 0x00000231F043B950>

    @pytest.mark.pay
    @pytest.mark.positive
    @pytest.mark.parametrize('case',
                             creat_request_json('order_data.yaml', type='positive', interfaceName='createOrder'))
    def test_pay_api(self,case,pay_api,user_api,order_api):
        user_api.login(DEFAULT_USER['username'], DEFAULT_USER['password'])
        # 上游业务：创建订单
        response_order = order_api.create_order(case.get('order'))
        # 拿到刚刚创建的订单的订单号
        order_No = response_order.json().get('data')['orderNo']
    
        # 支付业务
        response_pay = pay_api.simulatePayment(order_No,case.get('metadata')['payMethod'])
        # HTTP和状态码断言
>       successful_response(response_pay)

test_cases\test_api\test_pay_api.py:24: 
_ _ _ _ _ _ _ _ _ _ _ _ _ _ _ _ _ _ _ _ _ _ _ _ _ _ _ _ _ _ _ _ _ _ _ _ _ _ _ _ _ _ _ _ _ _ _ _ _ _ _ _ _ _ _ _ _ _ _ _ _ _ _ _ _ _ _ _ _ _ _ _ _ _ _ _ _ _ _ _ _ _ _ _ _ _ _ _ _ _

response = <Response [200]>

    def successful_response(response):
        assert response.status_code == 200,f"HTTP返回码异常：实际返回{response.status_code}"
>       assert response.json()['code'] == 200,f"业务状态码异常：实际返回{response.json().get('code')}"
               ^^^^^^^^^^^^^^^^^^^^^^^^^^^^^^
E       AssertionError: 业务状态码异常：实际返回400

common\assert_utils.py:7: AssertionError
WARNING  2026-10-08 18:13-00 [pytest_result_log:128] : ---End: test_cases/test_api/test_pay_api.py::TestPayApi::test_pay_api[case23]---
WARNING  2026-10-08 18:13-00 [pytest_result_log:122] : --Start: test_cases/test_api/test_pay_api.py::TestPayApi::test_pay_api[case24]--
INFO     2026-10-08 18:13-00 [common.api_client:30] : 【POST请求】url=http://192.168.111.128:7070/auth/login, json={'username': 'lisi', 'password': '123456'}
INFO     2026-10-08 18:13-00 [common.api_client:32] : 【响应】status_code=200, body={"code":200,"message":"操作成功","data":{"id":316,"username":"lisi","token":"eyJhbGciOiJIUzI1NiJ9.eyJyb2xlIjoiVVNFUiIsInN1YiI6Imxpc2kiLCJpYXQiOjE3OTE0NTQzNzksImV4cCI6MTc5MTU0MDc3OX0.jyBW0b3ZMNZY96CeKMbBOQ5OMej7sFsLiz6WQZo-imQ","role":"USER","avatar":null,"email":"2983192051@qq.com","realName":null}}
INFO     2026-10-08 18:13-00 [common.api_client:30] : 【POST请求】url=http://192.168.111.128:7070/orders, json={'totalAmount': 68, 'discountAmount': 0, 'actualAmount': 68, 'deliveryAddress': '测试地址', 'deliveryName': '等价测试8', 'deliveryPhone': '18900189024', 'remark': '这是一个非常长的备注信息，用来测试系统对长文本的处理能力。用户可能会在备注中填写详细的送货要求、特殊说明或者其他重要信息，系统应该能够正确处理这些长文本内容，不会出现截断或报错的情况。', 'orderItems': [{'productId': 1, 'productName': '桃源蜂蜜', 'productPrice': 68, 'quantity': 1, 'totalPrice': 68, 'productImage': None, 'productOrigin': None}]}
INFO     2026-10-08 18:13-00 [common.api_client:32] : 【响应】status_code=200, body={"code":200,"message":"操作成功","data":{"id":375,"orderNo":"20261008181259778040","userId":316,"totalAmount":68,"discountAmount":0,"actualAmount":68,"paymentMethod":null,"paymentStatus":0,"orderStatus":1,"deliveryAddress":"测试地址","deliveryName":"等价测试8","deliveryPhone":"18900189024","remark":"这是一个非常长的备注信息，用来测试系统对长文本的处理能力。用户可能会在备注中填写详细的送货要求、特殊说明或者其他重要信息，系统应该能够正确处理这些长文本内容，不会出现截断或报错的情况。","paymentTime":null,"deliveryTime":null,"receivedTime":null,"cancelledTime":null,"cancelReason":null,"createdAt":"2026-10-08T18:12:59.627991364","updatedAt":"2026-10-08T18:12:59.627998668","orderItems":[{"id":389,"orderId":375,"productId":1,"productName":"桃源蜂蜜","productImage":null,"productPrice":68.00,"quantity":1,"totalPrice":68.00,"productOrigin":null,"createdAt":"2026-10-08T10:12:59"}],"statusDesc":"待支付","paymentStatusDesc":"待支付"}}
INFO     2026-10-08 18:13-00 [common.api_client:30] : 【POST请求】url=http://192.168.111.128:7070/orders/pay, json={'orderNo': '20261008181259778040', 'paymentMethod': None}
INFO     2026-10-08 18:13-00 [common.api_client:32] : 【响应】status_code=200, body={"code":400,"message":"支付方式不能为空","data":null}
ERROR    2026-10-08 18:13-00 [pytest_result_log:190] : test status is FAILED (test_cases/test_api/test_pay_api.py::TestPayApi::test_pay_api[case24]): AssertionError
INFO     2026-10-08 18:13-00 [pytest_result_log:194] : test_cases/test_api/test_pay_api.py::TestPayApi::test_pay_api[case24] -> self = <test_pay_api.TestPayApi object at 0x00000231F049A300>
case = {'order': {'totalAmount': 68, 'discountAmount': 0, 'actualAmount': 68, 'deliveryAddress': '测试地址', ...}, 'metadata': {'scenario': '正向case26-等价类-备注为长文本100字', 'type': 'positive', 'interfaceName': 'createOrder', 'payMethod': None, ...}}
pay_api = <api_objects.pay_api.PayApi object at 0x00000231F03F9E50>, user_api = <api_objects.user_api.UserApi object at 0x00000231F0431130>
order_api = <api_objects.order_api.OrderApi object at 0x00000231F043B950>

    @pytest.mark.pay
    @pytest.mark.positive
    @pytest.mark.parametrize('case',
                             creat_request_json('order_data.yaml', type='positive', interfaceName='createOrder'))
    def test_pay_api(self,case,pay_api,user_api,order_api):
        user_api.login(DEFAULT_USER['username'], DEFAULT_USER['password'])
        # 上游业务：创建订单
        response_order = order_api.create_order(case.get('order'))
        # 拿到刚刚创建的订单的订单号
        order_No = response_order.json().get('data')['orderNo']
    
        # 支付业务
        response_pay = pay_api.simulatePayment(order_No,case.get('metadata')['payMethod'])
        # HTTP和状态码断言
>       successful_response(response_pay)

test_cases\test_api\test_pay_api.py:24: 
_ _ _ _ _ _ _ _ _ _ _ _ _ _ _ _ _ _ _ _ _ _ _ _ _ _ _ _ _ _ _ _ _ _ _ _ _ _ _ _ _ _ _ _ _ _ _ _ _ _ _ _ _ _ _ _ _ _ _ _ _ _ _ _ _ _ _ _ _ _ _ _ _ _ _ _ _ _ _ _ _ _ _ _ _ _ _ _ _ _

response = <Response [200]>

    def successful_response(response):
        assert response.status_code == 200,f"HTTP返回码异常：实际返回{response.status_code}"
>       assert response.json()['code'] == 200,f"业务状态码异常：实际返回{response.json().get('code')}"
               ^^^^^^^^^^^^^^^^^^^^^^^^^^^^^^
E       AssertionError: 业务状态码异常：实际返回400

common\assert_utils.py:7: AssertionError
WARNING  2026-10-08 18:13-00 [pytest_result_log:128] : ---End: test_cases/test_api/test_pay_api.py::TestPayApi::test_pay_api[case24]---
WARNING  2026-10-08 18:13-00 [pytest_result_log:122] : --Start: test_cases/test_api/test_pay_api.py::TestPayApi::test_pay_api[case25]--
INFO     2026-10-08 18:13-00 [common.api_client:30] : 【POST请求】url=http://192.168.111.128:7070/auth/login, json={'username': 'lisi', 'password': '123456'}
INFO     2026-10-08 18:13-00 [common.api_client:32] : 【响应】status_code=200, body={"code":200,"message":"操作成功","data":{"id":316,"username":"lisi","token":"eyJhbGciOiJIUzI1NiJ9.eyJyb2xlIjoiVVNFUiIsInN1YiI6Imxpc2kiLCJpYXQiOjE3OTE0NTQzNzksImV4cCI6MTc5MTU0MDc3OX0.jyBW0b3ZMNZY96CeKMbBOQ5OMej7sFsLiz6WQZo-imQ","role":"USER","avatar":null,"email":"2983192051@qq.com","realName":null}}
INFO     2026-10-08 18:13-00 [common.api_client:30] : 【POST请求】url=http://192.168.111.128:7070/orders, json={'totalAmount': 68, 'discountAmount': 0, 'actualAmount': 68, 'deliveryAddress': '测试地址', 'deliveryName': '等价测试9', 'deliveryPhone': '19000190025', 'remark': None, 'orderItems': [{'productId': 1, 'productName': '桃源蜂蜜', 'productPrice': 68, 'quantity': 1, 'totalPrice': 68, 'productImage': None, 'productOrigin': '山西省运城市'}]}
INFO     2026-10-08 18:13-01 [common.api_client:32] : 【响应】status_code=200, body={"code":200,"message":"操作成功","data":{"id":376,"orderNo":"20261008181259577787","userId":316,"totalAmount":68,"discountAmount":0,"actualAmount":68,"paymentMethod":null,"paymentStatus":0,"orderStatus":1,"deliveryAddress":"测试地址","deliveryName":"等价测试9","deliveryPhone":"19000190025","remark":null,"paymentTime":null,"deliveryTime":null,"receivedTime":null,"cancelledTime":null,"cancelReason":null,"createdAt":"2026-10-08T18:12:59.694832467","updatedAt":"2026-10-08T18:12:59.694832998","orderItems":[{"id":390,"orderId":376,"productId":1,"productName":"桃源蜂蜜","productImage":null,"productPrice":68.00,"quantity":1,"totalPrice":68.00,"productOrigin":"山西省运城市","createdAt":"2026-10-08T10:12:59"}],"statusDesc":"待支付","paymentStatusDesc":"待支付"}}
INFO     2026-10-08 18:13-01 [common.api_client:30] : 【POST请求】url=http://192.168.111.128:7070/orders/pay, json={'orderNo': '20261008181259577787', 'paymentMethod': None}
INFO     2026-10-08 18:13-01 [common.api_client:32] : 【响应】status_code=200, body={"code":400,"message":"支付方式不能为空","data":null}
ERROR    2026-10-08 18:13-01 [pytest_result_log:190] : test status is FAILED (test_cases/test_api/test_pay_api.py::TestPayApi::test_pay_api[case25]): AssertionError
INFO     2026-10-08 18:13-01 [pytest_result_log:194] : test_cases/test_api/test_pay_api.py::TestPayApi::test_pay_api[case25] -> self = <test_pay_api.TestPayApi object at 0x00000231F049A750>
case = {'order': {'totalAmount': 68, 'discountAmount': 0, 'actualAmount': 68, 'deliveryAddress': '测试地址', ...}, 'metadata': {'scenario': '正向case27-等价类-商品产地为中文', 'type': 'positive', 'interfaceName': 'createOrder', 'payMethod': None, ...}}
pay_api = <api_objects.pay_api.PayApi object at 0x00000231F03F9E50>, user_api = <api_objects.user_api.UserApi object at 0x00000231F0431130>
order_api = <api_objects.order_api.OrderApi object at 0x00000231F043B950>

    @pytest.mark.pay
    @pytest.mark.positive
    @pytest.mark.parametrize('case',
                             creat_request_json('order_data.yaml', type='positive', interfaceName='createOrder'))
    def test_pay_api(self,case,pay_api,user_api,order_api):
        user_api.login(DEFAULT_USER['username'], DEFAULT_USER['password'])
        # 上游业务：创建订单
        response_order = order_api.create_order(case.get('order'))
        # 拿到刚刚创建的订单的订单号
        order_No = response_order.json().get('data')['orderNo']
    
        # 支付业务
        response_pay = pay_api.simulatePayment(order_No,case.get('metadata')['payMethod'])
        # HTTP和状态码断言
>       successful_response(response_pay)

test_cases\test_api\test_pay_api.py:24: 
_ _ _ _ _ _ _ _ _ _ _ _ _ _ _ _ _ _ _ _ _ _ _ _ _ _ _ _ _ _ _ _ _ _ _ _ _ _ _ _ _ _ _ _ _ _ _ _ _ _ _ _ _ _ _ _ _ _ _ _ _ _ _ _ _ _ _ _ _ _ _ _ _ _ _ _ _ _ _ _ _ _ _ _ _ _ _ _ _ _

response = <Response [200]>

    def successful_response(response):
        assert response.status_code == 200,f"HTTP返回码异常：实际返回{response.status_code}"
>       assert response.json()['code'] == 200,f"业务状态码异常：实际返回{response.json().get('code')}"
               ^^^^^^^^^^^^^^^^^^^^^^^^^^^^^^
E       AssertionError: 业务状态码异常：实际返回400

common\assert_utils.py:7: AssertionError
WARNING  2026-10-08 18:13-01 [pytest_result_log:128] : ---End: test_cases/test_api/test_pay_api.py::TestPayApi::test_pay_api[case25]---
WARNING  2026-10-08 18:13-01 [pytest_result_log:122] : --Start: test_cases/test_api/test_pay_api.py::TestPayApi::test_pay_api[case26]--
INFO     2026-10-08 18:13-01 [common.api_client:30] : 【POST请求】url=http://192.168.111.128:7070/auth/login, json={'username': 'lisi', 'password': '123456'}
INFO     2026-10-08 18:13-01 [common.api_client:32] : 【响应】status_code=200, body={"code":200,"message":"操作成功","data":{"id":316,"username":"lisi","token":"eyJhbGciOiJIUzI1NiJ9.eyJyb2xlIjoiVVNFUiIsInN1YiI6Imxpc2kiLCJpYXQiOjE3OTE0NTQzNzksImV4cCI6MTc5MTU0MDc3OX0.jyBW0b3ZMNZY96CeKMbBOQ5OMej7sFsLiz6WQZo-imQ","role":"USER","avatar":null,"email":"2983192051@qq.com","realName":null}}
INFO     2026-10-08 18:13-01 [common.api_client:30] : 【POST请求】url=http://192.168.111.128:7070/orders, json={'totalAmount': 68, 'discountAmount': 0, 'actualAmount': 68, 'deliveryAddress': '测试地址', 'deliveryName': '等价测试10', 'deliveryPhone': '19100191026', 'remark': None, 'orderItems': [{'productId': 1, 'productName': '桃源蜂蜜', 'productPrice': 68, 'quantity': 1, 'totalPrice': 68, 'productImage': None, 'productOrigin': None}]}
INFO     2026-10-08 18:13-01 [common.api_client:32] : 【响应】status_code=200, body={"code":200,"message":"操作成功","data":{"id":377,"orderNo":"20261008181259202797","userId":316,"totalAmount":68,"discountAmount":0,"actualAmount":68,"paymentMethod":null,"paymentStatus":0,"orderStatus":1,"deliveryAddress":"测试地址","deliveryName":"等价测试10","deliveryPhone":"19100191026","remark":null,"paymentTime":null,"deliveryTime":null,"receivedTime":null,"cancelledTime":null,"cancelReason":null,"createdAt":"2026-10-08T18:12:59.757393353","updatedAt":"2026-10-08T18:12:59.757394355","orderItems":[{"id":391,"orderId":377,"productId":1,"productName":"桃源蜂蜜","productImage":null,"productPrice":68.00,"quantity":1,"totalPrice":68.00,"productOrigin":null,"createdAt":"2026-10-08T10:12:59"}],"statusDesc":"待支付","paymentStatusDesc":"待支付"}}
INFO     2026-10-08 18:13-01 [common.api_client:30] : 【POST请求】url=http://192.168.111.128:7070/orders/pay, json={'orderNo': '20261008181259202797', 'paymentMethod': None}
INFO     2026-10-08 18:13-01 [common.api_client:32] : 【响应】status_code=200, body={"code":400,"message":"支付方式不能为空","data":null}
ERROR    2026-10-08 18:13-01 [pytest_result_log:190] : test status is FAILED (test_cases/test_api/test_pay_api.py::TestPayApi::test_pay_api[case26]): AssertionError
INFO     2026-10-08 18:13-01 [pytest_result_log:194] : test_cases/test_api/test_pay_api.py::TestPayApi::test_pay_api[case26] -> self = <test_pay_api.TestPayApi object at 0x00000231F049A3F0>
case = {'order': {'totalAmount': 68, 'discountAmount': 0, 'actualAmount': 68, 'deliveryAddress': '测试地址', ...}, 'metadata': {'scenario': '正向case28-等价类-商品产地为空', 'type': 'positive', 'interfaceName': 'createOrder', 'payMethod': None, ...}}
pay_api = <api_objects.pay_api.PayApi object at 0x00000231F03F9E50>, user_api = <api_objects.user_api.UserApi object at 0x00000231F0431130>
order_api = <api_objects.order_api.OrderApi object at 0x00000231F043B950>

    @pytest.mark.pay
    @pytest.mark.positive
    @pytest.mark.parametrize('case',
                             creat_request_json('order_data.yaml', type='positive', interfaceName='createOrder'))
    def test_pay_api(self,case,pay_api,user_api,order_api):
        user_api.login(DEFAULT_USER['username'], DEFAULT_USER['password'])
        # 上游业务：创建订单
        response_order = order_api.create_order(case.get('order'))
        # 拿到刚刚创建的订单的订单号
        order_No = response_order.json().get('data')['orderNo']
    
        # 支付业务
        response_pay = pay_api.simulatePayment(order_No,case.get('metadata')['payMethod'])
        # HTTP和状态码断言
>       successful_response(response_pay)

test_cases\test_api\test_pay_api.py:24: 
_ _ _ _ _ _ _ _ _ _ _ _ _ _ _ _ _ _ _ _ _ _ _ _ _ _ _ _ _ _ _ _ _ _ _ _ _ _ _ _ _ _ _ _ _ _ _ _ _ _ _ _ _ _ _ _ _ _ _ _ _ _ _ _ _ _ _ _ _ _ _ _ _ _ _ _ _ _ _ _ _ _ _ _ _ _ _ _ _ _

response = <Response [200]>

    def successful_response(response):
        assert response.status_code == 200,f"HTTP返回码异常：实际返回{response.status_code}"
>       assert response.json()['code'] == 200,f"业务状态码异常：实际返回{response.json().get('code')}"
               ^^^^^^^^^^^^^^^^^^^^^^^^^^^^^^
E       AssertionError: 业务状态码异常：实际返回400

common\assert_utils.py:7: AssertionError
WARNING  2026-10-08 18:13-01 [pytest_result_log:128] : ---End: test_cases/test_api/test_pay_api.py::TestPayApi::test_pay_api[case26]---
WARNING  2026-10-08 18:13-01 [pytest_result_log:122] : --Start: test_cases/test_api/test_pay_api.py::TestPayApi::test_pay_api[case27]--
INFO     2026-10-08 18:13-01 [common.api_client:30] : 【POST请求】url=http://192.168.111.128:7070/auth/login, json={'username': 'lisi', 'password': '123456'}
INFO     2026-10-08 18:13-01 [common.api_client:32] : 【响应】status_code=200, body={"code":200,"message":"操作成功","data":{"id":316,"username":"lisi","token":"eyJhbGciOiJIUzI1NiJ9.eyJyb2xlIjoiVVNFUiIsInN1YiI6Imxpc2kiLCJpYXQiOjE3OTE0NTQzNzksImV4cCI6MTc5MTU0MDc3OX0.jyBW0b3ZMNZY96CeKMbBOQ5OMej7sFsLiz6WQZo-imQ","role":"USER","avatar":null,"email":"2983192051@qq.com","realName":null}}
INFO     2026-10-08 18:13-01 [common.api_client:30] : 【POST请求】url=http://192.168.111.128:7070/orders, json={'totalAmount': 35.0, 'discountAmount': 0, 'actualAmount': 35.0, 'deliveryAddress': '测试地址', 'deliveryName': '覆盖测试1', 'deliveryPhone': '19200192027', 'remark': None, 'orderItems': [{'productId': 2, 'productName': '手工竹编篮', 'productPrice': 35.0, 'quantity': 1, 'totalPrice': 35.0, 'productImage': None, 'productOrigin': None}]}
INFO     2026-10-08 18:13-01 [common.api_client:32] : 【响应】status_code=200, body={"code":200,"message":"操作成功","data":{"id":378,"orderNo":"20261008181259150844","userId":316,"totalAmount":35.0,"discountAmount":0,"actualAmount":35.0,"paymentMethod":null,"paymentStatus":0,"orderStatus":1,"deliveryAddress":"测试地址","deliveryName":"覆盖测试1","deliveryPhone":"19200192027","remark":null,"paymentTime":null,"deliveryTime":null,"receivedTime":null,"cancelledTime":null,"cancelReason":null,"createdAt":"2026-10-08T18:12:59.834024881","updatedAt":"2026-10-08T18:12:59.834025422","orderItems":[{"id":392,"orderId":378,"productId":2,"productName":"手工竹编篮","productImage":null,"productPrice":35.00,"quantity":1,"totalPrice":35.00,"productOrigin":null,"createdAt":"2026-10-08T10:12:59"}],"statusDesc":"待支付","paymentStatusDesc":"待支付"}}
INFO     2026-10-08 18:13-01 [common.api_client:30] : 【POST请求】url=http://192.168.111.128:7070/orders/pay, json={'orderNo': '20261008181259150844', 'paymentMethod': None}
INFO     2026-10-08 18:13-01 [common.api_client:32] : 【响应】status_code=200, body={"code":400,"message":"支付方式不能为空","data":null}
ERROR    2026-10-08 18:13-01 [pytest_result_log:190] : test status is FAILED (test_cases/test_api/test_pay_api.py::TestPayApi::test_pay_api[case27]): AssertionError
INFO     2026-10-08 18:13-01 [pytest_result_log:194] : test_cases/test_api/test_pay_api.py::TestPayApi::test_pay_api[case27] -> self = <test_pay_api.TestPayApi object at 0x00000231F049A960>
case = {'order': {'totalAmount': 35.0, 'discountAmount': 0, 'actualAmount': 35.0, 'deliveryAddress': '测试地址', ...}, 'metadata': {'scenario': '正向case29-覆盖-手工竹编篮单品', 'type': 'positive', 'interfaceName': 'createOrder', 'payMethod': None, ...}}
pay_api = <api_objects.pay_api.PayApi object at 0x00000231F03F9E50>, user_api = <api_objects.user_api.UserApi object at 0x00000231F0431130>
order_api = <api_objects.order_api.OrderApi object at 0x00000231F043B950>

    @pytest.mark.pay
    @pytest.mark.positive
    @pytest.mark.parametrize('case',
                             creat_request_json('order_data.yaml', type='positive', interfaceName='createOrder'))
    def test_pay_api(self,case,pay_api,user_api,order_api):
        user_api.login(DEFAULT_USER['username'], DEFAULT_USER['password'])
        # 上游业务：创建订单
        response_order = order_api.create_order(case.get('order'))
        # 拿到刚刚创建的订单的订单号
        order_No = response_order.json().get('data')['orderNo']
    
        # 支付业务
        response_pay = pay_api.simulatePayment(order_No,case.get('metadata')['payMethod'])
        # HTTP和状态码断言
>       successful_response(response_pay)

test_cases\test_api\test_pay_api.py:24: 
_ _ _ _ _ _ _ _ _ _ _ _ _ _ _ _ _ _ _ _ _ _ _ _ _ _ _ _ _ _ _ _ _ _ _ _ _ _ _ _ _ _ _ _ _ _ _ _ _ _ _ _ _ _ _ _ _ _ _ _ _ _ _ _ _ _ _ _ _ _ _ _ _ _ _ _ _ _ _ _ _ _ _ _ _ _ _ _ _ _

response = <Response [200]>

    def successful_response(response):
        assert response.status_code == 200,f"HTTP返回码异常：实际返回{response.status_code}"
>       assert response.json()['code'] == 200,f"业务状态码异常：实际返回{response.json().get('code')}"
               ^^^^^^^^^^^^^^^^^^^^^^^^^^^^^^
E       AssertionError: 业务状态码异常：实际返回400

common\assert_utils.py:7: AssertionError
WARNING  2026-10-08 18:13-01 [pytest_result_log:128] : ---End: test_cases/test_api/test_pay_api.py::TestPayApi::test_pay_api[case27]---
WARNING  2026-10-08 18:13-01 [pytest_result_log:122] : --Start: test_cases/test_api/test_pay_api.py::TestPayApi::test_pay_api[case28]--
INFO     2026-10-08 18:13-01 [common.api_client:30] : 【POST请求】url=http://192.168.111.128:7070/auth/login, json={'username': 'lisi', 'password': '123456'}
INFO     2026-10-08 18:13-01 [common.api_client:32] : 【响应】status_code=200, body={"code":200,"message":"操作成功","data":{"id":316,"username":"lisi","token":"eyJhbGciOiJIUzI1NiJ9.eyJyb2xlIjoiVVNFUiIsInN1YiI6Imxpc2kiLCJpYXQiOjE3OTE0NTQzNzksImV4cCI6MTc5MTU0MDc3OX0.jyBW0b3ZMNZY96CeKMbBOQ5OMej7sFsLiz6WQZo-imQ","role":"USER","avatar":null,"email":"2983192051@qq.com","realName":null}}
INFO     2026-10-08 18:13-01 [common.api_client:30] : 【POST请求】url=http://192.168.111.128:7070/orders, json={'totalAmount': 128.0, 'discountAmount': 0, 'actualAmount': 128.0, 'deliveryAddress': '测试地址', 'deliveryName': '覆盖测试2', 'deliveryPhone': '19300193028', 'remark': None, 'orderItems': [{'productId': 3, 'productName': '桃源茶叶', 'productPrice': 128.0, 'quantity': 1, 'totalPrice': 128.0, 'productImage': None, 'productOrigin': None}]}
INFO     2026-10-08 18:13-01 [common.api_client:32] : 【响应】status_code=200, body={"code":200,"message":"操作成功","data":{"id":379,"orderNo":"20261008181259417809","userId":316,"totalAmount":128.0,"discountAmount":0,"actualAmount":128.0,"paymentMethod":null,"paymentStatus":0,"orderStatus":1,"deliveryAddress":"测试地址","deliveryName":"覆盖测试2","deliveryPhone":"19300193028","remark":null,"paymentTime":null,"deliveryTime":null,"receivedTime":null,"cancelledTime":null,"cancelReason":null,"createdAt":"2026-10-08T18:12:59.914477298","updatedAt":"2026-10-08T18:12:59.914477829","orderItems":[{"id":393,"orderId":379,"productId":3,"productName":"桃源茶叶","productImage":null,"productPrice":128.00,"quantity":1,"totalPrice":128.00,"productOrigin":null,"createdAt":"2026-10-08T10:12:59"}],"statusDesc":"待支付","paymentStatusDesc":"待支付"}}
INFO     2026-10-08 18:13-01 [common.api_client:30] : 【POST请求】url=http://192.168.111.128:7070/orders/pay, json={'orderNo': '20261008181259417809', 'paymentMethod': None}
INFO     2026-10-08 18:13-01 [common.api_client:32] : 【响应】status_code=200, body={"code":400,"message":"支付方式不能为空","data":null}
ERROR    2026-10-08 18:13-01 [pytest_result_log:190] : test status is FAILED (test_cases/test_api/test_pay_api.py::TestPayApi::test_pay_api[case28]): AssertionError
INFO     2026-10-08 18:13-01 [pytest_result_log:194] : test_cases/test_api/test_pay_api.py::TestPayApi::test_pay_api[case28] -> self = <test_pay_api.TestPayApi object at 0x00000231F049A450>
case = {'order': {'totalAmount': 128.0, 'discountAmount': 0, 'actualAmount': 128.0, 'deliveryAddress': '测试地址', ...}, 'metadata': {'scenario': '正向case30-覆盖-桃源茶叶单品', 'type': 'positive', 'interfaceName': 'createOrder', 'payMethod': None, ...}}
pay_api = <api_objects.pay_api.PayApi object at 0x00000231F03F9E50>, user_api = <api_objects.user_api.UserApi object at 0x00000231F0431130>
order_api = <api_objects.order_api.OrderApi object at 0x00000231F043B950>

    @pytest.mark.pay
    @pytest.mark.positive
    @pytest.mark.parametrize('case',
                             creat_request_json('order_data.yaml', type='positive', interfaceName='createOrder'))
    def test_pay_api(self,case,pay_api,user_api,order_api):
        user_api.login(DEFAULT_USER['username'], DEFAULT_USER['password'])
        # 上游业务：创建订单
        response_order = order_api.create_order(case.get('order'))
        # 拿到刚刚创建的订单的订单号
        order_No = response_order.json().get('data')['orderNo']
    
        # 支付业务
        response_pay = pay_api.simulatePayment(order_No,case.get('metadata')['payMethod'])
        # HTTP和状态码断言
>       successful_response(response_pay)

test_cases\test_api\test_pay_api.py:24: 
_ _ _ _ _ _ _ _ _ _ _ _ _ _ _ _ _ _ _ _ _ _ _ _ _ _ _ _ _ _ _ _ _ _ _ _ _ _ _ _ _ _ _ _ _ _ _ _ _ _ _ _ _ _ _ _ _ _ _ _ _ _ _ _ _ _ _ _ _ _ _ _ _ _ _ _ _ _ _ _ _ _ _ _ _ _ _ _ _ _

response = <Response [200]>

    def successful_response(response):
        assert response.status_code == 200,f"HTTP返回码异常：实际返回{response.status_code}"
>       assert response.json()['code'] == 200,f"业务状态码异常：实际返回{response.json().get('code')}"
               ^^^^^^^^^^^^^^^^^^^^^^^^^^^^^^
E       AssertionError: 业务状态码异常：实际返回400

common\assert_utils.py:7: AssertionError
WARNING  2026-10-08 18:13-01 [pytest_result_log:128] : ---End: test_cases/test_api/test_pay_api.py::TestPayApi::test_pay_api[case28]---
WARNING  2026-10-08 18:13-01 [pytest_result_log:122] : --Start: test_cases/test_api/test_pay_api.py::TestPayApi::test_pay_api[case29]--
INFO     2026-10-08 18:13-01 [common.api_client:30] : 【POST请求】url=http://192.168.111.128:7070/auth/login, json={'username': 'lisi', 'password': '123456'}
INFO     2026-10-08 18:13-01 [common.api_client:32] : 【响应】status_code=200, body={"code":200,"message":"操作成功","data":{"id":316,"username":"lisi","token":"eyJhbGciOiJIUzI1NiJ9.eyJyb2xlIjoiVVNFUiIsInN1YiI6Imxpc2kiLCJpYXQiOjE3OTE0NTQzNzksImV4cCI6MTc5MTU0MDc3OX0.jyBW0b3ZMNZY96CeKMbBOQ5OMej7sFsLiz6WQZo-imQ","role":"USER","avatar":null,"email":"2983192051@qq.com","realName":null}}
INFO     2026-10-08 18:13-01 [common.api_client:30] : 【POST请求】url=http://192.168.111.128:7070/orders, json={'totalAmount': 85.0, 'discountAmount': 0, 'actualAmount': 85.0, 'deliveryAddress': '测试地址', 'deliveryName': '覆盖测试3', 'deliveryPhone': '19400194029', 'remark': None, 'orderItems': [{'productId': 4, 'productName': '野生山菇', 'productPrice': 85.0, 'quantity': 1, 'totalPrice': 85.0, 'productImage': None, 'productOrigin': None}]}
INFO     2026-10-08 18:13-01 [common.api_client:32] : 【响应】status_code=200, body={"code":200,"message":"操作成功","data":{"id":380,"orderNo":"20261008181259438749","userId":316,"totalAmount":85.0,"discountAmount":0,"actualAmount":85.0,"paymentMethod":null,"paymentStatus":0,"orderStatus":1,"deliveryAddress":"测试地址","deliveryName":"覆盖测试3","deliveryPhone":"19400194029","remark":null,"paymentTime":null,"deliveryTime":null,"receivedTime":null,"cancelledTime":null,"cancelReason":null,"createdAt":"2026-10-08T18:12:59.987462158","updatedAt":"2026-10-08T18:12:59.987462699","orderItems":[{"id":394,"orderId":380,"productId":4,"productName":"野生山菇","productImage":null,"productPrice":85.00,"quantity":1,"totalPrice":85.00,"productOrigin":null,"createdAt":"2026-10-08T10:12:59"}],"statusDesc":"待支付","paymentStatusDesc":"待支付"}}
INFO     2026-10-08 18:13-01 [common.api_client:30] : 【POST请求】url=http://192.168.111.128:7070/orders/pay, json={'orderNo': '20261008181259438749', 'paymentMethod': None}
INFO     2026-10-08 18:13-01 [common.api_client:32] : 【响应】status_code=200, body={"code":400,"message":"支付方式不能为空","data":null}
ERROR    2026-10-08 18:13-01 [pytest_result_log:190] : test status is FAILED (test_cases/test_api/test_pay_api.py::TestPayApi::test_pay_api[case29]): AssertionError
INFO     2026-10-08 18:13-01 [pytest_result_log:194] : test_cases/test_api/test_pay_api.py::TestPayApi::test_pay_api[case29] -> self = <test_pay_api.TestPayApi object at 0x00000231F049A8D0>
case = {'order': {'totalAmount': 85.0, 'discountAmount': 0, 'actualAmount': 85.0, 'deliveryAddress': '测试地址', ...}, 'metadata': {'scenario': '正向case31-覆盖-野生山菇单品', 'type': 'positive', 'interfaceName': 'createOrder', 'payMethod': None, ...}}
pay_api = <api_objects.pay_api.PayApi object at 0x00000231F03F9E50>, user_api = <api_objects.user_api.UserApi object at 0x00000231F0431130>
order_api = <api_objects.order_api.OrderApi object at 0x00000231F043B950>

    @pytest.mark.pay
    @pytest.mark.positive
    @pytest.mark.parametrize('case',
                             creat_request_json('order_data.yaml', type='positive', interfaceName='createOrder'))
    def test_pay_api(self,case,pay_api,user_api,order_api):
        user_api.login(DEFAULT_USER['username'], DEFAULT_USER['password'])
        # 上游业务：创建订单
        response_order = order_api.create_order(case.get('order'))
        # 拿到刚刚创建的订单的订单号
        order_No = response_order.json().get('data')['orderNo']
    
        # 支付业务
        response_pay = pay_api.simulatePayment(order_No,case.get('metadata')['payMethod'])
        # HTTP和状态码断言
>       successful_response(response_pay)

test_cases\test_api\test_pay_api.py:24: 
_ _ _ _ _ _ _ _ _ _ _ _ _ _ _ _ _ _ _ _ _ _ _ _ _ _ _ _ _ _ _ _ _ _ _ _ _ _ _ _ _ _ _ _ _ _ _ _ _ _ _ _ _ _ _ _ _ _ _ _ _ _ _ _ _ _ _ _ _ _ _ _ _ _ _ _ _ _ _ _ _ _ _ _ _ _ _ _ _ _

response = <Response [200]>

    def successful_response(response):
        assert response.status_code == 200,f"HTTP返回码异常：实际返回{response.status_code}"
>       assert response.json()['code'] == 200,f"业务状态码异常：实际返回{response.json().get('code')}"
               ^^^^^^^^^^^^^^^^^^^^^^^^^^^^^^
E       AssertionError: 业务状态码异常：实际返回400

common\assert_utils.py:7: AssertionError
WARNING  2026-10-08 18:13-01 [pytest_result_log:128] : ---End: test_cases/test_api/test_pay_api.py::TestPayApi::test_pay_api[case29]---
WARNING  2026-10-08 18:13-01 [pytest_result_log:122] : --Start: test_cases/test_api/test_pay_api.py::TestPayApi::test_pay_api[case30]--
INFO     2026-10-08 18:13-01 [common.api_client:30] : 【POST请求】url=http://192.168.111.128:7070/auth/login, json={'username': 'lisi', 'password': '123456'}
INFO     2026-10-08 18:13-01 [common.api_client:32] : 【响应】status_code=200, body={"code":200,"message":"操作成功","data":{"id":316,"username":"lisi","token":"eyJhbGciOiJIUzI1NiJ9.eyJyb2xlIjoiVVNFUiIsInN1YiI6Imxpc2kiLCJpYXQiOjE3OTE0NTQzODAsImV4cCI6MTc5MTU0MDc4MH0.HHNHTPx9gHb89lcINWxo0No-shZ_96h6pxnFM_oJG78","role":"USER","avatar":null,"email":"2983192051@qq.com","realName":null}}
INFO     2026-10-08 18:13-01 [common.api_client:30] : 【POST请求】url=http://192.168.111.128:7070/orders, json={'totalAmount': 12.0, 'discountAmount': 0, 'actualAmount': 12.0, 'deliveryAddress': '测试地址', 'deliveryName': '覆盖测试4', 'deliveryPhone': '19500195030', 'remark': None, 'orderItems': [{'productId': 5, 'productName': '手工豆腐', 'productPrice': 12.0, 'quantity': 1, 'totalPrice': 12.0, 'productImage': None, 'productOrigin': None}]}
INFO     2026-10-08 18:13-01 [common.api_client:32] : 【响应】status_code=200, body={"code":200,"message":"操作成功","data":{"id":381,"orderNo":"20261008181300141773","userId":316,"totalAmount":12.0,"discountAmount":0,"actualAmount":12.0,"paymentMethod":null,"paymentStatus":0,"orderStatus":1,"deliveryAddress":"测试地址","deliveryName":"覆盖测试4","deliveryPhone":"19500195030","remark":null,"paymentTime":null,"deliveryTime":null,"receivedTime":null,"cancelledTime":null,"cancelReason":null,"createdAt":"2026-10-08T18:13:00.051479564","updatedAt":"2026-10-08T18:13:00.051480055","orderItems":[{"id":395,"orderId":381,"productId":5,"productName":"手工豆腐","productImage":null,"productPrice":12.00,"quantity":1,"totalPrice":12.00,"productOrigin":null,"createdAt":"2026-10-08T10:13:00"}],"statusDesc":"待支付","paymentStatusDesc":"待支付"}}
INFO     2026-10-08 18:13-01 [common.api_client:30] : 【POST请求】url=http://192.168.111.128:7070/orders/pay, json={'orderNo': '20261008181300141773', 'paymentMethod': None}
INFO     2026-10-08 18:13-01 [common.api_client:32] : 【响应】status_code=200, body={"code":400,"message":"支付方式不能为空","data":null}
ERROR    2026-10-08 18:13-01 [pytest_result_log:190] : test status is FAILED (test_cases/test_api/test_pay_api.py::TestPayApi::test_pay_api[case30]): AssertionError
INFO     2026-10-08 18:13-01 [pytest_result_log:194] : test_cases/test_api/test_pay_api.py::TestPayApi::test_pay_api[case30] -> self = <test_pay_api.TestPayApi object at 0x00000231F049A8A0>
case = {'order': {'totalAmount': 12.0, 'discountAmount': 0, 'actualAmount': 12.0, 'deliveryAddress': '测试地址', ...}, 'metadata': {'scenario': '正向case32-覆盖-手工豆腐单品', 'type': 'positive', 'interfaceName': 'createOrder', 'payMethod': None, ...}}
pay_api = <api_objects.pay_api.PayApi object at 0x00000231F03F9E50>, user_api = <api_objects.user_api.UserApi object at 0x00000231F0431130>
order_api = <api_objects.order_api.OrderApi object at 0x00000231F043B950>

    @pytest.mark.pay
    @pytest.mark.positive
    @pytest.mark.parametrize('case',
                             creat_request_json('order_data.yaml', type='positive', interfaceName='createOrder'))
    def test_pay_api(self,case,pay_api,user_api,order_api):
        user_api.login(DEFAULT_USER['username'], DEFAULT_USER['password'])
        # 上游业务：创建订单
        response_order = order_api.create_order(case.get('order'))
        # 拿到刚刚创建的订单的订单号
        order_No = response_order.json().get('data')['orderNo']
    
        # 支付业务
        response_pay = pay_api.simulatePayment(order_No,case.get('metadata')['payMethod'])
        # HTTP和状态码断言
>       successful_response(response_pay)

test_cases\test_api\test_pay_api.py:24: 
_ _ _ _ _ _ _ _ _ _ _ _ _ _ _ _ _ _ _ _ _ _ _ _ _ _ _ _ _ _ _ _ _ _ _ _ _ _ _ _ _ _ _ _ _ _ _ _ _ _ _ _ _ _ _ _ _ _ _ _ _ _ _ _ _ _ _ _ _ _ _ _ _ _ _ _ _ _ _ _ _ _ _ _ _ _ _ _ _ _

response = <Response [200]>

    def successful_response(response):
        assert response.status_code == 200,f"HTTP返回码异常：实际返回{response.status_code}"
>       assert response.json()['code'] == 200,f"业务状态码异常：实际返回{response.json().get('code')}"
               ^^^^^^^^^^^^^^^^^^^^^^^^^^^^^^
E       AssertionError: 业务状态码异常：实际返回400

common\assert_utils.py:7: AssertionError
WARNING  2026-10-08 18:13-01 [pytest_result_log:128] : ---End: test_cases/test_api/test_pay_api.py::TestPayApi::test_pay_api[case30]---
WARNING  2026-10-08 18:13-01 [pytest_result_log:122] : --Start: test_cases/test_api/test_pay_api.py::TestPayApi::test_pay_api[case31]--
INFO     2026-10-08 18:13-01 [common.api_client:30] : 【POST请求】url=http://192.168.111.128:7070/auth/login, json={'username': 'lisi', 'password': '123456'}
INFO     2026-10-08 18:13-01 [common.api_client:32] : 【响应】status_code=200, body={"code":200,"message":"操作成功","data":{"id":316,"username":"lisi","token":"eyJhbGciOiJIUzI1NiJ9.eyJyb2xlIjoiVVNFUiIsInN1YiI6Imxpc2kiLCJpYXQiOjE3OTE0NTQzODAsImV4cCI6MTc5MTU0MDc4MH0.HHNHTPx9gHb89lcINWxo0No-shZ_96h6pxnFM_oJG78","role":"USER","avatar":null,"email":"2983192051@qq.com","realName":null}}
INFO     2026-10-08 18:13-01 [common.api_client:30] : 【POST请求】url=http://192.168.111.128:7070/orders, json={'totalAmount': 58.0, 'discountAmount': 0, 'actualAmount': 58.0, 'deliveryAddress': '测试地址', 'deliveryName': '覆盖测试5', 'deliveryPhone': '19600196031', 'remark': None, 'orderItems': [{'productId': 6, 'productName': '桃源米酒', 'productPrice': 58.0, 'quantity': 1, 'totalPrice': 58.0, 'productImage': None, 'productOrigin': None}]}
INFO     2026-10-08 18:13-01 [common.api_client:32] : 【响应】status_code=200, body={"code":200,"message":"操作成功","data":{"id":382,"orderNo":"20261008181300965508","userId":316,"totalAmount":58.0,"discountAmount":0,"actualAmount":58.0,"paymentMethod":null,"paymentStatus":0,"orderStatus":1,"deliveryAddress":"测试地址","deliveryName":"覆盖测试5","deliveryPhone":"19600196031","remark":null,"paymentTime":null,"deliveryTime":null,"receivedTime":null,"cancelledTime":null,"cancelReason":null,"createdAt":"2026-10-08T18:13:00.132157035","updatedAt":"2026-10-08T18:13:00.132158066","orderItems":[{"id":396,"orderId":382,"productId":6,"productName":"桃源米酒","productImage":null,"productPrice":58.00,"quantity":1,"totalPrice":58.00,"productOrigin":null,"createdAt":"2026-10-08T10:13:00"}],"statusDesc":"待支付","paymentStatusDesc":"待支付"}}
INFO     2026-10-08 18:13-01 [common.api_client:30] : 【POST请求】url=http://192.168.111.128:7070/orders/pay, json={'orderNo': '20261008181300965508', 'paymentMethod': None}
INFO     2026-10-08 18:13-01 [common.api_client:32] : 【响应】status_code=200, body={"code":400,"message":"支付方式不能为空","data":null}
ERROR    2026-10-08 18:13-01 [pytest_result_log:190] : test status is FAILED (test_cases/test_api/test_pay_api.py::TestPayApi::test_pay_api[case31]): AssertionError
INFO     2026-10-08 18:13-01 [pytest_result_log:194] : test_cases/test_api/test_pay_api.py::TestPayApi::test_pay_api[case31] -> self = <test_pay_api.TestPayApi object at 0x00000231F049A810>
case = {'order': {'totalAmount': 58.0, 'discountAmount': 0, 'actualAmount': 58.0, 'deliveryAddress': '测试地址', ...}, 'metadata': {'scenario': '正向case33-覆盖-桃源米酒单品', 'type': 'positive', 'interfaceName': 'createOrder', 'payMethod': None, ...}}
pay_api = <api_objects.pay_api.PayApi object at 0x00000231F03F9E50>, user_api = <api_objects.user_api.UserApi object at 0x00000231F0431130>
order_api = <api_objects.order_api.OrderApi object at 0x00000231F043B950>

    @pytest.mark.pay
    @pytest.mark.positive
    @pytest.mark.parametrize('case',
                             creat_request_json('order_data.yaml', type='positive', interfaceName='createOrder'))
    def test_pay_api(self,case,pay_api,user_api,order_api):
        user_api.login(DEFAULT_USER['username'], DEFAULT_USER['password'])
        # 上游业务：创建订单
        response_order = order_api.create_order(case.get('order'))
        # 拿到刚刚创建的订单的订单号
        order_No = response_order.json().get('data')['orderNo']
    
        # 支付业务
        response_pay = pay_api.simulatePayment(order_No,case.get('metadata')['payMethod'])
        # HTTP和状态码断言
>       successful_response(response_pay)

test_cases\test_api\test_pay_api.py:24: 
_ _ _ _ _ _ _ _ _ _ _ _ _ _ _ _ _ _ _ _ _ _ _ _ _ _ _ _ _ _ _ _ _ _ _ _ _ _ _ _ _ _ _ _ _ _ _ _ _ _ _ _ _ _ _ _ _ _ _ _ _ _ _ _ _ _ _ _ _ _ _ _ _ _ _ _ _ _ _ _ _ _ _ _ _ _ _ _ _ _

response = <Response [200]>

    def successful_response(response):
        assert response.status_code == 200,f"HTTP返回码异常：实际返回{response.status_code}"
>       assert response.json()['code'] == 200,f"业务状态码异常：实际返回{response.json().get('code')}"
               ^^^^^^^^^^^^^^^^^^^^^^^^^^^^^^
E       AssertionError: 业务状态码异常：实际返回400

common\assert_utils.py:7: AssertionError
WARNING  2026-10-08 18:13-01 [pytest_result_log:128] : ---End: test_cases/test_api/test_pay_api.py::TestPayApi::test_pay_api[case31]---
WARNING  2026-10-08 18:13-01 [pytest_result_log:122] : --Start: test_cases/test_api/test_pay_api.py::TestPayApi::test_pay_api[case32]--
INFO     2026-10-08 18:13-01 [common.api_client:30] : 【POST请求】url=http://192.168.111.128:7070/auth/login, json={'username': 'lisi', 'password': '123456'}
INFO     2026-10-08 18:13-01 [common.api_client:32] : 【响应】status_code=200, body={"code":200,"message":"操作成功","data":{"id":316,"username":"lisi","token":"eyJhbGciOiJIUzI1NiJ9.eyJyb2xlIjoiVVNFUiIsInN1YiI6Imxpc2kiLCJpYXQiOjE3OTE0NTQzODAsImV4cCI6MTc5MTU0MDc4MH0.HHNHTPx9gHb89lcINWxo0No-shZ_96h6pxnFM_oJG78","role":"USER","avatar":null,"email":"2983192051@qq.com","realName":null}}
INFO     2026-10-08 18:13-01 [common.api_client:30] : 【POST请求】url=http://192.168.111.128:7070/orders, json={'totalAmount': 15.9, 'discountAmount': 0, 'actualAmount': 15.9, 'deliveryAddress': '测试地址', 'deliveryName': '覆盖测试6', 'deliveryPhone': '19700197032', 'remark': None, 'orderItems': [{'productId': 7, 'productName': '农家西红柿', 'productPrice': 15.9, 'quantity': 1, 'totalPrice': 15.9, 'productImage': None, 'productOrigin': None}]}
INFO     2026-10-08 18:13-01 [common.api_client:32] : 【响应】status_code=200, body={"code":200,"message":"操作成功","data":{"id":383,"orderNo":"20261008181300134508","userId":316,"totalAmount":15.9,"discountAmount":0,"actualAmount":15.9,"paymentMethod":null,"paymentStatus":0,"orderStatus":1,"deliveryAddress":"测试地址","deliveryName":"覆盖测试6","deliveryPhone":"19700197032","remark":null,"paymentTime":null,"deliveryTime":null,"receivedTime":null,"cancelledTime":null,"cancelReason":null,"createdAt":"2026-10-08T18:13:00.201756619","updatedAt":"2026-10-08T18:13:00.2017571","orderItems":[{"id":397,"orderId":383,"productId":7,"productName":"农家西红柿","productImage":null,"productPrice":15.90,"quantity":1,"totalPrice":15.90,"productOrigin":null,"createdAt":"2026-10-08T10:13:00"}],"statusDesc":"待支付","paymentStatusDesc":"待支付"}}
INFO     2026-10-08 18:13-01 [common.api_client:30] : 【POST请求】url=http://192.168.111.128:7070/orders/pay, json={'orderNo': '20261008181300134508', 'paymentMethod': None}
INFO     2026-10-08 18:13-01 [common.api_client:32] : 【响应】status_code=200, body={"code":400,"message":"支付方式不能为空","data":null}
ERROR    2026-10-08 18:13-01 [pytest_result_log:190] : test status is FAILED (test_cases/test_api/test_pay_api.py::TestPayApi::test_pay_api[case32]): AssertionError
INFO     2026-10-08 18:13-01 [pytest_result_log:194] : test_cases/test_api/test_pay_api.py::TestPayApi::test_pay_api[case32] -> self = <test_pay_api.TestPayApi object at 0x00000231F049A7B0>
case = {'order': {'totalAmount': 15.9, 'discountAmount': 0, 'actualAmount': 15.9, 'deliveryAddress': '测试地址', ...}, 'metadata': {'scenario': '正向case34-覆盖-农家西红柿单品', 'type': 'positive', 'interfaceName': 'createOrder', 'payMethod': None, ...}}
pay_api = <api_objects.pay_api.PayApi object at 0x00000231F03F9E50>, user_api = <api_objects.user_api.UserApi object at 0x00000231F0431130>
order_api = <api_objects.order_api.OrderApi object at 0x00000231F043B950>

    @pytest.mark.pay
    @pytest.mark.positive
    @pytest.mark.parametrize('case',
                             creat_request_json('order_data.yaml', type='positive', interfaceName='createOrder'))
    def test_pay_api(self,case,pay_api,user_api,order_api):
        user_api.login(DEFAULT_USER['username'], DEFAULT_USER['password'])
        # 上游业务：创建订单
        response_order = order_api.create_order(case.get('order'))
        # 拿到刚刚创建的订单的订单号
        order_No = response_order.json().get('data')['orderNo']
    
        # 支付业务
        response_pay = pay_api.simulatePayment(order_No,case.get('metadata')['payMethod'])
        # HTTP和状态码断言
>       successful_response(response_pay)

test_cases\test_api\test_pay_api.py:24: 
_ _ _ _ _ _ _ _ _ _ _ _ _ _ _ _ _ _ _ _ _ _ _ _ _ _ _ _ _ _ _ _ _ _ _ _ _ _ _ _ _ _ _ _ _ _ _ _ _ _ _ _ _ _ _ _ _ _ _ _ _ _ _ _ _ _ _ _ _ _ _ _ _ _ _ _ _ _ _ _ _ _ _ _ _ _ _ _ _ _

response = <Response [200]>

    def successful_response(response):
        assert response.status_code == 200,f"HTTP返回码异常：实际返回{response.status_code}"
>       assert response.json()['code'] == 200,f"业务状态码异常：实际返回{response.json().get('code')}"
               ^^^^^^^^^^^^^^^^^^^^^^^^^^^^^^
E       AssertionError: 业务状态码异常：实际返回400

common\assert_utils.py:7: AssertionError
WARNING  2026-10-08 18:13-01 [pytest_result_log:128] : ---End: test_cases/test_api/test_pay_api.py::TestPayApi::test_pay_api[case32]---
WARNING  2026-10-08 18:13-01 [pytest_result_log:122] : --Start: test_cases/test_api/test_pay_api.py::TestPayApi::test_pay_api[case33]--
INFO     2026-10-08 18:13-01 [common.api_client:30] : 【POST请求】url=http://192.168.111.128:7070/auth/login, json={'username': 'lisi', 'password': '123456'}
INFO     2026-10-08 18:13-01 [common.api_client:32] : 【响应】status_code=200, body={"code":200,"message":"操作成功","data":{"id":316,"username":"lisi","token":"eyJhbGciOiJIUzI1NiJ9.eyJyb2xlIjoiVVNFUiIsInN1YiI6Imxpc2kiLCJpYXQiOjE3OTE0NTQzODAsImV4cCI6MTc5MTU0MDc4MH0.HHNHTPx9gHb89lcINWxo0No-shZ_96h6pxnFM_oJG78","role":"USER","avatar":null,"email":"2983192051@qq.com","realName":null}}
INFO     2026-10-08 18:13-01 [common.api_client:30] : 【POST请求】url=http://192.168.111.128:7070/orders, json={'totalAmount': 5.0, 'discountAmount': 0, 'actualAmount': 5.0, 'deliveryAddress': '测试地址', 'deliveryName': '覆盖测试7', 'deliveryPhone': '19800198033', 'remark': None, 'orderItems': [{'productId': 8, 'productName': '金针菇', 'productPrice': 5.0, 'quantity': 1, 'totalPrice': 5.0, 'productImage': None, 'productOrigin': None}]}
INFO     2026-10-08 18:13-01 [common.api_client:32] : 【响应】status_code=200, body={"code":200,"message":"操作成功","data":{"id":384,"orderNo":"20261008181300647468","userId":316,"totalAmount":5.0,"discountAmount":0,"actualAmount":5.0,"paymentMethod":null,"paymentStatus":0,"orderStatus":1,"deliveryAddress":"测试地址","deliveryName":"覆盖测试7","deliveryPhone":"19800198033","remark":null,"paymentTime":null,"deliveryTime":null,"receivedTime":null,"cancelledTime":null,"cancelReason":null,"createdAt":"2026-10-08T18:13:00.267486483","updatedAt":"2026-10-08T18:13:00.267487024","orderItems":[{"id":398,"orderId":384,"productId":8,"productName":"金针菇","productImage":null,"productPrice":5.00,"quantity":1,"totalPrice":5.00,"productOrigin":null,"createdAt":"2026-10-08T10:13:00"}],"statusDesc":"待支付","paymentStatusDesc":"待支付"}}
INFO     2026-10-08 18:13-01 [common.api_client:30] : 【POST请求】url=http://192.168.111.128:7070/orders/pay, json={'orderNo': '20261008181300647468', 'paymentMethod': None}
INFO     2026-10-08 18:13-01 [common.api_client:32] : 【响应】status_code=200, body={"code":400,"message":"支付方式不能为空","data":null}
ERROR    2026-10-08 18:13-01 [pytest_result_log:190] : test status is FAILED (test_cases/test_api/test_pay_api.py::TestPayApi::test_pay_api[case33]): AssertionError
INFO     2026-10-08 18:13-01 [pytest_result_log:194] : test_cases/test_api/test_pay_api.py::TestPayApi::test_pay_api[case33] -> self = <test_pay_api.TestPayApi object at 0x00000231F049A9F0>
case = {'order': {'totalAmount': 5.0, 'discountAmount': 0, 'actualAmount': 5.0, 'deliveryAddress': '测试地址', ...}, 'metadata': {'scenario': '正向case35-覆盖-金针菇单品', 'type': 'positive', 'interfaceName': 'createOrder', 'payMethod': None, ...}}
pay_api = <api_objects.pay_api.PayApi object at 0x00000231F03F9E50>, user_api = <api_objects.user_api.UserApi object at 0x00000231F0431130>
order_api = <api_objects.order_api.OrderApi object at 0x00000231F043B950>

    @pytest.mark.pay
    @pytest.mark.positive
    @pytest.mark.parametrize('case',
                             creat_request_json('order_data.yaml', type='positive', interfaceName='createOrder'))
    def test_pay_api(self,case,pay_api,user_api,order_api):
        user_api.login(DEFAULT_USER['username'], DEFAULT_USER['password'])
        # 上游业务：创建订单
        response_order = order_api.create_order(case.get('order'))
        # 拿到刚刚创建的订单的订单号
        order_No = response_order.json().get('data')['orderNo']
    
        # 支付业务
        response_pay = pay_api.simulatePayment(order_No,case.get('metadata')['payMethod'])
        # HTTP和状态码断言
>       successful_response(response_pay)

test_cases\test_api\test_pay_api.py:24: 
_ _ _ _ _ _ _ _ _ _ _ _ _ _ _ _ _ _ _ _ _ _ _ _ _ _ _ _ _ _ _ _ _ _ _ _ _ _ _ _ _ _ _ _ _ _ _ _ _ _ _ _ _ _ _ _ _ _ _ _ _ _ _ _ _ _ _ _ _ _ _ _ _ _ _ _ _ _ _ _ _ _ _ _ _ _ _ _ _ _

response = <Response [200]>

    def successful_response(response):
        assert response.status_code == 200,f"HTTP返回码异常：实际返回{response.status_code}"
>       assert response.json()['code'] == 200,f"业务状态码异常：实际返回{response.json().get('code')}"
               ^^^^^^^^^^^^^^^^^^^^^^^^^^^^^^
E       AssertionError: 业务状态码异常：实际返回400

common\assert_utils.py:7: AssertionError
WARNING  2026-10-08 18:13-01 [pytest_result_log:128] : ---End: test_cases/test_api/test_pay_api.py::TestPayApi::test_pay_api[case33]---
WARNING  2026-10-08 18:13-01 [pytest_result_log:122] : --Start: test_cases/test_api/test_pay_api.py::TestPayApi::test_pay_api[case34]--
INFO     2026-10-08 18:13-01 [common.api_client:30] : 【POST请求】url=http://192.168.111.128:7070/auth/login, json={'username': 'lisi', 'password': '123456'}
INFO     2026-10-08 18:13-01 [common.api_client:32] : 【响应】status_code=200, body={"code":200,"message":"操作成功","data":{"id":316,"username":"lisi","token":"eyJhbGciOiJIUzI1NiJ9.eyJyb2xlIjoiVVNFUiIsInN1YiI6Imxpc2kiLCJpYXQiOjE3OTE0NTQzODAsImV4cCI6MTc5MTU0MDc4MH0.HHNHTPx9gHb89lcINWxo0No-shZ_96h6pxnFM_oJG78","role":"USER","avatar":null,"email":"2983192051@qq.com","realName":null}}
INFO     2026-10-08 18:13-01 [common.api_client:30] : 【POST请求】url=http://192.168.111.128:7070/orders, json={'totalAmount': 3, 'discountAmount': 0, 'actualAmount': 3, 'deliveryAddress': '测试地址', 'deliveryName': '覆盖测试8', 'deliveryPhone': '19900199034', 'remark': None, 'orderItems': [{'productId': 9, 'productName': '生菜', 'productPrice': 3, 'quantity': 1, 'totalPrice': 3, 'productImage': None, 'productOrigin': None}]}
INFO     2026-10-08 18:13-01 [common.api_client:32] : 【响应】status_code=200, body={"code":200,"message":"操作成功","data":{"id":385,"orderNo":"20261008181300988453","userId":316,"totalAmount":3,"discountAmount":0,"actualAmount":3,"paymentMethod":null,"paymentStatus":0,"orderStatus":1,"deliveryAddress":"测试地址","deliveryName":"覆盖测试8","deliveryPhone":"19900199034","remark":null,"paymentTime":null,"deliveryTime":null,"receivedTime":null,"cancelledTime":null,"cancelReason":null,"createdAt":"2026-10-08T18:13:00.352486514","updatedAt":"2026-10-08T18:13:00.352489059","orderItems":[{"id":399,"orderId":385,"productId":9,"productName":"生菜","productImage":null,"productPrice":3.00,"quantity":1,"totalPrice":3.00,"productOrigin":null,"createdAt":"2026-10-08T10:13:00"}],"statusDesc":"待支付","paymentStatusDesc":"待支付"}}
INFO     2026-10-08 18:13-01 [common.api_client:30] : 【POST请求】url=http://192.168.111.128:7070/orders/pay, json={'orderNo': '20261008181300988453', 'paymentMethod': None}
INFO     2026-10-08 18:13-01 [common.api_client:32] : 【响应】status_code=200, body={"code":400,"message":"支付方式不能为空","data":null}
ERROR    2026-10-08 18:13-01 [pytest_result_log:190] : test status is FAILED (test_cases/test_api/test_pay_api.py::TestPayApi::test_pay_api[case34]): AssertionError
INFO     2026-10-08 18:13-01 [pytest_result_log:194] : test_cases/test_api/test_pay_api.py::TestPayApi::test_pay_api[case34] -> self = <test_pay_api.TestPayApi object at 0x00000231F049B920>
case = {'order': {'totalAmount': 3, 'discountAmount': 0, 'actualAmount': 3, 'deliveryAddress': '测试地址', ...}, 'metadata': {'scenario': '正向case36-覆盖-生菜单品', 'type': 'positive', 'interfaceName': 'createOrder', 'payMethod': None, ...}}
pay_api = <api_objects.pay_api.PayApi object at 0x00000231F03F9E50>, user_api = <api_objects.user_api.UserApi object at 0x00000231F0431130>
order_api = <api_objects.order_api.OrderApi object at 0x00000231F043B950>

    @pytest.mark.pay
    @pytest.mark.positive
    @pytest.mark.parametrize('case',
                             creat_request_json('order_data.yaml', type='positive', interfaceName='createOrder'))
    def test_pay_api(self,case,pay_api,user_api,order_api):
        user_api.login(DEFAULT_USER['username'], DEFAULT_USER['password'])
        # 上游业务：创建订单
        response_order = order_api.create_order(case.get('order'))
        # 拿到刚刚创建的订单的订单号
        order_No = response_order.json().get('data')['orderNo']
    
        # 支付业务
        response_pay = pay_api.simulatePayment(order_No,case.get('metadata')['payMethod'])
        # HTTP和状态码断言
>       successful_response(response_pay)

test_cases\test_api\test_pay_api.py:24: 
_ _ _ _ _ _ _ _ _ _ _ _ _ _ _ _ _ _ _ _ _ _ _ _ _ _ _ _ _ _ _ _ _ _ _ _ _ _ _ _ _ _ _ _ _ _ _ _ _ _ _ _ _ _ _ _ _ _ _ _ _ _ _ _ _ _ _ _ _ _ _ _ _ _ _ _ _ _ _ _ _ _ _ _ _ _ _ _ _ _

response = <Response [200]>

    def successful_response(response):
        assert response.status_code == 200,f"HTTP返回码异常：实际返回{response.status_code}"
>       assert response.json()['code'] == 200,f"业务状态码异常：实际返回{response.json().get('code')}"
               ^^^^^^^^^^^^^^^^^^^^^^^^^^^^^^
E       AssertionError: 业务状态码异常：实际返回400

common\assert_utils.py:7: AssertionError
WARNING  2026-10-08 18:13-01 [pytest_result_log:128] : ---End: test_cases/test_api/test_pay_api.py::TestPayApi::test_pay_api[case34]---
WARNING  2026-10-08 18:13-01 [pytest_result_log:122] : --Start: test_cases/test_api/test_pay_api.py::TestPayApi::test_pay_api[case35]--
INFO     2026-10-08 18:13-01 [common.api_client:30] : 【POST请求】url=http://192.168.111.128:7070/auth/login, json={'username': 'lisi', 'password': '123456'}
INFO     2026-10-08 18:13-01 [common.api_client:32] : 【响应】status_code=200, body={"code":200,"message":"操作成功","data":{"id":316,"username":"lisi","token":"eyJhbGciOiJIUzI1NiJ9.eyJyb2xlIjoiVVNFUiIsInN1YiI6Imxpc2kiLCJpYXQiOjE3OTE0NTQzODAsImV4cCI6MTc5MTU0MDc4MH0.HHNHTPx9gHb89lcINWxo0No-shZ_96h6pxnFM_oJG78","role":"USER","avatar":null,"email":"2983192051@qq.com","realName":null}}
INFO     2026-10-08 18:13-01 [common.api_client:30] : 【POST请求】url=http://192.168.111.128:7070/orders, json={'totalAmount': 10.0, 'discountAmount': 0, 'actualAmount': 10.0, 'deliveryAddress': '测试地址', 'deliveryName': '覆盖测试9', 'deliveryPhone': '18000180035', 'remark': None, 'orderItems': [{'productId': 10, 'productName': '桃源寿司', 'productPrice': 10.0, 'quantity': 1, 'totalPrice': 10.0, 'productImage': None, 'productOrigin': None}]}
INFO     2026-10-08 18:13-01 [common.api_client:32] : 【响应】status_code=200, body={"code":200,"message":"操作成功","data":{"id":386,"orderNo":"20261008181300625137","userId":316,"totalAmount":10.0,"discountAmount":0,"actualAmount":10.0,"paymentMethod":null,"paymentStatus":0,"orderStatus":1,"deliveryAddress":"测试地址","deliveryName":"覆盖测试9","deliveryPhone":"18000180035","remark":null,"paymentTime":null,"deliveryTime":null,"receivedTime":null,"cancelledTime":null,"cancelReason":null,"createdAt":"2026-10-08T18:13:00.467482113","updatedAt":"2026-10-08T18:13:00.467482593","orderItems":[{"id":400,"orderId":386,"productId":10,"productName":"桃源寿司","productImage":null,"productPrice":10.00,"quantity":1,"totalPrice":10.00,"productOrigin":null,"createdAt":"2026-10-08T10:13:00"}],"statusDesc":"待支付","paymentStatusDesc":"待支付"}}
INFO     2026-10-08 18:13-01 [common.api_client:30] : 【POST请求】url=http://192.168.111.128:7070/orders/pay, json={'orderNo': '20261008181300625137', 'paymentMethod': None}
INFO     2026-10-08 18:13-01 [common.api_client:32] : 【响应】status_code=200, body={"code":400,"message":"支付方式不能为空","data":null}
ERROR    2026-10-08 18:13-01 [pytest_result_log:190] : test status is FAILED (test_cases/test_api/test_pay_api.py::TestPayApi::test_pay_api[case35]): AssertionError
INFO     2026-10-08 18:13-01 [pytest_result_log:194] : test_cases/test_api/test_pay_api.py::TestPayApi::test_pay_api[case35] -> self = <test_pay_api.TestPayApi object at 0x00000231F049AC00>
case = {'order': {'totalAmount': 10.0, 'discountAmount': 0, 'actualAmount': 10.0, 'deliveryAddress': '测试地址', ...}, 'metadata': {'scenario': '正向case37-覆盖-桃源寿司单品', 'type': 'positive', 'interfaceName': 'createOrder', 'payMethod': None, ...}}
pay_api = <api_objects.pay_api.PayApi object at 0x00000231F03F9E50>, user_api = <api_objects.user_api.UserApi object at 0x00000231F0431130>
order_api = <api_objects.order_api.OrderApi object at 0x00000231F043B950>

    @pytest.mark.pay
    @pytest.mark.positive
    @pytest.mark.parametrize('case',
                             creat_request_json('order_data.yaml', type='positive', interfaceName='createOrder'))
    def test_pay_api(self,case,pay_api,user_api,order_api):
        user_api.login(DEFAULT_USER['username'], DEFAULT_USER['password'])
        # 上游业务：创建订单
        response_order = order_api.create_order(case.get('order'))
        # 拿到刚刚创建的订单的订单号
        order_No = response_order.json().get('data')['orderNo']
    
        # 支付业务
        response_pay = pay_api.simulatePayment(order_No,case.get('metadata')['payMethod'])
        # HTTP和状态码断言
>       successful_response(response_pay)

test_cases\test_api\test_pay_api.py:24: 
_ _ _ _ _ _ _ _ _ _ _ _ _ _ _ _ _ _ _ _ _ _ _ _ _ _ _ _ _ _ _ _ _ _ _ _ _ _ _ _ _ _ _ _ _ _ _ _ _ _ _ _ _ _ _ _ _ _ _ _ _ _ _ _ _ _ _ _ _ _ _ _ _ _ _ _ _ _ _ _ _ _ _ _ _ _ _ _ _ _

response = <Response [200]>

    def successful_response(response):
        assert response.status_code == 200,f"HTTP返回码异常：实际返回{response.status_code}"
>       assert response.json()['code'] == 200,f"业务状态码异常：实际返回{response.json().get('code')}"
               ^^^^^^^^^^^^^^^^^^^^^^^^^^^^^^
E       AssertionError: 业务状态码异常：实际返回400

common\assert_utils.py:7: AssertionError
WARNING  2026-10-08 18:13-01 [pytest_result_log:128] : ---End: test_cases/test_api/test_pay_api.py::TestPayApi::test_pay_api[case35]---
WARNING  2026-10-08 18:13-01 [pytest_result_log:122] : --Start: test_cases/test_api/test_pay_api.py::TestPayApi::test_pay_api[case36]--
INFO     2026-10-08 18:13-01 [common.api_client:30] : 【POST请求】url=http://192.168.111.128:7070/auth/login, json={'username': 'lisi', 'password': '123456'}
INFO     2026-10-08 18:13-01 [common.api_client:32] : 【响应】status_code=200, body={"code":200,"message":"操作成功","data":{"id":316,"username":"lisi","token":"eyJhbGciOiJIUzI1NiJ9.eyJyb2xlIjoiVVNFUiIsInN1YiI6Imxpc2kiLCJpYXQiOjE3OTE0NTQzODAsImV4cCI6MTc5MTU0MDc4MH0.HHNHTPx9gHb89lcINWxo0No-shZ_96h6pxnFM_oJG78","role":"USER","avatar":null,"email":"2983192051@qq.com","realName":null}}
INFO     2026-10-08 18:13-01 [common.api_client:30] : 【POST请求】url=http://192.168.111.128:7070/orders, json={'totalAmount': 1, 'discountAmount': 0, 'actualAmount': 1, 'deliveryAddress': '测试地址', 'deliveryName': '覆盖测试10', 'deliveryPhone': '18100181036', 'remark': None, 'orderItems': [{'productId': 11, 'productName': '土豆', 'productPrice': 1, 'quantity': 1, 'totalPrice': 1, 'productImage': None, 'productOrigin': None}]}
INFO     2026-10-08 18:13-01 [common.api_client:32] : 【响应】status_code=200, body={"code":200,"message":"操作成功","data":{"id":387,"orderNo":"20261008181300899588","userId":316,"totalAmount":1,"discountAmount":0,"actualAmount":1,"paymentMethod":null,"paymentStatus":0,"orderStatus":1,"deliveryAddress":"测试地址","deliveryName":"覆盖测试10","deliveryPhone":"18100181036","remark":null,"paymentTime":null,"deliveryTime":null,"receivedTime":null,"cancelledTime":null,"cancelReason":null,"createdAt":"2026-10-08T18:13:00.537302149","updatedAt":"2026-10-08T18:13:00.5373027","orderItems":[{"id":401,"orderId":387,"productId":11,"productName":"土豆","productImage":null,"productPrice":1.00,"quantity":1,"totalPrice":1.00,"productOrigin":null,"createdAt":"2026-10-08T10:13:00"}],"statusDesc":"待支付","paymentStatusDesc":"待支付"}}
INFO     2026-10-08 18:13-01 [common.api_client:30] : 【POST请求】url=http://192.168.111.128:7070/orders/pay, json={'orderNo': '20261008181300899588', 'paymentMethod': None}
INFO     2026-10-08 18:13-01 [common.api_client:32] : 【响应】status_code=200, body={"code":400,"message":"支付方式不能为空","data":null}
ERROR    2026-10-08 18:13-01 [pytest_result_log:190] : test status is FAILED (test_cases/test_api/test_pay_api.py::TestPayApi::test_pay_api[case36]): AssertionError
INFO     2026-10-08 18:13-01 [pytest_result_log:194] : test_cases/test_api/test_pay_api.py::TestPayApi::test_pay_api[case36] -> self = <test_pay_api.TestPayApi object at 0x00000231F049ACC0>
case = {'order': {'totalAmount': 1, 'discountAmount': 0, 'actualAmount': 1, 'deliveryAddress': '测试地址', ...}, 'metadata': {'scenario': '正向case38-覆盖-土豆单品', 'type': 'positive', 'interfaceName': 'createOrder', 'payMethod': None, ...}}
pay_api = <api_objects.pay_api.PayApi object at 0x00000231F03F9E50>, user_api = <api_objects.user_api.UserApi object at 0x00000231F0431130>
order_api = <api_objects.order_api.OrderApi object at 0x00000231F043B950>

    @pytest.mark.pay
    @pytest.mark.positive
    @pytest.mark.parametrize('case',
                             creat_request_json('order_data.yaml', type='positive', interfaceName='createOrder'))
    def test_pay_api(self,case,pay_api,user_api,order_api):
        user_api.login(DEFAULT_USER['username'], DEFAULT_USER['password'])
        # 上游业务：创建订单
        response_order = order_api.create_order(case.get('order'))
        # 拿到刚刚创建的订单的订单号
        order_No = response_order.json().get('data')['orderNo']
    
        # 支付业务
        response_pay = pay_api.simulatePayment(order_No,case.get('metadata')['payMethod'])
        # HTTP和状态码断言
>       successful_response(response_pay)

test_cases\test_api\test_pay_api.py:24: 
_ _ _ _ _ _ _ _ _ _ _ _ _ _ _ _ _ _ _ _ _ _ _ _ _ _ _ _ _ _ _ _ _ _ _ _ _ _ _ _ _ _ _ _ _ _ _ _ _ _ _ _ _ _ _ _ _ _ _ _ _ _ _ _ _ _ _ _ _ _ _ _ _ _ _ _ _ _ _ _ _ _ _ _ _ _ _ _ _ _

response = <Response [200]>

    def successful_response(response):
        assert response.status_code == 200,f"HTTP返回码异常：实际返回{response.status_code}"
>       assert response.json()['code'] == 200,f"业务状态码异常：实际返回{response.json().get('code')}"
               ^^^^^^^^^^^^^^^^^^^^^^^^^^^^^^
E       AssertionError: 业务状态码异常：实际返回400

common\assert_utils.py:7: AssertionError
WARNING  2026-10-08 18:13-01 [pytest_result_log:128] : ---End: test_cases/test_api/test_pay_api.py::TestPayApi::test_pay_api[case36]---
WARNING  2026-10-08 18:13-01 [pytest_result_log:122] : --Start: test_cases/test_api/test_pay_api.py::TestPayApi::test_pay_api[case37]--
INFO     2026-10-08 18:13-01 [common.api_client:30] : 【POST请求】url=http://192.168.111.128:7070/auth/login, json={'username': 'lisi', 'password': '123456'}
INFO     2026-10-08 18:13-01 [common.api_client:32] : 【响应】status_code=200, body={"code":200,"message":"操作成功","data":{"id":316,"username":"lisi","token":"eyJhbGciOiJIUzI1NiJ9.eyJyb2xlIjoiVVNFUiIsInN1YiI6Imxpc2kiLCJpYXQiOjE3OTE0NTQzODAsImV4cCI6MTc5MTU0MDc4MH0.HHNHTPx9gHb89lcINWxo0No-shZ_96h6pxnFM_oJG78","role":"USER","avatar":null,"email":"2983192051@qq.com","realName":null}}
INFO     2026-10-08 18:13-01 [common.api_client:30] : 【POST请求】url=http://192.168.111.128:7070/orders, json={'totalAmount': 1, 'discountAmount': 0, 'actualAmount': 1, 'deliveryAddress': '测试地址', 'deliveryName': '覆盖测试11', 'deliveryPhone': '18300183037', 'remark': None, 'orderItems': [{'productId': 13, 'productName': '油酥饼', 'productPrice': 1, 'quantity': 1, 'totalPrice': 1, 'productImage': None, 'productOrigin': None}]}
INFO     2026-10-08 18:13-01 [common.api_client:32] : 【响应】status_code=200, body={"code":200,"message":"操作成功","data":{"id":388,"orderNo":"20261008181300617658","userId":316,"totalAmount":1,"discountAmount":0,"actualAmount":1,"paymentMethod":null,"paymentStatus":0,"orderStatus":1,"deliveryAddress":"测试地址","deliveryName":"覆盖测试11","deliveryPhone":"18300183037","remark":null,"paymentTime":null,"deliveryTime":null,"receivedTime":null,"cancelledTime":null,"cancelReason":null,"createdAt":"2026-10-08T18:13:00.616933011","updatedAt":"2026-10-08T18:13:00.616933522","orderItems":[{"id":402,"orderId":388,"productId":13,"productName":"油酥饼","productImage":null,"productPrice":1.00,"quantity":1,"totalPrice":1.00,"productOrigin":null,"createdAt":"2026-10-08T10:13:00"}],"statusDesc":"待支付","paymentStatusDesc":"待支付"}}
INFO     2026-10-08 18:13-01 [common.api_client:30] : 【POST请求】url=http://192.168.111.128:7070/orders/pay, json={'orderNo': '20261008181300617658', 'paymentMethod': None}
INFO     2026-10-08 18:13-01 [common.api_client:32] : 【响应】status_code=200, body={"code":400,"message":"支付方式不能为空","data":null}
ERROR    2026-10-08 18:13-01 [pytest_result_log:190] : test status is FAILED (test_cases/test_api/test_pay_api.py::TestPayApi::test_pay_api[case37]): AssertionError
INFO     2026-10-08 18:13-01 [pytest_result_log:194] : test_cases/test_api/test_pay_api.py::TestPayApi::test_pay_api[case37] -> self = <test_pay_api.TestPayApi object at 0x00000231F049ABD0>
case = {'order': {'totalAmount': 1, 'discountAmount': 0, 'actualAmount': 1, 'deliveryAddress': '测试地址', ...}, 'metadata': {'scenario': '正向case39-覆盖-油酥饼单品', 'type': 'positive', 'interfaceName': 'createOrder', 'payMethod': None, ...}}
pay_api = <api_objects.pay_api.PayApi object at 0x00000231F03F9E50>, user_api = <api_objects.user_api.UserApi object at 0x00000231F0431130>
order_api = <api_objects.order_api.OrderApi object at 0x00000231F043B950>

    @pytest.mark.pay
    @pytest.mark.positive
    @pytest.mark.parametrize('case',
                             creat_request_json('order_data.yaml', type='positive', interfaceName='createOrder'))
    def test_pay_api(self,case,pay_api,user_api,order_api):
        user_api.login(DEFAULT_USER['username'], DEFAULT_USER['password'])
        # 上游业务：创建订单
        response_order = order_api.create_order(case.get('order'))
        # 拿到刚刚创建的订单的订单号
        order_No = response_order.json().get('data')['orderNo']
    
        # 支付业务
        response_pay = pay_api.simulatePayment(order_No,case.get('metadata')['payMethod'])
        # HTTP和状态码断言
>       successful_response(response_pay)

test_cases\test_api\test_pay_api.py:24: 
_ _ _ _ _ _ _ _ _ _ _ _ _ _ _ _ _ _ _ _ _ _ _ _ _ _ _ _ _ _ _ _ _ _ _ _ _ _ _ _ _ _ _ _ _ _ _ _ _ _ _ _ _ _ _ _ _ _ _ _ _ _ _ _ _ _ _ _ _ _ _ _ _ _ _ _ _ _ _ _ _ _ _ _ _ _ _ _ _ _

response = <Response [200]>

    def successful_response(response):
        assert response.status_code == 200,f"HTTP返回码异常：实际返回{response.status_code}"
>       assert response.json()['code'] == 200,f"业务状态码异常：实际返回{response.json().get('code')}"
               ^^^^^^^^^^^^^^^^^^^^^^^^^^^^^^
E       AssertionError: 业务状态码异常：实际返回400

common\assert_utils.py:7: AssertionError
WARNING  2026-10-08 18:13-01 [pytest_result_log:128] : ---End: test_cases/test_api/test_pay_api.py::TestPayApi::test_pay_api[case37]---
WARNING  2026-10-08 18:13-01 [pytest_result_log:122] : Start: test_cases/test_api/test_product_api.py::TestProductApi::test_get_product_page[case0]
INFO     2026-10-08 18:13-01 [common.api_client:30] : 【POST请求】url=http://192.168.111.128:7070/auth/login, json={'username': 'lisi', 'password': '123456'}
INFO     2026-10-08 18:13-02 [common.api_client:32] : 【响应】status_code=200, body={"code":200,"message":"操作成功","data":{"id":316,"username":"lisi","token":"eyJhbGciOiJIUzI1NiJ9.eyJyb2xlIjoiVVNFUiIsInN1YiI6Imxpc2kiLCJpYXQiOjE3OTE0NTQzODAsImV4cCI6MTc5MTU0MDc4MH0.HHNHTPx9gHb89lcINWxo0No-shZ_96h6pxnFM_oJG78","role":"USER","avatar":null,"email":"2983192051@qq.com","realName":null}}
INFO     2026-10-08 18:13-02 [conftest:29] : 当前【测试场景】:正常分页查询商品
INFO     2026-10-08 18:13-02 [common.api_client:23] : 【GET请求】url=http://192.168.111.128:7070/products/page, params={'pageNum': 1, 'pageSize': 10, 'categoryId': 1, 'keyword': None, 'status': 1, 'isFeatured': 1}
INFO     2026-10-08 18:13-02 [common.api_client:25] : 【响应】status_code=200, body={"code":200,"message":"操作成功","data":{"records":[{"id":145,"name":"pro_ts_pos_000","categoryId":1,"description":"新鲜美味","coverImage":null,"images":null,"price":10.00,"originalPrice":20.00,"stock":100,"salesCount":0,"unit":"斤","weight":0.80,"specifications":null,"origin":"山西省运城市","rating":0.00,"reviewCount":0,"avgRating":0.00,"status":1,"isFeatured":true,"sortOrder":0,"createdAt":"2026-10-08T18:10:27","updatedAt":"2026-10-08T18:10:27","categoryName":"农特产品"},{"id":131,"name":"pro_ts_pos_000","categoryId":1,"description":"新鲜美味","coverImage":null,"images":null,"price":10.00,"originalPrice":20.00,"stock":100,"salesCount":0,"unit":"斤","weight":0.80,"specifications":null,"origin":"山西省运城市","rating":0.00,"reviewCount":0,"avgRating":0.00,"status":1,"isFeatured":true,"sortOrder":0,"createdAt":"2026-10-08T18:07:56","updatedAt":"2026-10-08T18:07:56","categoryName":"农特产品"},{"id":130,"name":"蚕豆","categoryId":1,"description":null,"coverImage":null,"images":null,"price":0.01,"originalPrice":0.01,"stock":93,"salesCount":7,"unit":"个","weight":1.00,"specifications":null,"origin":null,"rating":0.00,"reviewCount":0,"avgRating":0.00,"status":1,"isFeatured":true,"sortOrder":0,"createdAt":"2026-09-01T20:05:14","updatedAt":"2026-10-08T10:12:58","categoryName":"农特产品"},{"id":129,"name":"法式小面包","categoryId":1,"description":"法式小面包","coverImage":null,"images":null,"price":99999999.99,"originalPrice":99999999.99,"stock":93,"salesCount":7,"unit":"个","weight":0.20,"specifications":null,"origin":null,"rating":0.00,"reviewCount":0,"avgRating":0.00,"status":1,"isFeatured":true,"sortOrder":0,"createdAt":"2026-09-01T20:04:20","updatedAt":"2026-10-08T10:12:58","categoryName":"农特产品"},{"id":13,"name":"油酥饼","categoryId":1,"description":null,"coverImage":null,"images":null,"price":1.00,"originalPrice":1.00,"stock":2,"salesCount":8,"unit":"个","weight":0.20,"specifications":null,"origin":null,"rating":0.00,"reviewCount":0,"avgRating":0.00,"status":1,"isFeatured":true,"sortOrder":0,"createdAt":"2026-08-29T13:13:49","updatedAt":"2026-10-08T10:13:00","categoryName":"农特产品"},{"id":12,"name":"面包","categoryId":1,"description":"农家土面包","coverImage":null,"images":null,"price":10.00,"originalPrice":10.00,"stock":3,"salesCount":181,"unit":"个","weight":1.00,"specifications":null,"origin":null,"rating":0.00,"reviewCount":0,"avgRating":0.00,"status":1,"isFeatured":true,"sortOrder":0,"createdAt":"2026-08-29T12:35:18","updatedAt":"2026-10-08T10:12:58","categoryName":"农特产品"},{"id":11,"name":"土豆","categoryId":1,"description":" 新鲜土豆","coverImage":null,"images":null,"price":1.00,"originalPrice":1.00,"stock":423,"salesCount":222,"unit":"个","weight":0.50,"specifications":null,"origin":null,"rating":0.00,"reviewCount":0,"avgRating":0.00,"status":1,"isFeatured":true,"sortOrder":0,"createdAt":"2026-08-29T12:34:33","updatedAt":"2026-10-08T10:13:00","categoryName":"农特产品"},{"id":10,"name":"桃源寿司","categoryId":1,"description":"本地食材手工打造","coverImage":null,"images":null,"price":10.00,"originalPrice":10.00,"stock":42,"salesCount":21,"unit":"盒","weight":4.00,"specifications":null,"origin":null,"rating":0.00,"reviewCount":0,"avgRating":0.00,"status":1,"isFeatured":true,"sortOrder":0,"createdAt":"2026-08-29T12:32:23","updatedAt":"2026-10-08T10:13:00","categoryName":"农特产品"},{"id":9,"name":"生菜","categoryId":1,"description":"无添加","coverImage":null,"images":null,"price":3.00,"originalPrice":4.00,"stock":2413,"salesCount":440,"unit":"袋","weight":0.50,"specifications":null,"origin":null,"rating":0.00,"reviewCount":0,"avgRating":0.00,"status":1,"isFeatured":true,"sortOrder":0,"createdAt":"2026-08-29T12:31:22","updatedAt":"2026-10-08T10:13:00","categoryName":"农特产品"},{"id":8,"name":"金针菇","categoryId":1,"description":"纯天然","coverImage":null,"images":null,"price":5.00,"originalPrice":6.00,"stock":92,"salesCount":8,"unit":"斤","weight":0.40,"specifications":null,"origin":null,"rating":0.00,"reviewCount":0,"avgRating":0.00,"status":1,"isFeatured":true,"sortOrder":0,"createdAt":"2026-08-29T12:30:09","updatedAt":"2026-10-08T10:13:00","categoryName":"农特产品"}],"total":15,"size":10,"current":1,"pages":2}}
INFO     2026-10-08 18:13-02 [pytest_result_log:190] : test status is PASSED (test_cases/test_api/test_product_api.py::TestProductApi::test_get_product_page[case0]): 
WARNING  2026-10-08 18:13-02 [pytest_result_log:128] : End: test_cases/test_api/test_product_api.py::TestProductApi::test_get_product_page[case0]
WARNING  2026-10-08 18:13-02 [pytest_result_log:122] : Start: test_cases/test_api/test_product_api.py::TestProductApi::test_get_product_page[case1]
INFO     2026-10-08 18:13-02 [common.api_client:30] : 【POST请求】url=http://192.168.111.128:7070/auth/login, json={'username': 'lisi', 'password': '123456'}
INFO     2026-10-08 18:13-02 [common.api_client:32] : 【响应】status_code=200, body={"code":200,"message":"操作成功","data":{"id":316,"username":"lisi","token":"eyJhbGciOiJIUzI1NiJ9.eyJyb2xlIjoiVVNFUiIsInN1YiI6Imxpc2kiLCJpYXQiOjE3OTE0NTQzODAsImV4cCI6MTc5MTU0MDc4MH0.HHNHTPx9gHb89lcINWxo0No-shZ_96h6pxnFM_oJG78","role":"USER","avatar":null,"email":"2983192051@qq.com","realName":null}}
INFO     2026-10-08 18:13-02 [conftest:29] : 当前【测试场景】:空数据分页查询商品
INFO     2026-10-08 18:13-02 [common.api_client:23] : 【GET请求】url=http://192.168.111.128:7070/products/page, params={'pageNum': None, 'pageSize': None, 'categoryId': None, 'keyword': None, 'status': None, 'isFeatured': None}
INFO     2026-10-08 18:13-02 [common.api_client:25] : 【响应】status_code=200, body={"code":200,"message":"操作成功","data":{"records":[{"id":158,"name":"AAAAAAAAAAAAAAAAAAAAAAAAAAAAAAAAAAAAAAAAAAAAAAAAAAAAAAAAAAAAAAAAAAAAAAAAAAAAAAAAAAAAAAAAAAAAAAAAAAAA","categoryId":1,"description":null,"coverImage":null,"images":null,"price":10.00,"originalPrice":20.00,"stock":100,"salesCount":0,"unit":null,"weight":10.00,"specifications":null,"origin":null,"rating":0.00,"reviewCount":0,"avgRating":0.00,"status":1,"isFeatured":false,"sortOrder":0,"createdAt":"2026-10-08T18:10:29","updatedAt":"2026-10-08T18:10:29","categoryName":"农特产品"},{"id":153,"name":"pro_ts_pos_008","categoryId":1,"description":null,"coverImage":null,"images":null,"price":10.00,"originalPrice":20.00,"stock":0,"salesCount":0,"unit":null,"weight":0.80,"specifications":null,"origin":null,"rating":0.00,"reviewCount":0,"avgRating":0.00,"status":1,"isFeatured":false,"sortOrder":0,"createdAt":"2026-10-08T18:10:28","updatedAt":"2026-10-08T18:10:28","categoryName":"农特产品"},{"id":150,"name":"pro_ts_pos_005","categoryId":1,"description":null,"coverImage":null,"images":null,"price":99.00,"originalPrice":100.82,"stock":100,"salesCount":0,"unit":null,"weight":0.80,"specifications":null,"origin":null,"rating":0.00,"reviewCount":0,"avgRating":0.00,"status":1,"isFeatured":false,"sortOrder":0,"createdAt":"2026-10-08T18:10:28","updatedAt":"2026-10-08T18:10:28","categoryName":"农特产品"},{"id":151,"name":"pro_ts_pos_006","categoryId":1,"description":null,"coverImage":null,"images":null,"price":99.00,"originalPrice":null,"stock":100,"salesCount":0,"unit":null,"weight":0.80,"specifications":null,"origin":null,"rating":0.00,"reviewCount":0,"avgRating":0.00,"status":1,"isFeatured":false,"sortOrder":0,"createdAt":"2026-10-08T18:10:28","updatedAt":"2026-10-08T18:10:28","categoryName":"农特产品"},{"id":152,"name":"pro_ts_pos_007","categoryId":1,"description":null,"coverImage":null,"images":null,"price":10.00,"originalPrice":20.00,"stock":100,"salesCount":0,"unit":null,"weight":0.80,"specifications":null,"origin":null,"rating":0.00,"reviewCount":0,"avgRating":0.00,"status":1,"isFeatured":false,"sortOrder":0,"createdAt":"2026-10-08T18:10:28","updatedAt":"2026-10-08T18:10:28","categoryName":"农特产品"},{"id":155,"name":"pro_ts_pos_010","categoryId":1,"description":null,"coverImage":null,"images":null,"price":10.00,"originalPrice":20.00,"stock":100,"salesCount":0,"unit":null,"weight":0.00,"specifications":null,"origin":null,"rating":0.00,"reviewCount":0,"avgRating":0.00,"status":1,"isFeatured":false,"sortOrder":0,"createdAt":"2026-10-08T18:10:28","updatedAt":"2026-10-08T18:10:28","categoryName":"农特产品"},{"id":157,"name":"pro_ts_pos_011","categoryId":1,"description":null,"coverImage":null,"images":null,"price":10.00,"originalPrice":20.00,"stock":100,"salesCount":0,"unit":null,"weight":null,"specifications":null,"origin":null,"rating":0.00,"reviewCount":0,"avgRating":0.00,"status":1,"isFeatured":false,"sortOrder":0,"createdAt":"2026-10-08T18:10:28","updatedAt":"2026-10-08T18:10:28","categoryName":"农特产品"},{"id":156,"name":"pro_ts_pos_011","categoryId":1,"description":null,"coverImage":null,"images":null,"price":10.00,"originalPrice":20.00,"stock":100,"salesCount":0,"unit":null,"weight":999999.99,"specifications":null,"origin":null,"rating":0.00,"reviewCount":0,"avgRating":0.00,"status":1,"isFeatured":false,"sortOrder":0,"createdAt":"2026-10-08T18:10:28","updatedAt":"2026-10-08T18:10:28","categoryName":"农特产品"},{"id":154,"name":"pro_ts_pos_009","categoryId":1,"description":null,"coverImage":null,"images":null,"price":10.00,"originalPrice":20.00,"stock":0,"salesCount":0,"unit":null,"weight":0.80,"specifications":null,"origin":null,"rating":0.00,"reviewCount":0,"avgRating":0.00,"status":1,"isFeatured":false,"sortOrder":0,"createdAt":"2026-10-08T18:10:28","updatedAt":"2026-10-08T18:10:28","categoryName":"农特产品"},{"id":146,"name":"pro_ts_pos_001","categoryId":1,"description":null,"coverImage":null,"images":null,"price":10.00,"originalPrice":20.00,"stock":100,"salesCount":0,"unit":null,"weight":0.80,"specifications":null,"origin":null,"rating":0.00,"reviewCount":0,"avgRating":0.00,"status":1,"isFeatured":false,"sortOrder":0,"createdAt":"2026-10-08T18:10:27","updatedAt":"2026-10-08T18:10:27","categoryName":"农特产品"}],"total":43,"size":10,"current":1,"pages":5}}
INFO     2026-10-08 18:13-02 [pytest_result_log:190] : test status is PASSED (test_cases/test_api/test_product_api.py::TestProductApi::test_get_product_page[case1]): 
WARNING  2026-10-08 18:13-02 [pytest_result_log:128] : End: test_cases/test_api/test_product_api.py::TestProductApi::test_get_product_page[case1]
WARNING  2026-10-08 18:13-02 [pytest_result_log:122] : Start: test_cases/test_api/test_product_api.py::TestProductApi::test_get_product_page_negative[case0]
INFO     2026-10-08 18:13-02 [common.api_client:30] : 【POST请求】url=http://192.168.111.128:7070/auth/login, json={'username': 'lisi', 'password': '123456'}
INFO     2026-10-08 18:13-02 [common.api_client:32] : 【响应】status_code=200, body={"code":200,"message":"操作成功","data":{"id":316,"username":"lisi","token":"eyJhbGciOiJIUzI1NiJ9.eyJyb2xlIjoiVVNFUiIsInN1YiI6Imxpc2kiLCJpYXQiOjE3OTE0NTQzODAsImV4cCI6MTc5MTU0MDc4MH0.HHNHTPx9gHb89lcINWxo0No-shZ_96h6pxnFM_oJG78","role":"USER","avatar":null,"email":"2983192051@qq.com","realName":null}}
INFO     2026-10-08 18:13-02 [conftest:44] : 当前【测试场景】:非法数据分页查询商品
INFO     2026-10-08 18:13-02 [common.api_client:23] : 【GET请求】url=http://192.168.111.128:7070/products/page, params={'pageSize': '一'}
INFO     2026-10-08 18:13-02 [common.api_client:25] : 【响应】status_code=500, body={"code":500,"message":"系统内部错误，请联系管理员","data":null}
ERROR    2026-10-08 18:13-02 [pytest_result_log:190] : test status is FAILED (test_cases/test_api/test_product_api.py::TestProductApi::test_get_product_page_negative[case0]): AssertionError
INFO     2026-10-08 18:13-02 [pytest_result_log:194] : test_cases/test_api/test_product_api.py::TestProductApi::test_get_product_page_negative[case0] -> self = <test_product_api.TestProductApi object at 0x00000231F03C7740>
case = {'scenario': '非法数据分页查询商品', 'interfaceName': 'getProductPage', 'type': 'negative', 'page_num': None, ...}
product_api = <api_objects.product_api.ProductApi object at 0x00000231F1561970>, user_api = <api_objects.user_api.UserApi object at 0x00000231F0431130>

    @pytest.mark.product
    @pytest.mark.negative
    @pytest.mark.parametrize('case',
                             read_yaml("product_data.yaml",type="negative",interfaceName="getProductPage"))
    def test_get_product_page_negative(self,case,product_api,user_api):
        user_api.login(DEFAULT_USER['username'],DEFAULT_USER['password'])
        params={
            "pageSize":case['page_size']
        }
        logger.info(f"当前【测试场景】:{case['scenario']}")
        response = product_api.get_product_page(params)
>       assert failed_response(
            response,
            case['expected_code'],
            case['expected_msg']
        )

test_cases\test_api\test_product_api.py:46: 
_ _ _ _ _ _ _ _ _ _ _ _ _ _ _ _ _ _ _ _ _ _ _ _ _ _ _ _ _ _ _ _ _ _ _ _ _ _ _ _ _ _ _ _ _ _ _ _ _ _ _ _ _ _ _ _ _ _ _ _ _ _ _ _ _ _ _ _ _ _ _ _ _ _ _ _ _ _ _ _ _ _ _ _ _ _ _ _ _ _

response = <Response [500]>, expected_code = 500, expected_msg = '系统内部错误，请联系管理员'

    def failed_response(response,expected_code=500,expected_msg='用户名或密码错误'):
>       assert response.status_code == 200,f"HTTP返回码异常：实际返回{response.status_code}"
               ^^^^^^^^^^^^^^^^^^^^^^^^^^^
E       AssertionError: HTTP返回码异常：实际返回500

common\assert_utils.py:13: AssertionError
WARNING  2026-10-08 18:13-02 [pytest_result_log:128] : End: test_cases/test_api/test_product_api.py::TestProductApi::test_get_product_page_negative[case0]
WARNING  2026-10-08 18:13-02 [pytest_result_log:122] : Start: test_cases/test_api/test_product_api.py::TestProductApi::test_get_product_by_id[case0]
INFO     2026-10-08 18:13-02 [common.api_client:30] : 【POST请求】url=http://192.168.111.128:7070/auth/login, json={'username': 'lisi', 'password': '123456'}
INFO     2026-10-08 18:13-02 [common.api_client:32] : 【响应】status_code=200, body={"code":200,"message":"操作成功","data":{"id":316,"username":"lisi","token":"eyJhbGciOiJIUzI1NiJ9.eyJyb2xlIjoiVVNFUiIsInN1YiI6Imxpc2kiLCJpYXQiOjE3OTE0NTQzODAsImV4cCI6MTc5MTU0MDc4MH0.HHNHTPx9gHb89lcINWxo0No-shZ_96h6pxnFM_oJG78","role":"USER","avatar":null,"email":"2983192051@qq.com","realName":null}}
INFO     2026-10-08 18:13-02 [conftest:60] : 当前【测试场景】:正常id查询商品
INFO     2026-10-08 18:13-02 [common.api_client:23] : 【GET请求】url=http://192.168.111.128:7070/products/1, params=None
INFO     2026-10-08 18:13-02 [common.api_client:25] : 【响应】status_code=200, body={"code":200,"message":"操作成功","data":{"id":1,"name":"桃源蜂蜜","categoryId":1,"description":"纯天然野生蜂蜜，甘甜醇厚，营养丰富","coverImage":"/api/file/download/76cd5b84-3dad-47ec-b47a-d36ac4d5ba98.jpg","images":"[\"/images/products/honey_1.jpg\",\"/images/products/honey_2.jpg\"]","price":68.00,"originalPrice":88.00,"stock":315,"salesCount":8290,"unit":"瓶","weight":0.50,"specifications":"{\"尺寸\":\"30x20x15cm\",\"材质\":\"天然蜂蜜\"}","origin":"桃源县","rating":4.80,"reviewCount":5,"avgRating":4.40,"status":1,"isFeatured":true,"sortOrder":1,"createdAt":"2026-03-09T10:19:20","updatedAt":"2026-10-08T10:12:59","categoryName":"农特产品"}}
INFO     2026-10-08 18:13-02 [pytest_result_log:190] : test status is PASSED (test_cases/test_api/test_product_api.py::TestProductApi::test_get_product_by_id[case0]): 
WARNING  2026-10-08 18:13-02 [pytest_result_log:128] : End: test_cases/test_api/test_product_api.py::TestProductApi::test_get_product_by_id[case0]
WARNING  2026-10-08 18:13-02 [pytest_result_log:122] : Start: test_cases/test_api/test_product_api.py::TestProductApi::test_get_product_by_id_negative[case0]
INFO     2026-10-08 18:13-02 [common.api_client:30] : 【POST请求】url=http://192.168.111.128:7070/auth/login, json={'username': 'lisi', 'password': '123456'}
INFO     2026-10-08 18:13-02 [common.api_client:32] : 【响应】status_code=200, body={"code":200,"message":"操作成功","data":{"id":316,"username":"lisi","token":"eyJhbGciOiJIUzI1NiJ9.eyJyb2xlIjoiVVNFUiIsInN1YiI6Imxpc2kiLCJpYXQiOjE3OTE0NTQzODAsImV4cCI6MTc5MTU0MDc4MH0.HHNHTPx9gHb89lcINWxo0No-shZ_96h6pxnFM_oJG78","role":"USER","avatar":null,"email":"2983192051@qq.com","realName":null}}
INFO     2026-10-08 18:13-02 [conftest:72] : 当前【测试场景】:非法id查询
INFO     2026-10-08 18:13-02 [common.api_client:23] : 【GET请求】url=http://192.168.111.128:7070/products/一, params=None
INFO     2026-10-08 18:13-02 [common.api_client:25] : 【响应】status_code=500, body={"code":500,"message":"系统内部错误，请联系管理员","data":null}
ERROR    2026-10-08 18:13-02 [pytest_result_log:190] : test status is FAILED (test_cases/test_api/test_product_api.py::TestProductApi::test_get_product_by_id_negative[case0]): AssertionError
INFO     2026-10-08 18:13-02 [pytest_result_log:194] : test_cases/test_api/test_product_api.py::TestProductApi::test_get_product_by_id_negative[case0] -> self = <test_product_api.TestProductApi object at 0x00000231F0439550>, case = {'scenario': '非法id查询', 'interfaceName': 'getProductById', 'type': 'negative', 'productId': '一', ...}
product_api = <api_objects.product_api.ProductApi object at 0x00000231F1561970>, user_api = <api_objects.user_api.UserApi object at 0x00000231F0431130>

    @pytest.mark.product
    @pytest.mark.negative
    @pytest.mark.parametrize('case',
                             read_yaml("product_data.yaml", type="negative", interfaceName="getProductById"))
    def test_get_product_by_id_negative(self,case,product_api,user_api):
        user_api.login(DEFAULT_USER['username'],DEFAULT_USER['password'])
        logger.info(f"当前【测试场景】:{case['scenario']}")
        response = product_api.get_product_by_id(case['productId'])
>       resp_json = failed_response(
            response,
            case['expected_code'],
            case['expected_msg']
        )

test_cases\test_api\test_product_api.py:74: 
_ _ _ _ _ _ _ _ _ _ _ _ _ _ _ _ _ _ _ _ _ _ _ _ _ _ _ _ _ _ _ _ _ _ _ _ _ _ _ _ _ _ _ _ _ _ _ _ _ _ _ _ _ _ _ _ _ _ _ _ _ _ _ _ _ _ _ _ _ _ _ _ _ _ _ _ _ _ _ _ _ _ _ _ _ _ _ _ _ _

response = <Response [500]>, expected_code = 500, expected_msg = '系统内部错误，请联系管理员'

    def failed_response(response,expected_code=500,expected_msg='用户名或密码错误'):
>       assert response.status_code == 200,f"HTTP返回码异常：实际返回{response.status_code}"
               ^^^^^^^^^^^^^^^^^^^^^^^^^^^
E       AssertionError: HTTP返回码异常：实际返回500

common\assert_utils.py:13: AssertionError
WARNING  2026-10-08 18:13-02 [pytest_result_log:128] : End: test_cases/test_api/test_product_api.py::TestProductApi::test_get_product_by_id_negative[case0]
WARNING  2026-10-08 18:13-02 [pytest_result_log:122] : Start: test_cases/test_api/test_product_api.py::TestProductApi::test_get_product_by_id_negative[case1]
INFO     2026-10-08 18:13-02 [common.api_client:30] : 【POST请求】url=http://192.168.111.128:7070/auth/login, json={'username': 'lisi', 'password': '123456'}
INFO     2026-10-08 18:13-02 [common.api_client:32] : 【响应】status_code=200, body={"code":200,"message":"操作成功","data":{"id":316,"username":"lisi","token":"eyJhbGciOiJIUzI1NiJ9.eyJyb2xlIjoiVVNFUiIsInN1YiI6Imxpc2kiLCJpYXQiOjE3OTE0NTQzODAsImV4cCI6MTc5MTU0MDc4MH0.HHNHTPx9gHb89lcINWxo0No-shZ_96h6pxnFM_oJG78","role":"USER","avatar":null,"email":"2983192051@qq.com","realName":null}}
INFO     2026-10-08 18:13-02 [conftest:72] : 当前【测试场景】:查询边界值外id
INFO     2026-10-08 18:13-02 [common.api_client:23] : 【GET请求】url=http://192.168.111.128:7070/products/100, params=None
INFO     2026-10-08 18:13-02 [common.api_client:25] : 【响应】status_code=200, body={"code":500,"message":"商品不存在","data":null}
INFO     2026-10-08 18:13-02 [pytest_result_log:190] : test status is PASSED (test_cases/test_api/test_product_api.py::TestProductApi::test_get_product_by_id_negative[case1]): 
WARNING  2026-10-08 18:13-02 [pytest_result_log:128] : End: test_cases/test_api/test_product_api.py::TestProductApi::test_get_product_by_id_negative[case1]
WARNING  2026-10-08 18:13-02 [pytest_result_log:122] : Start: test_cases/test_api/test_product_api.py::TestProductApi::test_create_product[case0]
INFO     2026-10-08 18:13-02 [common.api_client:30] : 【POST请求】url=http://192.168.111.128:7070/auth/login, json={'username': 'admin', 'password': '123456'}
INFO     2026-10-08 18:13-02 [common.api_client:32] : 【响应】status_code=200, body={"code":200,"message":"操作成功","data":{"id":1,"username":"admin","token":"eyJhbGciOiJIUzI1NiJ9.eyJyb2xlIjoiQURNSU4iLCJzdWIiOiJhZG1pbiIsImlhdCI6MTc5MTQ1NDM4MSwiZXhwIjoxNzkxNTQwNzgxfQ.FRutEgQYIRFUj3Zozt3HcCkM0VyHtRRVbc4fmvJVDXI","role":"ADMIN","avatar":"/api/file/download/ef8b5054-32aa-4991-842d-729ffe771e11.jpg","email":"2232574827@qq.com","realName":"admin"}}
INFO     2026-10-08 18:13-02 [conftest:89] : 当前【测试场景】:正常创建商品
INFO     2026-10-08 18:13-02 [common.api_client:30] : 【POST请求】url=http://192.168.111.128:7070/products, json={'name': 'pro_ts_pos_000', 'categoryId': 1, 'price': 10, 'originalPrice': 20, 'stock': 100, 'weight': 0.8, 'description': '新鲜美味', 'isFeatured': 1, 'status': 1, 'origin': '山西省运城市', 'unit': '斤'}
INFO     2026-10-08 18:13-02 [common.api_client:32] : 【响应】status_code=200, body={"code":200,"message":"操作成功","data":{"id":159,"name":"pro_ts_pos_000","categoryId":1,"description":"新鲜美味","coverImage":null,"images":null,"price":10,"originalPrice":20,"stock":100,"salesCount":0,"unit":"斤","weight":0.8,"specifications":null,"origin":"山西省运城市","rating":0,"reviewCount":null,"avgRating":null,"status":1,"isFeatured":true,"sortOrder":null,"createdAt":"2026-10-08T18:13:01.027976228","updatedAt":"2026-10-08T18:13:01.027980105","categoryName":null}}
ERROR    2026-10-08 18:13-02 [pytest_result_log:190] : test status is FAILED (test_cases/test_api/test_product_api.py::TestProductApi::test_create_product[case0]): AssertionError
INFO     2026-10-08 18:13-02 [pytest_result_log:194] : test_cases/test_api/test_product_api.py::TestProductApi::test_create_product[case0] -> self = <test_product_api.TestProductApi object at 0x00000231F043BE30>
case = {'metadata': {'scenario': '正常创建商品', 'type': 'positive', 'interfaceName': 'createProduct'}, 'result_data': {'name': 'pro_ts_pos_000', 'categoryId': 1, 'price': 10, 'originalPrice': 20, ...}}
product_api = <api_objects.product_api.ProductApi object at 0x00000231F1561970>, user_api = <api_objects.user_api.UserApi object at 0x00000231F0431130>
clean_product = <function clean_product.<locals>._clean_product at 0x00000231F1608360>

    @pytest.mark.product
    @pytest.mark.negative
    @pytest.mark.parametrize('case',
                             creat_request_json("product_data.yaml", type="positive", interfaceName="createProduct"))
    def test_create_product(self,case,product_api,user_api,clean_product):
        # 登录管理员账户
        user_api.login(DEFAULT_ADMIN['username'],DEFAULT_ADMIN['password'])
        logger.info(f"当前【测试场景】:{case.get('metadata')['scenario']}")
        response = product_api.create_product(case.get('result_data'))
        successful_response(response)
        db_row = get_product_by_productname(case.get('result_data')['name'])
>       assert db_row is not None,f"{case.get('result_data')['name']}未入库"
E       AssertionError: pro_ts_pos_000未入库
E       assert None is not None

test_cases\test_api\test_product_api.py:93: AssertionError
WARNING  2026-10-08 18:13-02 [pytest_result_log:128] : End: test_cases/test_api/test_product_api.py::TestProductApi::test_create_product[case0]
WARNING  2026-10-08 18:13-02 [pytest_result_log:122] : Start: test_cases/test_api/test_product_api.py::TestProductApi::test_create_product[case1]
INFO     2026-10-08 18:13-02 [common.api_client:30] : 【POST请求】url=http://192.168.111.128:7070/auth/login, json={'username': 'admin', 'password': '123456'}
INFO     2026-10-08 18:13-02 [common.api_client:32] : 【响应】status_code=200, body={"code":200,"message":"操作成功","data":{"id":1,"username":"admin","token":"eyJhbGciOiJIUzI1NiJ9.eyJyb2xlIjoiQURNSU4iLCJzdWIiOiJhZG1pbiIsImlhdCI6MTc5MTQ1NDM4MSwiZXhwIjoxNzkxNTQwNzgxfQ.FRutEgQYIRFUj3Zozt3HcCkM0VyHtRRVbc4fmvJVDXI","role":"ADMIN","avatar":"/api/file/download/ef8b5054-32aa-4991-842d-729ffe771e11.jpg","email":"2232574827@qq.com","realName":"admin"}}
INFO     2026-10-08 18:13-02 [conftest:89] : 当前【测试场景】:可选参数全部为空
INFO     2026-10-08 18:13-02 [common.api_client:30] : 【POST请求】url=http://192.168.111.128:7070/products, json={'name': 'pro_ts_pos_001', 'categoryId': 1, 'price': 10, 'originalPrice': 20, 'stock': 100, 'weight': 0.8}
INFO     2026-10-08 18:13-02 [common.api_client:32] : 【响应】status_code=200, body={"code":200,"message":"操作成功","data":{"id":160,"name":"pro_ts_pos_001","categoryId":1,"description":null,"coverImage":null,"images":null,"price":10,"originalPrice":20,"stock":100,"salesCount":0,"unit":null,"weight":0.8,"specifications":null,"origin":null,"rating":0,"reviewCount":null,"avgRating":null,"status":null,"isFeatured":false,"sortOrder":null,"createdAt":"2026-10-08T18:13:01.134010207","updatedAt":"2026-10-08T18:13:01.134014715","categoryName":null}}
ERROR    2026-10-08 18:13-02 [pytest_result_log:190] : test status is FAILED (test_cases/test_api/test_product_api.py::TestProductApi::test_create_product[case1]): AssertionError
INFO     2026-10-08 18:13-02 [pytest_result_log:194] : test_cases/test_api/test_product_api.py::TestProductApi::test_create_product[case1] -> self = <test_product_api.TestProductApi object at 0x00000231F0438980>
case = {'metadata': {'scenario': '可选参数全部为空', 'type': 'positive', 'interfaceName': 'createProduct'}, 'result_data': {'name': 'pro_ts_pos_001', 'categoryId': 1, 'price': 10, 'originalPrice': 20, ...}}
product_api = <api_objects.product_api.ProductApi object at 0x00000231F1561970>, user_api = <api_objects.user_api.UserApi object at 0x00000231F0431130>
clean_product = <function clean_product.<locals>._clean_product at 0x00000231F1608360>

    @pytest.mark.product
    @pytest.mark.negative
    @pytest.mark.parametrize('case',
                             creat_request_json("product_data.yaml", type="positive", interfaceName="createProduct"))
    def test_create_product(self,case,product_api,user_api,clean_product):
        # 登录管理员账户
        user_api.login(DEFAULT_ADMIN['username'],DEFAULT_ADMIN['password'])
        logger.info(f"当前【测试场景】:{case.get('metadata')['scenario']}")
        response = product_api.create_product(case.get('result_data'))
        successful_response(response)
        db_row = get_product_by_productname(case.get('result_data')['name'])
>       assert db_row is not None,f"{case.get('result_data')['name']}未入库"
E       AssertionError: pro_ts_pos_001未入库
E       assert None is not None

test_cases\test_api\test_product_api.py:93: AssertionError
WARNING  2026-10-08 18:13-02 [pytest_result_log:128] : End: test_cases/test_api/test_product_api.py::TestProductApi::test_create_product[case1]
WARNING  2026-10-08 18:13-02 [pytest_result_log:122] : Start: test_cases/test_api/test_product_api.py::TestProductApi::test_create_product[case2]
INFO     2026-10-08 18:13-02 [common.api_client:30] : 【POST请求】url=http://192.168.111.128:7070/auth/login, json={'username': 'admin', 'password': '123456'}
INFO     2026-10-08 18:13-02 [common.api_client:32] : 【响应】status_code=200, body={"code":200,"message":"操作成功","data":{"id":1,"username":"admin","token":"eyJhbGciOiJIUzI1NiJ9.eyJyb2xlIjoiQURNSU4iLCJzdWIiOiJhZG1pbiIsImlhdCI6MTc5MTQ1NDM4MSwiZXhwIjoxNzkxNTQwNzgxfQ.FRutEgQYIRFUj3Zozt3HcCkM0VyHtRRVbc4fmvJVDXI","role":"ADMIN","avatar":"/api/file/download/ef8b5054-32aa-4991-842d-729ffe771e11.jpg","email":"2232574827@qq.com","realName":"admin"}}
INFO     2026-10-08 18:13-02 [conftest:89] : 当前【测试场景】:price小数点3位
INFO     2026-10-08 18:13-02 [common.api_client:30] : 【POST请求】url=http://192.168.111.128:7070/products, json={'name': 'pro_ts_pos_002', 'categoryId': 1, 'price': 10.231, 'originalPrice': 20, 'stock': 100, 'weight': 0.8}
INFO     2026-10-08 18:13-02 [common.api_client:32] : 【响应】status_code=200, body={"code":200,"message":"操作成功","data":{"id":161,"name":"pro_ts_pos_002","categoryId":1,"description":null,"coverImage":null,"images":null,"price":10.231,"originalPrice":20,"stock":100,"salesCount":0,"unit":null,"weight":0.8,"specifications":null,"origin":null,"rating":0,"reviewCount":null,"avgRating":null,"status":null,"isFeatured":false,"sortOrder":null,"createdAt":"2026-10-08T18:13:01.213217003","updatedAt":"2026-10-08T18:13:01.213219919","categoryName":null}}
ERROR    2026-10-08 18:13-02 [pytest_result_log:190] : test status is FAILED (test_cases/test_api/test_product_api.py::TestProductApi::test_create_product[case2]): AssertionError
INFO     2026-10-08 18:13-02 [pytest_result_log:194] : test_cases/test_api/test_product_api.py::TestProductApi::test_create_product[case2] -> self = <test_product_api.TestProductApi object at 0x00000231F043B170>
case = {'metadata': {'scenario': 'price小数点3位', 'type': 'positive', 'interfaceName': 'createProduct'}, 'result_data': {'name': 'pro_ts_pos_002', 'categoryId': 1, 'price': 10.231, 'originalPrice': 20, ...}}
product_api = <api_objects.product_api.ProductApi object at 0x00000231F1561970>, user_api = <api_objects.user_api.UserApi object at 0x00000231F0431130>
clean_product = <function clean_product.<locals>._clean_product at 0x00000231F1608360>

    @pytest.mark.product
    @pytest.mark.negative
    @pytest.mark.parametrize('case',
                             creat_request_json("product_data.yaml", type="positive", interfaceName="createProduct"))
    def test_create_product(self,case,product_api,user_api,clean_product):
        # 登录管理员账户
        user_api.login(DEFAULT_ADMIN['username'],DEFAULT_ADMIN['password'])
        logger.info(f"当前【测试场景】:{case.get('metadata')['scenario']}")
        response = product_api.create_product(case.get('result_data'))
        successful_response(response)
        db_row = get_product_by_productname(case.get('result_data')['name'])
>       assert db_row is not None,f"{case.get('result_data')['name']}未入库"
E       AssertionError: pro_ts_pos_002未入库
E       assert None is not None

test_cases\test_api\test_product_api.py:93: AssertionError
WARNING  2026-10-08 18:13-02 [pytest_result_log:128] : End: test_cases/test_api/test_product_api.py::TestProductApi::test_create_product[case2]
WARNING  2026-10-08 18:13-02 [pytest_result_log:122] : Start: test_cases/test_api/test_product_api.py::TestProductApi::test_create_product[case3]
INFO     2026-10-08 18:13-02 [common.api_client:30] : 【POST请求】url=http://192.168.111.128:7070/auth/login, json={'username': 'admin', 'password': '123456'}
INFO     2026-10-08 18:13-02 [common.api_client:32] : 【响应】status_code=200, body={"code":200,"message":"操作成功","data":{"id":1,"username":"admin","token":"eyJhbGciOiJIUzI1NiJ9.eyJyb2xlIjoiQURNSU4iLCJzdWIiOiJhZG1pbiIsImlhdCI6MTc5MTQ1NDM4MSwiZXhwIjoxNzkxNTQwNzgxfQ.FRutEgQYIRFUj3Zozt3HcCkM0VyHtRRVbc4fmvJVDXI","role":"ADMIN","avatar":"/api/file/download/ef8b5054-32aa-4991-842d-729ffe771e11.jpg","email":"2232574827@qq.com","realName":"admin"}}
INFO     2026-10-08 18:13-02 [conftest:89] : 当前【测试场景】:price长度=10
INFO     2026-10-08 18:13-02 [common.api_client:30] : 【POST请求】url=http://192.168.111.128:7070/products, json={'name': 'pro_ts_pos_003', 'categoryId': 1, 'price': 99999999.99, 'originalPrice': 20, 'stock': 100, 'weight': 0.8}
INFO     2026-10-08 18:13-02 [common.api_client:32] : 【响应】status_code=200, body={"code":200,"message":"操作成功","data":{"id":162,"name":"pro_ts_pos_003","categoryId":1,"description":null,"coverImage":null,"images":null,"price":99999999.99,"originalPrice":20,"stock":100,"salesCount":0,"unit":null,"weight":0.8,"specifications":null,"origin":null,"rating":0,"reviewCount":null,"avgRating":null,"status":null,"isFeatured":false,"sortOrder":null,"createdAt":"2026-10-08T18:13:01.288559128","updatedAt":"2026-10-08T18:13:01.288561412","categoryName":null}}
ERROR    2026-10-08 18:13-02 [pytest_result_log:190] : test status is FAILED (test_cases/test_api/test_product_api.py::TestProductApi::test_create_product[case3]): AssertionError
INFO     2026-10-08 18:13-02 [pytest_result_log:194] : test_cases/test_api/test_product_api.py::TestProductApi::test_create_product[case3] -> self = <test_product_api.TestProductApi object at 0x00000231F043AB70>
case = {'metadata': {'scenario': 'price长度=10', 'type': 'positive', 'interfaceName': 'createProduct'}, 'result_data': {'name': 'pro_ts_pos_003', 'categoryId': 1, 'price': 99999999.99, 'originalPrice': 20, ...}}
product_api = <api_objects.product_api.ProductApi object at 0x00000231F1561970>, user_api = <api_objects.user_api.UserApi object at 0x00000231F0431130>
clean_product = <function clean_product.<locals>._clean_product at 0x00000231F1608360>

    @pytest.mark.product
    @pytest.mark.negative
    @pytest.mark.parametrize('case',
                             creat_request_json("product_data.yaml", type="positive", interfaceName="createProduct"))
    def test_create_product(self,case,product_api,user_api,clean_product):
        # 登录管理员账户
        user_api.login(DEFAULT_ADMIN['username'],DEFAULT_ADMIN['password'])
        logger.info(f"当前【测试场景】:{case.get('metadata')['scenario']}")
        response = product_api.create_product(case.get('result_data'))
        successful_response(response)
        db_row = get_product_by_productname(case.get('result_data')['name'])
>       assert db_row is not None,f"{case.get('result_data')['name']}未入库"
E       AssertionError: pro_ts_pos_003未入库
E       assert None is not None

test_cases\test_api\test_product_api.py:93: AssertionError
WARNING  2026-10-08 18:13-02 [pytest_result_log:128] : End: test_cases/test_api/test_product_api.py::TestProductApi::test_create_product[case3]
WARNING  2026-10-08 18:13-02 [pytest_result_log:122] : Start: test_cases/test_api/test_product_api.py::TestProductApi::test_create_product[case4]
INFO     2026-10-08 18:13-02 [common.api_client:30] : 【POST请求】url=http://192.168.111.128:7070/auth/login, json={'username': 'admin', 'password': '123456'}
INFO     2026-10-08 18:13-02 [common.api_client:32] : 【响应】status_code=200, body={"code":200,"message":"操作成功","data":{"id":1,"username":"admin","token":"eyJhbGciOiJIUzI1NiJ9.eyJyb2xlIjoiQURNSU4iLCJzdWIiOiJhZG1pbiIsImlhdCI6MTc5MTQ1NDM4MSwiZXhwIjoxNzkxNTQwNzgxfQ.FRutEgQYIRFUj3Zozt3HcCkM0VyHtRRVbc4fmvJVDXI","role":"ADMIN","avatar":"/api/file/download/ef8b5054-32aa-4991-842d-729ffe771e11.jpg","email":"2232574827@qq.com","realName":"admin"}}
INFO     2026-10-08 18:13-02 [conftest:89] : 当前【测试场景】:originalPrice长度=10
INFO     2026-10-08 18:13-02 [common.api_client:30] : 【POST请求】url=http://192.168.111.128:7070/products, json={'name': 'pro_ts_pos_004', 'categoryId': 1, 'price': 99, 'originalPrice': 99999999.99, 'stock': 100, 'weight': 0.8}
INFO     2026-10-08 18:13-02 [common.api_client:32] : 【响应】status_code=200, body={"code":200,"message":"操作成功","data":{"id":163,"name":"pro_ts_pos_004","categoryId":1,"description":null,"coverImage":null,"images":null,"price":99,"originalPrice":99999999.99,"stock":100,"salesCount":0,"unit":null,"weight":0.8,"specifications":null,"origin":null,"rating":0,"reviewCount":null,"avgRating":null,"status":null,"isFeatured":false,"sortOrder":null,"createdAt":"2026-10-08T18:13:01.367139429","updatedAt":"2026-10-08T18:13:01.367143386","categoryName":null}}
ERROR    2026-10-08 18:13-02 [pytest_result_log:190] : test status is FAILED (test_cases/test_api/test_product_api.py::TestProductApi::test_create_product[case4]): AssertionError
INFO     2026-10-08 18:13-02 [pytest_result_log:194] : test_cases/test_api/test_product_api.py::TestProductApi::test_create_product[case4] -> self = <test_product_api.TestProductApi object at 0x00000231F0438260>
case = {'metadata': {'scenario': 'originalPrice长度=10', 'type': 'positive', 'interfaceName': 'createProduct'}, 'result_data': {'name': 'pro_ts_pos_004', 'categoryId': 1, 'price': 99, 'originalPrice': 99999999.99, ...}}
product_api = <api_objects.product_api.ProductApi object at 0x00000231F1561970>, user_api = <api_objects.user_api.UserApi object at 0x00000231F0431130>
clean_product = <function clean_product.<locals>._clean_product at 0x00000231F1608360>

    @pytest.mark.product
    @pytest.mark.negative
    @pytest.mark.parametrize('case',
                             creat_request_json("product_data.yaml", type="positive", interfaceName="createProduct"))
    def test_create_product(self,case,product_api,user_api,clean_product):
        # 登录管理员账户
        user_api.login(DEFAULT_ADMIN['username'],DEFAULT_ADMIN['password'])
        logger.info(f"当前【测试场景】:{case.get('metadata')['scenario']}")
        response = product_api.create_product(case.get('result_data'))
        successful_response(response)
        db_row = get_product_by_productname(case.get('result_data')['name'])
>       assert db_row is not None,f"{case.get('result_data')['name']}未入库"
E       AssertionError: pro_ts_pos_004未入库
E       assert None is not None

test_cases\test_api\test_product_api.py:93: AssertionError
WARNING  2026-10-08 18:13-02 [pytest_result_log:128] : End: test_cases/test_api/test_product_api.py::TestProductApi::test_create_product[case4]
WARNING  2026-10-08 18:13-02 [pytest_result_log:122] : Start: test_cases/test_api/test_product_api.py::TestProductApi::test_create_product[case5]
INFO     2026-10-08 18:13-02 [common.api_client:30] : 【POST请求】url=http://192.168.111.128:7070/auth/login, json={'username': 'admin', 'password': '123456'}
INFO     2026-10-08 18:13-02 [common.api_client:32] : 【响应】status_code=200, body={"code":200,"message":"操作成功","data":{"id":1,"username":"admin","token":"eyJhbGciOiJIUzI1NiJ9.eyJyb2xlIjoiQURNSU4iLCJzdWIiOiJhZG1pbiIsImlhdCI6MTc5MTQ1NDM4MSwiZXhwIjoxNzkxNTQwNzgxfQ.FRutEgQYIRFUj3Zozt3HcCkM0VyHtRRVbc4fmvJVDXI","role":"ADMIN","avatar":"/api/file/download/ef8b5054-32aa-4991-842d-729ffe771e11.jpg","email":"2232574827@qq.com","realName":"admin"}}
INFO     2026-10-08 18:13-02 [conftest:89] : 当前【测试场景】:originalPrice长度=10
INFO     2026-10-08 18:13-02 [common.api_client:30] : 【POST请求】url=http://192.168.111.128:7070/products, json={'name': 'pro_ts_pos_005', 'categoryId': 1, 'price': 99, 'originalPrice': 100.821, 'stock': 100, 'weight': 0.8}
INFO     2026-10-08 18:13-02 [common.api_client:32] : 【响应】status_code=200, body={"code":200,"message":"操作成功","data":{"id":164,"name":"pro_ts_pos_005","categoryId":1,"description":null,"coverImage":null,"images":null,"price":99,"originalPrice":100.821,"stock":100,"salesCount":0,"unit":null,"weight":0.8,"specifications":null,"origin":null,"rating":0,"reviewCount":null,"avgRating":null,"status":null,"isFeatured":false,"sortOrder":null,"createdAt":"2026-10-08T18:13:01.470417555","updatedAt":"2026-10-08T18:13:01.470420811","categoryName":null}}
ERROR    2026-10-08 18:13-02 [pytest_result_log:190] : test status is FAILED (test_cases/test_api/test_product_api.py::TestProductApi::test_create_product[case5]): AssertionError
INFO     2026-10-08 18:13-02 [pytest_result_log:194] : test_cases/test_api/test_product_api.py::TestProductApi::test_create_product[case5] -> self = <test_product_api.TestProductApi object at 0x00000231F0438080>
case = {'metadata': {'scenario': 'originalPrice长度=10', 'type': 'positive', 'interfaceName': 'createProduct'}, 'result_data': {'name': 'pro_ts_pos_005', 'categoryId': 1, 'price': 99, 'originalPrice': 100.821, ...}}
product_api = <api_objects.product_api.ProductApi object at 0x00000231F1561970>, user_api = <api_objects.user_api.UserApi object at 0x00000231F0431130>
clean_product = <function clean_product.<locals>._clean_product at 0x00000231F1608360>

    @pytest.mark.product
    @pytest.mark.negative
    @pytest.mark.parametrize('case',
                             creat_request_json("product_data.yaml", type="positive", interfaceName="createProduct"))
    def test_create_product(self,case,product_api,user_api,clean_product):
        # 登录管理员账户
        user_api.login(DEFAULT_ADMIN['username'],DEFAULT_ADMIN['password'])
        logger.info(f"当前【测试场景】:{case.get('metadata')['scenario']}")
        response = product_api.create_product(case.get('result_data'))
        successful_response(response)
        db_row = get_product_by_productname(case.get('result_data')['name'])
>       assert db_row is not None,f"{case.get('result_data')['name']}未入库"
E       AssertionError: pro_ts_pos_005未入库
E       assert None is not None

test_cases\test_api\test_product_api.py:93: AssertionError
WARNING  2026-10-08 18:13-02 [pytest_result_log:128] : End: test_cases/test_api/test_product_api.py::TestProductApi::test_create_product[case5]
WARNING  2026-10-08 18:13-02 [pytest_result_log:122] : Start: test_cases/test_api/test_product_api.py::TestProductApi::test_create_product[case6]
INFO     2026-10-08 18:13-02 [common.api_client:30] : 【POST请求】url=http://192.168.111.128:7070/auth/login, json={'username': 'admin', 'password': '123456'}
INFO     2026-10-08 18:13-02 [common.api_client:32] : 【响应】status_code=200, body={"code":200,"message":"操作成功","data":{"id":1,"username":"admin","token":"eyJhbGciOiJIUzI1NiJ9.eyJyb2xlIjoiQURNSU4iLCJzdWIiOiJhZG1pbiIsImlhdCI6MTc5MTQ1NDM4MSwiZXhwIjoxNzkxNTQwNzgxfQ.FRutEgQYIRFUj3Zozt3HcCkM0VyHtRRVbc4fmvJVDXI","role":"ADMIN","avatar":"/api/file/download/ef8b5054-32aa-4991-842d-729ffe771e11.jpg","email":"2232574827@qq.com","realName":"admin"}}
INFO     2026-10-08 18:13-02 [conftest:89] : 当前【测试场景】:originalPrice为空
INFO     2026-10-08 18:13-02 [common.api_client:30] : 【POST请求】url=http://192.168.111.128:7070/products, json={'name': 'pro_ts_pos_006', 'categoryId': 1, 'price': 99, 'stock': 100, 'weight': 0.8}
INFO     2026-10-08 18:13-02 [common.api_client:32] : 【响应】status_code=200, body={"code":200,"message":"操作成功","data":{"id":165,"name":"pro_ts_pos_006","categoryId":1,"description":null,"coverImage":null,"images":null,"price":99,"originalPrice":null,"stock":100,"salesCount":0,"unit":null,"weight":0.8,"specifications":null,"origin":null,"rating":0,"reviewCount":null,"avgRating":null,"status":null,"isFeatured":false,"sortOrder":null,"createdAt":"2026-10-08T18:13:01.566297091","updatedAt":"2026-10-08T18:13:01.566299225","categoryName":null}}
ERROR    2026-10-08 18:13-02 [pytest_result_log:190] : test status is FAILED (test_cases/test_api/test_product_api.py::TestProductApi::test_create_product[case6]): AssertionError
INFO     2026-10-08 18:13-02 [pytest_result_log:194] : test_cases/test_api/test_product_api.py::TestProductApi::test_create_product[case6] -> self = <test_product_api.TestProductApi object at 0x00000231F04380B0>
case = {'metadata': {'scenario': 'originalPrice为空', 'type': 'positive', 'interfaceName': 'createProduct'}, 'result_data': {'name': 'pro_ts_pos_006', 'categoryId': 1, 'price': 99, 'originalPrice': None, ...}}
product_api = <api_objects.product_api.ProductApi object at 0x00000231F1561970>, user_api = <api_objects.user_api.UserApi object at 0x00000231F0431130>
clean_product = <function clean_product.<locals>._clean_product at 0x00000231F1608360>

    @pytest.mark.product
    @pytest.mark.negative
    @pytest.mark.parametrize('case',
                             creat_request_json("product_data.yaml", type="positive", interfaceName="createProduct"))
    def test_create_product(self,case,product_api,user_api,clean_product):
        # 登录管理员账户
        user_api.login(DEFAULT_ADMIN['username'],DEFAULT_ADMIN['password'])
        logger.info(f"当前【测试场景】:{case.get('metadata')['scenario']}")
        response = product_api.create_product(case.get('result_data'))
        successful_response(response)
        db_row = get_product_by_productname(case.get('result_data')['name'])
>       assert db_row is not None,f"{case.get('result_data')['name']}未入库"
E       AssertionError: pro_ts_pos_006未入库
E       assert None is not None

test_cases\test_api\test_product_api.py:93: AssertionError
WARNING  2026-10-08 18:13-02 [pytest_result_log:128] : End: test_cases/test_api/test_product_api.py::TestProductApi::test_create_product[case6]
WARNING  2026-10-08 18:13-02 [pytest_result_log:122] : Start: test_cases/test_api/test_product_api.py::TestProductApi::test_create_product[case7]
INFO     2026-10-08 18:13-02 [common.api_client:30] : 【POST请求】url=http://192.168.111.128:7070/auth/login, json={'username': 'admin', 'password': '123456'}
INFO     2026-10-08 18:13-02 [common.api_client:32] : 【响应】status_code=200, body={"code":200,"message":"操作成功","data":{"id":1,"username":"admin","token":"eyJhbGciOiJIUzI1NiJ9.eyJyb2xlIjoiQURNSU4iLCJzdWIiOiJhZG1pbiIsImlhdCI6MTc5MTQ1NDM4MSwiZXhwIjoxNzkxNTQwNzgxfQ.FRutEgQYIRFUj3Zozt3HcCkM0VyHtRRVbc4fmvJVDXI","role":"ADMIN","avatar":"/api/file/download/ef8b5054-32aa-4991-842d-729ffe771e11.jpg","email":"2232574827@qq.com","realName":"admin"}}
INFO     2026-10-08 18:13-02 [conftest:89] : 当前【测试场景】:stock为小数
INFO     2026-10-08 18:13-02 [common.api_client:30] : 【POST请求】url=http://192.168.111.128:7070/products, json={'name': 'pro_ts_pos_007', 'categoryId': 1, 'price': 10, 'originalPrice': 20, 'stock': 100.8, 'weight': 0.8}
INFO     2026-10-08 18:13-03 [common.api_client:32] : 【响应】status_code=200, body={"code":200,"message":"操作成功","data":{"id":166,"name":"pro_ts_pos_007","categoryId":1,"description":null,"coverImage":null,"images":null,"price":10,"originalPrice":20,"stock":100,"salesCount":0,"unit":null,"weight":0.8,"specifications":null,"origin":null,"rating":0,"reviewCount":null,"avgRating":null,"status":null,"isFeatured":false,"sortOrder":null,"createdAt":"2026-10-08T18:13:01.652584755","updatedAt":"2026-10-08T18:13:01.65258727","categoryName":null}}
ERROR    2026-10-08 18:13-03 [pytest_result_log:190] : test status is FAILED (test_cases/test_api/test_product_api.py::TestProductApi::test_create_product[case7]): AssertionError
INFO     2026-10-08 18:13-03 [pytest_result_log:194] : test_cases/test_api/test_product_api.py::TestProductApi::test_create_product[case7] -> self = <test_product_api.TestProductApi object at 0x00000231F04384A0>
case = {'metadata': {'scenario': 'stock为小数', 'type': 'positive', 'interfaceName': 'createProduct'}, 'result_data': {'name': 'pro_ts_pos_007', 'categoryId': 1, 'price': 10, 'originalPrice': 20, ...}}
product_api = <api_objects.product_api.ProductApi object at 0x00000231F1561970>, user_api = <api_objects.user_api.UserApi object at 0x00000231F0431130>
clean_product = <function clean_product.<locals>._clean_product at 0x00000231F1608360>

    @pytest.mark.product
    @pytest.mark.negative
    @pytest.mark.parametrize('case',
                             creat_request_json("product_data.yaml", type="positive", interfaceName="createProduct"))
    def test_create_product(self,case,product_api,user_api,clean_product):
        # 登录管理员账户
        user_api.login(DEFAULT_ADMIN['username'],DEFAULT_ADMIN['password'])
        logger.info(f"当前【测试场景】:{case.get('metadata')['scenario']}")
        response = product_api.create_product(case.get('result_data'))
        successful_response(response)
        db_row = get_product_by_productname(case.get('result_data')['name'])
>       assert db_row is not None,f"{case.get('result_data')['name']}未入库"
E       AssertionError: pro_ts_pos_007未入库
E       assert None is not None

test_cases\test_api\test_product_api.py:93: AssertionError
WARNING  2026-10-08 18:13-03 [pytest_result_log:128] : End: test_cases/test_api/test_product_api.py::TestProductApi::test_create_product[case7]
WARNING  2026-10-08 18:13-03 [pytest_result_log:122] : Start: test_cases/test_api/test_product_api.py::TestProductApi::test_create_product[case8]
INFO     2026-10-08 18:13-03 [common.api_client:30] : 【POST请求】url=http://192.168.111.128:7070/auth/login, json={'username': 'admin', 'password': '123456'}
INFO     2026-10-08 18:13-03 [common.api_client:32] : 【响应】status_code=200, body={"code":200,"message":"操作成功","data":{"id":1,"username":"admin","token":"eyJhbGciOiJIUzI1NiJ9.eyJyb2xlIjoiQURNSU4iLCJzdWIiOiJhZG1pbiIsImlhdCI6MTc5MTQ1NDM4MSwiZXhwIjoxNzkxNTQwNzgxfQ.FRutEgQYIRFUj3Zozt3HcCkM0VyHtRRVbc4fmvJVDXI","role":"ADMIN","avatar":"/api/file/download/ef8b5054-32aa-4991-842d-729ffe771e11.jpg","email":"2232574827@qq.com","realName":"admin"}}
INFO     2026-10-08 18:13-03 [conftest:89] : 当前【测试场景】:stock=0
INFO     2026-10-08 18:13-03 [common.api_client:30] : 【POST请求】url=http://192.168.111.128:7070/products, json={'name': 'pro_ts_pos_008', 'categoryId': 1, 'price': 10, 'originalPrice': 20, 'stock': 0, 'weight': 0.8}
INFO     2026-10-08 18:13-03 [common.api_client:32] : 【响应】status_code=200, body={"code":200,"message":"操作成功","data":{"id":167,"name":"pro_ts_pos_008","categoryId":1,"description":null,"coverImage":null,"images":null,"price":10,"originalPrice":20,"stock":0,"salesCount":0,"unit":null,"weight":0.8,"specifications":null,"origin":null,"rating":0,"reviewCount":null,"avgRating":null,"status":null,"isFeatured":false,"sortOrder":null,"createdAt":"2026-10-08T18:13:01.751395113","updatedAt":"2026-10-08T18:13:01.751396856","categoryName":null}}
ERROR    2026-10-08 18:13-03 [pytest_result_log:190] : test status is FAILED (test_cases/test_api/test_product_api.py::TestProductApi::test_create_product[case8]): AssertionError
INFO     2026-10-08 18:13-03 [pytest_result_log:194] : test_cases/test_api/test_product_api.py::TestProductApi::test_create_product[case8] -> self = <test_product_api.TestProductApi object at 0x00000231F0438530>
case = {'metadata': {'scenario': 'stock=0', 'type': 'positive', 'interfaceName': 'createProduct'}, 'result_data': {'name': 'pro_ts_pos_008', 'categoryId': 1, 'price': 10, 'originalPrice': 20, ...}}
product_api = <api_objects.product_api.ProductApi object at 0x00000231F1561970>, user_api = <api_objects.user_api.UserApi object at 0x00000231F0431130>
clean_product = <function clean_product.<locals>._clean_product at 0x00000231F1608360>

    @pytest.mark.product
    @pytest.mark.negative
    @pytest.mark.parametrize('case',
                             creat_request_json("product_data.yaml", type="positive", interfaceName="createProduct"))
    def test_create_product(self,case,product_api,user_api,clean_product):
        # 登录管理员账户
        user_api.login(DEFAULT_ADMIN['username'],DEFAULT_ADMIN['password'])
        logger.info(f"当前【测试场景】:{case.get('metadata')['scenario']}")
        response = product_api.create_product(case.get('result_data'))
        successful_response(response)
        db_row = get_product_by_productname(case.get('result_data')['name'])
>       assert db_row is not None,f"{case.get('result_data')['name']}未入库"
E       AssertionError: pro_ts_pos_008未入库
E       assert None is not None

test_cases\test_api\test_product_api.py:93: AssertionError
WARNING  2026-10-08 18:13-03 [pytest_result_log:128] : End: test_cases/test_api/test_product_api.py::TestProductApi::test_create_product[case8]
WARNING  2026-10-08 18:13-03 [pytest_result_log:122] : Start: test_cases/test_api/test_product_api.py::TestProductApi::test_create_product[case9]
INFO     2026-10-08 18:13-03 [common.api_client:30] : 【POST请求】url=http://192.168.111.128:7070/auth/login, json={'username': 'admin', 'password': '123456'}
INFO     2026-10-08 18:13-03 [common.api_client:32] : 【响应】status_code=200, body={"code":200,"message":"操作成功","data":{"id":1,"username":"admin","token":"eyJhbGciOiJIUzI1NiJ9.eyJyb2xlIjoiQURNSU4iLCJzdWIiOiJhZG1pbiIsImlhdCI6MTc5MTQ1NDM4MSwiZXhwIjoxNzkxNTQwNzgxfQ.FRutEgQYIRFUj3Zozt3HcCkM0VyHtRRVbc4fmvJVDXI","role":"ADMIN","avatar":"/api/file/download/ef8b5054-32aa-4991-842d-729ffe771e11.jpg","email":"2232574827@qq.com","realName":"admin"}}
INFO     2026-10-08 18:13-03 [conftest:89] : 当前【测试场景】:stock为空
INFO     2026-10-08 18:13-03 [common.api_client:30] : 【POST请求】url=http://192.168.111.128:7070/products, json={'name': 'pro_ts_pos_009', 'categoryId': 1, 'price': 10, 'originalPrice': 20, 'weight': 0.8}
INFO     2026-10-08 18:13-03 [common.api_client:32] : 【响应】status_code=200, body={"code":200,"message":"操作成功","data":{"id":168,"name":"pro_ts_pos_009","categoryId":1,"description":null,"coverImage":null,"images":null,"price":10,"originalPrice":20,"stock":null,"salesCount":0,"unit":null,"weight":0.8,"specifications":null,"origin":null,"rating":0,"reviewCount":null,"avgRating":null,"status":null,"isFeatured":false,"sortOrder":null,"createdAt":"2026-10-08T18:13:01.825119026","updatedAt":"2026-10-08T18:13:01.825122322","categoryName":null}}
ERROR    2026-10-08 18:13-03 [pytest_result_log:190] : test status is FAILED (test_cases/test_api/test_product_api.py::TestProductApi::test_create_product[case9]): AssertionError
INFO     2026-10-08 18:13-03 [pytest_result_log:194] : test_cases/test_api/test_product_api.py::TestProductApi::test_create_product[case9] -> self = <test_product_api.TestProductApi object at 0x00000231F0438470>
case = {'metadata': {'scenario': 'stock为空', 'type': 'positive', 'interfaceName': 'createProduct'}, 'result_data': {'name': 'pro_ts_pos_009', 'categoryId': 1, 'price': 10, 'originalPrice': 20, ...}}
product_api = <api_objects.product_api.ProductApi object at 0x00000231F1561970>, user_api = <api_objects.user_api.UserApi object at 0x00000231F0431130>
clean_product = <function clean_product.<locals>._clean_product at 0x00000231F1608360>

    @pytest.mark.product
    @pytest.mark.negative
    @pytest.mark.parametrize('case',
                             creat_request_json("product_data.yaml", type="positive", interfaceName="createProduct"))
    def test_create_product(self,case,product_api,user_api,clean_product):
        # 登录管理员账户
        user_api.login(DEFAULT_ADMIN['username'],DEFAULT_ADMIN['password'])
        logger.info(f"当前【测试场景】:{case.get('metadata')['scenario']}")
        response = product_api.create_product(case.get('result_data'))
        successful_response(response)
        db_row = get_product_by_productname(case.get('result_data')['name'])
>       assert db_row is not None,f"{case.get('result_data')['name']}未入库"
E       AssertionError: pro_ts_pos_009未入库
E       assert None is not None

test_cases\test_api\test_product_api.py:93: AssertionError
WARNING  2026-10-08 18:13-03 [pytest_result_log:128] : End: test_cases/test_api/test_product_api.py::TestProductApi::test_create_product[case9]
WARNING  2026-10-08 18:13-03 [pytest_result_log:122] : Start: test_cases/test_api/test_product_api.py::TestProductApi::test_create_product[case10]
INFO     2026-10-08 18:13-03 [common.api_client:30] : 【POST请求】url=http://192.168.111.128:7070/auth/login, json={'username': 'admin', 'password': '123456'}
INFO     2026-10-08 18:13-03 [common.api_client:32] : 【响应】status_code=200, body={"code":200,"message":"操作成功","data":{"id":1,"username":"admin","token":"eyJhbGciOiJIUzI1NiJ9.eyJyb2xlIjoiQURNSU4iLCJzdWIiOiJhZG1pbiIsImlhdCI6MTc5MTQ1NDM4MSwiZXhwIjoxNzkxNTQwNzgxfQ.FRutEgQYIRFUj3Zozt3HcCkM0VyHtRRVbc4fmvJVDXI","role":"ADMIN","avatar":"/api/file/download/ef8b5054-32aa-4991-842d-729ffe771e11.jpg","email":"2232574827@qq.com","realName":"admin"}}
INFO     2026-10-08 18:13-03 [conftest:89] : 当前【测试场景】:weight值为0
INFO     2026-10-08 18:13-03 [common.api_client:30] : 【POST请求】url=http://192.168.111.128:7070/products, json={'name': 'pro_ts_pos_010', 'categoryId': 1, 'price': 10, 'originalPrice': 20, 'stock': 100, 'weight': 0}
INFO     2026-10-08 18:13-03 [common.api_client:32] : 【响应】status_code=200, body={"code":200,"message":"操作成功","data":{"id":169,"name":"pro_ts_pos_010","categoryId":1,"description":null,"coverImage":null,"images":null,"price":10,"originalPrice":20,"stock":100,"salesCount":0,"unit":null,"weight":0,"specifications":null,"origin":null,"rating":0,"reviewCount":null,"avgRating":null,"status":null,"isFeatured":false,"sortOrder":null,"createdAt":"2026-10-08T18:13:01.894462748","updatedAt":"2026-10-08T18:13:01.894464501","categoryName":null}}
ERROR    2026-10-08 18:13-03 [pytest_result_log:190] : test status is FAILED (test_cases/test_api/test_product_api.py::TestProductApi::test_create_product[case10]): AssertionError
INFO     2026-10-08 18:13-03 [pytest_result_log:194] : test_cases/test_api/test_product_api.py::TestProductApi::test_create_product[case10] -> self = <test_product_api.TestProductApi object at 0x00000231F04385F0>
case = {'metadata': {'scenario': 'weight值为0', 'type': 'positive', 'interfaceName': 'createProduct'}, 'result_data': {'name': 'pro_ts_pos_010', 'categoryId': 1, 'price': 10, 'originalPrice': 20, ...}}
product_api = <api_objects.product_api.ProductApi object at 0x00000231F1561970>, user_api = <api_objects.user_api.UserApi object at 0x00000231F0431130>
clean_product = <function clean_product.<locals>._clean_product at 0x00000231F1608360>

    @pytest.mark.product
    @pytest.mark.negative
    @pytest.mark.parametrize('case',
                             creat_request_json("product_data.yaml", type="positive", interfaceName="createProduct"))
    def test_create_product(self,case,product_api,user_api,clean_product):
        # 登录管理员账户
        user_api.login(DEFAULT_ADMIN['username'],DEFAULT_ADMIN['password'])
        logger.info(f"当前【测试场景】:{case.get('metadata')['scenario']}")
        response = product_api.create_product(case.get('result_data'))
        successful_response(response)
        db_row = get_product_by_productname(case.get('result_data')['name'])
>       assert db_row is not None,f"{case.get('result_data')['name']}未入库"
E       AssertionError: pro_ts_pos_010未入库
E       assert None is not None

test_cases\test_api\test_product_api.py:93: AssertionError
WARNING  2026-10-08 18:13-03 [pytest_result_log:128] : End: test_cases/test_api/test_product_api.py::TestProductApi::test_create_product[case10]
WARNING  2026-10-08 18:13-03 [pytest_result_log:122] : Start: test_cases/test_api/test_product_api.py::TestProductApi::test_create_product[case11]
INFO     2026-10-08 18:13-03 [common.api_client:30] : 【POST请求】url=http://192.168.111.128:7070/auth/login, json={'username': 'admin', 'password': '123456'}
INFO     2026-10-08 18:13-03 [common.api_client:32] : 【响应】status_code=200, body={"code":200,"message":"操作成功","data":{"id":1,"username":"admin","token":"eyJhbGciOiJIUzI1NiJ9.eyJyb2xlIjoiQURNSU4iLCJzdWIiOiJhZG1pbiIsImlhdCI6MTc5MTQ1NDM4MSwiZXhwIjoxNzkxNTQwNzgxfQ.FRutEgQYIRFUj3Zozt3HcCkM0VyHtRRVbc4fmvJVDXI","role":"ADMIN","avatar":"/api/file/download/ef8b5054-32aa-4991-842d-729ffe771e11.jpg","email":"2232574827@qq.com","realName":"admin"}}
INFO     2026-10-08 18:13-03 [conftest:89] : 当前【测试场景】:weight值为8位
INFO     2026-10-08 18:13-03 [common.api_client:30] : 【POST请求】url=http://192.168.111.128:7070/products, json={'name': 'pro_ts_pos_011', 'categoryId': 1, 'price': 10, 'originalPrice': 20, 'stock': 100, 'weight': 999999.99}
INFO     2026-10-08 18:13-03 [common.api_client:32] : 【响应】status_code=200, body={"code":200,"message":"操作成功","data":{"id":170,"name":"pro_ts_pos_011","categoryId":1,"description":null,"coverImage":null,"images":null,"price":10,"originalPrice":20,"stock":100,"salesCount":0,"unit":null,"weight":999999.99,"specifications":null,"origin":null,"rating":0,"reviewCount":null,"avgRating":null,"status":null,"isFeatured":false,"sortOrder":null,"createdAt":"2026-10-08T18:13:01.969044214","updatedAt":"2026-10-08T18:13:01.969048863","categoryName":null}}
ERROR    2026-10-08 18:13-03 [pytest_result_log:190] : test status is FAILED (test_cases/test_api/test_product_api.py::TestProductApi::test_create_product[case11]): AssertionError
INFO     2026-10-08 18:13-03 [pytest_result_log:194] : test_cases/test_api/test_product_api.py::TestProductApi::test_create_product[case11] -> self = <test_product_api.TestProductApi object at 0x00000231F04388C0>
case = {'metadata': {'scenario': 'weight值为8位', 'type': 'positive', 'interfaceName': 'createProduct'}, 'result_data': {'name': 'pro_ts_pos_011', 'categoryId': 1, 'price': 10, 'originalPrice': 20, ...}}
product_api = <api_objects.product_api.ProductApi object at 0x00000231F1561970>, user_api = <api_objects.user_api.UserApi object at 0x00000231F0431130>
clean_product = <function clean_product.<locals>._clean_product at 0x00000231F1608360>

    @pytest.mark.product
    @pytest.mark.negative
    @pytest.mark.parametrize('case',
                             creat_request_json("product_data.yaml", type="positive", interfaceName="createProduct"))
    def test_create_product(self,case,product_api,user_api,clean_product):
        # 登录管理员账户
        user_api.login(DEFAULT_ADMIN['username'],DEFAULT_ADMIN['password'])
        logger.info(f"当前【测试场景】:{case.get('metadata')['scenario']}")
        response = product_api.create_product(case.get('result_data'))
        successful_response(response)
        db_row = get_product_by_productname(case.get('result_data')['name'])
>       assert db_row is not None,f"{case.get('result_data')['name']}未入库"
E       AssertionError: pro_ts_pos_011未入库
E       assert None is not None

test_cases\test_api\test_product_api.py:93: AssertionError
WARNING  2026-10-08 18:13-03 [pytest_result_log:128] : End: test_cases/test_api/test_product_api.py::TestProductApi::test_create_product[case11]
WARNING  2026-10-08 18:13-03 [pytest_result_log:122] : Start: test_cases/test_api/test_product_api.py::TestProductApi::test_create_product[case12]
INFO     2026-10-08 18:13-03 [common.api_client:30] : 【POST请求】url=http://192.168.111.128:7070/auth/login, json={'username': 'admin', 'password': '123456'}
INFO     2026-10-08 18:13-03 [common.api_client:32] : 【响应】status_code=200, body={"code":200,"message":"操作成功","data":{"id":1,"username":"admin","token":"eyJhbGciOiJIUzI1NiJ9.eyJyb2xlIjoiQURNSU4iLCJzdWIiOiJhZG1pbiIsImlhdCI6MTc5MTQ1NDM4MiwiZXhwIjoxNzkxNTQwNzgyfQ.En6CQ-5mwMn8LAE_8Ok8SrRnqA39G8y8o-5dF3q-2PI","role":"ADMIN","avatar":"/api/file/download/ef8b5054-32aa-4991-842d-729ffe771e11.jpg","email":"2232574827@qq.com","realName":"admin"}}
INFO     2026-10-08 18:13-03 [conftest:89] : 当前【测试场景】:weight值为空
INFO     2026-10-08 18:13-03 [common.api_client:30] : 【POST请求】url=http://192.168.111.128:7070/products, json={'name': 'pro_ts_pos_011', 'categoryId': 1, 'price': 10, 'originalPrice': 20, 'stock': 100}
INFO     2026-10-08 18:13-03 [common.api_client:32] : 【响应】status_code=200, body={"code":200,"message":"操作成功","data":{"id":171,"name":"pro_ts_pos_011","categoryId":1,"description":null,"coverImage":null,"images":null,"price":10,"originalPrice":20,"stock":100,"salesCount":0,"unit":null,"weight":null,"specifications":null,"origin":null,"rating":0,"reviewCount":null,"avgRating":null,"status":null,"isFeatured":false,"sortOrder":null,"createdAt":"2026-10-08T18:13:02.067345218","updatedAt":"2026-10-08T18:13:02.067347572","categoryName":null}}
ERROR    2026-10-08 18:13-03 [pytest_result_log:190] : test status is FAILED (test_cases/test_api/test_product_api.py::TestProductApi::test_create_product[case12]): AssertionError
INFO     2026-10-08 18:13-03 [pytest_result_log:194] : test_cases/test_api/test_product_api.py::TestProductApi::test_create_product[case12] -> self = <test_product_api.TestProductApi object at 0x00000231F0438800>
case = {'metadata': {'scenario': 'weight值为空', 'type': 'positive', 'interfaceName': 'createProduct'}, 'result_data': {'name': 'pro_ts_pos_011', 'categoryId': 1, 'price': 10, 'originalPrice': 20, ...}}
product_api = <api_objects.product_api.ProductApi object at 0x00000231F1561970>, user_api = <api_objects.user_api.UserApi object at 0x00000231F0431130>
clean_product = <function clean_product.<locals>._clean_product at 0x00000231F1608360>

    @pytest.mark.product
    @pytest.mark.negative
    @pytest.mark.parametrize('case',
                             creat_request_json("product_data.yaml", type="positive", interfaceName="createProduct"))
    def test_create_product(self,case,product_api,user_api,clean_product):
        # 登录管理员账户
        user_api.login(DEFAULT_ADMIN['username'],DEFAULT_ADMIN['password'])
        logger.info(f"当前【测试场景】:{case.get('metadata')['scenario']}")
        response = product_api.create_product(case.get('result_data'))
        successful_response(response)
        db_row = get_product_by_productname(case.get('result_data')['name'])
>       assert db_row is not None,f"{case.get('result_data')['name']}未入库"
E       AssertionError: pro_ts_pos_011未入库
E       assert None is not None

test_cases\test_api\test_product_api.py:93: AssertionError
WARNING  2026-10-08 18:13-03 [pytest_result_log:128] : End: test_cases/test_api/test_product_api.py::TestProductApi::test_create_product[case12]
WARNING  2026-10-08 18:13-03 [pytest_result_log:122] : Start: test_cases/test_api/test_product_api.py::TestProductApi::test_create_product_negative[case0]
INFO     2026-10-08 18:13-03 [common.api_client:30] : 【POST请求】url=http://192.168.111.128:7070/auth/login, json={'username': 'admin', 'password': '123456'}
INFO     2026-10-08 18:13-03 [common.api_client:32] : 【响应】status_code=200, body={"code":200,"message":"操作成功","data":{"id":1,"username":"admin","token":"eyJhbGciOiJIUzI1NiJ9.eyJyb2xlIjoiQURNSU4iLCJzdWIiOiJhZG1pbiIsImlhdCI6MTc5MTQ1NDM4MiwiZXhwIjoxNzkxNTQwNzgyfQ.En6CQ-5mwMn8LAE_8Ok8SrRnqA39G8y8o-5dF3q-2PI","role":"ADMIN","avatar":"/api/file/download/ef8b5054-32aa-4991-842d-729ffe771e11.jpg","email":"2232574827@qq.com","realName":"admin"}}
INFO     2026-10-08 18:13-03 [conftest:103] : 当前【测试场景】:分类id不存在
INFO     2026-10-08 18:13-03 [common.api_client:30] : 【POST请求】url=http://192.168.111.128:7070/products, json={'name': 'pro_ts_neg_000', 'categoryId': 10, 'price': 10, 'originalPrice': 20, 'stock': 100, 'weight': 0.8}
INFO     2026-10-08 18:13-03 [common.api_client:32] : 【响应】status_code=200, body={"code":500,"message":"商品分类不存在或已禁用","data":null}
INFO     2026-10-08 18:13-03 [pytest_result_log:190] : test status is PASSED (test_cases/test_api/test_product_api.py::TestProductApi::test_create_product_negative[case0]): 
WARNING  2026-10-08 18:13-03 [pytest_result_log:128] : End: test_cases/test_api/test_product_api.py::TestProductApi::test_create_product_negative[case0]
WARNING  2026-10-08 18:13-03 [pytest_result_log:122] : Start: test_cases/test_api/test_product_api.py::TestProductApi::test_create_product_negative[case1]
INFO     2026-10-08 18:13-03 [common.api_client:30] : 【POST请求】url=http://192.168.111.128:7070/auth/login, json={'username': 'admin', 'password': '123456'}
INFO     2026-10-08 18:13-03 [common.api_client:32] : 【响应】status_code=200, body={"code":200,"message":"操作成功","data":{"id":1,"username":"admin","token":"eyJhbGciOiJIUzI1NiJ9.eyJyb2xlIjoiQURNSU4iLCJzdWIiOiJhZG1pbiIsImlhdCI6MTc5MTQ1NDM4MiwiZXhwIjoxNzkxNTQwNzgyfQ.En6CQ-5mwMn8LAE_8Ok8SrRnqA39G8y8o-5dF3q-2PI","role":"ADMIN","avatar":"/api/file/download/ef8b5054-32aa-4991-842d-729ffe771e11.jpg","email":"2232574827@qq.com","realName":"admin"}}
INFO     2026-10-08 18:13-03 [conftest:103] : 当前【测试场景】:非法分类id
INFO     2026-10-08 18:13-03 [common.api_client:30] : 【POST请求】url=http://192.168.111.128:7070/products, json={'name': 'pro_ts_neg_001', 'categoryId': '一', 'price': 10, 'originalPrice': 20, 'stock': 100, 'weight': 0.8}
INFO     2026-10-08 18:13-03 [common.api_client:32] : 【响应】status_code=500, body={"code":500,"message":"系统内部错误，请联系管理员","data":null}
ERROR    2026-10-08 18:13-03 [pytest_result_log:190] : test status is FAILED (test_cases/test_api/test_product_api.py::TestProductApi::test_create_product_negative[case1]): AssertionError
INFO     2026-10-08 18:13-03 [pytest_result_log:194] : test_cases/test_api/test_product_api.py::TestProductApi::test_create_product_negative[case1] -> self = <test_product_api.TestProductApi object at 0x00000231F03C72C0>
case = {'scenario': '非法分类id', 'interfaceName': 'createProduct', 'type': 'negative', 'name': 'pro_ts_neg_001', ...}
product_api = <api_objects.product_api.ProductApi object at 0x00000231F1561970>, user_api = <api_objects.user_api.UserApi object at 0x00000231F0431130>
clean_product = <function clean_product.<locals>._clean_product at 0x00000231F1608360>

    @pytest.mark.product
    @pytest.mark.negative
    @pytest.mark.parametrize('case',
                             read_yaml("product_data.yaml", type="negative", interfaceName="createProduct"))
    def test_create_product_negative(self,case,product_api,user_api,clean_product):
        user_api.login(DEFAULT_ADMIN['username'],DEFAULT_ADMIN['password'])
        logger.info(f"当前【测试场景】:{case['scenario']}")
        # 可选参数全部为String类型，且自动转换，不必再测
        response = product_api.create_product(params_dict={
            "name": case['name'],
            "categoryId": case['categoryId'],
            "price": case['price'],
            "originalPrice": case['originalPrice'],
            "stock": case['stock'],
            "weight": case['weight'],
        })
>       failed_response(response,case['expected_code'],case['expected_msg'])

test_cases\test_api\test_product_api.py:113: 
_ _ _ _ _ _ _ _ _ _ _ _ _ _ _ _ _ _ _ _ _ _ _ _ _ _ _ _ _ _ _ _ _ _ _ _ _ _ _ _ _ _ _ _ _ _ _ _ _ _ _ _ _ _ _ _ _ _ _ _ _ _ _ _ _ _ _ _ _ _ _ _ _ _ _ _ _ _ _ _ _ _ _ _ _ _ _ _ _ _

response = <Response [500]>, expected_code = 500, expected_msg = '商品分类不存在或已禁用'

    def failed_response(response,expected_code=500,expected_msg='用户名或密码错误'):
>       assert response.status_code == 200,f"HTTP返回码异常：实际返回{response.status_code}"
               ^^^^^^^^^^^^^^^^^^^^^^^^^^^
E       AssertionError: HTTP返回码异常：实际返回500

common\assert_utils.py:13: AssertionError
WARNING  2026-10-08 18:13-03 [pytest_result_log:128] : End: test_cases/test_api/test_product_api.py::TestProductApi::test_create_product_negative[case1]
WARNING  2026-10-08 18:13-03 [pytest_result_log:122] : Start: test_cases/test_api/test_product_api.py::TestProductApi::test_create_product_negative[case2]
INFO     2026-10-08 18:13-03 [common.api_client:30] : 【POST请求】url=http://192.168.111.128:7070/auth/login, json={'username': 'admin', 'password': '123456'}
INFO     2026-10-08 18:13-03 [common.api_client:32] : 【响应】status_code=200, body={"code":200,"message":"操作成功","data":{"id":1,"username":"admin","token":"eyJhbGciOiJIUzI1NiJ9.eyJyb2xlIjoiQURNSU4iLCJzdWIiOiJhZG1pbiIsImlhdCI6MTc5MTQ1NDM4MiwiZXhwIjoxNzkxNTQwNzgyfQ.En6CQ-5mwMn8LAE_8Ok8SrRnqA39G8y8o-5dF3q-2PI","role":"ADMIN","avatar":"/api/file/download/ef8b5054-32aa-4991-842d-729ffe771e11.jpg","email":"2232574827@qq.com","realName":"admin"}}
INFO     2026-10-08 18:13-03 [conftest:103] : 当前【测试场景】:非法price
INFO     2026-10-08 18:13-03 [common.api_client:30] : 【POST请求】url=http://192.168.111.128:7070/products, json={'name': 'pro_ts_neg_002', 'categoryId': 1, 'price': '十', 'originalPrice': 20, 'stock': 100, 'weight': 0.8}
INFO     2026-10-08 18:13-03 [common.api_client:32] : 【响应】status_code=500, body={"code":500,"message":"系统内部错误，请联系管理员","data":null}
ERROR    2026-10-08 18:13-03 [pytest_result_log:190] : test status is FAILED (test_cases/test_api/test_product_api.py::TestProductApi::test_create_product_negative[case2]): AssertionError
INFO     2026-10-08 18:13-03 [pytest_result_log:194] : test_cases/test_api/test_product_api.py::TestProductApi::test_create_product_negative[case2] -> self = <test_product_api.TestProductApi object at 0x00000231F03C7D10>
case = {'scenario': '非法price', 'interfaceName': 'createProduct', 'type': 'negative', 'name': 'pro_ts_neg_002', ...}
product_api = <api_objects.product_api.ProductApi object at 0x00000231F1561970>, user_api = <api_objects.user_api.UserApi object at 0x00000231F0431130>
clean_product = <function clean_product.<locals>._clean_product at 0x00000231F1608360>

    @pytest.mark.product
    @pytest.mark.negative
    @pytest.mark.parametrize('case',
                             read_yaml("product_data.yaml", type="negative", interfaceName="createProduct"))
    def test_create_product_negative(self,case,product_api,user_api,clean_product):
        user_api.login(DEFAULT_ADMIN['username'],DEFAULT_ADMIN['password'])
        logger.info(f"当前【测试场景】:{case['scenario']}")
        # 可选参数全部为String类型，且自动转换，不必再测
        response = product_api.create_product(params_dict={
            "name": case['name'],
            "categoryId": case['categoryId'],
            "price": case['price'],
            "originalPrice": case['originalPrice'],
            "stock": case['stock'],
            "weight": case['weight'],
        })
>       failed_response(response,case['expected_code'],case['expected_msg'])

test_cases\test_api\test_product_api.py:113: 
_ _ _ _ _ _ _ _ _ _ _ _ _ _ _ _ _ _ _ _ _ _ _ _ _ _ _ _ _ _ _ _ _ _ _ _ _ _ _ _ _ _ _ _ _ _ _ _ _ _ _ _ _ _ _ _ _ _ _ _ _ _ _ _ _ _ _ _ _ _ _ _ _ _ _ _ _ _ _ _ _ _ _ _ _ _ _ _ _ _

response = <Response [500]>, expected_code = 500, expected_msg = '价格格式不正确'

    def failed_response(response,expected_code=500,expected_msg='用户名或密码错误'):
>       assert response.status_code == 200,f"HTTP返回码异常：实际返回{response.status_code}"
               ^^^^^^^^^^^^^^^^^^^^^^^^^^^
E       AssertionError: HTTP返回码异常：实际返回500

common\assert_utils.py:13: AssertionError
WARNING  2026-10-08 18:13-03 [pytest_result_log:128] : End: test_cases/test_api/test_product_api.py::TestProductApi::test_create_product_negative[case2]
WARNING  2026-10-08 18:13-03 [pytest_result_log:122] : Start: test_cases/test_api/test_product_api.py::TestProductApi::test_create_product_negative[case3]
INFO     2026-10-08 18:13-03 [common.api_client:30] : 【POST请求】url=http://192.168.111.128:7070/auth/login, json={'username': 'admin', 'password': '123456'}
INFO     2026-10-08 18:13-03 [common.api_client:32] : 【响应】status_code=200, body={"code":200,"message":"操作成功","data":{"id":1,"username":"admin","token":"eyJhbGciOiJIUzI1NiJ9.eyJyb2xlIjoiQURNSU4iLCJzdWIiOiJhZG1pbiIsImlhdCI6MTc5MTQ1NDM4MiwiZXhwIjoxNzkxNTQwNzgyfQ.En6CQ-5mwMn8LAE_8Ok8SrRnqA39G8y8o-5dF3q-2PI","role":"ADMIN","avatar":"/api/file/download/ef8b5054-32aa-4991-842d-729ffe771e11.jpg","email":"2232574827@qq.com","realName":"admin"}}
INFO     2026-10-08 18:13-03 [conftest:103] : 当前【测试场景】:price=0
INFO     2026-10-08 18:13-03 [common.api_client:30] : 【POST请求】url=http://192.168.111.128:7070/products, json={'name': 'pro_ts_neg_003', 'categoryId': 1, 'price': 0, 'originalPrice': 20, 'stock': 100, 'weight': 0.8}
INFO     2026-10-08 18:13-03 [common.api_client:32] : 【响应】status_code=200, body={"code":400,"message":"价格必须大于0","data":null}
INFO     2026-10-08 18:13-03 [pytest_result_log:190] : test status is PASSED (test_cases/test_api/test_product_api.py::TestProductApi::test_create_product_negative[case3]): 
WARNING  2026-10-08 18:13-03 [pytest_result_log:128] : End: test_cases/test_api/test_product_api.py::TestProductApi::test_create_product_negative[case3]
WARNING  2026-10-08 18:13-03 [pytest_result_log:122] : Start: test_cases/test_api/test_product_api.py::TestProductApi::test_create_product_negative[case4]
INFO     2026-10-08 18:13-03 [common.api_client:30] : 【POST请求】url=http://192.168.111.128:7070/auth/login, json={'username': 'admin', 'password': '123456'}
INFO     2026-10-08 18:13-03 [common.api_client:32] : 【响应】status_code=200, body={"code":200,"message":"操作成功","data":{"id":1,"username":"admin","token":"eyJhbGciOiJIUzI1NiJ9.eyJyb2xlIjoiQURNSU4iLCJzdWIiOiJhZG1pbiIsImlhdCI6MTc5MTQ1NDM4MiwiZXhwIjoxNzkxNTQwNzgyfQ.En6CQ-5mwMn8LAE_8Ok8SrRnqA39G8y8o-5dF3q-2PI","role":"ADMIN","avatar":"/api/file/download/ef8b5054-32aa-4991-842d-729ffe771e11.jpg","email":"2232574827@qq.com","realName":"admin"}}
INFO     2026-10-08 18:13-03 [conftest:103] : 当前【测试场景】:price<0
INFO     2026-10-08 18:13-03 [common.api_client:30] : 【POST请求】url=http://192.168.111.128:7070/products, json={'name': 'pro_ts_neg_004', 'categoryId': 1, 'price': -2, 'originalPrice': 20, 'stock': 100, 'weight': 0.8}
INFO     2026-10-08 18:13-03 [common.api_client:32] : 【响应】status_code=200, body={"code":400,"message":"价格必须大于0","data":null}
INFO     2026-10-08 18:13-03 [pytest_result_log:190] : test status is PASSED (test_cases/test_api/test_product_api.py::TestProductApi::test_create_product_negative[case4]): 
WARNING  2026-10-08 18:13-03 [pytest_result_log:128] : End: test_cases/test_api/test_product_api.py::TestProductApi::test_create_product_negative[case4]
WARNING  2026-10-08 18:13-03 [pytest_result_log:122] : Start: test_cases/test_api/test_product_api.py::TestProductApi::test_create_product_negative[case5]
INFO     2026-10-08 18:13-03 [common.api_client:30] : 【POST请求】url=http://192.168.111.128:7070/auth/login, json={'username': 'admin', 'password': '123456'}
INFO     2026-10-08 18:13-03 [common.api_client:32] : 【响应】status_code=200, body={"code":200,"message":"操作成功","data":{"id":1,"username":"admin","token":"eyJhbGciOiJIUzI1NiJ9.eyJyb2xlIjoiQURNSU4iLCJzdWIiOiJhZG1pbiIsImlhdCI6MTc5MTQ1NDM4MiwiZXhwIjoxNzkxNTQwNzgyfQ.En6CQ-5mwMn8LAE_8Ok8SrRnqA39G8y8o-5dF3q-2PI","role":"ADMIN","avatar":"/api/file/download/ef8b5054-32aa-4991-842d-729ffe771e11.jpg","email":"2232574827@qq.com","realName":"admin"}}
INFO     2026-10-08 18:13-03 [conftest:103] : 当前【测试场景】:price为空
INFO     2026-10-08 18:13-03 [common.api_client:30] : 【POST请求】url=http://192.168.111.128:7070/products, json={'name': 'pro_ts_neg_005', 'categoryId': 1, 'originalPrice': 20, 'stock': 100, 'weight': 0.8}
INFO     2026-10-08 18:13-03 [common.api_client:32] : 【响应】status_code=200, body={"code":400,"message":"价格不能为空","data":null}
INFO     2026-10-08 18:13-03 [pytest_result_log:190] : test status is PASSED (test_cases/test_api/test_product_api.py::TestProductApi::test_create_product_negative[case5]): 
WARNING  2026-10-08 18:13-03 [pytest_result_log:128] : End: test_cases/test_api/test_product_api.py::TestProductApi::test_create_product_negative[case5]
WARNING  2026-10-08 18:13-03 [pytest_result_log:122] : Start: test_cases/test_api/test_product_api.py::TestProductApi::test_create_product_negative[case6]
INFO     2026-10-08 18:13-03 [common.api_client:30] : 【POST请求】url=http://192.168.111.128:7070/auth/login, json={'username': 'admin', 'password': '123456'}
INFO     2026-10-08 18:13-03 [common.api_client:32] : 【响应】status_code=200, body={"code":200,"message":"操作成功","data":{"id":1,"username":"admin","token":"eyJhbGciOiJIUzI1NiJ9.eyJyb2xlIjoiQURNSU4iLCJzdWIiOiJhZG1pbiIsImlhdCI6MTc5MTQ1NDM4MiwiZXhwIjoxNzkxNTQwNzgyfQ.En6CQ-5mwMn8LAE_8Ok8SrRnqA39G8y8o-5dF3q-2PI","role":"ADMIN","avatar":"/api/file/download/ef8b5054-32aa-4991-842d-729ffe771e11.jpg","email":"2232574827@qq.com","realName":"admin"}}
INFO     2026-10-08 18:13-03 [conftest:103] : 当前【测试场景】:price长度=11
INFO     2026-10-08 18:13-03 [common.api_client:30] : 【POST请求】url=http://192.168.111.128:7070/products, json={'name': 'pro_ts_neg_006', 'categoryId': 1, 'price': 100000000.0, 'originalPrice': 20, 'stock': 100, 'weight': 0.8}
INFO     2026-10-08 18:13-03 [common.api_client:32] : 【响应】status_code=200, body={"code":500,"message":"数据操作失败，可能违反了数据库约束","data":null}
INFO     2026-10-08 18:13-03 [pytest_result_log:190] : test status is PASSED (test_cases/test_api/test_product_api.py::TestProductApi::test_create_product_negative[case6]): 
WARNING  2026-10-08 18:13-03 [pytest_result_log:128] : End: test_cases/test_api/test_product_api.py::TestProductApi::test_create_product_negative[case6]
WARNING  2026-10-08 18:13-03 [pytest_result_log:122] : Start: test_cases/test_api/test_product_api.py::TestProductApi::test_create_product_negative[case7]
INFO     2026-10-08 18:13-03 [common.api_client:30] : 【POST请求】url=http://192.168.111.128:7070/auth/login, json={'username': 'admin', 'password': '123456'}
INFO     2026-10-08 18:13-04 [common.api_client:32] : 【响应】status_code=200, body={"code":200,"message":"操作成功","data":{"id":1,"username":"admin","token":"eyJhbGciOiJIUzI1NiJ9.eyJyb2xlIjoiQURNSU4iLCJzdWIiOiJhZG1pbiIsImlhdCI6MTc5MTQ1NDM4MiwiZXhwIjoxNzkxNTQwNzgyfQ.En6CQ-5mwMn8LAE_8Ok8SrRnqA39G8y8o-5dF3q-2PI","role":"ADMIN","avatar":"/api/file/download/ef8b5054-32aa-4991-842d-729ffe771e11.jpg","email":"2232574827@qq.com","realName":"admin"}}
INFO     2026-10-08 18:13-04 [conftest:103] : 当前【测试场景】:originalPrice值<0
INFO     2026-10-08 18:13-04 [common.api_client:30] : 【POST请求】url=http://192.168.111.128:7070/products, json={'name': 'pro_ts_neg_007', 'categoryId': 1, 'price': 10, 'originalPrice': -20, 'stock': 100, 'weight': 0.8}
INFO     2026-10-08 18:13-04 [common.api_client:32] : 【响应】status_code=200, body={"code":400,"message":"原价不能为负数","data":null}
INFO     2026-10-08 18:13-04 [pytest_result_log:190] : test status is PASSED (test_cases/test_api/test_product_api.py::TestProductApi::test_create_product_negative[case7]): 
WARNING  2026-10-08 18:13-04 [pytest_result_log:128] : End: test_cases/test_api/test_product_api.py::TestProductApi::test_create_product_negative[case7]
WARNING  2026-10-08 18:13-04 [pytest_result_log:122] : Start: test_cases/test_api/test_product_api.py::TestProductApi::test_create_product_negative[case8]
INFO     2026-10-08 18:13-04 [common.api_client:30] : 【POST请求】url=http://192.168.111.128:7070/auth/login, json={'username': 'admin', 'password': '123456'}
INFO     2026-10-08 18:13-04 [common.api_client:32] : 【响应】status_code=200, body={"code":200,"message":"操作成功","data":{"id":1,"username":"admin","token":"eyJhbGciOiJIUzI1NiJ9.eyJyb2xlIjoiQURNSU4iLCJzdWIiOiJhZG1pbiIsImlhdCI6MTc5MTQ1NDM4MiwiZXhwIjoxNzkxNTQwNzgyfQ.En6CQ-5mwMn8LAE_8Ok8SrRnqA39G8y8o-5dF3q-2PI","role":"ADMIN","avatar":"/api/file/download/ef8b5054-32aa-4991-842d-729ffe771e11.jpg","email":"2232574827@qq.com","realName":"admin"}}
INFO     2026-10-08 18:13-04 [conftest:103] : 当前【测试场景】:stock值为负数
INFO     2026-10-08 18:13-04 [common.api_client:30] : 【POST请求】url=http://192.168.111.128:7070/products, json={'name': 'pro_ts_neg_008', 'categoryId': 1, 'price': 10, 'originalPrice': 20, 'stock': -100, 'weight': 0.8}
INFO     2026-10-08 18:13-04 [common.api_client:32] : 【响应】status_code=200, body={"code":400,"message":"库存数量不能为负数","data":null}
INFO     2026-10-08 18:13-04 [pytest_result_log:190] : test status is PASSED (test_cases/test_api/test_product_api.py::TestProductApi::test_create_product_negative[case8]): 
WARNING  2026-10-08 18:13-04 [pytest_result_log:128] : End: test_cases/test_api/test_product_api.py::TestProductApi::test_create_product_negative[case8]
WARNING  2026-10-08 18:13-04 [pytest_result_log:122] : Start: test_cases/test_api/test_product_api.py::TestProductApi::test_create_product_negative[case9]
INFO     2026-10-08 18:13-04 [common.api_client:30] : 【POST请求】url=http://192.168.111.128:7070/auth/login, json={'username': 'admin', 'password': '123456'}
INFO     2026-10-08 18:13-04 [common.api_client:32] : 【响应】status_code=200, body={"code":200,"message":"操作成功","data":{"id":1,"username":"admin","token":"eyJhbGciOiJIUzI1NiJ9.eyJyb2xlIjoiQURNSU4iLCJzdWIiOiJhZG1pbiIsImlhdCI6MTc5MTQ1NDM4MiwiZXhwIjoxNzkxNTQwNzgyfQ.En6CQ-5mwMn8LAE_8Ok8SrRnqA39G8y8o-5dF3q-2PI","role":"ADMIN","avatar":"/api/file/download/ef8b5054-32aa-4991-842d-729ffe771e11.jpg","email":"2232574827@qq.com","realName":"admin"}}
INFO     2026-10-08 18:13-04 [conftest:103] : 当前【测试场景】:weight值为负数
INFO     2026-10-08 18:13-04 [common.api_client:30] : 【POST请求】url=http://192.168.111.128:7070/products, json={'name': 'pro_ts_neg_009', 'categoryId': 1, 'price': 10, 'originalPrice': 20, 'stock': 100, 'weight': -0.8}
INFO     2026-10-08 18:13-04 [common.api_client:32] : 【响应】status_code=200, body={"code":400,"message":"重量不能为负数","data":null}
INFO     2026-10-08 18:13-04 [pytest_result_log:190] : test status is PASSED (test_cases/test_api/test_product_api.py::TestProductApi::test_create_product_negative[case9]): 
WARNING  2026-10-08 18:13-04 [pytest_result_log:128] : End: test_cases/test_api/test_product_api.py::TestProductApi::test_create_product_negative[case9]
WARNING  2026-10-08 18:13-04 [pytest_result_log:122] : Start: test_cases/test_api/test_product_api.py::TestProductApi::test_create_product_negative[case10]
INFO     2026-10-08 18:13-04 [common.api_client:30] : 【POST请求】url=http://192.168.111.128:7070/auth/login, json={'username': 'admin', 'password': '123456'}
INFO     2026-10-08 18:13-04 [common.api_client:32] : 【响应】status_code=200, body={"code":200,"message":"操作成功","data":{"id":1,"username":"admin","token":"eyJhbGciOiJIUzI1NiJ9.eyJyb2xlIjoiQURNSU4iLCJzdWIiOiJhZG1pbiIsImlhdCI6MTc5MTQ1NDM4MiwiZXhwIjoxNzkxNTQwNzgyfQ.En6CQ-5mwMn8LAE_8Ok8SrRnqA39G8y8o-5dF3q-2PI","role":"ADMIN","avatar":"/api/file/download/ef8b5054-32aa-4991-842d-729ffe771e11.jpg","email":"2232574827@qq.com","realName":"admin"}}
INFO     2026-10-08 18:13-04 [conftest:103] : 当前【测试场景】:originalPrice长度为11位
INFO     2026-10-08 18:13-04 [common.api_client:30] : 【POST请求】url=http://192.168.111.128:7070/products, json={'name': 'pro_ts_neg_010', 'categoryId': 1, 'price': 10, 'originalPrice': 100000000.0, 'stock': 100, 'weight': 0.5}
INFO     2026-10-08 18:13-04 [common.api_client:32] : 【响应】status_code=200, body={"code":500,"message":"数据操作失败，可能违反了数据库约束","data":null}
INFO     2026-10-08 18:13-04 [pytest_result_log:190] : test status is PASSED (test_cases/test_api/test_product_api.py::TestProductApi::test_create_product_negative[case10]): 
WARNING  2026-10-08 18:13-04 [pytest_result_log:128] : End: test_cases/test_api/test_product_api.py::TestProductApi::test_create_product_negative[case10]
WARNING  2026-10-08 18:13-04 [pytest_result_log:122] : Start: test_cases/test_api/test_product_api.py::TestProductApi::test_create_product_negative[case11]
INFO     2026-10-08 18:13-04 [common.api_client:30] : 【POST请求】url=http://192.168.111.128:7070/auth/login, json={'username': 'admin', 'password': '123456'}
INFO     2026-10-08 18:13-04 [common.api_client:32] : 【响应】status_code=200, body={"code":200,"message":"操作成功","data":{"id":1,"username":"admin","token":"eyJhbGciOiJIUzI1NiJ9.eyJyb2xlIjoiQURNSU4iLCJzdWIiOiJhZG1pbiIsImlhdCI6MTc5MTQ1NDM4MiwiZXhwIjoxNzkxNTQwNzgyfQ.En6CQ-5mwMn8LAE_8Ok8SrRnqA39G8y8o-5dF3q-2PI","role":"ADMIN","avatar":"/api/file/download/ef8b5054-32aa-4991-842d-729ffe771e11.jpg","email":"2232574827@qq.com","realName":"admin"}}
INFO     2026-10-08 18:13-04 [conftest:103] : 当前【测试场景】:weight值大于8位
INFO     2026-10-08 18:13-04 [common.api_client:30] : 【POST请求】url=http://192.168.111.128:7070/products, json={'name': 'pro_ts_neg_011', 'categoryId': 1, 'price': 10, 'originalPrice': 20, 'stock': 100, 'weight': 1000000.0}
INFO     2026-10-08 18:13-04 [common.api_client:32] : 【响应】status_code=200, body={"code":500,"message":"数据操作失败，可能违反了数据库约束","data":null}
INFO     2026-10-08 18:13-04 [pytest_result_log:190] : test status is PASSED (test_cases/test_api/test_product_api.py::TestProductApi::test_create_product_negative[case11]): 
WARNING  2026-10-08 18:13-04 [pytest_result_log:128] : End: test_cases/test_api/test_product_api.py::TestProductApi::test_create_product_negative[case11]
WARNING  2026-10-08 18:13-04 [pytest_result_log:122] : Start: test_cases/test_api/test_product_api.py::TestProductApi::test_create_product_negative[case12]
INFO     2026-10-08 18:13-04 [common.api_client:30] : 【POST请求】url=http://192.168.111.128:7070/auth/login, json={'username': 'admin', 'password': '123456'}
INFO     2026-10-08 18:13-04 [common.api_client:32] : 【响应】status_code=200, body={"code":200,"message":"操作成功","data":{"id":1,"username":"admin","token":"eyJhbGciOiJIUzI1NiJ9.eyJyb2xlIjoiQURNSU4iLCJzdWIiOiJhZG1pbiIsImlhdCI6MTc5MTQ1NDM4MywiZXhwIjoxNzkxNTQwNzgzfQ.EKwFw4Swo8MC_lF6QnC9orxCjjQ1fGislCBy0pQ8bmo","role":"ADMIN","avatar":"/api/file/download/ef8b5054-32aa-4991-842d-729ffe771e11.jpg","email":"2232574827@qq.com","realName":"admin"}}
INFO     2026-10-08 18:13-04 [conftest:103] : 当前【测试场景】:name为空
INFO     2026-10-08 18:13-04 [common.api_client:30] : 【POST请求】url=http://192.168.111.128:7070/products, json={'name': '', 'categoryId': 1, 'price': 10, 'originalPrice': 20, 'stock': 100, 'weight': 10}
INFO     2026-10-08 18:13-04 [common.api_client:32] : 【响应】status_code=200, body={"code":400,"message":"商品名称不能为空","data":null}
INFO     2026-10-08 18:13-04 [pytest_result_log:190] : test status is PASSED (test_cases/test_api/test_product_api.py::TestProductApi::test_create_product_negative[case12]): 
WARNING  2026-10-08 18:13-04 [pytest_result_log:128] : End: test_cases/test_api/test_product_api.py::TestProductApi::test_create_product_negative[case12]
WARNING  2026-10-08 18:13-04 [pytest_result_log:122] : Start: test_cases/test_api/test_product_api.py::TestProductApi::test_create_product_negative[case13]
INFO     2026-10-08 18:13-04 [common.api_client:30] : 【POST请求】url=http://192.168.111.128:7070/auth/login, json={'username': 'admin', 'password': '123456'}
INFO     2026-10-08 18:13-04 [common.api_client:32] : 【响应】status_code=200, body={"code":200,"message":"操作成功","data":{"id":1,"username":"admin","token":"eyJhbGciOiJIUzI1NiJ9.eyJyb2xlIjoiQURNSU4iLCJzdWIiOiJhZG1pbiIsImlhdCI6MTc5MTQ1NDM4MywiZXhwIjoxNzkxNTQwNzgzfQ.EKwFw4Swo8MC_lF6QnC9orxCjjQ1fGislCBy0pQ8bmo","role":"ADMIN","avatar":"/api/file/download/ef8b5054-32aa-4991-842d-729ffe771e11.jpg","email":"2232574827@qq.com","realName":"admin"}}
INFO     2026-10-08 18:13-04 [conftest:103] : 当前【测试场景】:name长度为100位
INFO     2026-10-08 18:13-04 [common.api_client:30] : 【POST请求】url=http://192.168.111.128:7070/products, json={'name': 'AAAAAAAAAAAAAAAAAAAAAAAAAAAAAAAAAAAAAAAAAAAAAAAAAAAAAAAAAAAAAAAAAAAAAAAAAAAAAAAAAAAAAAAAAAAAAAAAAAAA', 'categoryId': 1, 'price': 10, 'originalPrice': 20, 'stock': 100, 'weight': 10}
INFO     2026-10-08 18:13-04 [common.api_client:32] : 【响应】status_code=200, body={"code":200,"message":"操作成功","data":{"id":172,"name":"AAAAAAAAAAAAAAAAAAAAAAAAAAAAAAAAAAAAAAAAAAAAAAAAAAAAAAAAAAAAAAAAAAAAAAAAAAAAAAAAAAAAAAAAAAAAAAAAAAAA","categoryId":1,"description":null,"coverImage":null,"images":null,"price":10,"originalPrice":20,"stock":100,"salesCount":0,"unit":null,"weight":10,"specifications":null,"origin":null,"rating":0,"reviewCount":null,"avgRating":null,"status":null,"isFeatured":false,"sortOrder":null,"createdAt":"2026-10-08T18:13:03.12990212","updatedAt":"2026-10-08T18:13:03.129904985","categoryName":null}}
ERROR    2026-10-08 18:13-04 [pytest_result_log:190] : test status is FAILED (test_cases/test_api/test_product_api.py::TestProductApi::test_create_product_negative[case13]): AssertionError
INFO     2026-10-08 18:13-04 [pytest_result_log:194] : test_cases/test_api/test_product_api.py::TestProductApi::test_create_product_negative[case13] -> self = <test_product_api.TestProductApi object at 0x00000231F04392E0>
case = {'scenario': 'name长度为100位', 'interfaceName': 'createProduct', 'type': 'negative', 'name': 'AAAAAAAAAAAAAAAAAAAAAAAAAAAAAAAAAAAAAAAAAAAAAAAAAAAAAAAAAAAAAAAAAAAAAAAAAAAAAAAAAAAAAAAAAAAAAAAAAAAA', ...}
product_api = <api_objects.product_api.ProductApi object at 0x00000231F1561970>, user_api = <api_objects.user_api.UserApi object at 0x00000231F0431130>
clean_product = <function clean_product.<locals>._clean_product at 0x00000231F1608360>

    @pytest.mark.product
    @pytest.mark.negative
    @pytest.mark.parametrize('case',
                             read_yaml("product_data.yaml", type="negative", interfaceName="createProduct"))
    def test_create_product_negative(self,case,product_api,user_api,clean_product):
        user_api.login(DEFAULT_ADMIN['username'],DEFAULT_ADMIN['password'])
        logger.info(f"当前【测试场景】:{case['scenario']}")
        # 可选参数全部为String类型，且自动转换，不必再测
        response = product_api.create_product(params_dict={
            "name": case['name'],
            "categoryId": case['categoryId'],
            "price": case['price'],
            "originalPrice": case['originalPrice'],
            "stock": case['stock'],
            "weight": case['weight'],
        })
>       failed_response(response,case['expected_code'],case['expected_msg'])

test_cases\test_api\test_product_api.py:113: 
_ _ _ _ _ _ _ _ _ _ _ _ _ _ _ _ _ _ _ _ _ _ _ _ _ _ _ _ _ _ _ _ _ _ _ _ _ _ _ _ _ _ _ _ _ _ _ _ _ _ _ _ _ _ _ _ _ _ _ _ _ _ _ _ _ _ _ _ _ _ _ _ _ _ _ _ _ _ _ _ _ _ _ _ _ _ _ _ _ _

response = <Response [200]>, expected_code = 500, expected_msg = '数据操作失败，可能违反了数据库约束'

    def failed_response(response,expected_code=500,expected_msg='用户名或密码错误'):
        assert response.status_code == 200,f"HTTP返回码异常：实际返回{response.status_code}"
    
>       assert response.json()['code'] == expected_code,f"业务状态码异常：实际返回{response.json().get('code')}"
               ^^^^^^^^^^^^^^^^^^^^^^^^^^^^^^^^^^^^^^^^
E       AssertionError: 业务状态码异常：实际返回200

common\assert_utils.py:15: AssertionError
WARNING  2026-10-08 18:13-04 [pytest_result_log:128] : End: test_cases/test_api/test_product_api.py::TestProductApi::test_create_product_negative[case13]
WARNING  2026-10-08 18:13-04 [pytest_result_log:122] : Start: test_cases/test_api/test_product_api.py::TestProductApi::test_create_product_negative[case14]
INFO     2026-10-08 18:13-04 [common.api_client:30] : 【POST请求】url=http://192.168.111.128:7070/auth/login, json={'username': 'admin', 'password': '123456'}
INFO     2026-10-08 18:13-04 [common.api_client:32] : 【响应】status_code=200, body={"code":200,"message":"操作成功","data":{"id":1,"username":"admin","token":"eyJhbGciOiJIUzI1NiJ9.eyJyb2xlIjoiQURNSU4iLCJzdWIiOiJhZG1pbiIsImlhdCI6MTc5MTQ1NDM4MywiZXhwIjoxNzkxNTQwNzgzfQ.EKwFw4Swo8MC_lF6QnC9orxCjjQ1fGislCBy0pQ8bmo","role":"ADMIN","avatar":"/api/file/download/ef8b5054-32aa-4991-842d-729ffe771e11.jpg","email":"2232574827@qq.com","realName":"admin"}}
INFO     2026-10-08 18:13-04 [conftest:103] : 当前【测试场景】:weight值为字符
INFO     2026-10-08 18:13-04 [common.api_client:30] : 【POST请求】url=http://192.168.111.128:7070/products, json={'name': 'pro_ts_neg_014', 'categoryId': 1, 'price': 10, 'originalPrice': 20, 'stock': 100, 'weight': '十斤'}
INFO     2026-10-08 18:13-04 [common.api_client:32] : 【响应】status_code=500, body={"code":500,"message":"系统内部错误，请联系管理员","data":null}
ERROR    2026-10-08 18:13-04 [pytest_result_log:190] : test status is FAILED (test_cases/test_api/test_product_api.py::TestProductApi::test_create_product_negative[case14]): AssertionError
INFO     2026-10-08 18:13-04 [pytest_result_log:194] : test_cases/test_api/test_product_api.py::TestProductApi::test_create_product_negative[case14] -> self = <test_product_api.TestProductApi object at 0x00000231F043BC50>
case = {'scenario': 'weight值为字符', 'interfaceName': 'createProduct', 'type': 'negative', 'name': 'pro_ts_neg_014', ...}
product_api = <api_objects.product_api.ProductApi object at 0x00000231F1561970>, user_api = <api_objects.user_api.UserApi object at 0x00000231F0431130>
clean_product = <function clean_product.<locals>._clean_product at 0x00000231F1608360>

    @pytest.mark.product
    @pytest.mark.negative
    @pytest.mark.parametrize('case',
                             read_yaml("product_data.yaml", type="negative", interfaceName="createProduct"))
    def test_create_product_negative(self,case,product_api,user_api,clean_product):
        user_api.login(DEFAULT_ADMIN['username'],DEFAULT_ADMIN['password'])
        logger.info(f"当前【测试场景】:{case['scenario']}")
        # 可选参数全部为String类型，且自动转换，不必再测
        response = product_api.create_product(params_dict={
            "name": case['name'],
            "categoryId": case['categoryId'],
            "price": case['price'],
            "originalPrice": case['originalPrice'],
            "stock": case['stock'],
            "weight": case['weight'],
        })
>       failed_response(response,case['expected_code'],case['expected_msg'])

test_cases\test_api\test_product_api.py:113: 
_ _ _ _ _ _ _ _ _ _ _ _ _ _ _ _ _ _ _ _ _ _ _ _ _ _ _ _ _ _ _ _ _ _ _ _ _ _ _ _ _ _ _ _ _ _ _ _ _ _ _ _ _ _ _ _ _ _ _ _ _ _ _ _ _ _ _ _ _ _ _ _ _ _ _ _ _ _ _ _ _ _ _ _ _ _ _ _ _ _

response = <Response [500]>, expected_code = 500, expected_msg = '数据操作失败，可能违反了数据库约束'

    def failed_response(response,expected_code=500,expected_msg='用户名或密码错误'):
>       assert response.status_code == 200,f"HTTP返回码异常：实际返回{response.status_code}"
               ^^^^^^^^^^^^^^^^^^^^^^^^^^^
E       AssertionError: HTTP返回码异常：实际返回500

common\assert_utils.py:13: AssertionError
WARNING  2026-10-08 18:13-04 [pytest_result_log:128] : End: test_cases/test_api/test_product_api.py::TestProductApi::test_create_product_negative[case14]
WARNING  2026-10-08 18:13-04 [pytest_result_log:122] : Start: test_cases/test_api/test_register_api.py::TestRegisterAPI::test_register_positive[case0]
INFO     2026-10-08 18:13-04 [common.api_client:30] : 【POST请求】url=http://192.168.111.128:7070/auth/register, json={'username': 'wangwu', 'password': '1234567', 'confirmPassword': '1234567', 'email': '29482197783@qq.com', 'phoneNumber': '18139204214'}
INFO     2026-10-08 18:13-04 [common.api_client:32] : 【响应】status_code=200, body={"code":500,"message":"用户名已存在","data":null}
ERROR    2026-10-08 18:13-04 [pytest_result_log:190] : test status is FAILED (test_cases/test_api/test_register_api.py::TestRegisterAPI::test_register_positive[case0]): AssertionError
INFO     2026-10-08 18:13-04 [pytest_result_log:194] : test_cases/test_api/test_register_api.py::TestRegisterAPI::test_register_positive[case0] -> self = <test_register_api.TestRegisterAPI object at 0x00000231F0431010>, case = {'scenario': '正常注册用户', 'type': 'positive', 'username': 'wangwu', 'password': '1234567', ...}
clean_user = <function clean_user.<locals>._clean_user at 0x00000231F1609B20>, register_api = <api_objects.register_api.RegisterApi object at 0x00000231F03C6DB0>
user_api = <api_objects.user_api.UserApi object at 0x00000231F0431130>

    @pytest.mark.api
    @pytest.mark.register
    @pytest.mark.positive
    @pytest.mark.parametrize('case',read_yaml('register_data.yaml',type="positive"))
    def test_register_positive(self,case,clean_user,register_api,user_api):
        username = case['username']
        response_register = register_api.register(case['username'],case['password'],
                                                  case['confirmPassword'],case['email'],case['phoneNumber'])
        print(f"response.json():{response_register.json()}")
>       successful_response(response_register)

test_cases\test_api\test_register_api.py:23: 
_ _ _ _ _ _ _ _ _ _ _ _ _ _ _ _ _ _ _ _ _ _ _ _ _ _ _ _ _ _ _ _ _ _ _ _ _ _ _ _ _ _ _ _ _ _ _ _ _ _ _ _ _ _ _ _ _ _ _ _ _ _ _ _ _ _ _ _ _ _ _ _ _ _ _ _ _ _ _ _ _ _ _ _ _ _ _ _ _ _

response = <Response [200]>

    def successful_response(response):
        assert response.status_code == 200,f"HTTP返回码异常：实际返回{response.status_code}"
>       assert response.json()['code'] == 200,f"业务状态码异常：实际返回{response.json().get('code')}"
               ^^^^^^^^^^^^^^^^^^^^^^^^^^^^^^
E       AssertionError: 业务状态码异常：实际返回500

common\assert_utils.py:7: AssertionError
WARNING  2026-10-08 18:13-04 [pytest_result_log:128] : End: test_cases/test_api/test_register_api.py::TestRegisterAPI::test_register_positive[case0]
WARNING  2026-10-08 18:13-04 [pytest_result_log:122] : Start: test_cases/test_api/test_register_api.py::TestRegisterAPI::test_register_positive[case1]
INFO     2026-10-08 18:13-04 [common.api_client:30] : 【POST请求】url=http://192.168.111.128:7070/auth/register, json={'username': '8jw7', 'password': '123456', 'confirmPassword': '123456', 'email': '2983192050@qq.com', 'phoneNumber': ''}
INFO     2026-10-08 18:13-04 [common.api_client:32] : 【响应】status_code=200, body={"code":500,"message":"用户名已存在","data":null}
ERROR    2026-10-08 18:13-04 [pytest_result_log:190] : test status is FAILED (test_cases/test_api/test_register_api.py::TestRegisterAPI::test_register_positive[case1]): AssertionError
INFO     2026-10-08 18:13-04 [pytest_result_log:194] : test_cases/test_api/test_register_api.py::TestRegisterAPI::test_register_positive[case1] -> self = <test_register_api.TestRegisterAPI object at 0x00000231F0432840>, case = {'scenario': '手机号为空', 'type': 'positive', 'username': '8jw7', 'password': '123456', ...}
clean_user = <function clean_user.<locals>._clean_user at 0x00000231F1609B20>, register_api = <api_objects.register_api.RegisterApi object at 0x00000231F03C6DB0>
user_api = <api_objects.user_api.UserApi object at 0x00000231F0431130>

    @pytest.mark.api
    @pytest.mark.register
    @pytest.mark.positive
    @pytest.mark.parametrize('case',read_yaml('register_data.yaml',type="positive"))
    def test_register_positive(self,case,clean_user,register_api,user_api):
        username = case['username']
        response_register = register_api.register(case['username'],case['password'],
                                                  case['confirmPassword'],case['email'],case['phoneNumber'])
        print(f"response.json():{response_register.json()}")
>       successful_response(response_register)

test_cases\test_api\test_register_api.py:23: 
_ _ _ _ _ _ _ _ _ _ _ _ _ _ _ _ _ _ _ _ _ _ _ _ _ _ _ _ _ _ _ _ _ _ _ _ _ _ _ _ _ _ _ _ _ _ _ _ _ _ _ _ _ _ _ _ _ _ _ _ _ _ _ _ _ _ _ _ _ _ _ _ _ _ _ _ _ _ _ _ _ _ _ _ _ _ _ _ _ _

response = <Response [200]>

    def successful_response(response):
        assert response.status_code == 200,f"HTTP返回码异常：实际返回{response.status_code}"
>       assert response.json()['code'] == 200,f"业务状态码异常：实际返回{response.json().get('code')}"
               ^^^^^^^^^^^^^^^^^^^^^^^^^^^^^^
E       AssertionError: 业务状态码异常：实际返回500

common\assert_utils.py:7: AssertionError
WARNING  2026-10-08 18:13-04 [pytest_result_log:128] : End: test_cases/test_api/test_register_api.py::TestRegisterAPI::test_register_positive[case1]
WARNING  2026-10-08 18:13-04 [pytest_result_log:122] : Start: test_cases/test_api/test_register_api.py::TestRegisterAPI::test_register_positive[case2]
INFO     2026-10-08 18:13-04 [common.api_client:30] : 【POST请求】url=http://192.168.111.128:7070/auth/register, json={'username': '8jw10', 'password': 'sdwq_?wq~!。', 'confirmPassword': 'sdwq_?wq~!。', 'email': '2983192052@qq.com', 'phoneNumber': '18138904225'}
INFO     2026-10-08 18:13-04 [common.api_client:32] : 【响应】status_code=200, body={"code":500,"message":"用户名已存在","data":null}
ERROR    2026-10-08 18:13-04 [pytest_result_log:190] : test status is FAILED (test_cases/test_api/test_register_api.py::TestRegisterAPI::test_register_positive[case2]): AssertionError
INFO     2026-10-08 18:13-04 [pytest_result_log:194] : test_cases/test_api/test_register_api.py::TestRegisterAPI::test_register_positive[case2] -> self = <test_register_api.TestRegisterAPI object at 0x00000231F04335F0>, case = {'scenario': '密码输入带字符', 'type': 'positive', 'username': '8jw10', 'password': 'sdwq_?wq~!。', ...}
clean_user = <function clean_user.<locals>._clean_user at 0x00000231F1609B20>, register_api = <api_objects.register_api.RegisterApi object at 0x00000231F03C6DB0>
user_api = <api_objects.user_api.UserApi object at 0x00000231F0431130>

    @pytest.mark.api
    @pytest.mark.register
    @pytest.mark.positive
    @pytest.mark.parametrize('case',read_yaml('register_data.yaml',type="positive"))
    def test_register_positive(self,case,clean_user,register_api,user_api):
        username = case['username']
        response_register = register_api.register(case['username'],case['password'],
                                                  case['confirmPassword'],case['email'],case['phoneNumber'])
        print(f"response.json():{response_register.json()}")
>       successful_response(response_register)

test_cases\test_api\test_register_api.py:23: 
_ _ _ _ _ _ _ _ _ _ _ _ _ _ _ _ _ _ _ _ _ _ _ _ _ _ _ _ _ _ _ _ _ _ _ _ _ _ _ _ _ _ _ _ _ _ _ _ _ _ _ _ _ _ _ _ _ _ _ _ _ _ _ _ _ _ _ _ _ _ _ _ _ _ _ _ _ _ _ _ _ _ _ _ _ _ _ _ _ _

response = <Response [200]>

    def successful_response(response):
        assert response.status_code == 200,f"HTTP返回码异常：实际返回{response.status_code}"
>       assert response.json()['code'] == 200,f"业务状态码异常：实际返回{response.json().get('code')}"
               ^^^^^^^^^^^^^^^^^^^^^^^^^^^^^^
E       AssertionError: 业务状态码异常：实际返回500

common\assert_utils.py:7: AssertionError
WARNING  2026-10-08 18:13-04 [pytest_result_log:128] : End: test_cases/test_api/test_register_api.py::TestRegisterAPI::test_register_positive[case2]
WARNING  2026-10-08 18:13-04 [pytest_result_log:122] : Start: test_cases/test_api/test_register_api.py::TestRegisterAPI::test_register_negative[case0]
INFO     2026-10-08 18:13-04 [common.api_client:30] : 【POST请求】url=http://192.168.111.128:7070/auth/register, json={'username': '8jw', 'password': '1234567', 'confirmPassword': '1234567', 'email': '2944215213@qq.com', 'phoneNumber': '18132314214'}
INFO     2026-10-08 18:13-04 [common.api_client:32] : 【响应】status_code=200, body={"code":500,"message":"用户名已存在","data":null}
INFO     2026-10-08 18:13-04 [conftest:83] : 当前【测试场景】:用户名输入长度小于4位
ERROR    2026-10-08 18:13-04 [pytest_result_log:190] : test status is FAILED (test_cases/test_api/test_register_api.py::TestRegisterAPI::test_register_negative[case0]): AssertionError
INFO     2026-10-08 18:13-04 [pytest_result_log:194] : test_cases/test_api/test_register_api.py::TestRegisterAPI::test_register_negative[case0] -> self = <test_register_api.TestRegisterAPI object at 0x00000231F04336E0>, case = {'scenario': '用户名输入长度小于4位', 'type': 'negative', 'username': '8jw', 'password': '1234567', ...}
clean_user = <function clean_user.<locals>._clean_user at 0x00000231F1609B20>

    @pytest.mark.api
    @pytest.mark.register
    @pytest.mark.negative
    @pytest.mark.parametrize('case',read_yaml("register_data.yaml",type="negative"))
    def test_register_negative(self, case,clean_user):
        username = case['username']
    
        client = ApiClient()
    
        response = client.post('/auth/register', json={
            "username":case['username'],
            "password":case['password'],
            "confirmPassword":case['confirmPassword'],
            "email":case['email'],
            "phoneNumber":case['phoneNumber'],
        })
    
        error_messages = []
    
        # ========== 断言1：接口返回校验 ==========
        try:
            assert failed_response(
                response,
                expected_code=case['expected_code'],
                expected_msg=case['expected_msg']
            )
        except AssertionError as e:
            error_messages.append(f"【接口断言失败】: {str(e)}")
    
        # ========== 断言2：数据库校验，负用例：不允许存在该用户 ==========
        try:
            if username != 'lisi':
                db_row = get_user_byusername(username)
                # 负向用例：数据库查询结果必须为None
                assert db_row is None, f"严重BUG：用户[{username}]接口返回失败，但已经非法写入数据库！"
        except AssertionError as e:
            error_messages.append(f"【数据库断言失败】: {str(e)}")
    
        # 登记用户名，session结束自动清理
        clean_user(username)
    
        logger.info(f"当前【测试场景】:{case['scenario']}")
    
        # 汇总所有错误，只要有任意一项失败，用例失败，打印全部错误信息
        if error_messages:
            err_text = "\n".join(error_messages)
>           assert False, f"\n>>>>>>测试场景：{case['scenario']}\n{err_text}"
E           AssertionError: 
E             >>>>>>测试场景：用户名输入长度小于4位
E             【接口断言失败】: 期望包含用户名长度必须在4-20之间,实际包含用户名已存在
E           assert False

test_cases\test_api\test_register_api.py:88: AssertionError
WARNING  2026-10-08 18:13-04 [pytest_result_log:128] : End: test_cases/test_api/test_register_api.py::TestRegisterAPI::test_register_negative[case0]
WARNING  2026-10-08 18:13-04 [pytest_result_log:122] : Start: test_cases/test_api/test_register_api.py::TestRegisterAPI::test_register_negative[case1]
INFO     2026-10-08 18:13-04 [common.api_client:30] : 【POST请求】url=http://192.168.111.128:7070/auth/register, json={'username': '8jw9iw123fsaqwe32sfswx', 'password': '1234567', 'confirmPassword': '1234567', 'email': '2944421451@qq.com', 'phoneNumber': '18132257891'}
INFO     2026-10-08 18:13-04 [common.api_client:32] : 【响应】status_code=200, body={"code":500,"message":"用户名已存在","data":null}
INFO     2026-10-08 18:13-04 [conftest:83] : 当前【测试场景】:用户名输入长度大于20位
ERROR    2026-10-08 18:13-04 [pytest_result_log:190] : test status is FAILED (test_cases/test_api/test_register_api.py::TestRegisterAPI::test_register_negative[case1]): AssertionError
INFO     2026-10-08 18:13-04 [pytest_result_log:194] : test_cases/test_api/test_register_api.py::TestRegisterAPI::test_register_negative[case1] -> self = <test_register_api.TestRegisterAPI object at 0x00000231F0430BC0>
case = {'scenario': '用户名输入长度大于20位', 'type': 'negative', 'username': '8jw9iw123fsaqwe32sfswx', 'password': '1234567', ...}
clean_user = <function clean_user.<locals>._clean_user at 0x00000231F1609B20>

    @pytest.mark.api
    @pytest.mark.register
    @pytest.mark.negative
    @pytest.mark.parametrize('case',read_yaml("register_data.yaml",type="negative"))
    def test_register_negative(self, case,clean_user):
        username = case['username']
    
        client = ApiClient()
    
        response = client.post('/auth/register', json={
            "username":case['username'],
            "password":case['password'],
            "confirmPassword":case['confirmPassword'],
            "email":case['email'],
            "phoneNumber":case['phoneNumber'],
        })
    
        error_messages = []
    
        # ========== 断言1：接口返回校验 ==========
        try:
            assert failed_response(
                response,
                expected_code=case['expected_code'],
                expected_msg=case['expected_msg']
            )
        except AssertionError as e:
            error_messages.append(f"【接口断言失败】: {str(e)}")
    
        # ========== 断言2：数据库校验，负用例：不允许存在该用户 ==========
        try:
            if username != 'lisi':
                db_row = get_user_byusername(username)
                # 负向用例：数据库查询结果必须为None
                assert db_row is None, f"严重BUG：用户[{username}]接口返回失败，但已经非法写入数据库！"
        except AssertionError as e:
            error_messages.append(f"【数据库断言失败】: {str(e)}")
    
        # 登记用户名，session结束自动清理
        clean_user(username)
    
        logger.info(f"当前【测试场景】:{case['scenario']}")
    
        # 汇总所有错误，只要有任意一项失败，用例失败，打印全部错误信息
        if error_messages:
            err_text = "\n".join(error_messages)
>           assert False, f"\n>>>>>>测试场景：{case['scenario']}\n{err_text}"
E           AssertionError: 
E             >>>>>>测试场景：用户名输入长度大于20位
E             【接口断言失败】: 期望包含用户名长度必须在4-20之间,实际包含用户名已存在
E           assert False

test_cases\test_api\test_register_api.py:88: AssertionError
WARNING  2026-10-08 18:13-04 [pytest_result_log:128] : End: test_cases/test_api/test_register_api.py::TestRegisterAPI::test_register_negative[case1]
WARNING  2026-10-08 18:13-04 [pytest_result_log:122] : Start: test_cases/test_api/test_register_api.py::TestRegisterAPI::test_register_negative[case2]
INFO     2026-10-08 18:13-04 [common.api_client:30] : 【POST请求】url=http://192.168.111.128:7070/auth/register, json={'username': '8jw9', 'password': '12345', 'confirmPassword': '12345', 'email': '2983192042@qq.com', 'phoneNumber': '18138904215'}
INFO     2026-10-08 18:13-04 [common.api_client:32] : 【响应】status_code=200, body={"code":500,"message":"用户名已存在","data":null}
INFO     2026-10-08 18:13-04 [conftest:83] : 当前【测试场景】:密码输入长度小于6位
ERROR    2026-10-08 18:13-04 [pytest_result_log:190] : test status is FAILED (test_cases/test_api/test_register_api.py::TestRegisterAPI::test_register_negative[case2]): AssertionError
INFO     2026-10-08 18:13-04 [pytest_result_log:194] : test_cases/test_api/test_register_api.py::TestRegisterAPI::test_register_negative[case2] -> self = <test_register_api.TestRegisterAPI object at 0x00000231F04307A0>, case = {'scenario': '密码输入长度小于6位', 'type': 'negative', 'username': '8jw9', 'password': '12345', ...}
clean_user = <function clean_user.<locals>._clean_user at 0x00000231F1609B20>

    @pytest.mark.api
    @pytest.mark.register
    @pytest.mark.negative
    @pytest.mark.parametrize('case',read_yaml("register_data.yaml",type="negative"))
    def test_register_negative(self, case,clean_user):
        username = case['username']
    
        client = ApiClient()
    
        response = client.post('/auth/register', json={
            "username":case['username'],
            "password":case['password'],
            "confirmPassword":case['confirmPassword'],
            "email":case['email'],
            "phoneNumber":case['phoneNumber'],
        })
    
        error_messages = []
    
        # ========== 断言1：接口返回校验 ==========
        try:
            assert failed_response(
                response,
                expected_code=case['expected_code'],
                expected_msg=case['expected_msg']
            )
        except AssertionError as e:
            error_messages.append(f"【接口断言失败】: {str(e)}")
    
        # ========== 断言2：数据库校验，负用例：不允许存在该用户 ==========
        try:
            if username != 'lisi':
                db_row = get_user_byusername(username)
                # 负向用例：数据库查询结果必须为None
                assert db_row is None, f"严重BUG：用户[{username}]接口返回失败，但已经非法写入数据库！"
        except AssertionError as e:
            error_messages.append(f"【数据库断言失败】: {str(e)}")
    
        # 登记用户名，session结束自动清理
        clean_user(username)
    
        logger.info(f"当前【测试场景】:{case['scenario']}")
    
        # 汇总所有错误，只要有任意一项失败，用例失败，打印全部错误信息
        if error_messages:
            err_text = "\n".join(error_messages)
>           assert False, f"\n>>>>>>测试场景：{case['scenario']}\n{err_text}"
E           AssertionError: 
E             >>>>>>测试场景：密码输入长度小于6位
E             【接口断言失败】: 期望包含密码长度必须在6-20之间,实际包含用户名已存在
E           assert False

test_cases\test_api\test_register_api.py:88: AssertionError
WARNING  2026-10-08 18:13-04 [pytest_result_log:128] : End: test_cases/test_api/test_register_api.py::TestRegisterAPI::test_register_negative[case2]
WARNING  2026-10-08 18:13-04 [pytest_result_log:122] : Start: test_cases/test_api/test_register_api.py::TestRegisterAPI::test_register_negative[case3]
INFO     2026-10-08 18:13-04 [common.api_client:30] : 【POST请求】url=http://192.168.111.128:7070/auth/register, json={'username': '8jw0', 'password': '123456789012345678901', 'confirmPassword': '123456789012345678901', 'email': '2983192043@qq.com', 'phoneNumber': '18138904216'}
INFO     2026-10-08 18:13-04 [common.api_client:32] : 【响应】status_code=200, body={"code":500,"message":"用户名已存在","data":null}
INFO     2026-10-08 18:13-04 [conftest:83] : 当前【测试场景】:密码输入长度大于20位
ERROR    2026-10-08 18:13-04 [pytest_result_log:190] : test status is FAILED (test_cases/test_api/test_register_api.py::TestRegisterAPI::test_register_negative[case3]): AssertionError
INFO     2026-10-08 18:13-04 [pytest_result_log:194] : test_cases/test_api/test_register_api.py::TestRegisterAPI::test_register_negative[case3] -> self = <test_register_api.TestRegisterAPI object at 0x00000231F04305F0>
case = {'scenario': '密码输入长度大于20位', 'type': 'negative', 'username': '8jw0', 'password': '123456789012345678901', ...}
clean_user = <function clean_user.<locals>._clean_user at 0x00000231F1609B20>

    @pytest.mark.api
    @pytest.mark.register
    @pytest.mark.negative
    @pytest.mark.parametrize('case',read_yaml("register_data.yaml",type="negative"))
    def test_register_negative(self, case,clean_user):
        username = case['username']
    
        client = ApiClient()
    
        response = client.post('/auth/register', json={
            "username":case['username'],
            "password":case['password'],
            "confirmPassword":case['confirmPassword'],
            "email":case['email'],
            "phoneNumber":case['phoneNumber'],
        })
    
        error_messages = []
    
        # ========== 断言1：接口返回校验 ==========
        try:
            assert failed_response(
                response,
                expected_code=case['expected_code'],
                expected_msg=case['expected_msg']
            )
        except AssertionError as e:
            error_messages.append(f"【接口断言失败】: {str(e)}")
    
        # ========== 断言2：数据库校验，负用例：不允许存在该用户 ==========
        try:
            if username != 'lisi':
                db_row = get_user_byusername(username)
                # 负向用例：数据库查询结果必须为None
                assert db_row is None, f"严重BUG：用户[{username}]接口返回失败，但已经非法写入数据库！"
        except AssertionError as e:
            error_messages.append(f"【数据库断言失败】: {str(e)}")
    
        # 登记用户名，session结束自动清理
        clean_user(username)
    
        logger.info(f"当前【测试场景】:{case['scenario']}")
    
        # 汇总所有错误，只要有任意一项失败，用例失败，打印全部错误信息
        if error_messages:
            err_text = "\n".join(error_messages)
>           assert False, f"\n>>>>>>测试场景：{case['scenario']}\n{err_text}"
E           AssertionError: 
E             >>>>>>测试场景：密码输入长度大于20位
E             【接口断言失败】: 期望包含密码长度必须在6-20之间,实际包含用户名已存在
E           assert False

test_cases\test_api\test_register_api.py:88: AssertionError
WARNING  2026-10-08 18:13-04 [pytest_result_log:128] : End: test_cases/test_api/test_register_api.py::TestRegisterAPI::test_register_negative[case3]
WARNING  2026-10-08 18:13-04 [pytest_result_log:122] : Start: test_cases/test_api/test_register_api.py::TestRegisterAPI::test_register_negative[case4]
INFO     2026-10-08 18:13-04 [common.api_client:30] : 【POST请求】url=http://192.168.111.128:7070/auth/register, json={'username': '8jw1', 'password': '123456', 'confirmPassword': '123456', 'email': '2983192044', 'phoneNumber': '18138904217'}
INFO     2026-10-08 18:13-04 [common.api_client:32] : 【响应】status_code=200, body={"code":500,"message":"用户名已存在","data":null}
INFO     2026-10-08 18:13-05 [conftest:83] : 当前【测试场景】:邮箱格式不正确
ERROR    2026-10-08 18:13-05 [pytest_result_log:190] : test status is FAILED (test_cases/test_api/test_register_api.py::TestRegisterAPI::test_register_negative[case4]): AssertionError
INFO     2026-10-08 18:13-05 [pytest_result_log:194] : test_cases/test_api/test_register_api.py::TestRegisterAPI::test_register_negative[case4] -> self = <test_register_api.TestRegisterAPI object at 0x00000231F0430770>, case = {'scenario': '邮箱格式不正确', 'type': 'negative', 'username': '8jw1', 'password': '123456', ...}
clean_user = <function clean_user.<locals>._clean_user at 0x00000231F1609B20>

    @pytest.mark.api
    @pytest.mark.register
    @pytest.mark.negative
    @pytest.mark.parametrize('case',read_yaml("register_data.yaml",type="negative"))
    def test_register_negative(self, case,clean_user):
        username = case['username']
    
        client = ApiClient()
    
        response = client.post('/auth/register', json={
            "username":case['username'],
            "password":case['password'],
            "confirmPassword":case['confirmPassword'],
            "email":case['email'],
            "phoneNumber":case['phoneNumber'],
        })
    
        error_messages = []
    
        # ========== 断言1：接口返回校验 ==========
        try:
            assert failed_response(
                response,
                expected_code=case['expected_code'],
                expected_msg=case['expected_msg']
            )
        except AssertionError as e:
            error_messages.append(f"【接口断言失败】: {str(e)}")
    
        # ========== 断言2：数据库校验，负用例：不允许存在该用户 ==========
        try:
            if username != 'lisi':
                db_row = get_user_byusername(username)
                # 负向用例：数据库查询结果必须为None
                assert db_row is None, f"严重BUG：用户[{username}]接口返回失败，但已经非法写入数据库！"
        except AssertionError as e:
            error_messages.append(f"【数据库断言失败】: {str(e)}")
    
        # 登记用户名，session结束自动清理
        clean_user(username)
    
        logger.info(f"当前【测试场景】:{case['scenario']}")
    
        # 汇总所有错误，只要有任意一项失败，用例失败，打印全部错误信息
        if error_messages:
            err_text = "\n".join(error_messages)
>           assert False, f"\n>>>>>>测试场景：{case['scenario']}\n{err_text}"
E           AssertionError: 
E             >>>>>>测试场景：邮箱格式不正确
E             【接口断言失败】: 期望包含邮箱格式不正确,实际包含用户名已存在
E           assert False

test_cases\test_api\test_register_api.py:88: AssertionError
WARNING  2026-10-08 18:13-05 [pytest_result_log:128] : End: test_cases/test_api/test_register_api.py::TestRegisterAPI::test_register_negative[case4]
WARNING  2026-10-08 18:13-05 [pytest_result_log:122] : Start: test_cases/test_api/test_register_api.py::TestRegisterAPI::test_register_negative[case5]
INFO     2026-10-08 18:13-05 [common.api_client:30] : 【POST请求】url=http://192.168.111.128:7070/auth/register, json={'username': '8jw2', 'password': '123456', 'confirmPassword': '123456', 'email': '2983192045@qq.com', 'phoneNumber': '10138904218'}
INFO     2026-10-08 18:13-05 [common.api_client:32] : 【响应】status_code=200, body={"code":500,"message":"用户名已存在","data":null}
INFO     2026-10-08 18:13-05 [conftest:83] : 当前【测试场景】:手机号格式不正确
ERROR    2026-10-08 18:13-05 [pytest_result_log:190] : test status is FAILED (test_cases/test_api/test_register_api.py::TestRegisterAPI::test_register_negative[case5]): AssertionError
INFO     2026-10-08 18:13-05 [pytest_result_log:194] : test_cases/test_api/test_register_api.py::TestRegisterAPI::test_register_negative[case5] -> self = <test_register_api.TestRegisterAPI object at 0x00000231F0430DA0>, case = {'scenario': '手机号格式不正确', 'type': 'negative', 'username': '8jw2', 'password': '123456', ...}
clean_user = <function clean_user.<locals>._clean_user at 0x00000231F1609B20>

    @pytest.mark.api
    @pytest.mark.register
    @pytest.mark.negative
    @pytest.mark.parametrize('case',read_yaml("register_data.yaml",type="negative"))
    def test_register_negative(self, case,clean_user):
        username = case['username']
    
        client = ApiClient()
    
        response = client.post('/auth/register', json={
            "username":case['username'],
            "password":case['password'],
            "confirmPassword":case['confirmPassword'],
            "email":case['email'],
            "phoneNumber":case['phoneNumber'],
        })
    
        error_messages = []
    
        # ========== 断言1：接口返回校验 ==========
        try:
            assert failed_response(
                response,
                expected_code=case['expected_code'],
                expected_msg=case['expected_msg']
            )
        except AssertionError as e:
            error_messages.append(f"【接口断言失败】: {str(e)}")
    
        # ========== 断言2：数据库校验，负用例：不允许存在该用户 ==========
        try:
            if username != 'lisi':
                db_row = get_user_byusername(username)
                # 负向用例：数据库查询结果必须为None
                assert db_row is None, f"严重BUG：用户[{username}]接口返回失败，但已经非法写入数据库！"
        except AssertionError as e:
            error_messages.append(f"【数据库断言失败】: {str(e)}")
    
        # 登记用户名，session结束自动清理
        clean_user(username)
    
        logger.info(f"当前【测试场景】:{case['scenario']}")
    
        # 汇总所有错误，只要有任意一项失败，用例失败，打印全部错误信息
        if error_messages:
            err_text = "\n".join(error_messages)
>           assert False, f"\n>>>>>>测试场景：{case['scenario']}\n{err_text}"
E           AssertionError: 
E             >>>>>>测试场景：手机号格式不正确
E             【接口断言失败】: 期望包含手机号格式不正确,实际包含用户名已存在
E           assert False

test_cases\test_api\test_register_api.py:88: AssertionError
WARNING  2026-10-08 18:13-05 [pytest_result_log:128] : End: test_cases/test_api/test_register_api.py::TestRegisterAPI::test_register_negative[case5]
WARNING  2026-10-08 18:13-05 [pytest_result_log:122] : Start: test_cases/test_api/test_register_api.py::TestRegisterAPI::test_register_negative[case6]
INFO     2026-10-08 18:13-05 [common.api_client:30] : 【POST请求】url=http://192.168.111.128:7070/auth/register, json={'username': '', 'password': '123456', 'confirmPassword': '123456', 'email': '2983192046@qq.com', 'phoneNumber': '18138904219'}
INFO     2026-10-08 18:13-05 [common.api_client:32] : 【响应】status_code=200, body={"code":500,"message":"邮箱已被注册","data":null}
INFO     2026-10-08 18:13-05 [conftest:83] : 当前【测试场景】:用户名为空
ERROR    2026-10-08 18:13-05 [pytest_result_log:190] : test status is FAILED (test_cases/test_api/test_register_api.py::TestRegisterAPI::test_register_negative[case6]): AssertionError
INFO     2026-10-08 18:13-05 [pytest_result_log:194] : test_cases/test_api/test_register_api.py::TestRegisterAPI::test_register_negative[case6] -> self = <test_register_api.TestRegisterAPI object at 0x00000231F0430DD0>, case = {'scenario': '用户名为空', 'type': 'negative', 'username': '', 'password': '123456', ...}
clean_user = <function clean_user.<locals>._clean_user at 0x00000231F1609B20>

    @pytest.mark.api
    @pytest.mark.register
    @pytest.mark.negative
    @pytest.mark.parametrize('case',read_yaml("register_data.yaml",type="negative"))
    def test_register_negative(self, case,clean_user):
        username = case['username']
    
        client = ApiClient()
    
        response = client.post('/auth/register', json={
            "username":case['username'],
            "password":case['password'],
            "confirmPassword":case['confirmPassword'],
            "email":case['email'],
            "phoneNumber":case['phoneNumber'],
        })
    
        error_messages = []
    
        # ========== 断言1：接口返回校验 ==========
        try:
            assert failed_response(
                response,
                expected_code=case['expected_code'],
                expected_msg=case['expected_msg']
            )
        except AssertionError as e:
            error_messages.append(f"【接口断言失败】: {str(e)}")
    
        # ========== 断言2：数据库校验，负用例：不允许存在该用户 ==========
        try:
            if username != 'lisi':
                db_row = get_user_byusername(username)
                # 负向用例：数据库查询结果必须为None
                assert db_row is None, f"严重BUG：用户[{username}]接口返回失败，但已经非法写入数据库！"
        except AssertionError as e:
            error_messages.append(f"【数据库断言失败】: {str(e)}")
    
        # 登记用户名，session结束自动清理
        clean_user(username)
    
        logger.info(f"当前【测试场景】:{case['scenario']}")
    
        # 汇总所有错误，只要有任意一项失败，用例失败，打印全部错误信息
        if error_messages:
            err_text = "\n".join(error_messages)
>           assert False, f"\n>>>>>>测试场景：{case['scenario']}\n{err_text}"
E           AssertionError: 
E             >>>>>>测试场景：用户名为空
E             【接口断言失败】: 期望包含用户名不能为空,实际包含邮箱已被注册
E           assert False

test_cases\test_api\test_register_api.py:88: AssertionError
WARNING  2026-10-08 18:13-05 [pytest_result_log:128] : End: test_cases/test_api/test_register_api.py::TestRegisterAPI::test_register_negative[case6]
WARNING  2026-10-08 18:13-05 [pytest_result_log:122] : Start: test_cases/test_api/test_register_api.py::TestRegisterAPI::test_register_negative[case7]
INFO     2026-10-08 18:13-05 [common.api_client:30] : 【POST请求】url=http://192.168.111.128:7070/auth/register, json={'username': '8jw4', 'password': '', 'confirmPassword': '123456', 'email': '2983192047@qq.com', 'phoneNumber': '18138904220'}
INFO     2026-10-08 18:13-05 [common.api_client:32] : 【响应】status_code=200, body={"code":500,"message":"两次密码输入不一致","data":null}
INFO     2026-10-08 18:13-05 [conftest:83] : 当前【测试场景】:密码为空
INFO     2026-10-08 18:13-05 [conftest:90] : 密码为空 ---- passed
INFO     2026-10-08 18:13-05 [pytest_result_log:190] : test status is PASSED (test_cases/test_api/test_register_api.py::TestRegisterAPI::test_register_negative[case7]): 
WARNING  2026-10-08 18:13-05 [pytest_result_log:128] : End: test_cases/test_api/test_register_api.py::TestRegisterAPI::test_register_negative[case7]
WARNING  2026-10-08 18:13-05 [pytest_result_log:122] : Start: test_cases/test_api/test_register_api.py::TestRegisterAPI::test_register_negative[case8]
INFO     2026-10-08 18:13-05 [common.api_client:30] : 【POST请求】url=http://192.168.111.128:7070/auth/register, json={'username': '8jw5', 'password': '123456', 'confirmPassword': '', 'email': '2983192048@qq.com', 'phoneNumber': '18138904221'}
INFO     2026-10-08 18:13-05 [common.api_client:32] : 【响应】status_code=200, body={"code":500,"message":"两次密码输入不一致","data":null}
INFO     2026-10-08 18:13-05 [conftest:83] : 当前【测试场景】:确认密码为空
INFO     2026-10-08 18:13-05 [conftest:90] : 确认密码为空 ---- passed
INFO     2026-10-08 18:13-05 [pytest_result_log:190] : test status is PASSED (test_cases/test_api/test_register_api.py::TestRegisterAPI::test_register_negative[case8]): 
WARNING  2026-10-08 18:13-05 [pytest_result_log:128] : End: test_cases/test_api/test_register_api.py::TestRegisterAPI::test_register_negative[case8]
WARNING  2026-10-08 18:13-05 [pytest_result_log:122] : Start: test_cases/test_api/test_register_api.py::TestRegisterAPI::test_register_negative[case9]
INFO     2026-10-08 18:13-05 [common.api_client:30] : 【POST请求】url=http://192.168.111.128:7070/auth/register, json={'username': '8jw6', 'password': '123456', 'confirmPassword': '123456', 'email': '', 'phoneNumber': '18138904222'}
INFO     2026-10-08 18:13-05 [common.api_client:32] : 【响应】status_code=200, body={"code":500,"message":"用户名已存在","data":null}
INFO     2026-10-08 18:13-05 [conftest:83] : 当前【测试场景】:邮箱为空
ERROR    2026-10-08 18:13-05 [pytest_result_log:190] : test status is FAILED (test_cases/test_api/test_register_api.py::TestRegisterAPI::test_register_negative[case9]): AssertionError
INFO     2026-10-08 18:13-05 [pytest_result_log:194] : test_cases/test_api/test_register_api.py::TestRegisterAPI::test_register_negative[case9] -> self = <test_register_api.TestRegisterAPI object at 0x00000231F0430F80>, case = {'scenario': '邮箱为空', 'type': 'negative', 'username': '8jw6', 'password': '123456', ...}
clean_user = <function clean_user.<locals>._clean_user at 0x00000231F1609B20>

    @pytest.mark.api
    @pytest.mark.register
    @pytest.mark.negative
    @pytest.mark.parametrize('case',read_yaml("register_data.yaml",type="negative"))
    def test_register_negative(self, case,clean_user):
        username = case['username']
    
        client = ApiClient()
    
        response = client.post('/auth/register', json={
            "username":case['username'],
            "password":case['password'],
            "confirmPassword":case['confirmPassword'],
            "email":case['email'],
            "phoneNumber":case['phoneNumber'],
        })
    
        error_messages = []
    
        # ========== 断言1：接口返回校验 ==========
        try:
            assert failed_response(
                response,
                expected_code=case['expected_code'],
                expected_msg=case['expected_msg']
            )
        except AssertionError as e:
            error_messages.append(f"【接口断言失败】: {str(e)}")
    
        # ========== 断言2：数据库校验，负用例：不允许存在该用户 ==========
        try:
            if username != 'lisi':
                db_row = get_user_byusername(username)
                # 负向用例：数据库查询结果必须为None
                assert db_row is None, f"严重BUG：用户[{username}]接口返回失败，但已经非法写入数据库！"
        except AssertionError as e:
            error_messages.append(f"【数据库断言失败】: {str(e)}")
    
        # 登记用户名，session结束自动清理
        clean_user(username)
    
        logger.info(f"当前【测试场景】:{case['scenario']}")
    
        # 汇总所有错误，只要有任意一项失败，用例失败，打印全部错误信息
        if error_messages:
            err_text = "\n".join(error_messages)
>           assert False, f"\n>>>>>>测试场景：{case['scenario']}\n{err_text}"
E           AssertionError: 
E             >>>>>>测试场景：邮箱为空
E             【接口断言失败】: 期望包含邮箱不能为空,实际包含用户名已存在
E           assert False

test_cases\test_api\test_register_api.py:88: AssertionError
WARNING  2026-10-08 18:13-05 [pytest_result_log:128] : End: test_cases/test_api/test_register_api.py::TestRegisterAPI::test_register_negative[case9]
WARNING  2026-10-08 18:13-05 [pytest_result_log:122] : Start: test_cases/test_api/test_register_api.py::TestRegisterAPI::test_register_negative[case10]
INFO     2026-10-08 18:13-05 [common.api_client:30] : 【POST请求】url=http://192.168.111.128:7070/auth/register, json={'username': '8jw8', 'password': '123456', 'confirmPassword': '123456', 'email': '29831wf051@qq.com', 'phoneNumber': '18138904224'}
INFO     2026-10-08 18:13-05 [common.api_client:32] : 【响应】status_code=200, body={"code":500,"message":"用户名已存在","data":null}
INFO     2026-10-08 18:13-05 [conftest:83] : 当前【测试场景】:邮箱输入有字符
ERROR    2026-10-08 18:13-05 [pytest_result_log:190] : test status is FAILED (test_cases/test_api/test_register_api.py::TestRegisterAPI::test_register_negative[case10]): AssertionError
INFO     2026-10-08 18:13-05 [pytest_result_log:194] : test_cases/test_api/test_register_api.py::TestRegisterAPI::test_register_negative[case10] -> self = <test_register_api.TestRegisterAPI object at 0x00000231F0431070>, case = {'scenario': '邮箱输入有字符', 'type': 'negative', 'username': '8jw8', 'password': '123456', ...}
clean_user = <function clean_user.<locals>._clean_user at 0x00000231F1609B20>

    @pytest.mark.api
    @pytest.mark.register
    @pytest.mark.negative
    @pytest.mark.parametrize('case',read_yaml("register_data.yaml",type="negative"))
    def test_register_negative(self, case,clean_user):
        username = case['username']
    
        client = ApiClient()
    
        response = client.post('/auth/register', json={
            "username":case['username'],
            "password":case['password'],
            "confirmPassword":case['confirmPassword'],
            "email":case['email'],
            "phoneNumber":case['phoneNumber'],
        })
    
        error_messages = []
    
        # ========== 断言1：接口返回校验 ==========
        try:
            assert failed_response(
                response,
                expected_code=case['expected_code'],
                expected_msg=case['expected_msg']
            )
        except AssertionError as e:
            error_messages.append(f"【接口断言失败】: {str(e)}")
    
        # ========== 断言2：数据库校验，负用例：不允许存在该用户 ==========
        try:
            if username != 'lisi':
                db_row = get_user_byusername(username)
                # 负向用例：数据库查询结果必须为None
                assert db_row is None, f"严重BUG：用户[{username}]接口返回失败，但已经非法写入数据库！"
        except AssertionError as e:
            error_messages.append(f"【数据库断言失败】: {str(e)}")
    
        # 登记用户名，session结束自动清理
        clean_user(username)
    
        logger.info(f"当前【测试场景】:{case['scenario']}")
    
        # 汇总所有错误，只要有任意一项失败，用例失败，打印全部错误信息
        if error_messages:
            err_text = "\n".join(error_messages)
>           assert False, f"\n>>>>>>测试场景：{case['scenario']}\n{err_text}"
E           AssertionError: 
E             >>>>>>测试场景：邮箱输入有字符
E             【接口断言失败】: 期望包含邮箱格式不正确,实际包含用户名已存在
E           assert False

test_cases\test_api\test_register_api.py:88: AssertionError
WARNING  2026-10-08 18:13-05 [pytest_result_log:128] : End: test_cases/test_api/test_register_api.py::TestRegisterAPI::test_register_negative[case10]
WARNING  2026-10-08 18:13-05 [pytest_result_log:122] : Start: test_cases/test_api/test_register_api.py::TestRegisterAPI::test_register_negative[case11]
INFO     2026-10-08 18:13-05 [common.api_client:30] : 【POST请求】url=http://192.168.111.128:7070/auth/register, json={'username': '8jw11', 'password': '123456', 'confirmPassword': '122456', 'email': '2983192053@qq.com', 'phoneNumber': '18138904226'}
INFO     2026-10-08 18:13-05 [common.api_client:32] : 【响应】status_code=200, body={"code":500,"message":"两次密码输入不一致","data":null}
INFO     2026-10-08 18:13-05 [conftest:83] : 当前【测试场景】:两次密码输入不一致
INFO     2026-10-08 18:13-05 [conftest:90] : 两次密码输入不一致 ---- passed
INFO     2026-10-08 18:13-05 [pytest_result_log:190] : test status is PASSED (test_cases/test_api/test_register_api.py::TestRegisterAPI::test_register_negative[case11]): 
WARNING  2026-10-08 18:13-05 [pytest_result_log:128] : End: test_cases/test_api/test_register_api.py::TestRegisterAPI::test_register_negative[case11]
WARNING  2026-10-08 18:13-05 [pytest_result_log:122] : Start: test_cases/test_api/test_register_api.py::TestRegisterAPI::test_register_negative[case12]
INFO     2026-10-08 18:13-05 [common.api_client:30] : 【POST请求】url=http://192.168.111.128:7070/auth/register, json={'username': 'lisi', 'password': '123456', 'confirmPassword': '123456', 'email': '2983192051@qq.com', 'phoneNumber': ''}
INFO     2026-10-08 18:13-05 [common.api_client:32] : 【响应】status_code=200, body={"code":500,"message":"用户名已存在","data":null}
INFO     2026-10-08 18:13-05 [conftest:83] : 当前【测试场景】:用户已存在
INFO     2026-10-08 18:13-05 [conftest:90] : 用户已存在 ---- passed
INFO     2026-10-08 18:13-05 [pytest_result_log:190] : test status is PASSED (test_cases/test_api/test_register_api.py::TestRegisterAPI::test_register_negative[case12]): 
WARNING  2026-10-08 18:13-05 [pytest_result_log:128] : End: test_cases/test_api/test_register_api.py::TestRegisterAPI::test_register_negative[case12]
WARNING  2026-10-08 18:13-05 [pytest_result_log:122] : Start: test_cases/test_api/test_register_api.py::TestRegisterAPI::test_register_negative[case13]
INFO     2026-10-08 18:13-05 [common.api_client:30] : 【POST请求】url=http://192.168.111.128:7070/auth/register, json={'username': '8jw12', 'password': '123456', 'confirmPassword': '123456', 'email': '2983192051@qq.com', 'phoneNumber': ''}
INFO     2026-10-08 18:13-05 [common.api_client:32] : 【响应】status_code=200, body={"code":500,"message":"邮箱已被注册","data":null}
INFO     2026-10-08 18:13-05 [conftest:83] : 当前【测试场景】:邮箱已存在
INFO     2026-10-08 18:13-05 [conftest:90] : 邮箱已存在 ---- passed
INFO     2026-10-08 18:13-05 [pytest_result_log:190] : test status is PASSED (test_cases/test_api/test_register_api.py::TestRegisterAPI::test_register_negative[case13]): 
WARNING  2026-10-08 18:13-05 [pytest_result_log:128] : End: test_cases/test_api/test_register_api.py::TestRegisterAPI::test_register_negative[case13]
WARNING  2026-10-08 18:13-05 [pytest_result_log:122] : Start: test_cases/test_api/test_register_api.py::TestRegisterAPI::test_register_security[case0]
INFO     2026-10-08 18:13-05 [common.api_client:30] : 【POST请求】url=http://192.168.111.128:7070/auth/register, json={'username': "' or 1=1 --'", 'password': '123456', 'confirmPassword': '123456', 'email': '2983192052@qq.com', 'phoneNumber': '13800000000'}
INFO     2026-10-08 18:13-05 [common.api_client:32] : 【响应】status_code=200, body={"code":500,"message":"邮箱已被注册","data":null}
INFO     2026-10-08 18:13-05 [conftest:132] : 当前【测试场景】:SQL注入攻击
ERROR    2026-10-08 18:13-05 [pytest_result_log:190] : test status is FAILED (test_cases/test_api/test_register_api.py::TestRegisterAPI::test_register_security[case0]): AssertionError
INFO     2026-10-08 18:13-05 [pytest_result_log:194] : test_cases/test_api/test_register_api.py::TestRegisterAPI::test_register_security[case0] -> self = <test_register_api.TestRegisterAPI object at 0x00000231F0431D90>, case = {'scenario': 'SQL注入攻击', 'type': 'security', 'username': "' or 1=1 --'", 'password': '123456', ...}
clean_user = <function clean_user.<locals>._clean_user at 0x00000231F1609B20>

    @pytest.mark.api
    @pytest.mark.register
    @pytest.mark.security
    @pytest.mark.parametrize('case',read_yaml("register_data.yaml", type="security"))
    def test_register_security(self,case,clean_user):
        username = case['username']
    
        client = ApiClient()
        response = client.post('/auth/register', json = {
            "username":case['username'],
            "password":case['password'],
            "confirmPassword": case['confirmPassword'],
            "email": case['email'],
            "phoneNumber": case['phoneNumber'],
        })
    
        error_messages = []
    
        # ========== 断言1：接口返回校验 ==========
        try:
            assert failed_response(
                response,
                expected_code=case['expected_code'],
                expected_msg=case['expected_msg']
            )
        except AssertionError as e:
            error_messages.append(f"【接口断言失败】: {str(e)}")
    
        # ========== 断言2：数据库校验，负用例：不允许存在该用户 ==========
        try:
            db_row = get_user_byusername(username)
            # 负向拦截用例：数据库一定不能查到这条记录
            assert db_row is None, f"安全漏洞：恶意payload【{username}】被存入数据库！"
        except AssertionError as e:
            error_messages.append(f"【数据库断言失败】: {str(e)}")
    
        # 登记用户名，session结束自动清理
        clean_user(username)
    
        logger.info(f"当前【测试场景】:{case['scenario']}")
    
        # 汇总所有错误，只要有任意一项失败，用例失败，打印全部错误信息
        if error_messages:
            err_text = "\n".join(error_messages)
>           assert False, f"\n>>>>>>测试场景：{case['scenario']}\n{err_text}"
E           AssertionError: 
E             >>>>>>测试场景：SQL注入攻击
E             【接口断言失败】: 期望包含用户名包含非法字符,实际包含邮箱已被注册
E           assert False

test_cases\test_api\test_register_api.py:137: AssertionError
WARNING  2026-10-08 18:13-05 [pytest_result_log:128] : End: test_cases/test_api/test_register_api.py::TestRegisterAPI::test_register_security[case0]
WARNING  2026-10-08 18:13-05 [pytest_result_log:122] : Start: test_cases/test_api/test_register_api.py::TestRegisterAPI::test_register_security[case1]
INFO     2026-10-08 18:13-05 [common.api_client:30] : 【POST请求】url=http://192.168.111.128:7070/auth/register, json={'username': '<script>alert(1)</script>', 'password': '123456', 'confirmPassword': '123456', 'email': '2983192053@qq.com', 'phoneNumber': '13800000001'}
INFO     2026-10-08 18:13-05 [common.api_client:32] : 【响应】status_code=200, body={"code":500,"message":"用户名已存在","data":null}
INFO     2026-10-08 18:13-05 [conftest:132] : 当前【测试场景】:XSS脚本攻击
ERROR    2026-10-08 18:13-05 [pytest_result_log:190] : test status is FAILED (test_cases/test_api/test_register_api.py::TestRegisterAPI::test_register_security[case1]): AssertionError
INFO     2026-10-08 18:13-05 [pytest_result_log:194] : test_cases/test_api/test_register_api.py::TestRegisterAPI::test_register_security[case1] -> self = <test_register_api.TestRegisterAPI object at 0x00000231F0430CE0>
case = {'scenario': 'XSS脚本攻击', 'type': 'security', 'username': '<script>alert(1)</script>', 'password': '123456', ...}
clean_user = <function clean_user.<locals>._clean_user at 0x00000231F1609B20>

    @pytest.mark.api
    @pytest.mark.register
    @pytest.mark.security
    @pytest.mark.parametrize('case',read_yaml("register_data.yaml", type="security"))
    def test_register_security(self,case,clean_user):
        username = case['username']
    
        client = ApiClient()
        response = client.post('/auth/register', json = {
            "username":case['username'],
            "password":case['password'],
            "confirmPassword": case['confirmPassword'],
            "email": case['email'],
            "phoneNumber": case['phoneNumber'],
        })
    
        error_messages = []
    
        # ========== 断言1：接口返回校验 ==========
        try:
            assert failed_response(
                response,
                expected_code=case['expected_code'],
                expected_msg=case['expected_msg']
            )
        except AssertionError as e:
            error_messages.append(f"【接口断言失败】: {str(e)}")
    
        # ========== 断言2：数据库校验，负用例：不允许存在该用户 ==========
        try:
            db_row = get_user_byusername(username)
            # 负向拦截用例：数据库一定不能查到这条记录
            assert db_row is None, f"安全漏洞：恶意payload【{username}】被存入数据库！"
        except AssertionError as e:
            error_messages.append(f"【数据库断言失败】: {str(e)}")
    
        # 登记用户名，session结束自动清理
        clean_user(username)
    
        logger.info(f"当前【测试场景】:{case['scenario']}")
    
        # 汇总所有错误，只要有任意一项失败，用例失败，打印全部错误信息
        if error_messages:
            err_text = "\n".join(error_messages)
>           assert False, f"\n>>>>>>测试场景：{case['scenario']}\n{err_text}"
E           AssertionError: 
E             >>>>>>测试场景：XSS脚本攻击
E             【接口断言失败】: 期望包含用户名包含非法字符,实际包含用户名已存在
E           assert False

test_cases\test_api\test_register_api.py:137: AssertionError
WARNING  2026-10-08 18:13-05 [pytest_result_log:128] : End: test_cases/test_api/test_register_api.py::TestRegisterAPI::test_register_security[case1]
WARNING  2026-10-08 18:13-05 [pytest_result_log:122] : Start: test_cases/test_api/test_register_api.py::TestRegisterAPI::test_register_concurrent_click[case0]
INFO     2026-10-08 18:13-05 [common.api_client:30] : 【POST请求】url=http://192.168.111.128:7070/auth/register, json={'username': 'test_concu_001', 'password': '123456', 'confirmPassword': '123456', 'email': '2842909134@test.com', 'phoneNumber': '13812345678'}
INFO     2026-10-08 18:13-05 [common.api_client:30] : 【POST请求】url=http://192.168.111.128:7070/auth/register, json={'username': 'test_concu_001', 'password': '123456', 'confirmPassword': '123456', 'email': '2842909134@test.com', 'phoneNumber': '13812345678'}
INFO     2026-10-08 18:13-05 [common.api_client:30] : 【POST请求】url=http://192.168.111.128:7070/auth/register, json={'username': 'test_concu_001', 'password': '123456', 'confirmPassword': '123456', 'email': '2842909134@test.com', 'phoneNumber': '13812345678'}
INFO     2026-10-08 18:13-05 [common.api_client:30] : 【POST请求】url=http://192.168.111.128:7070/auth/register, json={'username': 'test_concu_001', 'password': '123456', 'confirmPassword': '123456', 'email': '2842909134@test.com', 'phoneNumber': '13812345678'}
INFO     2026-10-08 18:13-05 [common.api_client:30] : 【POST请求】url=http://192.168.111.128:7070/auth/register, json={'username': 'test_concu_001', 'password': '123456', 'confirmPassword': '123456', 'email': '2842909134@test.com', 'phoneNumber': '13812345678'}
INFO     2026-10-08 18:13-05 [common.api_client:32] : 【响应】status_code=200, body={"code":500,"message":"用户名已存在","data":null}
INFO     2026-10-08 18:13-05 [common.api_client:32] : 【响应】status_code=200, body={"code":500,"message":"用户名已存在","data":null}
INFO     2026-10-08 18:13-05 [common.api_client:32] : 【响应】status_code=200, body={"code":500,"message":"用户名已存在","data":null}
INFO     2026-10-08 18:13-05 [common.api_client:32] : 【响应】status_code=200, body={"code":500,"message":"用户名已存在","data":null}
INFO     2026-10-08 18:13-05 [common.api_client:32] : 【响应】status_code=200, body={"code":500,"message":"用户名已存在","data":null}
INFO     2026-10-08 18:13-05 [conftest:212] : 【并发点击测试】场景:正常注册-并发重复点击,模拟点击次数:5,成功次数:0
INFO     2026-10-08 18:13-05 [conftest:218] : 正常注册-并发重复点击 ---- passed
INFO     2026-10-08 18:13-05 [pytest_result_log:190] : test status is PASSED (test_cases/test_api/test_register_api.py::TestRegisterAPI::test_register_concurrent_click[case0]): 
WARNING  2026-10-08 18:13-05 [pytest_result_log:128] : End: test_cases/test_api/test_register_api.py::TestRegisterAPI::test_register_concurrent_click[case0]
WARNING  2026-10-08 18:13-05 [pytest_result_log:122] : Start: test_cases/test_api/test_register_api.py::TestRegisterAPI::test_register_concurrent_click[case1]
INFO     2026-10-08 18:13-05 [common.api_client:30] : 【POST请求】url=http://192.168.111.128:7070/auth/register, json={'username': 'test_concu_002', 'password': '123456', 'confirmPassword': '123456', 'email': '28429WE134@test.com', 'phoneNumber': '13812345679'}
INFO     2026-10-08 18:13-05 [common.api_client:30] : 【POST请求】url=http://192.168.111.128:7070/auth/register, json={'username': 'test_concu_002', 'password': '123456', 'confirmPassword': '123456', 'email': '28429WE134@test.com', 'phoneNumber': '13812345679'}
INFO     2026-10-08 18:13-05 [common.api_client:30] : 【POST请求】url=http://192.168.111.128:7070/auth/register, json={'username': 'test_concu_002', 'password': '123456', 'confirmPassword': '123456', 'email': '28429WE134@test.com', 'phoneNumber': '13812345679'}
INFO     2026-10-08 18:13-05 [common.api_client:30] : 【POST请求】url=http://192.168.111.128:7070/auth/register, json={'username': 'test_concu_002', 'password': '123456', 'confirmPassword': '123456', 'email': '28429WE134@test.com', 'phoneNumber': '13812345679'}
INFO     2026-10-08 18:13-05 [common.api_client:30] : 【POST请求】url=http://192.168.111.128:7070/auth/register, json={'username': 'test_concu_002', 'password': '123456', 'confirmPassword': '123456', 'email': '28429WE134@test.com', 'phoneNumber': '13812345679'}
INFO     2026-10-08 18:13-06 [common.api_client:32] : 【响应】status_code=200, body={"code":500,"message":"用户名已存在","data":null}
INFO     2026-10-08 18:13-06 [common.api_client:32] : 【响应】status_code=200, body={"code":500,"message":"用户名已存在","data":null}
INFO     2026-10-08 18:13-06 [common.api_client:32] : 【响应】status_code=200, body={"code":500,"message":"用户名已存在","data":null}
INFO     2026-10-08 18:13-06 [common.api_client:32] : 【响应】status_code=200, body={"code":500,"message":"用户名已存在","data":null}
INFO     2026-10-08 18:13-06 [common.api_client:32] : 【响应】status_code=200, body={"code":500,"message":"用户名已存在","data":null}
INFO     2026-10-08 18:13-06 [conftest:212] : 【并发点击测试】场景:异常注册-并发重复点击,模拟点击次数:5,成功次数:5
ERROR    2026-10-08 18:13-06 [pytest_result_log:190] : test status is FAILED (test_cases/test_api/test_register_api.py::TestRegisterAPI::test_register_concurrent_click[case1]): AssertionError
INFO     2026-10-08 18:13-06 [pytest_result_log:194] : test_cases/test_api/test_register_api.py::TestRegisterAPI::test_register_concurrent_click[case1] -> self = <test_register_api.TestRegisterAPI object at 0x00000231F04324E0>
case = {'scenario': '异常注册-并发重复点击', 'type': 'concurrent', 'username': 'test_concu_002', 'password': '123456', ...}
clean_user = <function clean_user.<locals>._clean_user at 0x00000231F1609B20>

    @pytest.mark.api
    @pytest.mark.register
    @pytest.mark.concurrent
    @pytest.mark.parametrize('case', read_yaml("register_data.yaml", type="concurrent"))
    def test_register_concurrent_click(self, case, clean_user):
        """
        模拟用户前端连续点击注册按钮，并发5次提交同一个注册表单
        预期：只有1次注册成功，其余请求应该返回用户名已存在；数据库不能出现多条同名用户
        """
    
        click_count = 5  # 模拟点击5次
        result_list = []
        thread_list = []
        username = case["username"]
        max_allow = case.get("allow_success_max", 1)
        # 启动5个线程并发请求
        for _ in range(click_count):
            t = threading.Thread(
                target=lambda c=case, res=result_list: res.append({
                    "response": ApiClient().post(
                        '/auth/register',
                        json={
                            "username": c['username'],
                            "password": c['password'],
                            "confirmPassword": c['confirmPassword'],
                            "email": c['email'],
                            "phoneNumber": c['phoneNumber'],
                        },
                        timeout=10
                    )
                })
            )
            thread_list.append(t)
            t.start()
    
        # 等待所有请求全部结束
        for t in thread_list:
            t.join()
    
        error_messages = []
    
        # 收集所有响应状态（不做严格全部成功，因为重复注册大部分应该报用户名已存在）
        success_count = 0
        for item in result_list:
            resp = item["response"]
            # 判断是否注册成功
            if resp.json().get("code") == case["expected_code"]:
                success_count += 1
    
        # 业务规则校验：同一个账号并发点击，**最多只能有1次注册成功**
        try:
            assert success_count <= max_allow, f"并发重复点击异常：成功注册次数{success_count}，最多允许{max_allow}次！"
        except AssertionError as e:
            error_messages.append(f"【接口校验异常】{str(e)}")
    
        # 数据库校验：数据库中该用户名只能有0或者1条记录，不能多条
        db_row = get_user_byusername(username)
        try:
            if success_count == 1:
                # 有一次成功，数据库必须存在该用户
                assert db_row is not None, "接口显示注册成功，数据库没有该用户！"
            else:
                # 全部失败，数据库不能存在用户
                assert db_row is None, "接口全部注册失败，但数据库已经生成用户！"
        except AssertionError as e:
            error_messages.append(f"【数据库校验异常】{str(e)}")
    
        # 清理测试用户
        clean_user(username)
    
        logger.info(f"【并发点击测试】场景:{case['scenario']},模拟点击次数:{click_count},成功次数:{success_count}")
    
        if error_messages:
            err_text = "\n".join(error_messages)
>           assert False, f"\n>>>>>>测试场景：{case['scenario']}\n模拟点击次数:{click_count}\n{err_text}"
E           AssertionError: 
E             >>>>>>测试场景：异常注册-并发重复点击
E             模拟点击次数:5
E             【接口校验异常】并发重复点击异常：成功注册次数5，最多允许0次！
E             assert 5 <= 0
E           assert False

test_cases\test_api\test_register_api.py:216: AssertionError
WARNING  2026-10-08 18:13-06 [pytest_result_log:128] : End: test_cases/test_api/test_register_api.py::TestRegisterAPI::test_register_concurrent_click[case1]
